SOURCELONG:Pathfinder Adventure Path #27	SOURCESHORT:AP27	SOURCEWEB:http://paizo.com	SOURCEDATE:2010-01

STARTPACK:Aspidochelone Default	TYPE:Default Monster.Magical Beast	VISIBLE:QUALIFY	EQUIPBUY:0	PREMULT:1,[PRERACE:1,Aspidochelone],[!PRERACE:1,%]
ALIGN:TN
RACE:Aspidochelone	!PRERACE:1,%
NAME:Aspidochelone
STAT:STR=10|DEX=10|CON=10|INT=10|WIS=10|CHA=10
SKILL:Stealth	RANK:1
SKILL:Swim	RANK:19
ABILITY:CATEGORY=FEAT|Diehard
ABILITY:CATEGORY=FEAT|Endurance
ABILITY:CATEGORY=FEAT|Great Fortitude
ABILITY:CATEGORY=FEAT|Greater Bull Rush
ABILITY:CATEGORY=FEAT|Improved Bull Rush
ABILITY:CATEGORY=FEAT|Improved Great Fortitude
ABILITY:CATEGORY=FEAT|Improved Iron Will
ABILITY:CATEGORY=FEAT|Improved Overrun
ABILITY:CATEGORY=FEAT|Iron Will
ABILITY:CATEGORY=FEAT|Power Attack
ABILITY:CATEGORY=FEAT|Stealthy

STARTPACK:Bone Idol Default	TYPE:Default Monster.Construct	VISIBLE:QUALIFY	EQUIPBUY:0	PREMULT:1,[PRERACE:1,Bone Idol],[!PRERACE:1,%]
ALIGN:TN
RACE:Bone Idol	!PRERACE:1,%
NAME:Bone Idol
STAT:STR=10|DEX=10|INT=10|WIS=10|CHA=10
SKILL:Perception	RANK:1
SKILL:Stealth	RANK:3
ABILITY:CATEGORY=FEAT|Run
ABILITY:CATEGORY=FEAT|Step Up

STARTPACK:Jade Idol Default	TYPE:Default Monster.Construct	VISIBLE:QUALIFY	EQUIPBUY:0	PREMULT:1,[PRERACE:1,Jade Idol],[!PRERACE:1,%]
ALIGN:TN
RACE:Jade Idol	!PRERACE:1,%
NAME:Jade Idol
STAT:STR=10|DEX=10|INT=10|WIS=10|CHA=10
SKILL:Perception	RANK:1
SKILL:Stealth	RANK:4
ABILITY:CATEGORY=FEAT|Improved Initiative
ABILITY:CATEGORY=FEAT|Lightning Reflexes

STARTPACK:Lar Default	TYPE:Default Monster.Outsider	VISIBLE:QUALIFY	EQUIPBUY:0	PREMULT:1,[PRERACE:1,Lar],[!PRERACE:1,%]
ALIGN:LG
RACE:Lar	!PRERACE:1,%
NAME:Lar
STAT:STR=10|DEX=10|CON=10|INT=10|WIS=10|CHA=10
SKILL:Craft (any two)	RANK:6
SKILL:Heal	RANK:6
SKILL:Knowledge (Local)	RANK:6
SKILL:Knowledge (Religion)	RANK:3
SKILL:Perception	RANK:6
SKILL:Sense Motive	RANK:6
ABILITY:CATEGORY=FEAT|Alertness
ABILITY:CATEGORY=FEAT|Improved Lightning Reflexes
ABILITY:CATEGORY=FEAT|Lightning Reflexes

STARTPACK:Stone Idol Default	TYPE:Default Monster.Construct	VISIBLE:QUALIFY	EQUIPBUY:0	PREMULT:1,[PRERACE:1,Stone Idol],[!PRERACE:1,%]
ALIGN:TN
RACE:Stone Idol	!PRERACE:1,%
NAME:Stone Idol
STAT:STR=10|DEX=10|INT=10|WIS=10|CHA=10
SKILL:Perception	RANK:2
SKILL:Stealth	RANK:3
ABILITY:CATEGORY=FEAT|Alertness
ABILITY:CATEGORY=FEAT|Toughness

STARTPACK:Wood Idol Default	TYPE:Default Monster.Construct	VISIBLE:QUALIFY	EQUIPBUY:0	PREMULT:1,[PRERACE:1,Wood Idol],[!PRERACE:1,%]
ALIGN:TN
RACE:Wood Idol	!PRERACE:1,%
NAME:Wood Idol
STAT:STR=10|DEX=10|CON=10|INT=10|WIS=10|CHA=10
SKILL:Perception	RANK:1
SKILL:Stealth	RANK:2
ABILITY:CATEGORY=FEAT|Alertness

