SOURCELONG:Pathfinder Adventure Path #27	SOURCESHORT:AP27	SOURCEWEB:http://paizo.com	SOURCEDATE:2010-01

Aspidochelone	KEY:Aspidochelone	STARTFEATS:1	SIZE:C	MOVE:Walk,0,Swim,120	REACH:20	BONUS:COMBAT|AC|11|TYPE=Deflection	BONUS:STAT|STR|22	BONUS:STAT|DEX|-5	BONUS:STAT|CON|17	BONUS:STAT|INT|-7	BONUS:STAT|WIS|-3	BONUS:STAT|CHA|2	BONUS:VAR|AC_Natural_Armor|17|TYPE=Base	BONUS:VAR|DarkvisionRange|120|TYPE=Base	BONUS:VAR|HasLowlightVision|1|TYPE=Base	ABILITY:Internal|AUTOMATIC|Racial Traits ~ Aspidochelone	LEGS:4	HANDS:0	NATURALATTACKS:Bite,Weapon.Natural.Weapon Group Natural.Melee.Finesseable.Bludgeoning.Piercing.Slashing,*1,4d6,SPROP=plus grab and grab|Tail Slap,Weapon.Natural.Weapon Group Natural.Melee.Finesseable.Bludgeoning,*1,4d6	MONSTERCLASS:Magical Beast:22	RACETYPE:Magical Beast	RACESUBTYPE:Aquatic	TYPE:Magical Beast	CR:17	KIT:1|TN	FACT:BaseSize|C
Bone Idol	KEY:Bone Idol	STARTFEATS:1	SIZE:D	MOVE:Walk,10	REACH:0	BONUS:STAT|STR|-7	BONUS:STAT|DEX|2	BONUS:STAT|INT|-3	BONUS:STAT|WIS|2	BONUS:STAT|CHA|2	BONUS:VAR|AC_Natural_Armor|1|TYPE=Base	BONUS:VAR|DarkvisionRange|60|TYPE=Base	BONUS:VAR|HasLowlightVision|1|TYPE=Base	ABILITY:Internal|AUTOMATIC|Racial Traits ~ Bone Idol	LEGS:2	HANDS:2	NATURALATTACKS:Bite,Weapon.Natural.Weapon Group Natural.Melee.Finesseable.Bludgeoning.Piercing.Slashing,*1,1d2,SPROP=plus mad rage	DEFINESTAT:NONSTAT|CON	DR:5/bludgeoning	MONSTERCLASS:Construct:3	RACETYPE:Construct	TYPE:Construct	CR:2	KIT:1|TN	AUTO:LANG|understands creator's language (cannot speak)	FACT:BaseSize|D
Jade Idol	KEY:Jade Idol	STARTFEATS:1	SIZE:D	MOVE:Walk,10	REACH:0	BONUS:STAT|STR|-6	BONUS:STAT|DEX|7	BONUS:STAT|INT|1	BONUS:STAT|WIS|3	BONUS:STAT|CHA|4	BONUS:VAR|AC_Natural_Armor|3|TYPE=Base	BONUS:VAR|DarkvisionRange|60|TYPE=Base	BONUS:VAR|HasLowlightVision|1|TYPE=Base	ABILITY:Internal|AUTOMATIC|Racial Traits ~ Jade Idol	LEGS:2	HANDS:2	NATURALATTACKS:Slam,Weapon.Natural.Weapon Group Natural.Melee.Finesseable.Bludgeoning,*2,1d2	DEFINESTAT:NONSTAT|CON	DR:5/bludgeoning and magic	MONSTERCLASS:Construct:4	RACETYPE:Construct	TYPE:Construct	CR:4	KIT:1|TN	AUTO:LANG|understands creator's language (cannot speak)	FACT:BaseSize|D
Lar	KEY:Lar	STARTFEATS:1	SIZE:M	MOVE:Walk,0,Fly,30	REACH:0	BONUS:COMBAT|AC|4|TYPE=Deflection	BONUS:STAT|DEX|7	BONUS:STAT|CON|3	BONUS:STAT|INT|2	BONUS:STAT|WIS|5	BONUS:STAT|CHA|4	BONUS:VAR|DarkvisionRange|60|TYPE=Base	BONUS:VAR|HasLowlightVision|1|TYPE=Base	BONUS:VAR|Maneuverability|5	ABILITY:Internal|AUTOMATIC|Racial Traits ~ Lar	LEGS:2	HANDS:2	MONSTERCLASS:Outsider (Fort/Ref):6	RACETYPE:Outsider	RACESUBTYPE:Good|Incorporeal|Lawful|Native	TYPE:Outsider	CR:5	KIT:1|LG	AUTO:LANG|telepathy (100 ft.)	FACT:BaseSize|M
Stone Idol	KEY:Stone Idol	STARTFEATS:1	SIZE:D	MOVE:Walk,10	REACH:0	BONUS:STAT|STR|2	BONUS:STAT|DEX|-2	BONUS:STAT|INT|-3	BONUS:STAT|WIS|4	BONUS:STAT|CHA|4	BONUS:VAR|AC_Natural_Armor|4|TYPE=Base	BONUS:VAR|DarkvisionRange|60|TYPE=Base	BONUS:VAR|HasLowlightVision|1|TYPE=Base	ABILITY:Internal|AUTOMATIC|Racial Traits ~ Stone Idol	LEGS:2	HANDS:2	NATURALATTACKS:Bite,Weapon.Natural.Weapon Group Natural.Melee.Finesseable.Bludgeoning.Piercing.Slashing,*1,1d4	DEFINESTAT:NONSTAT|CON	DR:5/-	MONSTERCLASS:Construct:3	RACETYPE:Construct	TYPE:Construct	CR:3	KIT:1|TN	AUTO:LANG|understands creator's language (cannot speak)	FACT:BaseSize|D
Wood Idol	KEY:Wood Idol	STARTFEATS:1	SIZE:D	MOVE:Walk,10	REACH:0	BONUS:STAT|STR|-7	BONUS:STAT|DEX|1	BONUS:STAT|INT|-5	BONUS:STAT|WIS|3	BONUS:STAT|CHA|3	BONUS:VAR|DarkvisionRange|60|TYPE=Base	BONUS:VAR|HasLowlightVision|1|TYPE=Base	ABILITY:Internal|AUTOMATIC|Racial Traits ~ Wood Idol	LEGS:2	HANDS:2	NATURALATTACKS:Bite,Weapon.Natural.Weapon Group Natural.Melee.Finesseable.Bludgeoning.Piercing.Slashing,*1,1d2	MONSTERCLASS:Construct:2	RACETYPE:Construct	TYPE:Construct	CR:1	KIT:1|TN	AUTO:LANG|understands creator's language (cannot speak)	FACT:BaseSize|D
