SOURCELONG:The Moonscar	SOURCESHORT:TM	SOURCEWEB:http://paizo.com	SOURCEDATE:2010-01

STARTPACK:Runeslave Hill Giant Default	TYPE:Default Monster.Humanoid	VISIBLE:QUALIFY	EQUIPBUY:0	PREMULT:1,[PRERACE:1,Runeslave Hill Giant],[!PRERACE:1,%]
ALIGN:CE
RACE:Runeslave Hill Giant	!PRERACE:1,%
NAME:Runeslave Hill Giant
STAT:STR=10|DEX=10|CON=10|INT=10|WIS=10|CHA=10
SKILL:Climb	RANK:2
SKILL:Perception	RANK:5
ABILITY:CATEGORY=FEAT|Diehard
ABILITY:CATEGORY=FEAT|Iron Will
ABILITY:CATEGORY=FEAT|Martial Weapon Proficiency (greatclub)
ABILITY:CATEGORY=FEAT|Power Attack
ABILITY:CATEGORY=FEAT|Toughness
ABILITY:CATEGORY=FEAT|Vital Strike
ABILITY:CATEGORY=FEAT|Weapon Focus (greatclub)

STARTPACK:Somalcygot Default	TYPE:Default Monster.Aberration	VISIBLE:QUALIFY	EQUIPBUY:0	PREMULT:1,[PRERACE:1,Somalcygot],[!PRERACE:1,%]
ALIGN:NE
RACE:Somalcygot	!PRERACE:1,%
NAME:Somalcygot
STAT:STR=10|DEX=10|CON=10|INT=10|WIS=10|CHA=10
SKILL:Acrobatics	RANK:14
SKILL:Climb	RANK:14
SKILL:Intimidate	RANK:14
SKILL:Perception	RANK:14
SKILL:Stealth	RANK:10
ABILITY:CATEGORY=FEAT|Cleave
ABILITY:CATEGORY=FEAT|Dodge
ABILITY:CATEGORY=FEAT|Improved Initiative
ABILITY:CATEGORY=FEAT|Lightning Reflexes
ABILITY:CATEGORY=FEAT|Multiattack
ABILITY:CATEGORY=FEAT|Power Attack
ABILITY:CATEGORY=FEAT|Skill Focus (Perception)

