SOURCELONG:Pathfinder Adventure Path #95	SOURCESHORT:AP95	SOURCEWEB:http://paizo.com	SOURCEDATE:2010-01

STARTPACK:Calpina Default	TYPE:Default Monster.Fey	VISIBLE:QUALIFY	EQUIPBUY:0	PREMULT:1,[PRERACE:1,Calpina],[!PRERACE:1,%]
ALIGN:CN
RACE:Calpina	!PRERACE:1,%
NAME:Calpina
STAT:STR=10|DEX=10|CON=10|INT=10|WIS=10|CHA=10
SKILL:Bluff	RANK:5
SKILL:Fly	RANK:5
SKILL:Knowledge (Nature)	RANK:5
SKILL:Perception	RANK:5
SKILL:Perform (dance)	RANK:5
SKILL:Stealth	RANK:5
ABILITY:CATEGORY=FEAT|Agile Maneuvers
ABILITY:CATEGORY=FEAT|Improved Grapple
ABILITY:CATEGORY=FEAT|Improved Initiative
ABILITY:CATEGORY=FEAT|Weapon Finesse

STARTPACK:Ikelos Default	TYPE:Default Monster.Outsider	VISIBLE:QUALIFY	EQUIPBUY:0	PREMULT:1,[PRERACE:1,Ikelos],[!PRERACE:1,%]
ALIGN:CE
RACE:Ikelos	!PRERACE:1,%
NAME:Ikelos
STAT:DEX=10|CON=10|INT=10|WIS=10|CHA=10
SKILL:Acrobatics	RANK:9
SKILL:Bluff	RANK:9
SKILL:Escape Artist	RANK:1
SKILL:Fly	RANK:9
SKILL:Intimidate	RANK:9
SKILL:Perception	RANK:9
SKILL:Sense Motive	RANK:9
SKILL:Spellcraft	RANK:9
SKILL:Stealth	RANK:9
ABILITY:CATEGORY=FEAT|Dodge
ABILITY:CATEGORY=FEAT|Improved Initiative
ABILITY:CATEGORY=FEAT|Mobility
ABILITY:CATEGORY=FEAT|Stealthy
ABILITY:CATEGORY=FEAT|Toughness

STARTPACK:Iron Rhinoceros Default	TYPE:Default Monster.Construct	VISIBLE:QUALIFY	EQUIPBUY:0	PREMULT:1,[PRERACE:1,Iron Rhinoceros],[!PRERACE:1,%]
ALIGN:TN
RACE:Iron Rhinoceros	!PRERACE:1,%
NAME:Iron Rhinoceros
STAT:STR=10|DEX=10|INT=10|WIS=10|CHA=10
SKILL:Intimidate	RANK:4
SKILL:Perception	RANK:11
ABILITY:CATEGORY=FEAT|Great Fortitude
ABILITY:CATEGORY=FEAT|Improved Critical (gore)
ABILITY:CATEGORY=FEAT|Intimidating Prowess
ABILITY:CATEGORY=FEAT|Lightning Reflexes
ABILITY:CATEGORY=FEAT|Multiattack
ABILITY:CATEGORY=FEAT|Power Attack
ABILITY:CATEGORY=FEAT|Toughness

STARTPACK:Magnetite Golem Default	TYPE:Default Monster.Construct	VISIBLE:QUALIFY	EQUIPBUY:0	PREMULT:1,[PRERACE:1,Magnetite Golem],[!PRERACE:1,%]
ALIGN:TN
RACE:Magnetite Golem	!PRERACE:1,%
NAME:Magnetite Golem
STAT:STR=10|DEX=10|WIS=10|CHA=10

STARTPACK:Pyropiscis Default	TYPE:Default Monster.Magical Beast	VISIBLE:QUALIFY	EQUIPBUY:0	PREMULT:1,[PRERACE:1,Pyropiscis],[!PRERACE:1,%]
ALIGN:TN
RACE:Pyropiscis	!PRERACE:1,%
NAME:Pyropiscis
STAT:STR=10|DEX=10|CON=10|INT=10|WIS=10|CHA=10
SKILL:Perception	RANK:5
SKILL:Stealth	RANK:1
ABILITY:CATEGORY=FEAT|Improved Critical (bite)
ABILITY:CATEGORY=FEAT|Improved Initiative
ABILITY:CATEGORY=FEAT|Lunge
ABILITY:CATEGORY=FEAT|Toughness
ABILITY:CATEGORY=FEAT|Weapon Focus (bite)

