SOURCELONG:Pathfinder Adventure Path #65	SOURCESHORT:AP65	SOURCEWEB:http://paizo.com	SOURCEDATE:2010-01

STARTPACK:Kurshu The Undying Default	TYPE:Default Monster.Outsider	VISIBLE:QUALIFY	EQUIPBUY:0	PREMULT:1,[PRERACE:1,Kurshu The Undying],[!PRERACE:1,%]
ALIGN:LE
RACE:Kurshu The Undying	!PRERACE:1,%
NAME:Kurshu The Undying
STAT:STR=10|DEX=10|CON=10|INT=10|WIS=10|CHA=10
SKILL:Diplomacy	RANK:14
SKILL:Escape Artist	RANK:14
SKILL:Fly	RANK:12
SKILL:Heal	RANK:14
SKILL:Intimidate	RANK:14
SKILL:Knowledge (Arcana)	RANK:17
SKILL:Knowledge (Dungeoneering)	RANK:14
SKILL:Knowledge (History)	RANK:14
SKILL:Knowledge (Planes)	RANK:17
SKILL:Knowledge (Religion)	RANK:14
SKILL:Perception	RANK:17
SKILL:Sense Motive	RANK:17
SKILL:Spellcraft	RANK:17
SKILL:Stealth	RANK:13
SKILL:Swim	RANK:14
SKILL:Use Magic Device	RANK:17
ABILITY:CATEGORY=FEAT|Combat Casting
ABILITY:CATEGORY=FEAT|Combat Reflexes
ABILITY:CATEGORY=FEAT|Craft Wondrous Item
ABILITY:CATEGORY=FEAT|Great Fortitude
ABILITY:CATEGORY=FEAT|Hover
ABILITY:CATEGORY=FEAT|Improved Initiative
ABILITY:CATEGORY=FEAT|Improved Iron Will
ABILITY:CATEGORY=FEAT|Iron Will
ABILITY:CATEGORY=FEAT|Scribe Scroll

