SOURCELONG:Pathfinder Adventure Path #42	SOURCESHORT:AP42	SOURCEWEB:http://paizo.com	SOURCEDATE:2010-01

STARTPACK:Emperor of Scales Default	TYPE:Default Monster.Outsider	VISIBLE:QUALIFY	EQUIPBUY:0	PREMULT:1,[PRERACE:1,Emperor of Scales],[!PRERACE:1,%]
ALIGN:CE
RACE:Emperor of Scales	!PRERACE:1,%
NAME:Emperor of Scales
STAT:STR=10|DEX=10|CON=10|INT=10|WIS=10|CHA=10
SKILL:Bluff	RANK:18
SKILL:Climb	RANK:5
SKILL:Escape Artist	RANK:12
SKILL:Fly	RANK:10
SKILL:Knowledge (History)	RANK:8
SKILL:Knowledge (Planes)	RANK:8
SKILL:Knowledge (Religion)	RANK:8
SKILL:Perception	RANK:18
SKILL:Sense Motive	RANK:15
SKILL:Spellcraft	RANK:15
SKILL:Stealth	RANK:6
SKILL:Use Magic Device	RANK:12
ABILITY:CATEGORY=FEAT|Combat Reflexes
ABILITY:CATEGORY=FEAT|Great Fortitude
ABILITY:CATEGORY=FEAT|Hover
ABILITY:CATEGORY=FEAT|Improved Critical (bite)
ABILITY:CATEGORY=FEAT|Improved Initiative
ABILITY:CATEGORY=FEAT|Multiattack
ABILITY:CATEGORY=FEAT|Power Attack
ABILITY:CATEGORY=FEAT|Snatch
ABILITY:CATEGORY=FEAT|Toughness

STARTPACK:Lesser Hollow Serpent Default	TYPE:Default Monster.Undead	VISIBLE:QUALIFY	EQUIPBUY:0	PREMULT:1,[PRERACE:1,Lesser Hollow Serpent],[!PRERACE:1,%]
ALIGN:NE
RACE:Lesser Hollow Serpent	!PRERACE:1,%
NAME:Lesser Hollow Serpent
STAT:STR=10|DEX=10|INT=10|WIS=10|CHA=10
SKILL:Climb	RANK:10
SKILL:Escape Artist	RANK:1
SKILL:Perception	RANK:3
SKILL:Stealth	RANK:3
ABILITY:CATEGORY=FEAT|Dodge
ABILITY:CATEGORY=FEAT|Great Fortitude
ABILITY:CATEGORY=FEAT|Iron Will
ABILITY:CATEGORY=FEAT|Lightning Reflexes
ABILITY:CATEGORY=FEAT|Toughness
ABILITY:CATEGORY=FEAT|Weapon Finesse

