SOURCELONG:Pathfinder Adventure Path #67	SOURCESHORT:AP67	SOURCEWEB:http://paizo.com	SOURCEDATE:2010-01

STARTPACK:Domovoi Default	TYPE:Default Monster.Fey	VISIBLE:QUALIFY	EQUIPBUY:0	PREMULT:1,[PRERACE:1,Domovoi],[!PRERACE:1,%]
ALIGN:CG
RACE:Domovoi	!PRERACE:1,%
NAME:Domovoi
STAT:STR=10|DEX=10|CON=10|INT=10|WIS=10|CHA=10
SKILL:Acrobatics	RANK:2
SKILL:Bluff	RANK:3
SKILL:Diplomacy	RANK:3
SKILL:Handle Animal	RANK:2
SKILL:Knowledge (Local)	RANK:2
SKILL:Perception	RANK:3
SKILL:Sense Motive	RANK:3
SKILL:Stealth	RANK:5
ABILITY:CATEGORY=FEAT|Dodge
ABILITY:CATEGORY=FEAT|Improved Initiative
ABILITY:CATEGORY=FEAT|Mobility

STARTPACK:Dvorovoi Default	TYPE:Default Monster.Fey	VISIBLE:QUALIFY	EQUIPBUY:0	PREMULT:1,[PRERACE:1,Dvorovoi],[!PRERACE:1,%]
ALIGN:CN
RACE:Dvorovoi	!PRERACE:1,%
NAME:Dvorovoi
STAT:STR=10|DEX=10|CON=10|INT=10|WIS=10|CHA=10
SKILL:Acrobatics	RANK:4
SKILL:Bluff	RANK:4
SKILL:Diplomacy	RANK:3
SKILL:Handle Animal	RANK:7
SKILL:Knowledge (Nature)	RANK:3
SKILL:Perception	RANK:5
SKILL:Sense Motive	RANK:2
SKILL:Stealth	RANK:7
SKILL:Survival	RANK:1
ABILITY:CATEGORY=FEAT|Catch Off-Guard
ABILITY:CATEGORY=FEAT|Combat Reflexes
ABILITY:CATEGORY=FEAT|Throw Anything
ABILITY:CATEGORY=FEAT|Two-Handed ThrowerUC

STARTPACK:Greater Witchcrow Default	TYPE:Default Monster.Magical Beast	VISIBLE:QUALIFY	EQUIPBUY:0	PREMULT:1,[PRERACE:1,Greater Witchcrow],[!PRERACE:1,%]
ALIGN:CE
RACE:Greater Witchcrow	!PRERACE:1,%
NAME:Greater Witchcrow
STAT:STR=10|DEX=10|CON=10|INT=10|WIS=10|CHA=10
SKILL:Bluff	RANK:1
SKILL:Fly	RANK:5
SKILL:Knowledge (Arcana)	RANK:1
SKILL:Perception	RANK:3
SKILL:Sense Motive	RANK:1
SKILL:Sleight of Hand	RANK:5
SKILL:Spellcraft	RANK:1
SKILL:Stealth	RANK:5
ABILITY:CATEGORY=FEAT|Combat Expertise
ABILITY:CATEGORY=FEAT|Dodge
ABILITY:CATEGORY=FEAT|Flyby Attack
ABILITY:CATEGORY=FEAT|Improved Steal

STARTPACK:Ovinnik Default	TYPE:Default Monster.Fey	VISIBLE:QUALIFY	EQUIPBUY:0	PREMULT:1,[PRERACE:1,Ovinnik],[!PRERACE:1,%]
ALIGN:CN
RACE:Ovinnik	!PRERACE:1,%
NAME:Ovinnik
STAT:STR=10|DEX=10|CON=10|INT=10|WIS=10|CHA=10
SKILL:Acrobatics	RANK:2
SKILL:Climb	RANK:4
SKILL:Escape Artist	RANK:4
SKILL:Intimidate	RANK:1
SKILL:Knowledge (Local)	RANK:2
SKILL:Knowledge (Nature)	RANK:2
SKILL:Perception	RANK:4
SKILL:Stealth	RANK:4
ABILITY:CATEGORY=FEAT|Go UnnoticedAPG
ABILITY:CATEGORY=FEAT|Weapon Finesse

STARTPACK:Polar Bear Default	TYPE:Default Monster.Animal	VISIBLE:QUALIFY	EQUIPBUY:0	PREMULT:1,[PRERACE:1,Polar Bear],[!PRERACE:1,%]
ALIGN:TN
RACE:Polar Bear	!PRERACE:1,%
NAME:Polar Bear
STAT:STR=10|DEX=10|CON=10|INT=10|WIS=10|CHA=10
SKILL:Perception	RANK:2
SKILL:Survival	RANK:2
SKILL:Swim	RANK:5
ABILITY:CATEGORY=FEAT|Endurance
ABILITY:CATEGORY=FEAT|Run
ABILITY:CATEGORY=FEAT|Skill Focus (Survival)

STARTPACK:Timber Wolf Default	TYPE:Default Monster.Animal	VISIBLE:QUALIFY	EQUIPBUY:0	PREMULT:1,[PRERACE:1,Timber Wolf],[!PRERACE:1,%]
ALIGN:TN
RACE:Timber Wolf	!PRERACE:1,%
NAME:Timber Wolf
STAT:STR=10|DEX=10|CON=10|INT=10|WIS=10|CHA=10
SKILL:Perception	RANK:2
SKILL:Stealth	RANK:1
ABILITY:CATEGORY=FEAT|Skill Focus (Perception)

