SOURCELONG:Irrisen, Land of Eternal Winter	SOURCESHORT:ILoEW	SOURCEWEB:http://paizo.com/products/btpy8w7f	SOURCEDATE:2013-03

STARTPACK:Black Rider Default	TYPE:Default Monster.Fey	VISIBLE:QUALIFY	EQUIPBUY:0	PREMULT:1,[PRERACE:1,Black Rider],[!PRERACE:1,%]
ALIGN:LN
RACE:Black Rider	!PRERACE:1,%
NAME:Black Rider
STAT:STR=10|DEX=10|CON=10|INT=10|WIS=10|CHA=10
SKILL:Intimidate	RANK:15
SKILL:Knowledge (Arcana)	RANK:12
SKILL:Knowledge (History)	RANK:12
SKILL:Knowledge (Nature)	RANK:15
SKILL:Knowledge (Planes)	RANK:12
SKILL:Perception	RANK:18
SKILL:Ride	RANK:18
SKILL:Sense Motive	RANK:18
SKILL:Stealth	RANK:18
SKILL:Survival	RANK:9
ABILITY:CATEGORY=FEAT|Cleave
ABILITY:CATEGORY=FEAT|Critical Focus
ABILITY:CATEGORY=FEAT|Improved Critical (spear)
ABILITY:CATEGORY=FEAT|Mounted Combat
ABILITY:CATEGORY=FEAT|Power Attack
ABILITY:CATEGORY=FEAT|Ride-By Attack
ABILITY:CATEGORY=FEAT|Spirited Charge
ABILITY:CATEGORY=FEAT|Trample
ABILITY:CATEGORY=FEAT|Weapon Focus (spear)

STARTPACK:Boreal Creature Default	TYPE:Default Monster.Monstrous Humanoid	VISIBLE:QUALIFY	EQUIPBUY:0	PREMULT:1,[PRERACE:1,Boreal Creature],[!PRERACE:1,%]
ALIGN:CE
RACE:Boreal Creature	!PRERACE:1,%
NAME:Boreal Creature
STAT:STR=10|DEX=10|CON=10|INT=10|WIS=10|CHA=10
SKILL:Bluff	RANK:4
SKILL:Diplomacy	RANK:4
SKILL:Intimidate	RANK:7
SKILL:Perception	RANK:7
SKILL:Sense Motive	RANK:1
SKILL:Stealth	RANK:3
ABILITY:CATEGORY=FEAT|Alertness
ABILITY:CATEGORY=FEAT|Blind-Fight
ABILITY:CATEGORY=FEAT|Great Fortitude
ABILITY:CATEGORY=FEAT|Intimidating Prowess

STARTPACK:Guardian Doll Default	TYPE:Default Monster.Construct	VISIBLE:QUALIFY	EQUIPBUY:0	PREMULT:1,[PRERACE:1,Guardian Doll],[!PRERACE:1,%]
ALIGN:NE
RACE:Guardian Doll	!PRERACE:1,%
NAME:Guardian Doll
STAT:STR=10|DEX=10|INT=10|WIS=10|CHA=10
SKILL:Escape Artist	RANK:1
SKILL:Linguistics	RANK:1
SKILL:Perception	RANK:1
SKILL:Stealth	RANK:4
ABILITY:CATEGORY=FEAT|Improved Initiative
ABILITY:CATEGORY=FEAT|Weapon Finesse

STARTPACK:Khala Default	TYPE:Default Monster.Dragon	VISIBLE:QUALIFY	EQUIPBUY:0	PREMULT:1,[PRERACE:1,Khala],[!PRERACE:1,%]
ALIGN:CE
RACE:Khala	!PRERACE:1,%
NAME:Khala
STAT:STR=10|DEX=10|CON=10|INT=10|WIS=10|CHA=10
SKILL:Appraise	RANK:18
SKILL:Bluff	RANK:18
SKILL:Diplomacy	RANK:18
SKILL:Fly	RANK:18
SKILL:Intimidate	RANK:18
SKILL:Knowledge (Geography)	RANK:18
SKILL:Knowledge (Local)	RANK:18
SKILL:Knowledge (Nature)	RANK:18
SKILL:Perception	RANK:18
SKILL:Sense Motive	RANK:18
SKILL:Stealth	RANK:14
SKILL:Survival	RANK:18
ABILITY:CATEGORY=FEAT|Alertness
ABILITY:CATEGORY=FEAT|Critical Focus
ABILITY:CATEGORY=FEAT|Empower Spell-Like Ability (ice storm)
ABILITY:CATEGORY=FEAT|Flyby Attack
ABILITY:CATEGORY=FEAT|Hover
ABILITY:CATEGORY=FEAT|Improved Critical (bites)
ABILITY:CATEGORY=FEAT|Improved Initiative
ABILITY:CATEGORY=FEAT|Staggering Critical
ABILITY:CATEGORY=FEAT|Stunning Critical

STARTPACK:Red Rider Default	TYPE:Default Monster.Fey	VISIBLE:QUALIFY	EQUIPBUY:0	PREMULT:1,[PRERACE:1,Red Rider],[!PRERACE:1,%]
ALIGN:LN
RACE:Red Rider	!PRERACE:1,%
NAME:Red Rider
STAT:STR=10|DEX=10|CON=10|INT=10|WIS=10|CHA=10
SKILL:Acrobatics	RANK:4
SKILL:Diplomacy	RANK:16
SKILL:Intimidate	RANK:13
SKILL:Knowledge (Arcana)	RANK:9
SKILL:Knowledge (History)	RANK:9
SKILL:Knowledge (Nature)	RANK:12
SKILL:Knowledge (Planes)	RANK:9
SKILL:Perception	RANK:16
SKILL:Ride	RANK:16
SKILL:Sense Motive	RANK:16
SKILL:Stealth	RANK:12
ABILITY:CATEGORY=FEAT|Critical Focus
ABILITY:CATEGORY=FEAT|Improved Critical (scimitar)
ABILITY:CATEGORY=FEAT|Improved Initiative
ABILITY:CATEGORY=FEAT|Mounted Combat
ABILITY:CATEGORY=FEAT|Power Attack
ABILITY:CATEGORY=FEAT|Ride-By Attack
ABILITY:CATEGORY=FEAT|Trample
ABILITY:CATEGORY=FEAT|Weapon Focus (scimitar)

STARTPACK:Sentinel Hut Default	TYPE:Default Monster.Construct	VISIBLE:QUALIFY	EQUIPBUY:0	PREMULT:1,[PRERACE:1,Sentinel Hut],[!PRERACE:1,%]
ALIGN:TN
RACE:Sentinel Hut	!PRERACE:1,%
NAME:Sentinel Hut
STAT:STR=10|DEX=10|WIS=10|CHA=10

STARTPACK:Ved Default	TYPE:Default Monster.Humanoid	VISIBLE:QUALIFY	EQUIPBUY:0	PREMULT:1,[PRERACE:1,Ved],[!PRERACE:1,%]
ALIGN:NE
RACE:Ved	!PRERACE:1,%
NAME:Ved
STAT:STR=10|DEX=10|CON=10|INT=10|WIS=10|CHA=10
SKILL:Intimidate	RANK:2
SKILL:Perception	RANK:2
SKILL:Survival	RANK:2
ABILITY:CATEGORY=FEAT|Awesome Blow
ABILITY:CATEGORY=FEAT|Improved Bull Rush
ABILITY:CATEGORY=FEAT|Power Attack

STARTPACK:White Rider Default	TYPE:Default Monster.Fey	VISIBLE:QUALIFY	EQUIPBUY:0	PREMULT:1,[PRERACE:1,White Rider],[!PRERACE:1,%]
ALIGN:LN
RACE:White Rider	!PRERACE:1,%
NAME:White Rider
STAT:STR=10|DEX=10|CON=10|INT=10|WIS=10|CHA=10
SKILL:Bluff	RANK:10
SKILL:Diplomacy	RANK:15
SKILL:Intimidate	RANK:12
SKILL:Knowledge (Arcana)	RANK:11
SKILL:Knowledge (History)	RANK:11
SKILL:Knowledge (Nature)	RANK:14
SKILL:Knowledge (Planes)	RANK:11
SKILL:Perception	RANK:16
SKILL:Ride	RANK:16
SKILL:Sense Motive	RANK:16
SKILL:Stealth	RANK:16
ABILITY:CATEGORY=FEAT|Improved Critical (composite longbow)
ABILITY:CATEGORY=FEAT|Manyshot
ABILITY:CATEGORY=FEAT|Mounted Archery
ABILITY:CATEGORY=FEAT|Mounted Combat
ABILITY:CATEGORY=FEAT|Point-Blank Shot
ABILITY:CATEGORY=FEAT|Precise Shot
ABILITY:CATEGORY=FEAT|Rapid Shot
ABILITY:CATEGORY=FEAT|Weapon Focus (composite longbow)

