SOURCELONG:Pathfinder Adventure Path #63	SOURCESHORT:AP63	SOURCEWEB:http://paizo.com	SOURCEDATE:2010-01

STARTPACK:Chrestomath Default	TYPE:Default Monster.Outsider	VISIBLE:QUALIFY	EQUIPBUY:0	PREMULT:1,[PRERACE:1,Chrestomath],[!PRERACE:1,%]
ALIGN:TN
RACE:Chrestomath	!PRERACE:1,%
NAME:Chrestomath
STAT:STR=10|DEX=10|CON=10|INT=10|WIS=10|CHA=10
SKILL:Appraise	RANK:9
SKILL:Fly	RANK:10
SKILL:Knowledge (Arcana)	RANK:10
SKILL:Knowledge (Dungeoneering)	RANK:10
SKILL:Knowledge (Engineering)	RANK:10
SKILL:Knowledge (Geography)	RANK:10
SKILL:Knowledge (History)	RANK:10
SKILL:Knowledge (Local)	RANK:10
SKILL:Knowledge (Nature)	RANK:10
SKILL:Knowledge (Nobility)	RANK:10
SKILL:Knowledge (Planes)	RANK:10
SKILL:Knowledge (Religion)	RANK:10
SKILL:Perception	RANK:10
SKILL:Sense Motive	RANK:10
SKILL:Spellcraft	RANK:9
ABILITY:CATEGORY=FEAT|Ability Focus (mind flood)
ABILITY:CATEGORY=FEAT|Great Fortitude
ABILITY:CATEGORY=FEAT|Improved Initiative
ABILITY:CATEGORY=FEAT|Improved Iron Will
ABILITY:CATEGORY=FEAT|Iron Will

STARTPACK:Clockwork Familiar Default	TYPE:Default Monster.Construct	VISIBLE:QUALIFY	EQUIPBUY:0	PREMULT:1,[PRERACE:1,Clockwork Familiar],[!PRERACE:1,%]
ALIGN:TN
RACE:Clockwork Familiar	!PRERACE:1,%
NAME:Clockwork Familiar
STAT:STR=10|DEX=10|CON=10|INT=10|WIS=10|CHA=10
SKILL:Fly	RANK:3
SKILL:Perception	RANK:1
SKILL:Sense Motive	RANK:1
SKILL:Stealth	RANK:3
ABILITY:CATEGORY=FEAT|Alertness
ABILITY:CATEGORY=FEAT|Improved Initiative
ABILITY:CATEGORY=FEAT|Lightning Reflexes
ABILITY:CATEGORY=FEAT|Weapon Finesse

STARTPACK:Polevik Default	TYPE:Default Monster.Fey	VISIBLE:QUALIFY	EQUIPBUY:0	PREMULT:1,[PRERACE:1,Polevik],[!PRERACE:1,%]
ALIGN:NE
RACE:Polevik	!PRERACE:1,%
NAME:Polevik
STAT:STR=10|DEX=10|CON=10|INT=10|WIS=10|CHA=10
SKILL:Acrobatics	RANK:1
SKILL:Craft (alchemy)	RANK:8
SKILL:Heal	RANK:5
SKILL:Knowledge (Dungeoneering)	RANK:5
SKILL:Knowledge (Nature)	RANK:8
SKILL:Perception	RANK:8
SKILL:Sense Motive	RANK:8
SKILL:Stealth	RANK:8
SKILL:Survival	RANK:5
SKILL:Swim	RANK:1
ABILITY:CATEGORY=FEAT|Alertness
ABILITY:CATEGORY=FEAT|Iron Will
ABILITY:CATEGORY=FEAT|Point-Blank Shot
ABILITY:CATEGORY=FEAT|Precise Shot

