SOURCELONG:Pathfinder Adventure Path #81	SOURCESHORT:AP81	SOURCEWEB:http://paizo.com	SOURCEDATE:2010-01

Giant Assassin Bug	KEY:Giant Assassin Bug	SIZE:S	MOVE:Walk,30,Fly,30	REACH:5	BONUS:STAT|STR|5	BONUS:STAT|DEX|5	BONUS:STAT|CON|3	BONUS:STAT|CHA|-8	BONUS:VAR|AC_Natural_Armor|2|TYPE=Base	BONUS:VAR|DarkvisionRange|60|TYPE=Base	BONUS:VAR|Maneuverability|1	ABILITY:Internal|AUTOMATIC|Racial Traits ~ Giant Assassin Bug	LEGS:6	HANDS:0	NATURALATTACKS:Bite,Weapon.Natural.Weapon Group Natural.Melee.Finesseable.Bludgeoning.Piercing.Slashing,*1,1d4,SPROP=plus poison and poison|Claw,Weapon.Natural.Weapon Group Natural.Melee.Finesseable.Slashing,*2,1d3	DEFINESTAT:NONSTAT|INT	MONSTERCLASS:Vermin:5	RACETYPE:Vermin	TYPE:Vermin	CR:3	KIT:1|TN	FACT:BaseSize|S
Giant Ground Wasp	KEY:Giant Ground Wasp	SIZE:S	MOVE:Walk,20,Burrow,10,Fly,40	REACH:5	BONUS:STAT|STR|5	BONUS:STAT|DEX|9	BONUS:STAT|CON|5	BONUS:STAT|CHA|-8	BONUS:VAR|AC_Natural_Armor|2|TYPE=Base	BONUS:VAR|DarkvisionRange|60|TYPE=Base	BONUS:VAR|Maneuverability|3	ABILITY:Internal|AUTOMATIC|Racial Traits ~ Giant Ground Wasp	LEGS:6	HANDS:0	NATURALATTACKS:Bite,Weapon.Natural.Weapon Group Natural.Melee.Finesseable.Bludgeoning.Piercing.Slashing,*1,1d6|Sting,Weapon.Natural.Weapon Group Natural.Melee.Finesseable.Piercing,*1,1d4,SPROP=plus poison and poison	DEFINESTAT:NONSTAT|INT	MONSTERCLASS:Vermin:6	RACETYPE:Vermin	TYPE:Vermin	CR:4	KIT:1|TN	FACT:BaseSize|S
Giant Walking Stick	KEY:Giant Walking Stick	SIZE:L	MOVE:Walk,30	REACH:10	BONUS:STAT|STR|11	BONUS:STAT|DEX|5	BONUS:STAT|CON|7	BONUS:STAT|CHA|-8	BONUS:VAR|AC_Natural_Armor|6|TYPE=Base	BONUS:VAR|DarkvisionRange|60|TYPE=Base	ABILITY:Internal|AUTOMATIC|Racial Traits ~ Giant Walking Stick	LEGS:6	HANDS:0	NATURALATTACKS:Slam,Weapon.Natural.Weapon Group Natural.Melee.Finesseable.Bludgeoning,*2,1d6	DEFINESTAT:NONSTAT|INT	MONSTERCLASS:Vermin:8	RACETYPE:Vermin	TYPE:Vermin	CR:5	KIT:1|TN	FACT:BaseSize|L
Mummified Baboon	KEY:Mummified Baboon	STARTFEATS:1	SIZE:S	MOVE:Walk,30	REACH:5	BONUS:STAT|STR|2	BONUS:STAT|DEX|5	BONUS:STAT|INT|-8	BONUS:STAT|WIS|2	BONUS:STAT|CHA|4	BONUS:VAR|DarkvisionRange|60|TYPE=Base	ABILITY:Internal|AUTOMATIC|Racial Traits ~ Mummified Baboon	LEGS:2	HANDS:2	NATURALATTACKS:Bite,Weapon.Natural.Weapon Group Natural.Melee.Finesseable.Bludgeoning.Piercing.Slashing,*1,1d4	DEFINESTAT:NONSTAT|CON	DR:2/-	MONSTERCLASS:Undead:1	RACETYPE:Undead	TYPE:Undead	CR:1/2	KIT:1|NE	FACT:BaseSize|S
Mummified Crocodile	KEY:Mummified Crocodile	STARTFEATS:1	SIZE:L	MOVE:Walk,20,Swim,30	REACH:5	BONUS:STAT|STR|9	BONUS:STAT|DEX|2	BONUS:STAT|INT|-9	BONUS:STAT|WIS|2	BONUS:STAT|CHA|4	BONUS:VAR|AC_Natural_Armor|4|TYPE=Base	BONUS:VAR|DarkvisionRange|60|TYPE=Base	ABILITY:Internal|AUTOMATIC|Racial Traits ~ Mummified Crocodile	LEGS:2	HANDS:2	NATURALATTACKS:Bite,Weapon.Natural.Weapon Group Natural.Melee.Finesseable.Bludgeoning.Piercing.Slashing,*1,1d8,SPROP=plus grab and grab|Tail Slap,Weapon.Natural.Weapon Group Natural.Melee.Finesseable.Bludgeoning,*1,1d12	DEFINESTAT:NONSTAT|CON	DR:2/-	MONSTERCLASS:Undead:3	RACETYPE:Undead	TYPE:Undead	CR:2	KIT:1|TN	FACT:BaseSize|L
Mummified Elephant	KEY:Mummified Elephant	STARTFEATS:1	SIZE:H	MOVE:Walk,40	REACH:10	BONUS:STAT|STR|20	BONUS:STAT|INT|-8	BONUS:STAT|WIS|3	BONUS:STAT|CHA|4	BONUS:VAR|AC_Natural_Armor|9|TYPE=Base	BONUS:VAR|DarkvisionRange|60|TYPE=Base	ABILITY:Internal|AUTOMATIC|Racial Traits ~ Mummified Elephant	LEGS:2	HANDS:2	NATURALATTACKS:Gore,Weapon.Natural.Weapon Group Natural.Melee.Finesseable.Piercing,*1,2d8|Slam,Weapon.Natural.Weapon Group Natural.Melee.Finesseable.Bludgeoning,*1,2d6	DEFINESTAT:NONSTAT|CON	DR:10/-	MONSTERCLASS:Undead:11	RACETYPE:Undead	TYPE:Undead	CR:9	KIT:1|TN	FACT:BaseSize|H
Mummified Hippopotamus	KEY:Mummified Hippopotamus	STARTFEATS:1	SIZE:L	MOVE:Walk,40	REACH:5	BONUS:STAT|STR|9	BONUS:STAT|INT|-8	BONUS:STAT|WIS|3	BONUS:STAT|CHA|4	BONUS:VAR|AC_Natural_Armor|8|TYPE=Base	BONUS:VAR|DarkvisionRange|60|TYPE=Base	ABILITY:Internal|AUTOMATIC|Racial Traits ~ Mummified Hippopotamus	LEGS:2	HANDS:2	NATURALATTACKS:Bite,Weapon.Natural.Weapon Group Natural.Melee.Finesseable.Bludgeoning.Piercing.Slashing,*1,2d8	DEFINESTAT:NONSTAT|CON	DR:5/-	MONSTERCLASS:Undead:7	RACETYPE:Undead	TYPE:Undead	CR:6	KIT:1|NE	FACT:BaseSize|L
Serpopard	KEY:Serpopard	STARTFEATS:1	SIZE:M	MOVE:Walk,40	REACH:5	BONUS:STAT|STR|9	BONUS:STAT|DEX|11	BONUS:STAT|CON|8	BONUS:STAT|WIS|4	BONUS:STAT|CHA|7	BONUS:VAR|AC_Natural_Armor|5|TYPE=Base	BONUS:VAR|DarkvisionRange|60|TYPE=Base	BONUS:VAR|HasLowlightVision|1|TYPE=Base	ABILITY:Internal|AUTOMATIC|Racial Traits ~ Serpopard	LEGS:4	HANDS:0	NATURALATTACKS:Bite,Weapon.Natural.Weapon Group Natural.Melee.Finesseable.Bludgeoning.Piercing.Slashing,*1,1d6|Claw,Weapon.Natural.Weapon Group Natural.Melee.Finesseable.Slashing,*2,1d4,SPROP=plus grab and grab	MONSTERCLASS:Magical Beast:9	RACETYPE:Magical Beast	TYPE:Magical Beast	CR:7	KIT:1|CN	AUTO:LANG|Common	FACT:BaseSize|M
Shalkeshka	KEY:Shalkeshka	STARTFEATS:1	SIZE:L	MOVE:Walk,30,Burrow,30	REACH:5	BONUS:STAT|STR|14	BONUS:STAT|DEX|7	BONUS:STAT|CON|8	BONUS:STAT|INT|-8	BONUS:STAT|WIS|1	BONUS:STAT|CHA|-5	BONUS:VAR|AC_Natural_Armor|9|TYPE=Base	BONUS:VAR|DarkvisionRange|60|TYPE=Base	BONUS:VAR|HasLowlightVision|1|TYPE=Base	BONUS:VAR|TremorsenseRange|90|TYPE=Base	ABILITY:Internal|AUTOMATIC|Racial Traits ~ Shalkeshka	LEGS:4	HANDS:0	NATURALATTACKS:Bite,Weapon.Natural.Weapon Group Natural.Melee.Finesseable.Bludgeoning.Piercing.Slashing,*1,1d8,SPROP=plus grab and grab|Claw,Weapon.Natural.Weapon Group Natural.Melee.Finesseable.Slashing,*2,1d8	MONSTERCLASS:Magical Beast:10	RACETYPE:Magical Beast	RACESUBTYPE:Earth	TYPE:Magical Beast	CR:8	KIT:1|TN	FACT:BaseSize|L
Thriae Dancer	KEY:Thriae Dancer	STARTFEATS:1	SIZE:M	MOVE:Walk,30,Fly,60	REACH:5	BONUS:STAT|STR|5	BONUS:STAT|DEX|6	BONUS:STAT|CON|5	BONUS:STAT|INT|2	BONUS:STAT|WIS|3	BONUS:STAT|CHA|6	BONUS:VAR|AC_Natural_Armor|6|TYPE=Base	BONUS:VAR|DarkvisionRange|60|TYPE=Base	BONUS:VAR|Maneuverability|4	ABILITY:Internal|AUTOMATIC|Racial Traits ~ Thriae Dancer	LEGS:2	HANDS:2	NATURALATTACKS:Sting,Weapon.Natural.Weapon Group Natural.Melee.Finesseable.Piercing,*1,1d8	MONSTERCLASS:Monstrous Humanoid:8	RACETYPE:Monstrous Humanoid	TYPE:Monstrous Humanoid	CR:6	KIT:1|LN	AUTO:LANG|Common|Thriae	FACT:BaseSize|M
