SOURCELONG:Tears At Bitter Manor	SOURCESHORT:TABM	SOURCEWEB:http://paizo.com	SOURCEDATE:2010-01

Abandoned One	KEY:Abandoned One	STARTFEATS:1	SIZE:M	MOVE:Walk,30	REACH:5	BONUS:STAT|STR|6	BONUS:STAT|DEX|4	BONUS:STAT|WIS|3	BONUS:STAT|CHA|7	BONUS:VAR|AC_Natural_Armor|5|TYPE=Base	BONUS:VAR|DarkvisionRange|60|TYPE=Base	BONUS:VAR|BlindsenseRange|60|TYPE=Base	ABILITY:Internal|AUTOMATIC|Racial Traits ~ Abandoned One	LEGS:2	HANDS:2	NATURALATTACKS:Claw,Weapon.Natural.Weapon Group Natural.Melee.Finesseable.Slashing,*2,1d8	DEFINESTAT:NONSTAT|CON	MONSTERCLASS:Undead:5	RACETYPE:Undead	TYPE:Undead	CR:4	KIT:1|CE	AUTO:LANG|Common	FACT:BaseSize|M
Caliban	KEY:Caliban	STARTFEATS:1	SIZE:M	MOVE:Walk,30,Swim,20	REACH:5	BONUS:STAT|STR|3	BONUS:STAT|DEX|5	BONUS:STAT|WIS|-2	BONUS:STAT|CHA|1	BONUS:VAR|AC_Natural_Armor|2|TYPE=Base	BONUS:VAR|DarkvisionRange|60|TYPE=Base	BONUS:VAR|HasLowlightVision|1|TYPE=Base	ABILITY:Internal|AUTOMATIC|Racial Traits ~ Caliban	LEGS:2	HANDS:2	NATURALATTACKS:Claw,Weapon.Natural.Weapon Group Natural.Melee.Finesseable.Slashing,*1,1d4	MONSTERCLASS:Monstrous Humanoid:4	RACETYPE:Monstrous Humanoid	TYPE:Monstrous Humanoid	CR:2	KIT:1|CE	AUTO:LANG|Common	FACT:BaseSize|M
Deadfall Dweller	KEY:Deadfall Dweller	STARTFEATS:1	SIZE:L	MOVE:Walk,30,Climb,10	REACH:5	BONUS:STAT|STR|11	BONUS:STAT|DEX|3	BONUS:STAT|CON|6	BONUS:STAT|INT|-5	BONUS:STAT|WIS|2	BONUS:VAR|AC_Natural_Armor|8|TYPE=Base	BONUS:VAR|DarkvisionRange|60|TYPE=Base	BONUS:VAR|HasLowlightVision|1|TYPE=Base	ABILITY:Internal|AUTOMATIC|Racial Traits ~ Deadfall Dweller	LEGS:4	HANDS:0	NATURALATTACKS:Bite,Weapon.Natural.Weapon Group Natural.Melee.Finesseable.Bludgeoning.Piercing.Slashing,*1,1d6,SPROP=plus poison and poison	MONSTERCLASS:Magical Beast:6	RACETYPE:Magical Beast	TYPE:Magical Beast	CR:5	KIT:1|TN	AUTO:LANG|Sylvan (can't speak)	FACT:BaseSize|L
Delgeth	KEY:Delgeth	STARTFEATS:1	SIZE:M	MOVE:Walk,50	REACH:5	BONUS:STAT|STR|9	BONUS:STAT|DEX|5	BONUS:STAT|CON|6	BONUS:STAT|INT|-6	BONUS:STAT|WIS|3	BONUS:STAT|CHA|4	BONUS:VAR|AC_Natural_Armor|6|TYPE=Base	BONUS:VAR|DarkvisionRange|60|TYPE=Base	BONUS:VAR|HasLowlightVision|1|TYPE=Base	ABILITY:Internal|AUTOMATIC|Racial Traits ~ Delgeth	LEGS:4	HANDS:0	NATURALATTACKS:Gore,Weapon.Natural.Weapon Group Natural.Melee.Finesseable.Piercing,*1,1d8,SPROP=plus 1d6 fire|Hoof,Weapon.Natural.Weapon Group Natural.Melee.Finesseable.Bludgeoning,*2,1d4,SPROP=plus 1d6 fire	MONSTERCLASS:Magical Beast:8	RACETYPE:Magical Beast	TYPE:Magical Beast	CR:6	KIT:1|TN	AUTO:LANG|Sylvan (can't speak)	FACT:BaseSize|M
Embalming Bear	KEY:Embalming Bear	SIZE:L	MOVE:Walk,30	REACH:5	BONUS:STAT|STR|12	BONUS:STAT|DEX|-2	BONUS:STAT|WIS|1	BONUS:STAT|CHA|-9	BONUS:VAR|AC_Natural_Armor|12|TYPE=Base	BONUS:VAR|DarkvisionRange|60|TYPE=Base	BONUS:VAR|HasLowlightVision|1|TYPE=Base	ABILITY:Internal|AUTOMATIC|Racial Traits ~ Embalming Bear	LEGS:2	HANDS:2	NATURALATTACKS:Claw,Weapon.Natural.Weapon Group Natural.Melee.Finesseable.Slashing,*2,1d8,SPROP=plus grab and grab and poison and poison	DEFINESTAT:NONSTAT|CON	DEFINESTAT:NONSTAT|INT	MONSTERCLASS:Construct:8	RACETYPE:Construct	TYPE:Construct	CR:7	KIT:1|TN	FACT:BaseSize|L
Ephemeral Echo	KEY:Ephemeral Echo	STARTFEATS:1	SIZE:M	MOVE:Walk,30,Fly,30	REACH:5	BONUS:COMBAT|AC|7|TYPE=Deflection	BONUS:STAT|DEX|6	BONUS:STAT|INT|1	BONUS:STAT|WIS|3	BONUS:STAT|CHA|12	BONUS:VAR|DarkvisionRange|60|TYPE=Base	BONUS:VAR|Maneuverability|5	ABILITY:Internal|AUTOMATIC|Racial Traits ~ Ephemeral Echo	LEGS:2	HANDS:2	NATURALATTACKS:Incorporeal Touch,Weapon.Natural.Weapon Group Natural.Melee.Finesseable.Incorporeal.Touch.Bludgeoning,*1,1d6,SPROP=plus Charisma damage	DEFINESTAT:NONSTAT|STR	DEFINESTAT:NONSTAT|CON	MONSTERCLASS:Undead:8	RACETYPE:Undead	RACESUBTYPE:Incorporeal	TYPE:Undead	CR:7	KIT:1|NE	AUTO:LANG|Common	FACT:BaseSize|M
Leechroot	KEY:Leechroot	SIZE:L	MOVE:Walk,5,Burrow,5	REACH:10	BONUS:STAT|STR|10	BONUS:STAT|DEX|-2	BONUS:STAT|WIS|7	BONUS:STAT|CHA|5	BONUS:VAR|AC_Natural_Armor|10|TYPE=Base	BONUS:VAR|DarkvisionRange|60|TYPE=Base	BONUS:VAR|TremorsenseRange|30|TYPE=Base	ABILITY:Internal|AUTOMATIC|Racial Traits ~ Leechroot	LEGS:2	HANDS:2	DEFINESTAT:NONSTAT|CON	DEFINESTAT:NONSTAT|INT	DR:5/slashing	MONSTERCLASS:Undead (Mindless):5	RACETYPE:Undead	TYPE:Undead	CR:4	KIT:1|NE	FACT:BaseSize|L
Tizheruk	KEY:Tizheruk	STARTFEATS:1	SIZE:L	MOVE:Walk,10,Swim,40	REACH:10	BONUS:STAT|STR|14	BONUS:STAT|DEX|7	BONUS:STAT|CON|11	BONUS:STAT|INT|-8	BONUS:STAT|WIS|3	BONUS:STAT|CHA|-4	BONUS:VAR|AC_Natural_Armor|6|TYPE=Base	BONUS:VAR|DarkvisionRange|60|TYPE=Base	BONUS:VAR|HasLowlightVision|1|TYPE=Base	ABILITY:Internal|AUTOMATIC|Racial Traits ~ Tizheruk	LEGS:4	HANDS:0	NATURALATTACKS:Bite,Weapon.Natural.Weapon Group Natural.Melee.Finesseable.Bludgeoning.Piercing.Slashing,*1,2d6,SPROP=plus grab and grab	MONSTERCLASS:Magical Beast:5	RACETYPE:Magical Beast	RACESUBTYPE:Aquatic	TYPE:Magical Beast	CR:5	KIT:1|TN	FACT:BaseSize|L
