SOURCELONG:Pathfinder Adventure Path #40	SOURCESHORT:AP40	SOURCEWEB:http://paizo.com	SOURCEDATE:2010-01

STARTPACK:Impundulu Default	TYPE:Default Monster.Outsider	VISIBLE:QUALIFY	EQUIPBUY:0	PREMULT:1,[PRERACE:1,Impundulu],[!PRERACE:1,%]
ALIGN:NE
RACE:Impundulu	!PRERACE:1,%
NAME:Impundulu
STAT:STR=10|DEX=10|CON=10|INT=10|WIS=10|CHA=10
SKILL:Bluff	RANK:14
SKILL:Diplomacy	RANK:11
SKILL:Fly	RANK:1
SKILL:Intimidate	RANK:7
SKILL:Knowledge (Arcana)	RANK:7
SKILL:Knowledge (Nature)	RANK:7
SKILL:Knowledge (Planes)	RANK:7
SKILL:Perception	RANK:14
SKILL:Sense Motive	RANK:14
SKILL:Spellcraft	RANK:14
SKILL:Stealth	RANK:14
ABILITY:CATEGORY=FEAT|Flyby Attack
ABILITY:CATEGORY=FEAT|Hover
ABILITY:CATEGORY=FEAT|Improved Initiative
ABILITY:CATEGORY=FEAT|Iron Will
ABILITY:CATEGORY=FEAT|Vital Strike
ABILITY:CATEGORY=FEAT|Weapon Focus (bite)
ABILITY:CATEGORY=FEAT|Weapon Focus (talons)

STARTPACK:Obambo Default	TYPE:Default Monster.Undead	VISIBLE:QUALIFY	EQUIPBUY:0	PREMULT:1,[PRERACE:1,Obambo],[!PRERACE:1,%]
ALIGN:LE
RACE:Obambo	!PRERACE:1,%
NAME:Obambo
STAT:DEX=10|INT=10|WIS=10|CHA=10
SKILL:Appraise	RANK:14
SKILL:Bluff	RANK:14
SKILL:Craft (alchemy)	RANK:3
SKILL:Diplomacy	RANK:5
SKILL:Fly	RANK:9
SKILL:Knowledge (Dungeoneering)	RANK:3
SKILL:Knowledge (Geography)	RANK:8
SKILL:Knowledge (History)	RANK:8
SKILL:Knowledge (Local)	RANK:8
SKILL:Knowledge (Nature)	RANK:8
SKILL:Knowledge (Religion)	RANK:3
SKILL:Perception	RANK:14
SKILL:Perform (oratory)	RANK:14
SKILL:Sense Motive	RANK:14
ABILITY:CATEGORY=FEAT|Alertness
ABILITY:CATEGORY=FEAT|Flyby Attack
ABILITY:CATEGORY=FEAT|Improved Initiative
ABILITY:CATEGORY=FEAT|Iron Will
ABILITY:CATEGORY=FEAT|Lunge
ABILITY:CATEGORY=FEAT|Skill Focus (Perform [oratory])
ABILITY:CATEGORY=FEAT|Step Up
ABILITY:CATEGORY=FEAT|Toughness

STARTPACK:Tikoloshe Default	TYPE:Default Monster.Undead	VISIBLE:QUALIFY	EQUIPBUY:0	PREMULT:1,[PRERACE:1,Tikoloshe],[!PRERACE:1,%]
ALIGN:CE
RACE:Tikoloshe	!PRERACE:1,%
NAME:Tikoloshe
STAT:STR=10|DEX=10|INT=10|WIS=10|CHA=10
SKILL:Climb	RANK:4
SKILL:Perception	RANK:4
SKILL:Stealth	RANK:4
SKILL:Swim	RANK:4
ABILITY:CATEGORY=FEAT|Skill Focus (Perception)
ABILITY:CATEGORY=FEAT|Toughness

