SOURCELONG:The Harrowing	SOURCESHORT:TH	SOURCEWEB:http://paizo.com	SOURCEDATE:2010-01

STARTPACK:Mute hag Default	TYPE:Default Monster.Monstrous Humanoid	VISIBLE:QUALIFY	EQUIPBUY:0	PREMULT:1,[PRERACE:1,Mute hag],[!PRERACE:1,%]
ALIGN:CE
RACE:Mute hag	!PRERACE:1,%
NAME:Mute hag
STAT:STR=10|DEX=10|CON=10|INT=10|WIS=10|CHA=10
SKILL:Bluff	RANK:7
SKILL:Craft (leather)	RANK:8
SKILL:Diplomacy	RANK:11
SKILL:Heal	RANK:5
SKILL:Intimidate	RANK:14
SKILL:Knowledge (Arcana)	RANK:3
SKILL:Knowledge (History)	RANK:11
SKILL:Knowledge (Local)	RANK:3
SKILL:Knowledge (Nature)	RANK:3
SKILL:Perception	RANK:14
SKILL:Sense Motive	RANK:11
SKILL:Sleight of Hand	RANK:4
SKILL:Spellcraft	RANK:8
SKILL:Stealth	RANK:10
ABILITY:CATEGORY=FEAT|Alertness
ABILITY:CATEGORY=FEAT|Blind-Fight
ABILITY:CATEGORY=FEAT|Combat Casting
ABILITY:CATEGORY=FEAT|Empower Spell-Like Ability (cone of cold)
ABILITY:CATEGORY=FEAT|Great Fortitude
ABILITY:CATEGORY=FEAT|Persuasive
ABILITY:CATEGORY=FEAT|Toughness

