SOURCELONG:Pathfinder Adventure Path #92	SOURCESHORT:AP92	SOURCEWEB:http://paizo.com	SOURCEDATE:2010-01

STARTPACK:Brambleblight Default	TYPE:Default Monster.Plant	VISIBLE:QUALIFY	EQUIPBUY:0	PREMULT:1,[PRERACE:1,Brambleblight],[!PRERACE:1,%]
ALIGN:TN
RACE:Brambleblight	!PRERACE:1,%
NAME:Brambleblight
STAT:STR=10|DEX=10|CON=10|INT=10|WIS=10|CHA=10
SKILL:Perception	RANK:5
SKILL:Stealth	RANK:1
ABILITY:CATEGORY=FEAT|Combat Reflexes
ABILITY:CATEGORY=FEAT|Improved Initiative
ABILITY:CATEGORY=FEAT|Power Attack
ABILITY:CATEGORY=FEAT|Stand Still
ABILITY:CATEGORY=FEAT|Weapon Focus (thorns)

STARTPACK:Ourdivar Default	TYPE:Default Monster.Outsider	VISIBLE:QUALIFY	EQUIPBUY:0	PREMULT:1,[PRERACE:1,Ourdivar],[!PRERACE:1,%]
ALIGN:CN
RACE:Ourdivar	!PRERACE:1,%
NAME:Ourdivar
STAT:STR=10|DEX=10|CON=10|INT=10|WIS=10|CHA=10
SKILL:Bluff	RANK:5
SKILL:Fly	RANK:5
SKILL:Intimidate	RANK:5
SKILL:Perception	RANK:5
SKILL:Sense Motive	RANK:5
SKILL:Stealth	RANK:1
SKILL:Swim	RANK:5
ABILITY:CATEGORY=FEAT|Combat Reflexes
ABILITY:CATEGORY=FEAT|Improved Initiative
ABILITY:CATEGORY=FEAT|Power Attack

STARTPACK:Skapraun Default	TYPE:Default Monster.Fey	VISIBLE:QUALIFY	EQUIPBUY:0	PREMULT:1,[PRERACE:1,Skapraun],[!PRERACE:1,%]
ALIGN:LN
RACE:Skapraun	!PRERACE:1,%
NAME:Skapraun
STAT:STR=10|DEX=10|CON=10|INT=10|WIS=10|CHA=10
SKILL:Acrobatics	RANK:3
SKILL:Climb	RANK:3
SKILL:Craft (bows)	RANK:3
SKILL:Craft (traps)	RANK:3
SKILL:Knowledge (Nature)	RANK:1
SKILL:Perception	RANK:3
SKILL:Stealth	RANK:3
SKILL:Survival	RANK:1
ABILITY:CATEGORY=FEAT|Point-Blank Shot
ABILITY:CATEGORY=FEAT|Rapid Shot

STARTPACK:Skeltercat Default	TYPE:Default Monster.Magical Beast	VISIBLE:QUALIFY	EQUIPBUY:0	PREMULT:1,[PRERACE:1,Skeltercat],[!PRERACE:1,%]
ALIGN:CE
RACE:Skeltercat	!PRERACE:1,%
NAME:Skeltercat
STAT:STR=10|DEX=10|CON=10|INT=10|WIS=10|CHA=10
SKILL:Acrobatics	RANK:5
SKILL:Climb	RANK:1
SKILL:Perception	RANK:1
SKILL:Stealth	RANK:5
SKILL:Survival	RANK:1
ABILITY:CATEGORY=FEAT|Dodge
ABILITY:CATEGORY=FEAT|Iron Will
ABILITY:CATEGORY=FEAT|Run

