SOURCELONG:The Dragon's Demand	SOURCESHORT:TDD	SOURCEWEB:http://paizo.com	SOURCEDATE:2010-01

Grioth	KEY:Grioth	STARTFEATS:1	SIZE:M	MOVE:Walk,30,Fly,40	REACH:5	BONUS:STAT|DEX|8	BONUS:STAT|CON|2	BONUS:STAT|INT|3	BONUS:STAT|WIS|3	BONUS:STAT|CHA|1	BONUS:VAR|BlindsightRange|20|TYPE=Base	BONUS:VAR|Maneuverability|3	ABILITY:Internal|AUTOMATIC|Racial Traits ~ Grioth	LEGS:2	HANDS:2	NATURALATTACKS:Bite,Weapon.Natural.Weapon Group Natural.Melee.Finesseable.Bludgeoning.Piercing.Slashing,*1,1d6,SPROP=plus poison and poison	MONSTERCLASS:Monstrous Humanoid:2	RACETYPE:Monstrous Humanoid	TYPE:Monstrous Humanoid	CR:1	KIT:1|CE	AUTO:LANG|Aklo|Grioth; telepathy 30 ft.	FACT:BaseSize|M
Yangethe	KEY:Yangethe	STARTFEATS:1	SIZE:L	MOVE:Walk,40	REACH:10	BONUS:STAT|STR|14	BONUS:STAT|DEX|8	BONUS:STAT|CON|12	BONUS:STAT|INT|7	BONUS:STAT|WIS|11	BONUS:STAT|CHA|7	BONUS:VAR|AC_Natural_Armor|10|TYPE=Base	BONUS:VAR|DarkvisionRange|120|TYPE=Base	ABILITY:Internal|AUTOMATIC|Racial Traits ~ Yangethe	LEGS:0	HANDS:0	NATURALATTACKS:Claw,Weapon.Natural.Weapon Group Natural.Melee.Finesseable.Slashing,*2,1d6|Tentacle,Weapon.Natural.Weapon Group Natural.Melee.Finesseable.Bludgeoning,*4,1d6,SPROP=plus grab and grab	SR:20	DR:10/slashing or piercing	MONSTERCLASS:Aberration:11	RACETYPE:Aberration	TYPE:Aberration	CR:9	KIT:1|CE	AUTO:LANG|Aklo; telepathy 60 ft.	FACT:BaseSize|L
