SOURCELONG:Pathfinder Adventure Path #53	SOURCESHORT:AP53	SOURCEWEB:http://paizo.com	SOURCEDATE:2010-01

Chon Chon	KEY:Chon Chon	STARTFEATS:1	SIZE:T	MOVE:Walk,10,Fly,60	REACH:0	BONUS:STAT|STR|-4	BONUS:STAT|DEX|5	BONUS:STAT|INT|-3	BONUS:STAT|WIS|2	BONUS:STAT|CHA|3	BONUS:VAR|DarkvisionRange|60|TYPE=Base	BONUS:VAR|Maneuverability|4	ABILITY:Internal|AUTOMATIC|Racial Traits ~ Chon Chon	LEGS:0	HANDS:0	NATURALATTACKS:Bite,Weapon.Natural.Weapon Group Natural.Melee.Finesseable.Bludgeoning.Piercing.Slashing,*1,1d3	MONSTERCLASS:Aberration:2	RACETYPE:Aberration	TYPE:Aberration	CR:1/2	KIT:1|CN	AUTO:LANG|Common	FACT:BaseSize|T
Chon Chon Swarm	KEY:Chon Chon Swarm	STARTFEATS:1	SIZE:T	MOVE:Walk,10,Fly,60	REACH:0	BONUS:COMBAT|AC|2|TYPE=Deflection	BONUS:STAT|DEX|5	BONUS:STAT|INT|-3	BONUS:STAT|WIS|2	BONUS:STAT|CHA|3	BONUS:VAR|DarkvisionRange|60|TYPE=Base	BONUS:VAR|Maneuverability|4	ABILITY:Internal|AUTOMATIC|Racial Traits ~ Chon Chon Swarm	LEGS:0	HANDS:0	MONSTERCLASS:Aberration:6	RACETYPE:Aberration	RACESUBTYPE:Swarm	TYPE:Aberration	CR:3	KIT:1|CN	AUTO:LANG|Common (cannot speak)	FACT:BaseSize|T
Kijimuna	KEY:Kijimuna	STARTFEATS:1	SIZE:S	MOVE:Walk,30	REACH:5	BONUS:COMBAT|AC|1|TYPE=Deflection	BONUS:STAT|STR|3	BONUS:STAT|DEX|7	BONUS:STAT|CON|5	BONUS:STAT|INT|2	BONUS:STAT|CHA|4	BONUS:VAR|DarkvisionRange|60|TYPE=Base	ABILITY:Internal|AUTOMATIC|Racial Traits ~ Kijimuna	LEGS:2	HANDS:2	MONSTERCLASS:Humanoid (Reflex):3	RACETYPE:Humanoid	RACESUBTYPE:Goblinoid	TYPE:Humanoid	CR:2	KIT:1|CN	AUTO:LANG|Common|Goblin	FACT:BaseSize|S
Oni, Earth Yai	KEY:Oni, Earth Yai	STARTFEATS:1	SIZE:L	MOVE:Walk,50,Fly,50	REACH:10	BONUS:STAT|STR|17	BONUS:STAT|DEX|12	BONUS:STAT|CON|13	BONUS:STAT|INT|2	BONUS:STAT|WIS|4	BONUS:STAT|CHA|5	BONUS:VAR|AC_Natural_Armor|14|TYPE=Base	BONUS:VAR|DarkvisionRange|60|TYPE=Base	BONUS:VAR|HasLowlightVision|1|TYPE=Base	BONUS:VAR|Maneuverability|4	ABILITY:Internal|AUTOMATIC|Racial Traits ~ Oni, Earth Yai	LEGS:2	HANDS:2	SR:24	MONSTERCLASS:Outsider (Fort/Will):16	RACETYPE:Outsider	RACESUBTYPE:Giant|Native|Oni|Shapechanger	TYPE:Outsider	CR:13	KIT:1|NE	AUTO:LANG|Common|Giant	FACT:BaseSize|L
Raiju	KEY:Raiju	STARTFEATS:1	SIZE:S	MOVE:Walk,40,Fly,60	REACH:5	BONUS:STAT|STR|2	BONUS:STAT|DEX|9	BONUS:STAT|CON|6	BONUS:STAT|INT|-5	BONUS:STAT|WIS|1	BONUS:VAR|AC_Natural_Armor|4|TYPE=Base	BONUS:VAR|DarkvisionRange|60|TYPE=Base	BONUS:VAR|Maneuverability|4	ABILITY:Internal|AUTOMATIC|Racial Traits ~ Raiju	LEGS:2	HANDS:2	NATURALATTACKS:Claw,Weapon.Natural.Weapon Group Natural.Melee.Finesseable.Slashing,*2,1d3,SPROP=plus 1d6 electricity|Tail Slap,Weapon.Natural.Weapon Group Natural.Melee.Finesseable.Bludgeoning,*1,1d4,SPROP=plus 1d6 electricity	MONSTERCLASS:Outsider (Fort/Ref):6	RACETYPE:Outsider	RACESUBTYPE:Air|Extraplanar|Shapechanger	TYPE:Outsider	CR:5	KIT:1|CN	AUTO:LANG|Auran	FACT:BaseSize|S
