SOURCELONG:Pathfinder Adventure Path #31	SOURCESHORT:AP31	SOURCEWEB:http://paizo.com	SOURCEDATE:2010-01

STARTPACK:Brush Thylacine Default	TYPE:Default Monster.Animal	VISIBLE:QUALIFY	EQUIPBUY:0	PREMULT:1,[PRERACE:1,Brush Thylacine],[!PRERACE:1,%]
ALIGN:TN
RACE:Brush Thylacine	!PRERACE:1,%
NAME:Brush Thylacine
STAT:STR=10|DEX=10|CON=10|INT=10|WIS=10|CHA=10
SKILL:Acrobatics	RANK:1
SKILL:Perception	RANK:3
SKILL:Stealth	RANK:1
ABILITY:CATEGORY=FEAT|Skill Focus (Perception)
ABILITY:CATEGORY=FEAT|Step Up

STARTPACK:Drekavac Default	TYPE:Default Monster.Undead	VISIBLE:QUALIFY	EQUIPBUY:0	PREMULT:1,[PRERACE:1,Drekavac],[!PRERACE:1,%]
ALIGN:NE
RACE:Drekavac	!PRERACE:1,%
NAME:Drekavac
STAT:STR=10|DEX=10|INT=10|WIS=10|CHA=10
SKILL:Intimidate	RANK:4
SKILL:Perception	RANK:4
SKILL:Stealth	RANK:4
ABILITY:CATEGORY=FEAT|Iron Will
ABILITY:CATEGORY=FEAT|Weapon Finesse

STARTPACK:Megaloceros Elk Default	TYPE:Default Monster.Animal	VISIBLE:QUALIFY	EQUIPBUY:0	PREMULT:1,[PRERACE:1,Megaloceros Elk],[!PRERACE:1,%]
ALIGN:TN
RACE:Megaloceros Elk	!PRERACE:1,%
NAME:Megaloceros Elk
STAT:STR=10|DEX=10|CON=10|INT=10|WIS=10|CHA=10
SKILL:Perception	RANK:4
ABILITY:CATEGORY=FEAT|Endurance
ABILITY:CATEGORY=FEAT|Lightning Reflexes
ABILITY:CATEGORY=FEAT|Run

STARTPACK:River Elk Default	TYPE:Default Monster.Animal	VISIBLE:QUALIFY	EQUIPBUY:0	PREMULT:1,[PRERACE:1,River Elk],[!PRERACE:1,%]
ALIGN:TN
RACE:River Elk	!PRERACE:1,%
NAME:River Elk
STAT:STR=10|DEX=10|CON=10|INT=10|WIS=10|CHA=10
SKILL:Perception	RANK:3
SKILL:Swim	RANK:3
ABILITY:CATEGORY=FEAT|Endurance
ABILITY:CATEGORY=FEAT|Lightning Reflexes
ABILITY:CATEGORY=FEAT|Run

STARTPACK:Thawn Default	TYPE:Default Monster.Humanoid	VISIBLE:QUALIFY	EQUIPBUY:0	PREMULT:1,[PRERACE:1,Thawn],[!PRERACE:1,%]
ALIGN:CE
RACE:Thawn	!PRERACE:1,%
NAME:Thawn
STAT:STR=10|DEX=10|CON=10|INT=10|WIS=10|CHA=10
SKILL:Craft (traps)	RANK:3
SKILL:Stealth	RANK:1
ABILITY:CATEGORY=FEAT|Great Fortitude
ABILITY:CATEGORY=FEAT|Throw Anything

