SOURCELONG:Pathfinder Adventure Path #78	SOURCESHORT:AP78	SOURCEWEB:http://paizo.com	SOURCEDATE:2010-01

STARTPACK:Corpse Lotus Default	TYPE:Default Monster.Plant	VISIBLE:QUALIFY	EQUIPBUY:0	PREMULT:1,[PRERACE:1,Corpse Lotus],[!PRERACE:1,%]
ALIGN:TN
RACE:Corpse Lotus	!PRERACE:1,%
NAME:Corpse Lotus
STAT:STR=10|DEX=10|CON=10|INT=10|WIS=10|CHA=10
SKILL:Perception	RANK:17
ABILITY:CATEGORY=FEAT|Awesome Blow
ABILITY:CATEGORY=FEAT|Blind-Fight
ABILITY:CATEGORY=FEAT|Cleave
ABILITY:CATEGORY=FEAT|Combat Reflexes
ABILITY:CATEGORY=FEAT|Great Cleave
ABILITY:CATEGORY=FEAT|Improved Bull Rush
ABILITY:CATEGORY=FEAT|Improved Vital Strike
ABILITY:CATEGORY=FEAT|Power Attack
ABILITY:CATEGORY=FEAT|Vital Strike

STARTPACK:Deskari Default	TYPE:Default Monster.Outsider	VISIBLE:QUALIFY	EQUIPBUY:0	PREMULT:1,[PRERACE:1,Deskari],[!PRERACE:1,%]
ALIGN:CE
RACE:Deskari	!PRERACE:1,%
NAME:Deskari
STAT:STR=10|DEX=10|CON=10|INT=10|WIS=10|CHA=10
SKILL:Acrobatics	RANK:33
SKILL:Bluff	RANK:33
SKILL:Climb	RANK:33
SKILL:Disable Device	RANK:33
SKILL:Fly	RANK:31
SKILL:Intimidate	RANK:30
SKILL:Knowledge (Arcana)	RANK:30
SKILL:Knowledge (Dungeoneering)	RANK:30
SKILL:Knowledge (Engineering)	RANK:30
SKILL:Knowledge (Planes)	RANK:30
SKILL:Perception	RANK:33
SKILL:Sense Motive	RANK:33
SKILL:Spellcraft	RANK:33
SKILL:Stealth	RANK:21
SKILL:Use Magic Device	RANK:33
ABILITY:CATEGORY=FEAT|Awesome Blow
ABILITY:CATEGORY=FEAT|Combat Expertise
ABILITY:CATEGORY=FEAT|Combat Reflexes
ABILITY:CATEGORY=FEAT|Craft Construct
ABILITY:CATEGORY=FEAT|Craft Magic Arms and Armor
ABILITY:CATEGORY=FEAT|Craft Wondrous Item
ABILITY:CATEGORY=FEAT|Critical Focus
ABILITY:CATEGORY=FEAT|Flyby Attack
ABILITY:CATEGORY=FEAT|Greater Sunder
ABILITY:CATEGORY=FEAT|Hover
ABILITY:CATEGORY=FEAT|Improved Bull Rush
ABILITY:CATEGORY=FEAT|Improved Critical (scythe)
ABILITY:CATEGORY=FEAT|Improved Initiative
ABILITY:CATEGORY=FEAT|Improved Sunder
ABILITY:CATEGORY=FEAT|Power Attack
ABILITY:CATEGORY=FEAT|Staggering Critical
ABILITY:CATEGORY=FEAT|Toughness

STARTPACK:Devastator Default	TYPE:Default Monster.Construct	VISIBLE:QUALIFY	EQUIPBUY:0	PREMULT:1,[PRERACE:1,Devastator],[!PRERACE:1,%]
ALIGN:CE
RACE:Devastator	!PRERACE:1,%
NAME:Devastator
STAT:STR=10|DEX=10|INT=10|WIS=10|CHA=10
SKILL:Acrobatics	RANK:12
SKILL:Climb	RANK:12
SKILL:Fly	RANK:9
SKILL:Intimidate	RANK:27
SKILL:Knowledge (Planes)	RANK:12
SKILL:Perception	RANK:27
ABILITY:CATEGORY=FEAT|Awesome Blow
ABILITY:CATEGORY=FEAT|Blind-Fight[M]
ABILITY:CATEGORY=FEAT|Cleave
ABILITY:CATEGORY=FEAT|Combat Reflexes[M]
ABILITY:CATEGORY=FEAT|Critical Focus[M]
ABILITY:CATEGORY=FEAT|Great Cleave
ABILITY:CATEGORY=FEAT|Improved Bull Rush
ABILITY:CATEGORY=FEAT|Improved Critical (blasphemous weapon)
ABILITY:CATEGORY=FEAT|Improved Critical (wing)
ABILITY:CATEGORY=FEAT|Power Attack
ABILITY:CATEGORY=FEAT|Staggering Critical
ABILITY:CATEGORY=FEAT|Toughness[M]
ABILITY:CATEGORY=FEAT|Vital Strike
ABILITY:CATEGORY=FEAT|Weapon Focus (blasphemous weapon)
ABILITY:CATEGORY=FEAT|Weapon Focus (wing)

STARTPACK:Katpaskir Default	TYPE:Default Monster.Outsider	VISIBLE:QUALIFY	EQUIPBUY:0	PREMULT:1,[PRERACE:1,Katpaskir],[!PRERACE:1,%]
ALIGN:CE
RACE:Katpaskir	!PRERACE:1,%
NAME:Katpaskir
STAT:STR=10|DEX=10|CON=10|INT=10|WIS=10|CHA=10
SKILL:Bluff	RANK:21
SKILL:Disable Device	RANK:21
SKILL:Fly	RANK:21
SKILL:Knowledge (Arcana)	RANK:21
SKILL:Knowledge (Planes)	RANK:21
SKILL:Perception	RANK:21
SKILL:Sense Motive	RANK:21
SKILL:Spellcraft	RANK:21
SKILL:Use Magic Device	RANK:21
ABILITY:CATEGORY=FEAT|Dimensional Agility
ABILITY:CATEGORY=FEAT|Dimensional Assault
ABILITY:CATEGORY=FEAT|Dimensional Dervish
ABILITY:CATEGORY=FEAT|Dimensional Maneuvers
ABILITY:CATEGORY=FEAT|Dimensional Savant
ABILITY:CATEGORY=FEAT|Empower Spell-Like Ability (disintegrate)
ABILITY:CATEGORY=FEAT|Greater Sunder
ABILITY:CATEGORY=FEAT|Improved Critical (claw)
ABILITY:CATEGORY=FEAT|Improved Initiative
ABILITY:CATEGORY=FEAT|Improved Sunder
ABILITY:CATEGORY=FEAT|Power Attack

