SOURCELONG:Lost Treasures	SOURCESHORT:LT	SOURCEWEB:http://paizo.com	SOURCEDATE:2010-01

STARTPACK:Champion Of The Gilded Host Default	TYPE:Default Monster.Construct	VISIBLE:QUALIFY	EQUIPBUY:0	PREMULT:1,[PRERACE:1,Champion Of The Gilded Host],[!PRERACE:1,%]
ALIGN:TN
RACE:Champion Of The Gilded Host	!PRERACE:1,%
NAME:Champion Of The Gilded Host
STAT:STR=10|DEX=10|INT=10|WIS=10|CHA=10
SKILL:Climb	RANK:5
SKILL:Intimidate	RANK:6
SKILL:Perception	RANK:7
SKILL:Swim	RANK:5
ABILITY:CATEGORY=FEAT|Cleave[M]
ABILITY:CATEGORY=FEAT|Combat Reflexes[M]
ABILITY:CATEGORY=FEAT|Critical Focus
ABILITY:CATEGORY=FEAT|Great Cleave
ABILITY:CATEGORY=FEAT|Improved Critical[M] (slam)
ABILITY:CATEGORY=FEAT|Improved Vital Strike
ABILITY:CATEGORY=FEAT|Power Attack[M]
ABILITY:CATEGORY=FEAT|Stand Still
ABILITY:CATEGORY=FEAT|Toughness
ABILITY:CATEGORY=FEAT|Vital Strike

