SOURCELONG:Numeria, Land of Fallen Stars	SOURCESHORT:NLoFS	SOURCEWEB:http://paizo.com/products/btpy978l	SOURCEDATE:2014-07

STARTPACK:Android Impostor Default	TYPE:Default Monster.Humanoid	VISIBLE:QUALIFY	EQUIPBUY:0	PREMULT:1,[PRERACE:1,Android Impostor],[!PRERACE:1,%]
ALIGN:TN
RACE:Android Impostor	!PRERACE:1,%
NAME:Android Impostor
STAT:STR=10|DEX=10|CON=10|INT=10|WIS=10|CHA=10
SKILL:Bluff	RANK:5
SKILL:Climb	RANK:1
SKILL:Disguise	RANK:5
SKILL:Intimidate	RANK:6
SKILL:Perception	RANK:2
SKILL:Sense Motive	RANK:1
SKILL:Survival	RANK:1
SKILL:Swim	RANK:1
ABILITY:CATEGORY=FEAT|Deceitful
ABILITY:CATEGORY=FEAT|Improved Initiative
ABILITY:CATEGORY=FEAT|Lunge
ABILITY:CATEGORY=FEAT|Power Attack
ABILITY:CATEGORY=FEAT|Toughness
ABILITY:CATEGORY=FEAT|Weapon Focus (greataxe)
ABILITY:CATEGORY=FEAT|Weapon Specialization (greataxe)

STARTPACK:Arachnid Robot Default	TYPE:Default Monster.Construct	VISIBLE:QUALIFY	EQUIPBUY:0	PREMULT:1,[PRERACE:1,Arachnid Robot],[!PRERACE:1,%]
ALIGN:TN
RACE:Arachnid Robot	!PRERACE:1,%
NAME:Arachnid Robot
STAT:STR=10|DEX=10|INT=10|WIS=10|CHA=10
SKILL:Climb	RANK:1
SKILL:Disable Device	RANK:1
SKILL:Perception	RANK:1
SKILL:Stealth	RANK:1
ABILITY:CATEGORY=FEAT|Weapon Finesse

STARTPACK:Bloodbrush Default	TYPE:Default Monster.Plant	VISIBLE:QUALIFY	EQUIPBUY:0	PREMULT:1,[PRERACE:1,Bloodbrush],[!PRERACE:1,%]
ALIGN:TN
RACE:Bloodbrush	!PRERACE:1,%
NAME:Bloodbrush
STAT:STR=10|DEX=10|CON=10|WIS=10|CHA=10

STARTPACK:Capacitor Ooze Default	TYPE:Default Monster.Ooze	VISIBLE:QUALIFY	EQUIPBUY:0	PREMULT:1,[PRERACE:1,Capacitor Ooze],[!PRERACE:1,%]
ALIGN:TN
RACE:Capacitor Ooze	!PRERACE:1,%
NAME:Capacitor Ooze
STAT:STR=10|DEX=10|CON=10|WIS=10|CHA=10
SKILL:Climb	RANK:5

STARTPACK:Gray Goo Default	TYPE:Default Monster.Construct	VISIBLE:QUALIFY	EQUIPBUY:0	PREMULT:1,[PRERACE:1,Gray Goo],[!PRERACE:1,%]
ALIGN:TN
RACE:Gray Goo	!PRERACE:1,%
NAME:Gray Goo
STAT:STR=10|DEX=10|INT=10|WIS=10|CHA=10
SKILL:Fly	RANK:13
SKILL:Perception	RANK:10
SKILL:Racial M odifiers	RANK:10
SKILL:Stealth	RANK:19
ABILITY:CATEGORY=FEAT|Ability Focus (distraction)
ABILITY:CATEGORY=FEAT|Dodge
ABILITY:CATEGORY=FEAT|Great Fortitude
ABILITY:CATEGORY=FEAT|Improved Lightning Reflexes
ABILITY:CATEGORY=FEAT|Iron Will
ABILITY:CATEGORY=FEAT|Lightning Reflexes
ABILITY:CATEGORY=FEAT|Lightning Stance
ABILITY:CATEGORY=FEAT|Mobility
ABILITY:CATEGORY=FEAT|Toughness
ABILITY:CATEGORY=FEAT|Wind Stance

STARTPACK:Machine Slayer Default	TYPE:Default Monster.Humanoid	VISIBLE:QUALIFY	EQUIPBUY:0	PREMULT:1,[PRERACE:1,Machine Slayer],[!PRERACE:1,%]
ALIGN:CN
RACE:Machine Slayer	!PRERACE:1,%
NAME:Machine Slayer
STAT:STR=10|DEX=10|CON=10|INT=10|WIS=10|CHA=10
SKILL:Heal	RANK:8
SKILL:Knowledge (Geography)	RANK:6
SKILL:Knowledge (Nature)	RANK:6
SKILL:Perception	RANK:9
SKILL:Sense Motive	RANK:6
SKILL:Stealth	RANK:8
SKILL:Survival	RANK:9
ABILITY:CATEGORY=FEAT|Deadly Aim
ABILITY:CATEGORY=FEAT|Diehard
ABILITY:CATEGORY=FEAT|Endurance
ABILITY:CATEGORY=FEAT|Improved Precise Shot
ABILITY:CATEGORY=FEAT|Point-Blank Shot
ABILITY:CATEGORY=FEAT|Power Attack
ABILITY:CATEGORY=FEAT|Precise Shot
ABILITY:CATEGORY=FEAT|Rapid Shot
ABILITY:CATEGORY=FEAT|Weapon Focus (longbow)

STARTPACK:Mannequin Robot Default	TYPE:Default Monster.Construct	VISIBLE:QUALIFY	EQUIPBUY:0	PREMULT:1,[PRERACE:1,Mannequin Robot],[!PRERACE:1,%]
ALIGN:TN
RACE:Mannequin Robot	!PRERACE:1,%
NAME:Mannequin Robot
STAT:STR=10|DEX=10|INT=10|WIS=10|CHA=10
SKILL:Disguise	RANK:1
SKILL:Knowledge (Local)	RANK:1
SKILL:Perception	RANK:2
SKILL:Sense Motive	RANK:2
ABILITY:CATEGORY=FEAT|Alertness

STARTPACK:Mutant Orc Default	TYPE:Default Monster.Aberration	VISIBLE:QUALIFY	EQUIPBUY:0	PREMULT:1,[PRERACE:1,Mutant Orc],[!PRERACE:1,%]
ALIGN:CE
RACE:Mutant Orc	!PRERACE:1,%
NAME:Mutant Orc
STAT:STR=10|DEX=10|CON=10|INT=10|WIS=10|CHA=10
SKILL:Acrobatics	RANK:7
SKILL:Climb	RANK:7
SKILL:Swim	RANK:7
ABILITY:CATEGORY=FEAT|Blind-Fight
ABILITY:CATEGORY=FEAT|Cleave
ABILITY:CATEGORY=FEAT|Power Attack
ABILITY:CATEGORY=FEAT|Toughness
ABILITY:CATEGORY=FEAT|Weapon Focus (club)

STARTPACK:Numerian Fluid Scavenger Default	TYPE:Default Monster.Humanoid	VISIBLE:QUALIFY	EQUIPBUY:0	PREMULT:1,[PRERACE:1,Numerian Fluid Scavenger],[!PRERACE:1,%]
ALIGN:CN
RACE:Numerian Fluid Scavenger	!PRERACE:1,%
NAME:Numerian Fluid Scavenger
STAT:STR=10|DEX=10|CON=10|INT=10|WIS=10|CHA=10
SKILL:Appraise	RANK:3
SKILL:Craft (alchemy)	RANK:7
SKILL:Disable Device	RANK:7
SKILL:Knowledge (Engineering)	RANK:4
SKILL:Knowledge (Local)	RANK:1
SKILL:Perception	RANK:7
SKILL:Sleight of Hand	RANK:7
SKILL:Spellcraft	RANK:7
SKILL:Stealth	RANK:4
SKILL:Survival	RANK:7
ABILITY:CATEGORY=FEAT|Brew Potion
ABILITY:CATEGORY=FEAT|Great Fortitude
ABILITY:CATEGORY=FEAT|Improved Initiative
ABILITY:CATEGORY=FEAT|Lightning Reflexes
ABILITY:CATEGORY=FEAT|Point-Blank Shot
ABILITY:CATEGORY=FEAT|Throw Anything
ABILITY:CATEGORY=FEAT|Toughness

STARTPACK:Numerian Gunslinger Default	TYPE:Default Monster.Humanoid	VISIBLE:QUALIFY	EQUIPBUY:0	PREMULT:1,[PRERACE:1,Numerian Gunslinger],[!PRERACE:1,%]
ALIGN:CG
RACE:Numerian Gunslinger	!PRERACE:1,%
NAME:Numerian Gunslinger
STAT:STR=10|DEX=10|CON=10|INT=10|WIS=10|CHA=10
SKILL:Acrobatics	RANK:5
SKILL:Craft (mechanical)	RANK:6
SKILL:Knowledge (Engineering)	RANK:6
SKILL:Perception	RANK:6
SKILL:Sleight of Hand	RANK:5
ABILITY:CATEGORY=FEAT|Gunsmithing
ABILITY:CATEGORY=FEAT|Point-Blank Shot
ABILITY:CATEGORY=FEAT|Precise Shot
ABILITY:CATEGORY=FEAT|Rapid Shot
ABILITY:CATEGORY=FEAT|Toughness
ABILITY:CATEGORY=FEAT|Weapon Focus (laser pistol)

STARTPACK:Robot Golem Default	TYPE:Default Monster.Construct	VISIBLE:QUALIFY	EQUIPBUY:0	PREMULT:1,[PRERACE:1,Robot Golem],[!PRERACE:1,%]
ALIGN:TN
RACE:Robot Golem	!PRERACE:1,%
NAME:Robot Golem
STAT:STR=10|DEX=10|WIS=10|CHA=10

STARTPACK:Scrapyard Robot Default	TYPE:Default Monster.Construct	VISIBLE:QUALIFY	EQUIPBUY:0	PREMULT:1,[PRERACE:1,Scrapyard Robot],[!PRERACE:1,%]
ALIGN:TN
RACE:Scrapyard Robot	!PRERACE:1,%
NAME:Scrapyard Robot
STAT:STR=10|DEX=10|INT=10|WIS=10|CHA=10
SKILL:Knowledge (Engineering)	RANK:2
SKILL:Perception	RANK:2
ABILITY:CATEGORY=FEAT|Power Attack
ABILITY:CATEGORY=FEAT|Weapon Focus (rotary saw)

STARTPACK:Targotha Default	TYPE:Default Monster.Aberration	VISIBLE:QUALIFY	EQUIPBUY:0	PREMULT:1,[PRERACE:1,Targotha],[!PRERACE:1,%]
ALIGN:TN
RACE:Targotha	!PRERACE:1,%
NAME:Targotha
STAT:STR=10|DEX=10|CON=10|INT=10|WIS=10|CHA=10
SKILL:Perception	RANK:11
SKILL:Swim	RANK:19
ABILITY:CATEGORY=FEAT|Blind-Fight
ABILITY:CATEGORY=FEAT|Critical Focus
ABILITY:CATEGORY=FEAT|Dodge
ABILITY:CATEGORY=FEAT|Great Fortitude
ABILITY:CATEGORY=FEAT|Improved Critical (razor fins)
ABILITY:CATEGORY=FEAT|Improved Vital Strike
ABILITY:CATEGORY=FEAT|Lightning Reflexes
ABILITY:CATEGORY=FEAT|Mobility
ABILITY:CATEGORY=FEAT|Spring Attack
ABILITY:CATEGORY=FEAT|Staggering Critical
ABILITY:CATEGORY=FEAT|Vital Strike

STARTPACK:Technic League Hireling Default	TYPE:Default Monster.Humanoid	VISIBLE:QUALIFY	EQUIPBUY:0	PREMULT:1,[PRERACE:1,Technic League Hireling],[!PRERACE:1,%]
ALIGN:CN
RACE:Technic League Hireling	!PRERACE:1,%
NAME:Technic League Hireling
STAT:STR=10|DEX=10|CON=10|INT=10|WIS=10|CHA=10
SKILL:Acrobatics	RANK:4
SKILL:Appraise	RANK:2
SKILL:Bluff	RANK:4
SKILL:Climb	RANK:4
SKILL:Disable Device	RANK:4
SKILL:Escape Artist	RANK:4
SKILL:Knowledge (Engineering)	RANK:1
SKILL:Knowledge (Local)	RANK:1
SKILL:Perception	RANK:4
SKILL:Sense Motive	RANK:4
SKILL:Sleight of Hand	RANK:4
SKILL:Stealth	RANK:4
SKILL:Survival	RANK:1
SKILL:Swim	RANK:1
ABILITY:CATEGORY=FEAT|Alertness
ABILITY:CATEGORY=FEAT|Deft Hands
ABILITY:CATEGORY=FEAT|Great Fortitude

STARTPACK:Torturer Robot Default	TYPE:Default Monster.Construct	VISIBLE:QUALIFY	EQUIPBUY:0	PREMULT:1,[PRERACE:1,Torturer Robot],[!PRERACE:1,%]
ALIGN:TN
RACE:Torturer Robot	!PRERACE:1,%
NAME:Torturer Robot
STAT:STR=10|DEX=10|INT=10|WIS=10|CHA=10
SKILL:Fly	RANK:7
SKILL:Heal	RANK:10
SKILL:Perception	RANK:10
SKILL:Sense Motive	RANK:10
ABILITY:CATEGORY=FEAT|Alertness
ABILITY:CATEGORY=FEAT|Dodge
ABILITY:CATEGORY=FEAT|Mobility
ABILITY:CATEGORY=FEAT|Vital Strike
ABILITY:CATEGORY=FEAT|Weapon Finesse

STARTPACK:Wayward Crusader Default	TYPE:Default Monster.Humanoid	VISIBLE:QUALIFY	EQUIPBUY:0	PREMULT:1,[PRERACE:1,Wayward Crusader],[!PRERACE:1,%]
ALIGN:LG
RACE:Wayward Crusader	!PRERACE:1,%
NAME:Wayward Crusader
STAT:STR=10|DEX=10|CON=10|INT=10|WIS=10|CHA=10
SKILL:Diplomacy	RANK:5
SKILL:Heal	RANK:5
SKILL:Ride	RANK:2
ABILITY:CATEGORY=FEAT|Mounted Combat
ABILITY:CATEGORY=FEAT|Ride-By Attack
ABILITY:CATEGORY=FEAT|Skill Focus (Ride)
ABILITY:CATEGORY=FEAT|Spirited Charge

STARTPACK:Zhen Worm Default	TYPE:Default Monster.Vermin	VISIBLE:QUALIFY	EQUIPBUY:0	PREMULT:1,[PRERACE:1,Zhen Worm],[!PRERACE:1,%]
ALIGN:TN
RACE:Zhen Worm	!PRERACE:1,%
NAME:Zhen Worm
STAT:STR=10|DEX=10|CON=10|WIS=10|CHA=10
SKILL:Stealth	RANK:1
SKILL:Swim	RANK:1
ABILITY:CATEGORY=FEAT|Blind-Fight

