SOURCELONG:Pathfinder Adventure Path #51	SOURCESHORT:AP51	SOURCEWEB:http://paizo.com	SOURCEDATE:2010-01

Atamahuta	KEY:Atamahuta	STARTFEATS:1	SIZE:L	MOVE:Walk,30	REACH:10	BONUS:STAT|STR|15	BONUS:STAT|DEX|2	BONUS:STAT|CON|10	BONUS:STAT|INT|3	BONUS:STAT|WIS|6	BONUS:STAT|CHA|7	BONUS:VAR|AC_Natural_Armor|15|TYPE=Base	BONUS:VAR|DarkvisionRange|60|TYPE=Base	BONUS:VAR|HasLowlightVision|1|TYPE=Base	ABILITY:Internal|AUTOMATIC|Racial Traits ~ Atamahuta	LEGS:2	HANDS:2	SR:22	MONSTERCLASS:Outsider (Fort/Will):14	RACETYPE:Outsider	RACESUBTYPE:Oni|Giant|Native|Shapechanger	TYPE:Outsider	CR:11	KIT:1|LE	AUTO:LANG|Common|Giant|Orc|Tien	FACT:BaseSize|L
Frostfallen Mammoth	KEY:Frostfallen Mammoth	SIZE:H	MOVE:Walk,40	REACH:15	BONUS:STAT|STR|26	BONUS:STAT|DEX|2	BONUS:STAT|CHA|2	BONUS:VAR|AC_Natural_Armor|16|TYPE=Base	BONUS:VAR|DarkvisionRange|60|TYPE=Base	ABILITY:Internal|AUTOMATIC|Racial Traits ~ Frostfallen Mammoth	LEGS:2	HANDS:2	NATURALATTACKS:Gore,Weapon.Natural.Weapon Group Natural.Melee.Finesseable.Piercing,*1,2d8,SPROP=plus 3d6 cold|Slam,Weapon.Natural.Weapon Group Natural.Melee.Finesseable.Bludgeoning,*1,2d6,SPROP=plus 3d6 cold	DEFINESTAT:NONSTAT|CON	DEFINESTAT:NONSTAT|INT	DR:10/bludgeoning	MONSTERCLASS:Undead (Mindless):14	RACETYPE:Undead	RACESUBTYPE:Cold	TYPE:Undead	CR:10	KIT:1|NE	FACT:BaseSize|H
Saumen Kar	KEY:Saumen Kar	STARTFEATS:1	SIZE:L	MOVE:Walk,40	REACH:10	BONUS:STAT|STR|16	BONUS:STAT|DEX|5	BONUS:STAT|CON|10	BONUS:STAT|INT|1	BONUS:STAT|WIS|2	BONUS:STAT|CHA|1	BONUS:VAR|AC_Natural_Armor|13|TYPE=Base	BONUS:VAR|DarkvisionRange|60|TYPE=Base	ABILITY:Internal|AUTOMATIC|Racial Traits ~ Saumen Kar	LEGS:2	HANDS:2	MONSTERCLASS:Monstrous Humanoid:13	RACETYPE:Monstrous Humanoid	TYPE:Monstrous Humanoid	CR:10	KIT:1|CN	AUTO:LANG|Giant	FACT:BaseSize|L
