SOURCELONG:The Witchwar Legacy	SOURCESHORT:TWL	SOURCEWEB:http://paizo.com	SOURCEDATE:2010-01

STARTPACK:Abyss Gigas Default	TYPE:Default Monster.Humanoid	VISIBLE:QUALIFY	EQUIPBUY:0	PREMULT:1,[PRERACE:1,Abyss Gigas],[!PRERACE:1,%]
ALIGN:CE
RACE:Abyss Gigas	!PRERACE:1,%
NAME:Abyss Gigas
STAT:STR=10|DEX=10|CON=10|INT=10|WIS=10|CHA=10
SKILL:Climb	RANK:16
SKILL:Intimidate	RANK:21
SKILL:Knowledge (Planes)	RANK:18
SKILL:Perception	RANK:21
SKILL:Sense Motive	RANK:18
SKILL:Stealth	RANK:1
SKILL:Survival	RANK:21
ABILITY:CATEGORY=FEAT|Awesome Blow
ABILITY:CATEGORY=FEAT|Catch Off-Guard
ABILITY:CATEGORY=FEAT|Combat Reflexes
ABILITY:CATEGORY=FEAT|Greater Sunder
ABILITY:CATEGORY=FEAT|Improved Bull Rush
ABILITY:CATEGORY=FEAT|Improved Critical (warhammer)
ABILITY:CATEGORY=FEAT|Improved Initiative
ABILITY:CATEGORY=FEAT|Improved Sunder
ABILITY:CATEGORY=FEAT|Power Attack
ABILITY:CATEGORY=FEAT|Stand Still
ABILITY:CATEGORY=FEAT|Throw Anything

