SOURCELONG:Pathfinder Adventure Path #51	SOURCESHORT:AP51	SOURCEWEB:http://paizo.com	SOURCEDATE:2010-01

STARTPACK:Atamahuta Default	TYPE:Default Monster.Outsider	VISIBLE:QUALIFY	EQUIPBUY:0	PREMULT:1,[PRERACE:1,Atamahuta],[!PRERACE:1,%]
ALIGN:LE
RACE:Atamahuta	!PRERACE:1,%
NAME:Atamahuta
STAT:STR=10|DEX=10|CON=10|INT=10|WIS=10|CHA=10
SKILL:Bluff	RANK:14
SKILL:Disguise	RANK:14
SKILL:Intimidate	RANK:14
SKILL:Knowledge (Planes)	RANK:14
SKILL:Perception	RANK:14
SKILL:Sense Motive	RANK:14
SKILL:Spellcraft	RANK:14
ABILITY:CATEGORY=FEAT|Cleave
ABILITY:CATEGORY=FEAT|Combat Casting
ABILITY:CATEGORY=FEAT|Improved Initiative
ABILITY:CATEGORY=FEAT|Improved Sunder
ABILITY:CATEGORY=FEAT|Power Attack
ABILITY:CATEGORY=FEAT|Spell Penetration
ABILITY:CATEGORY=FEAT|Vital Strike

STARTPACK:Frostfallen Mammoth Default	TYPE:Default Monster.Undead	VISIBLE:QUALIFY	EQUIPBUY:0	PREMULT:1,[PRERACE:1,Frostfallen Mammoth],[!PRERACE:1,%]
ALIGN:NE
RACE:Frostfallen Mammoth	!PRERACE:1,%
NAME:Frostfallen Mammoth
STAT:STR=10|DEX=10|WIS=10|CHA=10
ABILITY:CATEGORY=FEAT|Toughness

STARTPACK:Saumen Kar Default	TYPE:Default Monster.Monstrous Humanoid	VISIBLE:QUALIFY	EQUIPBUY:0	PREMULT:1,[PRERACE:1,Saumen Kar],[!PRERACE:1,%]
ALIGN:CN
RACE:Saumen Kar	!PRERACE:1,%
NAME:Saumen Kar
STAT:STR=10|DEX=10|CON=10|INT=10|WIS=10|CHA=10
SKILL:Heal	RANK:1
SKILL:Knowledge (Nature)	RANK:10
SKILL:Perception	RANK:13
SKILL:Sense Motive	RANK:1
SKILL:Stealth	RANK:9
SKILL:Survival	RANK:13
ABILITY:CATEGORY=FEAT|Alertness
ABILITY:CATEGORY=FEAT|Diehard
ABILITY:CATEGORY=FEAT|Endurance
ABILITY:CATEGORY=FEAT|Great Fortitude
ABILITY:CATEGORY=FEAT|Improved Critical (greataxe)
ABILITY:CATEGORY=FEAT|Self-Sufficient
ABILITY:CATEGORY=FEAT|Weapon Focus (greataxe)

