SOURCELONG:Pathfinder Adventure Path #28	SOURCESHORT:AP28	SOURCEWEB:http://paizo.com	SOURCEDATE:2010-01

STARTPACK:Cabal Devil (Uniila) Default	TYPE:Default Monster.Outsider	VISIBLE:QUALIFY	EQUIPBUY:0	PREMULT:1,[PRERACE:1,Cabal Devil (Uniila)],[!PRERACE:1,%]
ALIGN:LE
RACE:Cabal Devil (Uniila)	!PRERACE:1,%
NAME:Cabal Devil (Uniila)
STAT:STR=10|DEX=10|CON=10|INT=10|WIS=10|CHA=10
SKILL:Appraise	RANK:1
SKILL:Bluff	RANK:1
SKILL:Diplomacy	RANK:1
SKILL:Disguise	RANK:1
SKILL:Fly	RANK:1
SKILL:Knowledge (Arcana)	RANK:1
SKILL:Knowledge (Planes)	RANK:1
SKILL:Knowledge (Religion)	RANK:1
SKILL:Perception	RANK:1
SKILL:Sense Motive	RANK:1
SKILL:Sleight of Hand	RANK:1
SKILL:Spellcraft	RANK:1
SKILL:Stealth	RANK:1
ABILITY:CATEGORY=FEAT|Dodge
ABILITY:CATEGORY=FEAT|Lightning Reflexes
ABILITY:CATEGORY=FEAT|Mobility
ABILITY:CATEGORY=FEAT|Scribe Scroll
ABILITY:CATEGORY=FEAT|Weapon Finesse
ABILITY:CATEGORY=FEAT|Wind Stance

STARTPACK:Malbolgian Cerberi Default	TYPE:Default Monster.Outsider	VISIBLE:QUALIFY	EQUIPBUY:0	PREMULT:1,[PRERACE:1,Malbolgian Cerberi],[!PRERACE:1,%]
ALIGN:LE
RACE:Malbolgian Cerberi	!PRERACE:1,%
NAME:Malbolgian Cerberi
STAT:STR=10|DEX=10|CON=10|INT=10|WIS=10|CHA=10
SKILL:Acrobatics	RANK:14
SKILL:Perception	RANK:14
SKILL:Sense Motive	RANK:1
SKILL:Stealth	RANK:10
SKILL:Survival	RANK:14
ABILITY:CATEGORY=FEAT|Alertness
ABILITY:CATEGORY=FEAT|Combat Reflexes
ABILITY:CATEGORY=FEAT|Greater Bull Rush
ABILITY:CATEGORY=FEAT|Improved Bull Rush
ABILITY:CATEGORY=FEAT|Improved Initiative
ABILITY:CATEGORY=FEAT|Power Attack
ABILITY:CATEGORY=FEAT|Stand Still

STARTPACK:Spartolos Default	TYPE:Default Monster.Undead	VISIBLE:QUALIFY	EQUIPBUY:0	PREMULT:1,[PRERACE:1,Spartolos],[!PRERACE:1,%]
ALIGN:NE
RACE:Spartolos	!PRERACE:1,%
NAME:Spartolos
STAT:STR=10|DEX=10|INT=10|WIS=10|CHA=10
SKILL:Acrobatics	RANK:1
SKILL:Climb	RANK:3
SKILL:Perception	RANK:8
SKILL:Stealth	RANK:3
ABILITY:CATEGORY=FEAT|Combat Expertise
ABILITY:CATEGORY=FEAT|Improved Disarm
ABILITY:CATEGORY=FEAT|Improved Initiative
ABILITY:CATEGORY=FEAT|Toughness

STARTPACK:Uniila Default	TYPE:Default Monster.Outsider	VISIBLE:QUALIFY	EQUIPBUY:0	PREMULT:1,[PRERACE:1,Uniila],[!PRERACE:1,%]
ALIGN:LE
RACE:Uniila	!PRERACE:1,%
NAME:Uniila
STAT:STR=10|DEX=10|CON=10|INT=10|WIS=10|CHA=10
SKILL:Appraise	RANK:7
SKILL:Bluff	RANK:10
SKILL:Diplomacy	RANK:10
SKILL:Disguise	RANK:10
SKILL:Fly	RANK:5
SKILL:Knowledge (Arcana)	RANK:10
SKILL:Knowledge (Planes)	RANK:10
SKILL:Knowledge (Religion)	RANK:10
SKILL:Perception	RANK:10
SKILL:Sense Motive	RANK:10
SKILL:Sleight of Hand	RANK:7
SKILL:Spellcraft	RANK:7
SKILL:Stealth	RANK:10
ABILITY:CATEGORY=FEAT|Dodge
ABILITY:CATEGORY=FEAT|Lightning Reflexes
ABILITY:CATEGORY=FEAT|Mobility
ABILITY:CATEGORY=FEAT|Scribe Scroll
ABILITY:CATEGORY=FEAT|Weapon Finesse
ABILITY:CATEGORY=FEAT|Wind Stance

