SOURCELONG:Horsemen of the Apocalypse	SOURCESHORT:HotA	SOURCEWEB:http://paizo.com/products/btpy8odg	SOURCEDATE:2011-11

STARTPACK:Erodaemon Default	TYPE:Default Monster.Outsider	VISIBLE:QUALIFY	EQUIPBUY:0	PREMULT:1,[PRERACE:1,Erodaemon],[!PRERACE:1,%]
ALIGN:NE
RACE:Erodaemon	!PRERACE:1,%
NAME:Erodaemon
STAT:STR=10|DEX=10|CON=10|INT=10|WIS=10|CHA=10
SKILL:Bluff	RANK:14
SKILL:Diplomacy	RANK:14
SKILL:Disguise	RANK:14
SKILL:Intimidate	RANK:14
SKILL:Knowledge (Local)	RANK:14
SKILL:Knowledge (Planes)	RANK:14
SKILL:Perception	RANK:14
SKILL:Sense Motive	RANK:14
SKILL:Sleight of Hand	RANK:14
SKILL:Stealth	RANK:14
ABILITY:CATEGORY=FEAT|Agile Maneuvers
ABILITY:CATEGORY=FEAT|Deceitful
ABILITY:CATEGORY=FEAT|Dodge
ABILITY:CATEGORY=FEAT|Improved Initiative
ABILITY:CATEGORY=FEAT|Quicken Spell-Like Ability (crushing despair)
ABILITY:CATEGORY=FEAT|Skill Focus (Bluff)
ABILITY:CATEGORY=FEAT|Weapon Finesse

STARTPACK:Lacridaemon Default	TYPE:Default Monster.Outsider	VISIBLE:QUALIFY	EQUIPBUY:0	PREMULT:1,[PRERACE:1,Lacridaemon],[!PRERACE:1,%]
ALIGN:NE
RACE:Lacridaemon	!PRERACE:1,%
NAME:Lacridaemon
STAT:STR=10|DEX=10|CON=10|INT=10|WIS=10|CHA=10
SKILL:Acrobatics	RANK:4
SKILL:Bluff	RANK:4
SKILL:Climb	RANK:4
SKILL:Perception	RANK:4
SKILL:Sense Motive	RANK:4
SKILL:Stealth	RANK:4
ABILITY:CATEGORY=FEAT|Improved Initiative
ABILITY:CATEGORY=FEAT|Weapon Focus (claws)

STARTPACK:Obcisidaemon Default	TYPE:Default Monster.Outsider	VISIBLE:QUALIFY	EQUIPBUY:0	PREMULT:1,[PRERACE:1,Obcisidaemon],[!PRERACE:1,%]
ALIGN:NE
RACE:Obcisidaemon	!PRERACE:1,%
NAME:Obcisidaemon
STAT:STR=10|DEX=10|CON=10|INT=10|WIS=10|CHA=10
SKILL:Bluff	RANK:22
SKILL:Fly	RANK:16
SKILL:Intimidate	RANK:22
SKILL:Knowledge (History)	RANK:11
SKILL:Knowledge (Planes)	RANK:11
SKILL:Perception	RANK:22
SKILL:Sense Motive	RANK:22
SKILL:Spellcraft	RANK:22
ABILITY:CATEGORY=FEAT|Bleeding Critical
ABILITY:CATEGORY=FEAT|Cleave
ABILITY:CATEGORY=FEAT|Critical Focus
ABILITY:CATEGORY=FEAT|Great Cleave
ABILITY:CATEGORY=FEAT|Greater Vital Strike
ABILITY:CATEGORY=FEAT|Improved Vital Strike
ABILITY:CATEGORY=FEAT|Power Attack
ABILITY:CATEGORY=FEAT|Quicken Spell-Like Ability (spell turning)
ABILITY:CATEGORY=FEAT|Staggering Critical
ABILITY:CATEGORY=FEAT|Vital Strike
ABILITY:CATEGORY=FEAT|Weapon Focus (halberd)

STARTPACK:Phasmadaemon Default	TYPE:Default Monster.Outsider	VISIBLE:QUALIFY	EQUIPBUY:0	PREMULT:1,[PRERACE:1,Phasmadaemon],[!PRERACE:1,%]
ALIGN:NE
RACE:Phasmadaemon	!PRERACE:1,%
NAME:Phasmadaemon
STAT:STR=10|DEX=10|CON=10|INT=10|WIS=10|CHA=10
SKILL:Bluff	RANK:23
SKILL:Disguise	RANK:23
SKILL:Escape Artist	RANK:20
SKILL:Fly	RANK:23
SKILL:Intimidate	RANK:23
SKILL:Knowledge (Planes)	RANK:23
SKILL:Perception	RANK:23
SKILL:Sense Motive	RANK:23
SKILL:Spellcraft	RANK:23
SKILL:Stealth	RANK:19
ABILITY:CATEGORY=FEAT|Combat Casting
ABILITY:CATEGORY=FEAT|Deceitful
ABILITY:CATEGORY=FEAT|Dodge
ABILITY:CATEGORY=FEAT|Greater Spell Penetration
ABILITY:CATEGORY=FEAT|Improved Critical (bite)
ABILITY:CATEGORY=FEAT|Improved Initiative
ABILITY:CATEGORY=FEAT|Intimidating Prowess
ABILITY:CATEGORY=FEAT|Iron Will
ABILITY:CATEGORY=FEAT|Power Attack
ABILITY:CATEGORY=FEAT|Quicken Spell-Like Ability (greater shadow conjuration)
ABILITY:CATEGORY=FEAT|Spell Penetration
ABILITY:CATEGORY=FEAT|Vital Strike

STARTPACK:Sangudaemon Default	TYPE:Default Monster.Outsider	VISIBLE:QUALIFY	EQUIPBUY:0	PREMULT:1,[PRERACE:1,Sangudaemon],[!PRERACE:1,%]
ALIGN:NE
RACE:Sangudaemon	!PRERACE:1,%
NAME:Sangudaemon
STAT:STR=10|DEX=10|CON=10|INT=10|WIS=10|CHA=10
SKILL:Escape Artist	RANK:12
SKILL:Fly	RANK:12
SKILL:Intimidate	RANK:12
SKILL:Perception	RANK:12
SKILL:Sense Motive	RANK:12
SKILL:Spellcraft	RANK:12
ABILITY:CATEGORY=FEAT|Bleeding Critical
ABILITY:CATEGORY=FEAT|Combat Reflexes
ABILITY:CATEGORY=FEAT|Critical Focus
ABILITY:CATEGORY=FEAT|Dodge
ABILITY:CATEGORY=FEAT|Flyby Attack
ABILITY:CATEGORY=FEAT|Improved Initiative

STARTPACK:Suspiridaemon Default	TYPE:Default Monster.Outsider	VISIBLE:QUALIFY	EQUIPBUY:0	PREMULT:1,[PRERACE:1,Suspiridaemon],[!PRERACE:1,%]
ALIGN:NE
RACE:Suspiridaemon	!PRERACE:1,%
NAME:Suspiridaemon
STAT:STR=10|DEX=10|CON=10|INT=10|WIS=10|CHA=10
SKILL:Climb	RANK:9
SKILL:Diplomacy	RANK:9
SKILL:Intimidate	RANK:9
SKILL:Knowledge (Nature)	RANK:9
SKILL:Knowledge (Planes)	RANK:9
SKILL:Perception	RANK:9
SKILL:Sense Motive	RANK:9
SKILL:Stealth	RANK:9
ABILITY:CATEGORY=FEAT|Combat Reflexes
ABILITY:CATEGORY=FEAT|Dodge
ABILITY:CATEGORY=FEAT|Great Fortitude
ABILITY:CATEGORY=FEAT|Improved Critical (tongue)
ABILITY:CATEGORY=FEAT|Improved Initiative

STARTPACK:Temerdaemon Default	TYPE:Default Monster.Outsider	VISIBLE:QUALIFY	EQUIPBUY:0	PREMULT:1,[PRERACE:1,Temerdaemon],[!PRERACE:1,%]
ALIGN:NE
RACE:Temerdaemon	!PRERACE:1,%
NAME:Temerdaemon
STAT:STR=10|DEX=10|CON=10|INT=10|WIS=10|CHA=10
SKILL:Bluff	RANK:17
SKILL:Climb	RANK:17
SKILL:Intimidate	RANK:17
SKILL:Knowledge (Planes)	RANK:9
SKILL:Knowledge (Religion)	RANK:8
SKILL:Perception	RANK:17
SKILL:Sense Motive	RANK:17
SKILL:Stealth	RANK:13
ABILITY:CATEGORY=FEAT|Blinding Critical
ABILITY:CATEGORY=FEAT|Cleave
ABILITY:CATEGORY=FEAT|Combat Expertise
ABILITY:CATEGORY=FEAT|Critical Focus
ABILITY:CATEGORY=FEAT|Improved Initiative
ABILITY:CATEGORY=FEAT|Improved Trip
ABILITY:CATEGORY=FEAT|Lightning Reflexes
ABILITY:CATEGORY=FEAT|Power Attack
ABILITY:CATEGORY=FEAT|Weapon Focus (scythe)

STARTPACK:Venedaemon Default	TYPE:Default Monster.Outsider	VISIBLE:QUALIFY	EQUIPBUY:0	PREMULT:1,[PRERACE:1,Venedaemon],[!PRERACE:1,%]
ALIGN:NE
RACE:Venedaemon	!PRERACE:1,%
NAME:Venedaemon
STAT:STR=10|DEX=10|CON=10|INT=10|WIS=10|CHA=10
SKILL:Bluff	RANK:6
SKILL:Disguise	RANK:3
SKILL:Fly	RANK:6
SKILL:Intimidate	RANK:6
SKILL:Knowledge (Arcana)	RANK:6
SKILL:Knowledge (Planes)	RANK:6
SKILL:Knowledge (Religion)	RANK:3
SKILL:Perception	RANK:6
SKILL:Sense Motive	RANK:6
SKILL:Spellcraft	RANK:6
SKILL:Stealth	RANK:6
SKILL:Use Magic Device	RANK:6
ABILITY:CATEGORY=FEAT|Combat Casting
ABILITY:CATEGORY=FEAT|Eschew Materials
ABILITY:CATEGORY=FEAT|Improved Initiative
ABILITY:CATEGORY=FEAT|Magical Aptitude

