SOURCELONG:Pathfinder Adventure Path #49	SOURCESHORT:AP49	SOURCEWEB:http://paizo.com	SOURCEDATE:2010-01

STARTPACK:Belostomatid Default	TYPE:Default Monster.Vermin	VISIBLE:QUALIFY	EQUIPBUY:0	PREMULT:1,[PRERACE:1,Belostomatid],[!PRERACE:1,%]
ALIGN:TN
RACE:Belostomatid	!PRERACE:1,%
NAME:Belostomatid
STAT:STR=10|DEX=10|CON=10|WIS=10|CHA=10
SKILL:Fly	RANK:1
SKILL:Stealth	RANK:1
SKILL:Swim	RANK:4

STARTPACK:Giant Hellgrammite Default	TYPE:Default Monster.Vermin	VISIBLE:QUALIFY	EQUIPBUY:0	PREMULT:1,[PRERACE:1,Giant Hellgrammite],[!PRERACE:1,%]
ALIGN:TN
RACE:Giant Hellgrammite	!PRERACE:1,%
NAME:Giant Hellgrammite
STAT:STR=10|DEX=10|CON=10|WIS=10|CHA=10
SKILL:Climb	RANK:1
SKILL:Perception	RANK:3
SKILL:Stealth	RANK:1
SKILL:Swim	RANK:1

STARTPACK:Hala Default	TYPE:Default Monster.Outsider	VISIBLE:QUALIFY	EQUIPBUY:0	PREMULT:1,[PRERACE:1,Hala],[!PRERACE:1,%]
ALIGN:CE
RACE:Hala	!PRERACE:1,%
NAME:Hala
STAT:STR=10|DEX=10|CON=10|INT=10|WIS=10|CHA=10
SKILL:Acrobatics	RANK:5
SKILL:Escape Artist	RANK:5
SKILL:Fly	RANK:5
SKILL:Intimidate	RANK:5
SKILL:Knowledge (Planes)	RANK:5
SKILL:Perception	RANK:5
SKILL:Stealth	RANK:5
ABILITY:CATEGORY=FEAT|Flyby Attack
ABILITY:CATEGORY=FEAT|Hover
ABILITY:CATEGORY=FEAT|Weapon Finesse
ABILITY:CATEGORY=FEAT|Wingover

STARTPACK:Water Strider Swarm Default	TYPE:Default Monster.Vermin	VISIBLE:QUALIFY	EQUIPBUY:0	PREMULT:1,[PRERACE:1,Water Strider Swarm],[!PRERACE:1,%]
ALIGN:TN
RACE:Water Strider Swarm	!PRERACE:1,%
NAME:Water Strider Swarm
STAT:STR=10|DEX=10|CON=10|WIS=10|CHA=10
SKILL:Acrobatics	RANK:1
SKILL:Perception	RANK:2
SKILL:Swim	RANK:2

STARTPACK:Yamabushi Tengu Default	TYPE:Default Monster.Outsider	VISIBLE:QUALIFY	EQUIPBUY:0	PREMULT:1,[PRERACE:1,Yamabushi Tengu],[!PRERACE:1,%]
ALIGN:LE
RACE:Yamabushi Tengu	!PRERACE:1,%
NAME:Yamabushi Tengu
STAT:STR=10|DEX=10|CON=10|INT=10|WIS=10|CHA=10
SKILL:Acrobatics	RANK:6
SKILL:Bluff	RANK:6
SKILL:Disguise	RANK:6
SKILL:Fly	RANK:6
SKILL:Knowledge (Planes)	RANK:6
SKILL:Perception	RANK:6
SKILL:Stealth	RANK:6
ABILITY:CATEGORY=FEAT|Combat Casting
ABILITY:CATEGORY=FEAT|Combat Reflexes
ABILITY:CATEGORY=FEAT|Improved Initiative

