SOURCELONG:Misfit Monsters Redeemed	SOURCESHORT:MMR	SOURCEWEB:http://paizo.com	SOURCEDATE:2010-01

STARTPACK:Delver Default	TYPE:Default Monster.Aberration	VISIBLE:QUALIFY	EQUIPBUY:0	PREMULT:1,[PRERACE:1,Delver],[!PRERACE:1,%]
ALIGN:TN
RACE:Delver	!PRERACE:1,%
NAME:Delver
STAT:STR=10|DEX=10|CON=10|INT=10|WIS=10|CHA=10
SKILL:Intimidate	RANK:7
SKILL:Knowledge (Dungeoneering)	RANK:12
SKILL:Knowledge (Local)	RANK:5
SKILL:Knowledge (Nature)	RANK:5
SKILL:Perception	RANK:12
SKILL:Sense Motive	RANK:11
SKILL:Stealth	RANK:1
SKILL:Survival	RANK:12
ABILITY:CATEGORY=FEAT|Alertness
ABILITY:CATEGORY=FEAT|Blind-Fight
ABILITY:CATEGORY=FEAT|Great Fortitude
ABILITY:CATEGORY=FEAT|Improved Initiative
ABILITY:CATEGORY=FEAT|Power Attack
ABILITY:CATEGORY=FEAT|Toughness

STARTPACK:Lava Child Default	TYPE:Default Monster.Monstrous Humanoid	VISIBLE:QUALIFY	EQUIPBUY:0	PREMULT:1,[PRERACE:1,Lava Child],[!PRERACE:1,%]
ALIGN:TN
RACE:Lava Child	!PRERACE:1,%
NAME:Lava Child
STAT:STR=10|DEX=10|CON=10|INT=10|WIS=10|CHA=10
SKILL:Bluff	RANK:1
SKILL:Intimidate	RANK:4
SKILL:Knowledge (Dungeoneering)	RANK:1
SKILL:Knowledge (Nature)	RANK:1
SKILL:Knowledge (Planes)	RANK:1
SKILL:Perception	RANK:4
ABILITY:CATEGORY=FEAT|Great Fortitude
ABILITY:CATEGORY=FEAT|Power Attack

