SOURCELONG:Misfit Monsters Redeemed	SOURCESHORT:MMR	SOURCEWEB:http://paizo.com	SOURCEDATE:2010-01

Delver	KEY:Delver	STARTFEATS:1	SIZE:H	MOVE:Walk,30,Burrow,10	REACH:10	BONUS:STAT|STR|18	BONUS:STAT|DEX|9	BONUS:STAT|CON|12	BONUS:STAT|INT|5	BONUS:STAT|WIS|5	BONUS:VAR|AC_Natural_Armor|11|TYPE=Base	BONUS:VAR|DarkvisionRange|60|TYPE=Base	BONUS:VAR|TremorsenseRange|60|TYPE=Base	ABILITY:Internal|AUTOMATIC|Racial Traits ~ Delver	LEGS:0	HANDS:0	NATURALATTACKS:Slam,Weapon.Natural.Weapon Group Natural.Melee.Finesseable.Bludgeoning,*2,2d6,SPROP=plus corrosive slime	DR:5/piercing or slashing	MONSTERCLASS:Aberration:12	RACETYPE:Aberration	RACESUBTYPE:Earth	TYPE:Aberration	CR:9	KIT:1|TN	AUTO:LANG|Aklo|Terran|Undercommon	FACT:BaseSize|H
Lava Child	KEY:Lava Child	STARTFEATS:1	SIZE:M	MOVE:Walk,30,Burrow,10	REACH:5	BONUS:STAT|STR|5	BONUS:STAT|DEX|2	BONUS:STAT|CON|4	BONUS:STAT|WIS|3	BONUS:STAT|CHA|3	BONUS:VAR|AC_Natural_Armor|5|TYPE=Base	BONUS:VAR|DarkvisionRange|60|TYPE=Base	BONUS:VAR|TremorsenseRange|30|TYPE=Base	ABILITY:Internal|AUTOMATIC|Racial Traits ~ Lava Child	LEGS:2	HANDS:2	NATURALATTACKS:Claw,Weapon.Natural.Weapon Group Natural.Melee.Finesseable.Slashing,*2,1d4|Bite,Weapon.Natural.Weapon Group Natural.Melee.Finesseable.Bludgeoning.Piercing.Slashing,*1,1d4,SPROP=plus 1d6 fire	MONSTERCLASS:Monstrous Humanoid:4	RACETYPE:Monstrous Humanoid	RACESUBTYPE:Earth|Fire	TYPE:Monstrous Humanoid	CR:3	KIT:1|TN	AUTO:LANG|Common|Draconic|Ignan|Terran	FACT:BaseSize|M
