SOURCELONG:Pathfinder Adventure Path #94	SOURCESHORT:AP94	SOURCEWEB:http://paizo.com	SOURCEDATE:2010-01

STARTPACK:Birelu Default	TYPE:Default Monster.Outsider	VISIBLE:QUALIFY	EQUIPBUY:0	PREMULT:1,[PRERACE:1,Birelu],[!PRERACE:1,%]
ALIGN:CN
RACE:Birelu	!PRERACE:1,%
NAME:Birelu
STAT:DEX=10|CON=10|INT=10|WIS=10|CHA=10
SKILL:Fly	RANK:11
SKILL:Handle Animal	RANK:6
SKILL:Knowledge (Geography)	RANK:13
SKILL:Knowledge (Nature)	RANK:13
SKILL:Perception	RANK:13
SKILL:Sense Motive	RANK:10
SKILL:Stealth	RANK:13
SKILL:Survival	RANK:4
ABILITY:CATEGORY=FEAT|Blind-Fight
ABILITY:CATEGORY=FEAT|Combat Reflexes
ABILITY:CATEGORY=FEAT|Dodge
ABILITY:CATEGORY=FEAT|Flyby Attack
ABILITY:CATEGORY=FEAT|Improved Initiative
ABILITY:CATEGORY=FEAT|Iron Will
ABILITY:CATEGORY=FEAT|Mobility

STARTPACK:Indarugant Default	TYPE:Default Monster.Undead	VISIBLE:QUALIFY	EQUIPBUY:0	PREMULT:1,[PRERACE:1,Indarugant],[!PRERACE:1,%]
ALIGN:CE
RACE:Indarugant	!PRERACE:1,%
NAME:Indarugant
STAT:STR=10|DEX=10|INT=10|WIS=10|CHA=10
SKILL:Climb	RANK:4
SKILL:Intimidate	RANK:20
SKILL:Knowledge (Religion)	RANK:3
SKILL:Perception	RANK:20
SKILL:Sense Motive	RANK:10
SKILL:Stealth	RANK:9
SKILL:Survival	RANK:17
ABILITY:CATEGORY=FEAT|Combat Reflexes
ABILITY:CATEGORY=FEAT|Dodge
ABILITY:CATEGORY=FEAT|Intimidating Prowess
ABILITY:CATEGORY=FEAT|Lightning Reflexes
ABILITY:CATEGORY=FEAT|Mobility
ABILITY:CATEGORY=FEAT|Point-Blank Shot
ABILITY:CATEGORY=FEAT|Power Attack
ABILITY:CATEGORY=FEAT|Precise Shot
ABILITY:CATEGORY=FEAT|Toughness
ABILITY:CATEGORY=FEAT|Vital Strike

STARTPACK:Living Effigy Default	TYPE:Default Monster.Construct	VISIBLE:QUALIFY	EQUIPBUY:0	PREMULT:1,[PRERACE:1,Living Effigy],[!PRERACE:1,%]
ALIGN:TN
RACE:Living Effigy	!PRERACE:1,%
NAME:Living Effigy
STAT:STR=10|DEX=10|INT=10|WIS=10|CHA=10
SKILL:Fly	RANK:1
SKILL:Intimidate	RANK:6
SKILL:Knowledge (History)	RANK:6
SKILL:Knowledge (Religion)	RANK:6
SKILL:Perception	RANK:10
SKILL:Sense Motive	RANK:2
SKILL:Spellcraft	RANK:2
ABILITY:CATEGORY=FEAT|Empower Spell-Like Ability (sound burst)
ABILITY:CATEGORY=FEAT|Hover
ABILITY:CATEGORY=FEAT|Improved Critical (slam)
ABILITY:CATEGORY=FEAT|Skill Focus (Intimidate)
ABILITY:CATEGORY=FEAT|Skill Focus (Perception)

STARTPACK:Thremindyr Default	TYPE:Default Monster.Outsider	VISIBLE:QUALIFY	EQUIPBUY:0	PREMULT:1,[PRERACE:1,Thremindyr],[!PRERACE:1,%]
ALIGN:CE
RACE:Thremindyr	!PRERACE:1,%
NAME:Thremindyr
STAT:STR=10|DEX=10|CON=10|INT=10|WIS=10|CHA=10
SKILL:Acrobatics	RANK:5
SKILL:Bluff	RANK:5
SKILL:Escape Artist	RANK:10
SKILL:Fly	RANK:11
SKILL:Intimidate	RANK:10
SKILL:Knowledge (Planes)	RANK:7
SKILL:Knowledge (Religion)	RANK:7
SKILL:Perception	RANK:10
SKILL:Stealth	RANK:5
ABILITY:CATEGORY=FEAT|Agile Maneuvers
ABILITY:CATEGORY=FEAT|Flyby Attack
ABILITY:CATEGORY=FEAT|Great Fortitude
ABILITY:CATEGORY=FEAT|Lightning Reflexes
ABILITY:CATEGORY=FEAT|Toughness
ABILITY:CATEGORY=FEAT|Weapon Finesse

STARTPACK:Tomb Giant Default	TYPE:Default Monster.Humanoid	VISIBLE:QUALIFY	EQUIPBUY:0	PREMULT:1,[PRERACE:1,Tomb Giant],[!PRERACE:1,%]
ALIGN:NE
RACE:Tomb Giant	!PRERACE:1,%
NAME:Tomb Giant
STAT:STR=10|DEX=10|CON=10|INT=10|WIS=10|CHA=10
SKILL:Climb	RANK:1
SKILL:Heal	RANK:5
SKILL:Knowledge (Religion)	RANK:10
SKILL:Perception	RANK:8
SKILL:Stealth	RANK:1
SKILL:Survival	RANK:3
ABILITY:CATEGORY=FEAT|Combat Expertise
ABILITY:CATEGORY=FEAT|Improved Critical (scythe)
ABILITY:CATEGORY=FEAT|Improved Iron Will
ABILITY:CATEGORY=FEAT|Improved Trip
ABILITY:CATEGORY=FEAT|Iron Will
ABILITY:CATEGORY=FEAT|Martial Weapon Proficiency (scythe)
ABILITY:CATEGORY=FEAT|Power Attack

