SOURCELONG:Pathfinder Adventure Path #81	SOURCESHORT:AP81	SOURCEWEB:http://paizo.com	SOURCEDATE:2010-01

STARTPACK:Giant Assassin Bug Default	TYPE:Default Monster.Vermin	VISIBLE:QUALIFY	EQUIPBUY:0	PREMULT:1,[PRERACE:1,Giant Assassin Bug],[!PRERACE:1,%]
ALIGN:TN
RACE:Giant Assassin Bug	!PRERACE:1,%
NAME:Giant Assassin Bug
STAT:STR=10|DEX=10|CON=10|WIS=10|CHA=10
SKILL:Fly	RANK:1
SKILL:Perception	RANK:1
SKILL:Stealth	RANK:5

STARTPACK:Giant Ground Wasp Default	TYPE:Default Monster.Vermin	VISIBLE:QUALIFY	EQUIPBUY:0	PREMULT:1,[PRERACE:1,Giant Ground Wasp],[!PRERACE:1,%]
ALIGN:TN
RACE:Giant Ground Wasp	!PRERACE:1,%
NAME:Giant Ground Wasp
STAT:STR=10|DEX=10|CON=10|WIS=10|CHA=10
SKILL:Fly	RANK:1
SKILL:Perception	RANK:1

STARTPACK:Giant Walking Stick Default	TYPE:Default Monster.Vermin	VISIBLE:QUALIFY	EQUIPBUY:0	PREMULT:1,[PRERACE:1,Giant Walking Stick],[!PRERACE:1,%]
ALIGN:TN
RACE:Giant Walking Stick	!PRERACE:1,%
NAME:Giant Walking Stick
STAT:STR=10|DEX=10|CON=10|WIS=10|CHA=10
SKILL:Stealth	RANK:1

STARTPACK:Mummified Baboon Default	TYPE:Default Monster.Undead	VISIBLE:QUALIFY	EQUIPBUY:0	PREMULT:1,[PRERACE:1,Mummified Baboon],[!PRERACE:1,%]
ALIGN:NE
RACE:Mummified Baboon	!PRERACE:1,%
NAME:Mummified Baboon
STAT:STR=10|DEX=10|INT=10|WIS=10|CHA=10
SKILL:Acrobatics	RANK:1
SKILL:Climb	RANK:1
ABILITY:CATEGORY=FEAT|Weapon Finesse

STARTPACK:Mummified Crocodile Default	TYPE:Default Monster.Undead	VISIBLE:QUALIFY	EQUIPBUY:0	PREMULT:1,[PRERACE:1,Mummified Crocodile],[!PRERACE:1,%]
ALIGN:TN
RACE:Mummified Crocodile	!PRERACE:1,%
NAME:Mummified Crocodile
STAT:STR=10|DEX=10|INT=10|WIS=10|CHA=10
SKILL:Perception	RANK:3
SKILL:Stealth	RANK:1
SKILL:Swim	RANK:3
ABILITY:CATEGORY=FEAT|Skill Focus (Stealth)
ABILITY:CATEGORY=FEAT|Skill Focus (Perception)

STARTPACK:Mummified Elephant Default	TYPE:Default Monster.Undead	VISIBLE:QUALIFY	EQUIPBUY:0	PREMULT:1,[PRERACE:1,Mummified Elephant],[!PRERACE:1,%]
ALIGN:TN
RACE:Mummified Elephant	!PRERACE:1,%
NAME:Mummified Elephant
STAT:STR=10|DEX=10|INT=10|WIS=10|CHA=10
SKILL:Perception	RANK:11
ABILITY:CATEGORY=FEAT|Endurance
ABILITY:CATEGORY=FEAT|Great Fortitude
ABILITY:CATEGORY=FEAT|Improved Bull Rush
ABILITY:CATEGORY=FEAT|Iron Will
ABILITY:CATEGORY=FEAT|Power Attack
ABILITY:CATEGORY=FEAT|Skill Focus (Perception)

STARTPACK:Mummified Hippopotamus Default	TYPE:Default Monster.Undead	VISIBLE:QUALIFY	EQUIPBUY:0	PREMULT:1,[PRERACE:1,Mummified Hippopotamus],[!PRERACE:1,%]
ALIGN:NE
RACE:Mummified Hippopotamus	!PRERACE:1,%
NAME:Mummified Hippopotamus
STAT:STR=10|DEX=10|INT=10|WIS=10|CHA=10
SKILL:Perception	RANK:4
SKILL:Stealth	RANK:1
SKILL:Swim	RANK:4
ABILITY:CATEGORY=FEAT|Endurance
ABILITY:CATEGORY=FEAT|Improved Initiative
ABILITY:CATEGORY=FEAT|Power Attack
ABILITY:CATEGORY=FEAT|Skill Focus (Perception)

STARTPACK:Serpopard Default	TYPE:Default Monster.Magical Beast	VISIBLE:QUALIFY	EQUIPBUY:0	PREMULT:1,[PRERACE:1,Serpopard],[!PRERACE:1,%]
ALIGN:CN
RACE:Serpopard	!PRERACE:1,%
NAME:Serpopard
STAT:STR=10|DEX=10|CON=10|INT=10|WIS=10|CHA=10
SKILL:Acrobatics	RANK:2
SKILL:Bluff	RANK:3
SKILL:Climb	RANK:1
SKILL:Knowledge (Geography)	RANK:2
SKILL:Perception	RANK:5
SKILL:Stealth	RANK:7
SKILL:Survival	RANK:3
ABILITY:CATEGORY=FEAT|Combat Reflexes
ABILITY:CATEGORY=FEAT|Improved Critical (bite)
ABILITY:CATEGORY=FEAT|Improved Initiative
ABILITY:CATEGORY=FEAT|Iron Will
ABILITY:CATEGORY=FEAT|Weapon Finesse

STARTPACK:Shalkeshka Default	TYPE:Default Monster.Magical Beast	VISIBLE:QUALIFY	EQUIPBUY:0	PREMULT:1,[PRERACE:1,Shalkeshka],[!PRERACE:1,%]
ALIGN:TN
RACE:Shalkeshka	!PRERACE:1,%
NAME:Shalkeshka
STAT:STR=10|DEX=10|CON=10|INT=10|WIS=10|CHA=10
SKILL:Acrobatics	RANK:1
SKILL:Climb	RANK:1
SKILL:Perception	RANK:10
ABILITY:CATEGORY=FEAT|Combat Reflexes
ABILITY:CATEGORY=FEAT|Improved Critical (bite)
ABILITY:CATEGORY=FEAT|Power Attack
ABILITY:CATEGORY=FEAT|Run
ABILITY:CATEGORY=FEAT|Skill Focus (Perception)

STARTPACK:Thriae Dancer Default	TYPE:Default Monster.Monstrous Humanoid	VISIBLE:QUALIFY	EQUIPBUY:0	PREMULT:1,[PRERACE:1,Thriae Dancer],[!PRERACE:1,%]
ALIGN:LN
RACE:Thriae Dancer	!PRERACE:1,%
NAME:Thriae Dancer
STAT:STR=10|DEX=10|CON=10|INT=10|WIS=10|CHA=10
SKILL:Acrobatics	RANK:5
SKILL:Diplomacy	RANK:5
SKILL:Fly	RANK:5
SKILL:Perception	RANK:6
SKILL:Perform (dance)	RANK:5
SKILL:Sleight of Hand	RANK:1
SKILL:Stealth	RANK:6
ABILITY:CATEGORY=FEAT|Combat Reflexes
ABILITY:CATEGORY=FEAT|Great Fortitude
ABILITY:CATEGORY=FEAT|Improved Initiative
ABILITY:CATEGORY=FEAT|Weapon Focus (glaive)

