SOURCELONG:Pathfinder Adventure Path #96	SOURCESHORT:AP96	SOURCEWEB:http://paizo.com	SOURCEDATE:2010-01

STARTPACK:Abaddon Gigas Default	TYPE:Default Monster.Humanoid	VISIBLE:QUALIFY	EQUIPBUY:0	PREMULT:1,[PRERACE:1,Abaddon Gigas],[!PRERACE:1,%]
ALIGN:NE
RACE:Abaddon Gigas	!PRERACE:1,%
NAME:Abaddon Gigas
STAT:STR=10|DEX=10|CON=10|INT=10|WIS=10|CHA=10
SKILL:Climb	RANK:18
SKILL:Intimidate	RANK:21
SKILL:Knowledge (Planes)	RANK:7
SKILL:Perception	RANK:21
SKILL:Sense Motive	RANK:8
ABILITY:CATEGORY=FEAT|Awesome Blow
ABILITY:CATEGORY=FEAT|Cleave
ABILITY:CATEGORY=FEAT|Combat Reflexes
ABILITY:CATEGORY=FEAT|Great Cleave
ABILITY:CATEGORY=FEAT|Greater Overrun
ABILITY:CATEGORY=FEAT|Improved Bull Rush
ABILITY:CATEGORY=FEAT|Improved Initiative
ABILITY:CATEGORY=FEAT|Improved Overrun
ABILITY:CATEGORY=FEAT|Iron Will
ABILITY:CATEGORY=FEAT|Power Attack
ABILITY:CATEGORY=FEAT|Stand Still

STARTPACK:Abysogh Default	TYPE:Default Monster.Humanoid	VISIBLE:QUALIFY	EQUIPBUY:0	PREMULT:1,[PRERACE:1,Abysogh],[!PRERACE:1,%]
ALIGN:CE
RACE:Abysogh	!PRERACE:1,%
NAME:Abysogh
STAT:STR=10|DEX=10|CON=10|INT=10|WIS=10|CHA=10
SKILL:Climb	RANK:6
SKILL:Intimidate	RANK:19
SKILL:Perception	RANK:7
ABILITY:CATEGORY=FEAT|Awesome Blow
ABILITY:CATEGORY=FEAT|Critical Focus
ABILITY:CATEGORY=FEAT|Improved Bull Rush
ABILITY:CATEGORY=FEAT|Improved Critical (slam)
ABILITY:CATEGORY=FEAT|Improved Initiative
ABILITY:CATEGORY=FEAT|Intimidating Prowess
ABILITY:CATEGORY=FEAT|Iron Will
ABILITY:CATEGORY=FEAT|Power Attack
ABILITY:CATEGORY=FEAT|Throw Anything
ABILITY:CATEGORY=FEAT|Toughness

STARTPACK:Nixudaemon Default	TYPE:Default Monster.Outsider	VISIBLE:QUALIFY	EQUIPBUY:0	PREMULT:1,[PRERACE:1,Nixudaemon],[!PRERACE:1,%]
ALIGN:NE
RACE:Nixudaemon	!PRERACE:1,%
NAME:Nixudaemon
STAT:STR=10|DEX=10|CON=10|INT=10|WIS=10|CHA=10
SKILL:Acrobatics	RANK:8
SKILL:Bluff	RANK:10
SKILL:Diplomacy	RANK:8
SKILL:Heal	RANK:8
SKILL:Intimidate	RANK:10
SKILL:Knowledge (Planes)	RANK:6
SKILL:Perception	RANK:10
SKILL:Sense Motive	RANK:10
SKILL:Stealth	RANK:6
ABILITY:CATEGORY=FEAT|Combat Expertise
ABILITY:CATEGORY=FEAT|Combat Reflexes
ABILITY:CATEGORY=FEAT|Improved Disarm
ABILITY:CATEGORY=FEAT|Improved Initiative
ABILITY:CATEGORY=FEAT|Improved Trip

STARTPACK:Storm Aurochs Default	TYPE:Default Monster.Magical Beast	VISIBLE:QUALIFY	EQUIPBUY:0	PREMULT:1,[PRERACE:1,Storm Aurochs],[!PRERACE:1,%]
ALIGN:CN
RACE:Storm Aurochs	!PRERACE:1,%
NAME:Storm Aurochs
STAT:STR=10|DEX=10|CON=10|INT=10|WIS=10|CHA=10
SKILL:Perception	RANK:12
ABILITY:CATEGORY=FEAT|Dodge
ABILITY:CATEGORY=FEAT|Endurance
ABILITY:CATEGORY=FEAT|Improved Bull Rush
ABILITY:CATEGORY=FEAT|Iron Will
ABILITY:CATEGORY=FEAT|Power Attack
ABILITY:CATEGORY=FEAT|Wind Stance

