SOURCELONG:Plunder & Peril	SOURCESHORT:PP	SOURCEWEB:http://paizo.com	SOURCEDATE:2010-01

STARTPACK:Calcified Creature Default	TYPE:Default Monster.Humanoid	VISIBLE:QUALIFY	EQUIPBUY:0	PREMULT:1,[PRERACE:1,Calcified Creature],[!PRERACE:1,%]
ALIGN:TN
RACE:Calcified Creature	!PRERACE:1,%
NAME:Calcified Creature
STAT:STR=10|DEX=10|CON=10|INT=10|WIS=10|CHA=10
SKILL:Acrobatics	RANK:6
SKILL:Bluff	RANK:8
SKILL:Climb	RANK:4
SKILL:Perception	RANK:8
SKILL:Profession (Sailor)	RANK:5
SKILL:Stealth	RANK:6
SKILL:Swim	RANK:3
ABILITY:CATEGORY=FEAT|Agile Maneuvers
ABILITY:CATEGORY=FEAT|Amateur Gunslinger
ABILITY:CATEGORY=FEAT|Combat Expertise
ABILITY:CATEGORY=FEAT|Exotic Weapon Proficiency (firearms)
ABILITY:CATEGORY=FEAT|Improved Feint
ABILITY:CATEGORY=FEAT|Weapon Finesse
ABILITY:CATEGORY=FEAT|Weapon Focus (rapier)

STARTPACK:Incutilis Lord Default	TYPE:Default Monster.Aberration	VISIBLE:QUALIFY	EQUIPBUY:0	PREMULT:1,[PRERACE:1,Incutilis Lord],[!PRERACE:1,%]
ALIGN:NE
RACE:Incutilis Lord	!PRERACE:1,%
NAME:Incutilis Lord
STAT:STR=10|DEX=10|CON=10|INT=10|WIS=10|CHA=10
SKILL:Climb	RANK:10
SKILL:Intimidate	RANK:8
SKILL:Knowledge (Arcana)	RANK:1
SKILL:Knowledge (Local)	RANK:1
SKILL:Knowledge (Nature)	RANK:5
SKILL:Perception	RANK:11
SKILL:Sense Motive	RANK:6
SKILL:Spellcraft	RANK:7
SKILL:Stealth	RANK:5
SKILL:Survival	RANK:5
SKILL:Swim	RANK:11
ABILITY:CATEGORY=FEAT|Alertness
ABILITY:CATEGORY=FEAT|Combat Reflexes
ABILITY:CATEGORY=FEAT|Great Fortitude
ABILITY:CATEGORY=FEAT|Iron Will
ABILITY:CATEGORY=FEAT|Toughness
ABILITY:CATEGORY=FEAT|Weapon Focus (tentacle)

STARTPACK:Karkinoi Brood Swarm Default	TYPE:Default Monster.Monstrous Humanoid	VISIBLE:QUALIFY	EQUIPBUY:0	PREMULT:1,[PRERACE:1,Karkinoi Brood Swarm],[!PRERACE:1,%]
ALIGN:CE
RACE:Karkinoi Brood Swarm	!PRERACE:1,%
NAME:Karkinoi Brood Swarm
STAT:STR=10|DEX=10|CON=10|INT=10|WIS=10|CHA=10
SKILL:Swim	RANK:6
ABILITY:CATEGORY=FEAT|Agile Maneuvers
ABILITY:CATEGORY=FEAT|Improved Initiative
ABILITY:CATEGORY=FEAT|Step Up

STARTPACK:Onwu Azu Default	TYPE:Default Monster.Animal	VISIBLE:QUALIFY	EQUIPBUY:0	PREMULT:1,[PRERACE:1,Onwu Azu],[!PRERACE:1,%]
ALIGN:TN
RACE:Onwu Azu	!PRERACE:1,%
NAME:Onwu Azu
STAT:STR=10|DEX=10|CON=10|INT=10|WIS=10|CHA=10
SKILL:Perception	RANK:2
SKILL:Swim	RANK:2
ABILITY:CATEGORY=FEAT|Skill Focus (Perception)

