SOURCELONG:Pathfinder Adventure Path #89	SOURCESHORT:AP89	SOURCEWEB:http://paizo.com	SOURCEDATE:2010-01

STARTPACK:Gammenore Default	TYPE:Default Monster.Magical Beast	VISIBLE:QUALIFY	EQUIPBUY:0	PREMULT:1,[PRERACE:1,Gammenore],[!PRERACE:1,%]
ALIGN:TN
RACE:Gammenore	!PRERACE:1,%
NAME:Gammenore
STAT:STR=10|DEX=10|CON=10|INT=10|WIS=10|CHA=10
SKILL:Climb	RANK:5
SKILL:Perception	RANK:4
SKILL:Stealth	RANK:4
ABILITY:CATEGORY=FEAT|Combat Reflexes
ABILITY:CATEGORY=FEAT|Improved Critical (claw)
ABILITY:CATEGORY=FEAT|Improved Initiative
ABILITY:CATEGORY=FEAT|Lightning Reflexes
ABILITY:CATEGORY=FEAT|Lunge
ABILITY:CATEGORY=FEAT|Power Attack

STARTPACK:Gravedragger Default	TYPE:Default Monster.Outsider	VISIBLE:QUALIFY	EQUIPBUY:0	PREMULT:1,[PRERACE:1,Gravedragger],[!PRERACE:1,%]
ALIGN:NE
RACE:Gravedragger	!PRERACE:1,%
NAME:Gravedragger
STAT:STR=10|DEX=10|CON=10|INT=10|WIS=10|CHA=10
SKILL:Acrobatics	RANK:14
SKILL:Bluff	RANK:17
SKILL:Fly	RANK:1
SKILL:Handle Animal	RANK:8
SKILL:Intimidate	RANK:14
SKILL:Knowledge (History)	RANK:9
SKILL:Knowledge (Planes)	RANK:9
SKILL:Knowledge (Religion)	RANK:17
SKILL:Perception	RANK:17
SKILL:Perform (dance)	RANK:5
SKILL:Sleight of Hand	RANK:17
SKILL:Stealth	RANK:13
ABILITY:CATEGORY=FEAT|Combat Expertise
ABILITY:CATEGORY=FEAT|Combat Reflexes
ABILITY:CATEGORY=FEAT|Improved Critical (heavy pick)
ABILITY:CATEGORY=FEAT|Improved Dirty Trick
ABILITY:CATEGORY=FEAT|Improved Drag
ABILITY:CATEGORY=FEAT|Improved Initiative
ABILITY:CATEGORY=FEAT|Power Attack
ABILITY:CATEGORY=FEAT|Vital Strike
ABILITY:CATEGORY=FEAT|Weapon Focus (heavy pick)

STARTPACK:Juggernaut Robot Default	TYPE:Default Monster.Construct	VISIBLE:QUALIFY	EQUIPBUY:0	PREMULT:1,[PRERACE:1,Juggernaut Robot],[!PRERACE:1,%]
ALIGN:TN
RACE:Juggernaut Robot	!PRERACE:1,%
NAME:Juggernaut Robot
STAT:STR=10|DEX=10|INT=10|WIS=10|CHA=10
SKILL:Climb	RANK:1
SKILL:Disable Device	RANK:10
SKILL:Knowledge (Engineering)	RANK:20
SKILL:Perception	RANK:20
SKILL:Sense Motive	RANK:9
ABILITY:CATEGORY=FEAT|Awesome Blow
ABILITY:CATEGORY=FEAT|Deadly Aim
ABILITY:CATEGORY=FEAT|Greater Bull Rush
ABILITY:CATEGORY=FEAT|Improved Bull Rush
ABILITY:CATEGORY=FEAT|Improved Critical (slam)
ABILITY:CATEGORY=FEAT|Improved Sunder
ABILITY:CATEGORY=FEAT|Point- Blank Shot
ABILITY:CATEGORY=FEAT|Power Attack
ABILITY:CATEGORY=FEAT|Precise Shot
ABILITY:CATEGORY=FEAT|Stunning Assault

STARTPACK:Surgeon Robot Default	TYPE:Default Monster.Construct	VISIBLE:QUALIFY	EQUIPBUY:0	PREMULT:1,[PRERACE:1,Surgeon Robot],[!PRERACE:1,%]
ALIGN:TN
RACE:Surgeon Robot	!PRERACE:1,%
NAME:Surgeon Robot
STAT:STR=10|DEX=10|INT=10|WIS=10|CHA=10
SKILL:Disable Device	RANK:1
SKILL:Heal	RANK:18
SKILL:Knowledge (Engineering)	RANK:10
SKILL:Knowledge (Local)	RANK:10
SKILL:Knowledge (Nature)	RANK:10
SKILL:Perception	RANK:18
SKILL:Sense Motive	RANK:5
ABILITY:CATEGORY=FEAT|Bleeding Critical
ABILITY:CATEGORY=FEAT|Blinding Critical
ABILITY:CATEGORY=FEAT|Critical Focus
ABILITY:CATEGORY=FEAT|Improved Critical (integrated surgical laser)
ABILITY:CATEGORY=FEAT|Improved Critical (scalpel)
ABILITY:CATEGORY=FEAT|Improved Critical (syringe)
ABILITY:CATEGORY=FEAT|Improved Initiative
ABILITY:CATEGORY=FEAT|Vital Strike
ABILITY:CATEGORY=FEAT|Weapon Finesse

