SOURCELONG:Daughters Of Fury	SOURCESHORT:DOF	SOURCEWEB:http://paizo.com	SOURCEDATE:2010-01

STARTPACK:Chimney Troll Default	TYPE:Default Monster.Humanoid	VISIBLE:QUALIFY	EQUIPBUY:0	PREMULT:1,[PRERACE:1,Chimney Troll],[!PRERACE:1,%]
ALIGN:CE
RACE:Chimney Troll	!PRERACE:1,%
NAME:Chimney Troll
STAT:STR=10|DEX=10|CON=10|INT=10|WIS=10|CHA=10
SKILL:Acrobatics	RANK:1
SKILL:Climb	RANK:3
SKILL:Perception	RANK:1
SKILL:Stealth	RANK:1
ABILITY:CATEGORY=FEAT|Combat Reflexes
ABILITY:CATEGORY=FEAT|Deadly Aim

STARTPACK:Dunagh Default	TYPE:Default Monster.Outsider	VISIBLE:QUALIFY	EQUIPBUY:0	PREMULT:1,[PRERACE:1,Dunagh],[!PRERACE:1,%]
ALIGN:LN
RACE:Dunagh	!PRERACE:1,%
NAME:Dunagh
STAT:DEX=10|CON=10|INT=10|WIS=10|CHA=10
SKILL:Fly	RANK:5
SKILL:Intimidate	RANK:5
SKILL:Knowledge (Local)	RANK:5
SKILL:Perception	RANK:5
SKILL:Sense Motive	RANK:5
SKILL:Stealth	RANK:5
ABILITY:CATEGORY=FEAT|Alertness
ABILITY:CATEGORY=FEAT|Flyby Attack
ABILITY:CATEGORY=FEAT|Improved Initiative

STARTPACK:Immured Default	TYPE:Default Monster.Undead	VISIBLE:QUALIFY	EQUIPBUY:0	PREMULT:1,[PRERACE:1,Immured],[!PRERACE:1,%]
ALIGN:NE
RACE:Immured	!PRERACE:1,%
NAME:Immured
STAT:STR=10|DEX=10|INT=10|WIS=10|CHA=10
SKILL:Perception	RANK:2
SKILL:Stealth	RANK:2
ABILITY:CATEGORY=FEAT|Improved Drag
ABILITY:CATEGORY=FEAT|Improved Initiative
ABILITY:CATEGORY=FEAT|Power Attack

