SOURCELONG:Pathfinder Adventure Path #69	SOURCESHORT:AP69	SOURCEWEB:http://paizo.com	SOURCEDATE:2010-01

STARTPACK:Andrazku Default	TYPE:Default Monster.Outsider	VISIBLE:QUALIFY	EQUIPBUY:0	PREMULT:1,[PRERACE:1,Andrazku],[!PRERACE:1,%]
ALIGN:CE
RACE:Andrazku	!PRERACE:1,%
NAME:Andrazku
STAT:STR=10|DEX=10|CON=10|INT=10|WIS=10|CHA=10
SKILL:Bluff	RANK:6
SKILL:Climb	RANK:4
SKILL:Intimidate	RANK:3
SKILL:Perception	RANK:6
SKILL:Sense Motive	RANK:6
SKILL:Survival	RANK:3
SKILL:Swim	RANK:2
ABILITY:CATEGORY=FEAT|Improved Initiative
ABILITY:CATEGORY=FEAT|Power Attack
ABILITY:CATEGORY=FEAT|Skill Focus (Perception)

STARTPACK:Azgenzak Default	TYPE:Default Monster.Aberration	VISIBLE:QUALIFY	EQUIPBUY:0	PREMULT:1,[PRERACE:1,Azgenzak],[!PRERACE:1,%]
ALIGN:NE
RACE:Azgenzak	!PRERACE:1,%
NAME:Azgenzak
STAT:STR=10|DEX=10|CON=10|INT=10|WIS=10|CHA=10
SKILL:Climb	RANK:1
SKILL:Perception	RANK:10
SKILL:Stealth	RANK:4
SKILL:Swim	RANK:9
ABILITY:CATEGORY=FEAT|Blind-Fight
ABILITY:CATEGORY=FEAT|Nimble Moves
ABILITY:CATEGORY=FEAT|Skill Focus (Perception)
ABILITY:CATEGORY=FEAT|Step Up
ABILITY:CATEGORY=FEAT|Weapon Focus (slam)

STARTPACK:Kokogiak Default	TYPE:Default Monster.Magical Beast	VISIBLE:QUALIFY	EQUIPBUY:0	PREMULT:1,[PRERACE:1,Kokogiak],[!PRERACE:1,%]
ALIGN:NE
RACE:Kokogiak	!PRERACE:1,%
NAME:Kokogiak
STAT:STR=10|DEX=10|CON=10|INT=10|WIS=10|CHA=10
SKILL:Bluff	RANK:12
SKILL:Climb	RANK:9
SKILL:Perception	RANK:13
SKILL:Stealth	RANK:7
SKILL:Swim	RANK:9
ABILITY:CATEGORY=FEAT|Critical Focus
ABILITY:CATEGORY=FEAT|Improved Critical (claws)
ABILITY:CATEGORY=FEAT|Improved Vital Strike
ABILITY:CATEGORY=FEAT|Iron Will
ABILITY:CATEGORY=FEAT|Power Attack
ABILITY:CATEGORY=FEAT|Staggering Critical
ABILITY:CATEGORY=FEAT|Vital Strike
ABILITY:CATEGORY=FEAT|Weapon Focus (claws)

STARTPACK:Sangoi Default	TYPE:Default Monster.Fey	VISIBLE:QUALIFY	EQUIPBUY:0	PREMULT:1,[PRERACE:1,Sangoi],[!PRERACE:1,%]
ALIGN:NE
RACE:Sangoi	!PRERACE:1,%
NAME:Sangoi
STAT:STR=10|DEX=10|CON=10|INT=10|WIS=10|CHA=10
SKILL:Acrobatics	RANK:11
SKILL:Bluff	RANK:11
SKILL:Craft (traps)	RANK:5
SKILL:Diplomacy	RANK:3
SKILL:Disguise	RANK:11
SKILL:Escape Artist	RANK:2
SKILL:Intimidate	RANK:8
SKILL:Knowledge (Local)	RANK:5
SKILL:Knowledge (Nature)	RANK:5
SKILL:Perception	RANK:11
SKILL:Sleight of Hand	RANK:2
SKILL:Stealth	RANK:11
ABILITY:CATEGORY=FEAT|Dodge
ABILITY:CATEGORY=FEAT|Improved Initiative
ABILITY:CATEGORY=FEAT|Mobility
ABILITY:CATEGORY=FEAT|Power Attack
ABILITY:CATEGORY=FEAT|Spring Attack
ABILITY:CATEGORY=FEAT|Weapon Finesse

STARTPACK:Svathurim Default	TYPE:Default Monster.Monstrous Humanoid	VISIBLE:QUALIFY	EQUIPBUY:0	PREMULT:1,[PRERACE:1,Svathurim],[!PRERACE:1,%]
ALIGN:CE
RACE:Svathurim	!PRERACE:1,%
NAME:Svathurim
STAT:STR=10|DEX=10|CON=10|INT=10|WIS=10|CHA=10
SKILL:Acrobatics	RANK:6
SKILL:Climb	RANK:1
SKILL:Intimidate	RANK:14
SKILL:Perception	RANK:14
SKILL:Survival	RANK:9
SKILL:Swim	RANK:8
ABILITY:CATEGORY=FEAT|Charge ThroughAPG
ABILITY:CATEGORY=FEAT|Great Fortitude
ABILITY:CATEGORY=FEAT|Improved Bull Rush
ABILITY:CATEGORY=FEAT|Improved Overrun
ABILITY:CATEGORY=FEAT|Intimidating Prowess
ABILITY:CATEGORY=FEAT|Natural Jouster (see the sidebar)
ABILITY:CATEGORY=FEAT|Power Attack

