SOURCELONG:Pathfinder Adventure Path #52	SOURCESHORT:AP52	SOURCEWEB:http://paizo.com	SOURCEDATE:2010-01

STARTPACK:Dosojin Default	TYPE:Default Monster.Outsider	VISIBLE:QUALIFY	EQUIPBUY:0	PREMULT:1,[PRERACE:1,Dosojin],[!PRERACE:1,%]
ALIGN:NG
RACE:Dosojin	!PRERACE:1,%
NAME:Dosojin
STAT:STR=10|DEX=10|CON=10|INT=10|WIS=10|CHA=10
SKILL:Bluff	RANK:10
SKILL:Diplomacy	RANK:10
SKILL:Disguise	RANK:10
SKILL:Handle Animal	RANK:10
SKILL:Knowledge (Nature)	RANK:10
SKILL:Perception	RANK:1
SKILL:Sense Motive	RANK:10
SKILL:Survival	RANK:10
ABILITY:CATEGORY=FEAT|Alertness
ABILITY:CATEGORY=FEAT|Improved Initiative
ABILITY:CATEGORY=FEAT|Iron Will
ABILITY:CATEGORY=FEAT|Quicken Spell- Like Ability (invisibility)
ABILITY:CATEGORY=FEAT|Weapon Focus (slam)

STARTPACK:Fukujin Default	TYPE:Default Monster.Outsider	VISIBLE:QUALIFY	EQUIPBUY:0	PREMULT:1,[PRERACE:1,Fukujin],[!PRERACE:1,%]
ALIGN:LN
RACE:Fukujin	!PRERACE:1,%
NAME:Fukujin
STAT:STR=10|DEX=10|CON=10|INT=10|WIS=10|CHA=10
SKILL:Appraise	RANK:4
SKILL:Bluff	RANK:4
SKILL:Diplomacy	RANK:4
SKILL:Knowledge (Nature)	RANK:4
SKILL:Perception	RANK:4
SKILL:Sense Motive	RANK:4
ABILITY:CATEGORY=FEAT|Alertness
ABILITY:CATEGORY=FEAT|Improved Initiative

STARTPACK:Ja Noi Default	TYPE:Default Monster.Outsider	VISIBLE:QUALIFY	EQUIPBUY:0	PREMULT:1,[PRERACE:1,Ja Noi],[!PRERACE:1,%]
ALIGN:LE
RACE:Ja Noi	!PRERACE:1,%
NAME:Ja Noi
STAT:STR=10|DEX=10|CON=10|INT=10|WIS=10|CHA=10
SKILL:Bluff	RANK:6
SKILL:Disguise	RANK:6
SKILL:Fly	RANK:6
SKILL:Intimidate	RANK:6
SKILL:Perception	RANK:6
SKILL:Sense Motive	RANK:6
SKILL:Stealth	RANK:6
ABILITY:CATEGORY=FEAT|Cleave
ABILITY:CATEGORY=FEAT|Outflank*
ABILITY:CATEGORY=FEAT|Power Attack

STARTPACK:Kaminari Default	TYPE:Default Monster.Outsider	VISIBLE:QUALIFY	EQUIPBUY:0	PREMULT:1,[PRERACE:1,Kaminari],[!PRERACE:1,%]
ALIGN:CN
RACE:Kaminari	!PRERACE:1,%
NAME:Kaminari
STAT:STR=10|DEX=10|CON=10|INT=10|WIS=10|CHA=10
SKILL:Bluff	RANK:23
SKILL:Diplomacy	RANK:23
SKILL:Fly	RANK:23
SKILL:Intimidate	RANK:23
SKILL:Knowledge (Nature)	RANK:23
SKILL:Knowledge (Planes)	RANK:23
SKILL:Perception	RANK:23
SKILL:Perform (percussion)	RANK:20
SKILL:Sense Motive	RANK:23
ABILITY:CATEGORY=FEAT|Blind-Fight
ABILITY:CATEGORY=FEAT|Cleave
ABILITY:CATEGORY=FEAT|Combat Reflexes
ABILITY:CATEGORY=FEAT|Empower Spell-Like Ability (chain lightning)
ABILITY:CATEGORY=FEAT|Great Cleave
ABILITY:CATEGORY=FEAT|Improved Initiative
ABILITY:CATEGORY=FEAT|Improved Vital Strike
ABILITY:CATEGORY=FEAT|Iron Will
ABILITY:CATEGORY=FEAT|Power Attack
ABILITY:CATEGORY=FEAT|Stand Still
ABILITY:CATEGORY=FEAT|Trample
ABILITY:CATEGORY=FEAT|Vital Strike

STARTPACK:Suijin Default	TYPE:Default Monster.Outsider	VISIBLE:QUALIFY	EQUIPBUY:0	PREMULT:1,[PRERACE:1,Suijin],[!PRERACE:1,%]
ALIGN:TN
RACE:Suijin	!PRERACE:1,%
NAME:Suijin
STAT:STR=10|DEX=10|CON=10|INT=10|WIS=10|CHA=10
SKILL:Bluff	RANK:18
SKILL:Diplomacy	RANK:15
SKILL:Fly	RANK:18
SKILL:Handle Animal	RANK:18
SKILL:Intimidate	RANK:15
SKILL:Knowledge (Nature)	RANK:18
SKILL:Perception	RANK:18
SKILL:Sense Motive	RANK:18
SKILL:Survival	RANK:18
SKILL:Swim	RANK:18
ABILITY:CATEGORY=FEAT|Combat Reflexes
ABILITY:CATEGORY=FEAT|Dodge
ABILITY:CATEGORY=FEAT|Flyby Attack
ABILITY:CATEGORY=FEAT|Improved Critical (bite)
ABILITY:CATEGORY=FEAT|Improved Lightning Reflexes
ABILITY:CATEGORY=FEAT|Lightning Reflexes
ABILITY:CATEGORY=FEAT|Mobility
ABILITY:CATEGORY=FEAT|Quicken Spell-Like Ability (telekinesis)
ABILITY:CATEGORY=FEAT|Stand Still

