SOURCELONG:Pathfinder Adventure Path #52	SOURCESHORT:AP52	SOURCEWEB:http://paizo.com	SOURCEDATE:2010-01

Dosojin	KEY:Dosojin	STARTFEATS:1	SIZE:M	MOVE:Walk,30	REACH:5	BONUS:STAT|STR|5	BONUS:STAT|DEX|7	BONUS:STAT|CON|6	BONUS:STAT|INT|2	BONUS:STAT|WIS|4	BONUS:STAT|CHA|7	BONUS:VAR|AC_Natural_Armor|7|TYPE=Base	BONUS:VAR|DarkvisionRange|60|TYPE=Base	ABILITY:Internal|AUTOMATIC|Racial Traits ~ Dosojin	LEGS:2	HANDS:2	NATURALATTACKS:Slam,Weapon.Natural.Weapon Group Natural.Melee.Finesseable.Bludgeoning,*2,1d6	MONSTERCLASS:Outsider (Fort/Ref):10	RACETYPE:Outsider	RACESUBTYPE:Kami|Native	TYPE:Outsider	CR:7	KIT:1|NG	AUTO:LANG|Common; speak with plants|telepathy 100 ft.	FACT:BaseSize|M
Fukujin	KEY:Fukujin	STARTFEATS:1	SIZE:T	MOVE:Walk,30	REACH:5	BONUS:STAT|STR|3	BONUS:STAT|DEX|6	BONUS:STAT|CON|4	BONUS:STAT|INT|1	BONUS:STAT|WIS|7	BONUS:STAT|CHA|4	BONUS:VAR|DarkvisionRange|60|TYPE=Base	ABILITY:Internal|AUTOMATIC|Racial Traits ~ Fukujin	LEGS:2	HANDS:2	DR:5/cold iron or evil	MONSTERCLASS:Outsider (Fort/Will):4	RACETYPE:Outsider	RACESUBTYPE:Kami|Native	TYPE:Outsider	CR:3	KIT:1|LN	AUTO:LANG|Common; speak with plants|telepathy 100 ft.	FACT:BaseSize|T
Ja Noi	KEY:Ja Noi	STARTFEATS:1	SIZE:M	MOVE:Walk,30	REACH:5	BONUS:STAT|STR|9	BONUS:STAT|DEX|5	BONUS:STAT|CON|8	BONUS:STAT|INT|2	BONUS:STAT|WIS|3	BONUS:STAT|CHA|4	BONUS:VAR|AC_Natural_Armor|6|TYPE=Base	BONUS:VAR|DarkvisionRange|60|TYPE=Base	ABILITY:Internal|AUTOMATIC|Racial Traits ~ Ja Noi	LEGS:2	HANDS:2	MONSTERCLASS:Outsider (Fort/Ref):6	RACETYPE:Outsider	RACESUBTYPE:Goblinoid|Native|Oni|Shapechanger	TYPE:Outsider	CR:5	KIT:1|LE	AUTO:LANG|Common|Goblin	FACT:BaseSize|M
Kaminari	KEY:Kaminari	STARTFEATS:1	SIZE:H	MOVE:Walk,30,Fly,60	REACH:15	BONUS:STAT|STR|18	BONUS:STAT|DEX|11	BONUS:STAT|CON|12	BONUS:STAT|INT|6	BONUS:STAT|WIS|7	BONUS:STAT|CHA|15	BONUS:VAR|AC_Natural_Armor|19|TYPE=Base	BONUS:VAR|DarkvisionRange|60|TYPE=Base	BONUS:VAR|Maneuverability|5	ABILITY:Internal|AUTOMATIC|Racial Traits ~ Kaminari	LEGS:2	HANDS:2	NATURALATTACKS:Slam,Weapon.Natural.Weapon Group Natural.Melee.Finesseable.Bludgeoning,*2,2d8,SPROP=plus cacophonous blow	SR:28	MONSTERCLASS:Outsider (Fort/Will):23	RACETYPE:Outsider	RACESUBTYPE:Air|Kami|Native	TYPE:Outsider	CR:17	KIT:1|CN	AUTO:LANG|Auran|Common; telepathy 100 ft.	FACT:BaseSize|H
Suijin	KEY:Suijin	STARTFEATS:1	SIZE:L	MOVE:Walk,30,Fly,60,Swim,60	REACH:10	BONUS:COMBAT|AC|1|TYPE=Deflection	BONUS:STAT|STR|14	BONUS:STAT|DEX|5	BONUS:STAT|CON|13	BONUS:STAT|INT|8	BONUS:STAT|WIS|12	BONUS:STAT|CHA|9	BONUS:VAR|AC_Natural_Armor|18|TYPE=Base	BONUS:VAR|DarkvisionRange|60|TYPE=Base	BONUS:VAR|Maneuverability|5	ABILITY:Internal|AUTOMATIC|Racial Traits ~ Suijin	LEGS:2	HANDS:2	NATURALATTACKS:Bite,Weapon.Natural.Weapon Group Natural.Melee.Finesseable.Bludgeoning.Piercing.Slashing,*1,2d8|Tail Slap,Weapon.Natural.Weapon Group Natural.Melee.Finesseable.Bludgeoning,*1,1d8,SPROP=plus grab and grab	SR:25	DR:10/cold iron and evil	MONSTERCLASS:Outsider (Fort/Ref):18	RACETYPE:Outsider	RACESUBTYPE:Kami|Native|Water	TYPE:Outsider	CR:14	KIT:1|TN	AUTO:LANG|Aquan|Common; speak with animals|telepathy 100 ft.	FACT:BaseSize|L
