SOURCELONG:Pathfinder Adventure Path #53	SOURCESHORT:AP53	SOURCEWEB:http://paizo.com	SOURCEDATE:2010-01

STARTPACK:Chon Chon Default	TYPE:Default Monster.Aberration	VISIBLE:QUALIFY	EQUIPBUY:0	PREMULT:1,[PRERACE:1,Chon Chon],[!PRERACE:1,%]
ALIGN:CN
RACE:Chon Chon	!PRERACE:1,%
NAME:Chon Chon
STAT:STR=10|DEX=10|CON=10|INT=10|WIS=10|CHA=10
SKILL:Fly	RANK:2
SKILL:Perception	RANK:2
ABILITY:CATEGORY=FEAT|Lightning Reflexes

STARTPACK:Chon Chon Swarm Default	TYPE:Default Monster.Aberration	VISIBLE:QUALIFY	EQUIPBUY:0	PREMULT:1,[PRERACE:1,Chon Chon Swarm],[!PRERACE:1,%]
ALIGN:CN
RACE:Chon Chon Swarm	!PRERACE:1,%
NAME:Chon Chon Swarm
STAT:STR=10|DEX=10|CON=10|INT=10|WIS=10|CHA=10
SKILL:Fly	RANK:6
SKILL:Perception	RANK:6
ABILITY:CATEGORY=FEAT|Improved Initiative
ABILITY:CATEGORY=FEAT|Improved Lightning Reflexes
ABILITY:CATEGORY=FEAT|Lightning Reflexes

STARTPACK:Kijimuna Default	TYPE:Default Monster.Humanoid	VISIBLE:QUALIFY	EQUIPBUY:0	PREMULT:1,[PRERACE:1,Kijimuna],[!PRERACE:1,%]
ALIGN:CN
RACE:Kijimuna	!PRERACE:1,%
NAME:Kijimuna
STAT:STR=10|DEX=10|CON=10|INT=10|WIS=10|CHA=10
SKILL:Escape Artist	RANK:1
SKILL:Profession (fisherman)	RANK:3
SKILL:Sleight of Hand	RANK:1
SKILL:Stealth	RANK:3
SKILL:Survival	RANK:1
SKILL:Swim	RANK:3
ABILITY:CATEGORY=FEAT|Dodge
ABILITY:CATEGORY=FEAT|Stealthy

STARTPACK:Oni, Earth Yai Default	TYPE:Default Monster.Outsider	VISIBLE:QUALIFY	EQUIPBUY:0	PREMULT:1,[PRERACE:1,Oni, Earth Yai],[!PRERACE:1,%]
ALIGN:NE
RACE:Oni, Earth Yai	!PRERACE:1,%
NAME:Oni, Earth Yai
STAT:STR=10|DEX=10|CON=10|INT=10|WIS=10|CHA=10
SKILL:Bluff	RANK:16
SKILL:Fly	RANK:16
SKILL:Intimidate	RANK:16
SKILL:Knowledge (Arcana)	RANK:16
SKILL:Perception	RANK:16
SKILL:Sense Motive	RANK:16
SKILL:Stealth	RANK:12
ABILITY:CATEGORY=FEAT|Combat Reflexes
ABILITY:CATEGORY=FEAT|Improved Precise Shot
ABILITY:CATEGORY=FEAT|Intimidating Prowess
ABILITY:CATEGORY=FEAT|Iron Will
ABILITY:CATEGORY=FEAT|Pinpoint Targeting
ABILITY:CATEGORY=FEAT|Point-Blank Shot
ABILITY:CATEGORY=FEAT|Power Attack
ABILITY:CATEGORY=FEAT|Precise Shot

STARTPACK:Raiju Default	TYPE:Default Monster.Outsider	VISIBLE:QUALIFY	EQUIPBUY:0	PREMULT:1,[PRERACE:1,Raiju],[!PRERACE:1,%]
ALIGN:CN
RACE:Raiju	!PRERACE:1,%
NAME:Raiju
STAT:STR=10|DEX=10|CON=10|INT=10|WIS=10|CHA=10
SKILL:Acrobatics	RANK:3
SKILL:Fly	RANK:6
SKILL:Perception	RANK:6
ABILITY:CATEGORY=FEAT|Combat Reflexes
ABILITY:CATEGORY=FEAT|Improved Initiative
ABILITY:CATEGORY=FEAT|Lightning Reflexes

