SOURCELONG:Pathfinder Adventure Path #75	SOURCESHORT:AP75	SOURCEWEB:http://paizo.com	SOURCEDATE:2010-01

STARTPACK:Drocha Swarm Default	TYPE:Default Monster.Undead	VISIBLE:QUALIFY	EQUIPBUY:0	PREMULT:1,[PRERACE:1,Drocha Swarm],[!PRERACE:1,%]
ALIGN:CE
RACE:Drocha Swarm	!PRERACE:1,%
NAME:Drocha Swarm
STAT:DEX=10|WIS=10|CHA=10
SKILL:Fly	RANK:9

STARTPACK:Fallen Default	TYPE:Default Monster.Undead	VISIBLE:QUALIFY	EQUIPBUY:0	PREMULT:1,[PRERACE:1,Fallen],[!PRERACE:1,%]
ALIGN:LE
RACE:Fallen	!PRERACE:1,%
NAME:Fallen
STAT:DEX=10|INT=10|WIS=10|CHA=10
SKILL:Fly	RANK:4
SKILL:Intimidate	RANK:11
SKILL:Knowledge (Religion)	RANK:6
SKILL:Perception	RANK:11
SKILL:Ride	RANK:4
SKILL:Sense Motive	RANK:9
SKILL:Survival	RANK:7
ABILITY:CATEGORY=FEAT|Combat Expertise
ABILITY:CATEGORY=FEAT|Improved Shield Bash
ABILITY:CATEGORY=FEAT|Improved Sunder
ABILITY:CATEGORY=FEAT|Shield Slam
ABILITY:CATEGORY=FEAT|Two-Weapon Fighting
ABILITY:CATEGORY=FEAT|Weapon Focus (longsword)

STARTPACK:Shachath Default	TYPE:Default Monster.Outsider	VISIBLE:QUALIFY	EQUIPBUY:0	PREMULT:1,[PRERACE:1,Shachath],[!PRERACE:1,%]
ALIGN:CE
RACE:Shachath	!PRERACE:1,%
NAME:Shachath
STAT:STR=10|DEX=10|CON=10|INT=10|WIS=10|CHA=10
SKILL:Bluff	RANK:11
SKILL:Diplomacy	RANK:11
SKILL:Disguise	RANK:6
SKILL:Fly	RANK:11
SKILL:Knowledge (Planes)	RANK:9
SKILL:Knowledge (Religion)	RANK:9
SKILL:Perception	RANK:11
SKILL:Sense Motive	RANK:11
SKILL:Sleight of Hand	RANK:8
SKILL:Stealth	RANK:11
SKILL:Use Magic Device	RANK:11
ABILITY:CATEGORY=FEAT|Combat Reflexes
ABILITY:CATEGORY=FEAT|Deceitful
ABILITY:CATEGORY=FEAT|Dodge
ABILITY:CATEGORY=FEAT|Improved Initiative
ABILITY:CATEGORY=FEAT|Iron Will
ABILITY:CATEGORY=FEAT|Weapon Focus (claw)

STARTPACK:Sifkesh Default	TYPE:Default Monster.Outsider	VISIBLE:QUALIFY	EQUIPBUY:0	PREMULT:1,[PRERACE:1,Sifkesh],[!PRERACE:1,%]
ALIGN:CE
RACE:Sifkesh	!PRERACE:1,%
NAME:Sifkesh
STAT:STR=10|DEX=10|CON=10|INT=10|WIS=10|CHA=10
SKILL:Acrobatics	RANK:31
SKILL:Bluff	RANK:31
SKILL:Diplomacy	RANK:31
SKILL:Fly	RANK:31
SKILL:Intimidate	RANK:28
SKILL:Knowledge (Arcana)	RANK:28
SKILL:Knowledge (Engineering)	RANK:28
SKILL:Knowledge (History)	RANK:28
SKILL:Knowledge (Local)	RANK:28
SKILL:Knowledge (Nobility)	RANK:31
SKILL:Knowledge (Planes)	RANK:31
SKILL:Knowledge (Religion)	RANK:28
SKILL:Perception	RANK:31
SKILL:Sense Motive	RANK:31
SKILL:Spellcraft	RANK:31
SKILL:Stealth	RANK:31
SKILL:Use Magic Device	RANK:28
ABILITY:CATEGORY=FEAT|Combat Expertise
ABILITY:CATEGORY=FEAT|Combat Reflexes
ABILITY:CATEGORY=FEAT|Craft Construct
ABILITY:CATEGORY=FEAT|Craft Magic Arms and Armor
ABILITY:CATEGORY=FEAT|Craft Wondrous Item
ABILITY:CATEGORY=FEAT|Critical Focus
ABILITY:CATEGORY=FEAT|Dodge
ABILITY:CATEGORY=FEAT|Improved Critical (war razor)
ABILITY:CATEGORY=FEAT|Improved Critical (claw)
ABILITY:CATEGORY=FEAT|Mobility
ABILITY:CATEGORY=FEAT|Power Attack
ABILITY:CATEGORY=FEAT|Quicken Spell-Like Ability (dominate person
ABILITY:CATEGORY=FEAT|suggestion)
ABILITY:CATEGORY=FEAT|Spring Attack
ABILITY:CATEGORY=FEAT|Staggering Critical
ABILITY:CATEGORY=FEAT|Whirlwind Attack

