SOURCELONG:Celmae Campaign Setting	SOURCESHORT:CEL	SOURCEDATE:2026-03

###Block: Udaeus favored class options (pages 9-10)
# Entries marked [Not Implemented] follow the Paizo convention: the option is offered and
# described, but PCGen has no hook for the effect (conditional bonuses, spellbook additions,
# caster level limited to one descriptor).

Celmae Favored Class Tracker	CATEGORY:Internal	DEFINE:UdaeusKineticistFavClassBonus|0	DEFINE:UdaeusMagusArcanePoolFavClassBonus|0	DEFINE:UdaeusMonkKiPoolFavClassBonus|0	DEFINE:UdaeusRogueTalentFavClassBonus|0	DEFINE:UdaeusSlayerTalentFavClassBonus|0	DEFINE:UdaeusWarpriestFeatFavClassBonus|0	DEFINE:UdaeusSwashbucklerPanacheFavClassBonus|0	BONUS:ABILITYPOOL|Rogue Talent|UdaeusRogueTalentFavClassBonus/6

Bonus Extract Formula	KEY:Favored Class Bonus ~ Extract Formula ~ Udaeus	CATEGORY:Special Ability	TYPE:SpecialQuality.FavoredClassBonus.FavoredClassAlchemist	VISIBLE:YES	PRERACE:1,Udaeus	PRECLASS:1,Alchemist=1	DESC:[Not Implemented] Add one extract formula from the alchemist formula list to the character's formula book. The formula must be at least one level below the highest the alchemist can create.	STACK:YES	MULT:YES	CHOOSE:NOCHOICE	SOURCEPAGE:Celmae
Bonus Spellbook Spell	KEY:Favored Class Bonus ~ Arcanist Spellbook Spell ~ Udaeus	CATEGORY:Special Ability	TYPE:SpecialQuality.FavoredClassBonus.FavoredClassArcanist	VISIBLE:YES	PRERACE:1,Udaeus	PRECLASS:1,Arcanist=1	DESC:[Not Implemented] Add one spell from the arcanist spell list to the arcanist's spellbook. The spell must be at least one level below the highest the arcanist can cast.	STACK:YES	MULT:YES	CHOOSE:NOCHOICE	SOURCEPAGE:Celmae
Bonus Bardic Performance Level	KEY:Favored Class Bonus ~ Bardic Performance Level ~ Udaeus	CATEGORY:Special Ability	TYPE:SpecialQuality.FavoredClassBonus.FavoredClassBard	VISIBLE:YES	PRERACE:1,Udaeus	PRECLASS:1,Bard=1	DESC:[Not Implemented] Choose one bardic performance; treat the bard as +1/6 level higher when determining the effects of that performance.	STACK:YES	MULT:YES	CHOOSE:NOCHOICE	SOURCEPAGE:Celmae
Bonus Combat Maneuver Defense	KEY:Favored Class Bonus ~ Brawler Maneuver Defense ~ Udaeus	CATEGORY:Special Ability	TYPE:SpecialQuality.FavoredClassBonus.FavoredClassBrawler	VISIBLE:YES	PRERACE:1,Udaeus	PRECLASS:1,Brawler=1	DESC:[Not Implemented] Gain a +1 bonus to the brawler's CMD when resisting two combat maneuvers of the brawler's choice.	STACK:YES	MULT:YES	CHOOSE:NOCHOICE	SOURCEPAGE:Celmae
Bonus Challenge Damage	KEY:Favored Class Bonus ~ Challenge Damage ~ Udaeus	CATEGORY:Special Ability	TYPE:SpecialQuality.FavoredClassBonus.FavoredClassCavalier	VISIBLE:YES	PRERACE:1,Udaeus	PRECLASS:1,Cavalier=1	DESC:[Not Implemented] Add +1/4 to the cavalier's bonus on damage against the target of his challenge.	STACK:YES	MULT:YES	CHOOSE:NOCHOICE	SOURCEPAGE:Celmae
Bonus Channel Damage	KEY:Favored Class Bonus ~ Channel Damage ~ Udaeus	CATEGORY:Special Ability	TYPE:SpecialQuality.FavoredClassBonus.FavoredClassCleric	VISIBLE:YES	PRERACE:1,Udaeus	PRECLASS:1,Cleric=1	DESC:[Not Implemented] Add +1/2 to damage dealt with positive energy against undead, or with Alignment Channel against evil outsiders.	STACK:YES	MULT:YES	CHOOSE:NOCHOICE	SOURCEPAGE:Celmae
Bonus Combat Maneuver Defense	KEY:Favored Class Bonus ~ Fighter Maneuver Defense ~ Udaeus	CATEGORY:Special Ability	TYPE:SpecialQuality.FavoredClassBonus.FavoredClassFighter	VISIBLE:YES	PRERACE:1,Udaeus	PRECLASS:1,Fighter=1	DESC:[Not Implemented] Add +1 to the fighter's CMD when resisting two combat maneuvers of the character's choice.	STACK:YES	MULT:YES	CHOOSE:NOCHOICE	SOURCEPAGE:Celmae
Bonus Checks Against Outsiders	KEY:Favored Class Bonus ~ Checks Against Outsiders ~ Udaeus	CATEGORY:Special Ability	TYPE:SpecialQuality.FavoredClassBonus.FavoredClassInquisitor	VISIBLE:YES	PRERACE:1,Udaeus	PRECLASS:1,Inquisitor=1	DESC:[Not Implemented] Add +1/2 on Intimidate, Knowledge and Sense Motive checks made against outsiders.	STACK:YES	MULT:YES	CHOOSE:NOCHOICE	SOURCEPAGE:Celmae
Bonus Extract Formula	KEY:Favored Class Bonus ~ Investigator Formula ~ Udaeus	CATEGORY:Special Ability	TYPE:SpecialQuality.FavoredClassBonus.FavoredClassInvestigator	VISIBLE:YES	PRERACE:1,Udaeus	PRECLASS:1,Investigator=1	DESC:[Not Implemented] Add one extract formula from the investigator formula list to his formula book. The formula must be at least one level below the highest the investigator can create.	STACK:YES	MULT:YES	CHOOSE:NOCHOICE	SOURCEPAGE:Celmae
Extra Wild Talent Feat	KEY:Favored Class Bonus ~ Extra Wild Talent Feat ~ Udaeus	CATEGORY:Special Ability	TYPE:SpecialQuality.FavoredClassBonus.FavoredClassKineticist	VISIBLE:YES	PRERACE:1,Udaeus	PRECLASS:1,Kineticist=1	DESC:[Not Implemented] Gain 1/6 of an Extra Wild Talent feat.	STACK:YES	MULT:YES	CHOOSE:NOCHOICE	ABILITY:Internal|AUTOMATIC|Celmae Favored Class Tracker	BONUS:VAR|UdaeusKineticistFavClassBonus|1	SOURCEPAGE:Celmae
Bonus Arcane Pool	KEY:Favored Class Bonus ~ Arcane Pool ~ Udaeus	CATEGORY:Special Ability	TYPE:SpecialQuality.FavoredClassBonus.FavoredClassMagus	VISIBLE:YES	PRERACE:1,Udaeus	PRECLASS:1,Magus=1	DESC:Add +1/4 point to the magus's arcane pool.	STACK:YES	MULT:YES	CHOOSE:NOCHOICE	ABILITY:Internal|AUTOMATIC|Celmae Favored Class Tracker	BONUS:VAR|UdaeusMagusArcanePoolFavClassBonus|1	SOURCEPAGE:Celmae
Bonus Ki Pool	KEY:Favored Class Bonus ~ Ki Pool ~ Udaeus	CATEGORY:Special Ability	TYPE:SpecialQuality.FavoredClassBonus.FavoredClassMonk	VISIBLE:YES	PRERACE:1,Udaeus	PRECLASS:1,Monk=1	DESC:Add +1/4 point to the monk's ki pool.	STACK:YES	MULT:YES	CHOOSE:NOCHOICE	ABILITY:Internal|AUTOMATIC|Celmae Favored Class Tracker	BONUS:VAR|UdaeusMonkKiPoolFavClassBonus|1	SOURCEPAGE:Celmae
Bonus Revelation Level	KEY:Favored Class Bonus ~ Oracle Revelation Level ~ Udaeus	CATEGORY:Special Ability	TYPE:SpecialQuality.FavoredClassBonus.FavoredClassOracle	VISIBLE:YES	PRERACE:1,Udaeus	PRECLASS:1,Oracle=1	DESC:[Not Implemented] Add +1/6 to the oracle's level for the purpose of determining the effects of one revelation.	STACK:YES	MULT:YES	CHOOSE:NOCHOICE	SOURCEPAGE:Celmae
Bonus Aura Save Bonus	KEY:Favored Class Bonus ~ Paladin Aura Save Bonus ~ Udaeus	CATEGORY:Special Ability	TYPE:SpecialQuality.FavoredClassBonus.FavoredClassPaladin	VISIBLE:YES	PRERACE:1,Udaeus	PRECLASS:1,Paladin=1	DESC:[Not Implemented] Add +1/6 to the morale bonus on saving throws provided by the paladin's auras.	STACK:YES	MULT:YES	CHOOSE:NOCHOICE	SOURCEPAGE:Celmae
Bonus Animal Companion Hit Point	KEY:Favored Class Bonus ~ Animal Companion Hit Point ~ Udaeus	CATEGORY:Special Ability	TYPE:SpecialQuality.FavoredClassBonus.FavoredClassRanger	VISIBLE:YES	PRERACE:1,Udaeus	PRECLASS:1,Ranger=1	DESC:Add +1 hit point to the ranger's animal companion. If the ranger ever replaces his companion, the new companion gains these bonus hit points.	STACK:YES	MULT:YES	CHOOSE:NOCHOICE	BONUS:VAR|AnimalCompHP|1	SOURCEPAGE:Celmae
Bonus Animal Companion Skill Rank	KEY:Favored Class Bonus ~ Animal Companion Skill Rank ~ Udaeus	CATEGORY:Special Ability	TYPE:SpecialQuality.FavoredClassBonus.FavoredClassRanger	VISIBLE:YES	PRERACE:1,Udaeus	PRECLASS:1,Ranger=1	DESC:Add +1 skill rank to the ranger's animal companion. If the ranger ever replaces his companion, the new companion gains these bonus skill ranks.	STACK:YES	MULT:YES	CHOOSE:NOCHOICE	BONUS:VAR|AnimalCompSP|1	SOURCEPAGE:Celmae
Bonus Rogue Talent	KEY:Favored Class Bonus ~ Rogue Talent ~ Udaeus	CATEGORY:Special Ability	TYPE:SpecialQuality.FavoredClassBonus.FavoredClassRogue	VISIBLE:YES	PRERACE:1,Udaeus	PRECLASS:1,Rogue=1	DESC:The rogue gains +1/6 of a new rogue talent.	STACK:YES	MULT:YES	CHOOSE:NOCHOICE	ABILITY:Internal|AUTOMATIC|Celmae Favored Class Tracker	BONUS:VAR|UdaeusRogueTalentFavClassBonus|1	SOURCEPAGE:Celmae
Bonus Slayer Talent	KEY:Favored Class Bonus ~ Slayer Talent ~ Udaeus	CATEGORY:Special Ability	TYPE:SpecialQuality.FavoredClassBonus.FavoredClassSlayer	VISIBLE:YES	PRERACE:1,Udaeus	PRECLASS:1,Slayer=1	DESC:The slayer gains 1/6 of a new slayer talent.	STACK:YES	MULT:YES	CHOOSE:NOCHOICE	ABILITY:Internal|AUTOMATIC|Celmae Favored Class Tracker	BONUS:VAR|UdaeusSlayerTalentFavClassBonus|1	SOURCEPAGE:Celmae
Bonus Good Spell Caster Level	KEY:Favored Class Bonus ~ Good Spell Caster Level ~ Udaeus	CATEGORY:Special Ability	TYPE:SpecialQuality.FavoredClassBonus.FavoredClassSorcerer	VISIBLE:YES	PRERACE:1,Udaeus	PRECLASS:1,Sorcerer=1	DESC:[Not Implemented] Add +1/4 to the sorcerer's caster level when casting spells with the good descriptor.	STACK:YES	MULT:YES	CHOOSE:NOCHOICE	SOURCEPAGE:Celmae
Bonus Eidolon Damage Reduction	KEY:Favored Class Bonus ~ Eidolon Damage Reduction ~ Udaeus	CATEGORY:Special Ability	TYPE:SpecialQuality.FavoredClassBonus.FavoredClassSummoner	VISIBLE:YES	PRERACE:1,Udaeus	PRECLASS:1,Summoner=1	DESC:[Not Implemented] Add DR 1/evil to the summoner's eidolon. Each additional time this benefit is selected the DR/evil increases by +1/2, to a maximum of DR 10/evil.	STACK:YES	MULT:YES	CHOOSE:NOCHOICE	SOURCEPAGE:Celmae
Bonus Panache	KEY:Favored Class Bonus ~ Panache ~ Udaeus	CATEGORY:Special Ability	TYPE:SpecialQuality.FavoredClassBonus.FavoredClassSwashbuckler	VISIBLE:YES	PRERACE:1,Udaeus	PRECLASS:1,Swashbuckler=1	DESC:[Not Implemented] Increase the total number of points in the swashbuckler's panache pool by 1/4.	STACK:YES	MULT:YES	CHOOSE:NOCHOICE	ABILITY:Internal|AUTOMATIC|Celmae Favored Class Tracker	BONUS:VAR|UdaeusSwashbucklerPanacheFavClassBonus|1	SOURCEPAGE:Celmae
Bonus Combat Feat	KEY:Favored Class Bonus ~ Warpriest Combat Feat ~ Udaeus	CATEGORY:Special Ability	TYPE:SpecialQuality.FavoredClassBonus.FavoredClassWarpriest	VISIBLE:YES	PRERACE:1,Udaeus	PRECLASS:1,Warpriest=1	DESC:Gain 1/6 of a new bonus combat feat.	STACK:YES	MULT:YES	CHOOSE:NOCHOICE	ABILITY:Internal|AUTOMATIC|Celmae Favored Class Tracker	BONUS:VAR|UdaeusWarpriestFeatFavClassBonus|1	SOURCEPAGE:Celmae
Bonus Spellbook Spell	KEY:Favored Class Bonus ~ Wizard Spellbook Spell ~ Udaeus	CATEGORY:Special Ability	TYPE:SpecialQuality.FavoredClassBonus.FavoredClassWizard	VISIBLE:YES	PRERACE:1,Udaeus	PRECLASS:1,Wizard=1	DESC:[Not Implemented] Add one spell from the wizard spell list to the wizard's spellbook. The spell must be at least one level below the highest the wizard can cast.	STACK:YES	MULT:YES	CHOOSE:NOCHOICE	SOURCEPAGE:Celmae

