SOURCELONG:Celmae Campaign Setting	SOURCESHORT:CEL	SOURCEDATE:2026-03

# Ability Category for Parangon Combat Style Feat selection
# Level 6 combat style feats (basic list)
ABILITYCATEGORY:Parangon Combat Style Feat	VISIBLE:QUALIFY	EDITABLE:YES	EDITPOOL:NO	FRACTIONALPOOL:NO	POOL:0	CATEGORY:FEAT	ABILITYLIST:Empalement|Improved Shield Bash|Saving Shield|Lance et Bouclier|Shield Focus|Shield Master	DISPLAYLOCATION:Feats

# Level 10+ combat style feats (basic + advanced list)
ABILITYCATEGORY:Parangon Advanced Combat Style Feat	VISIBLE:QUALIFY	EDITABLE:YES	EDITPOOL:NO	FRACTIONALPOOL:NO	POOL:0	CATEGORY:FEAT	ABILITYLIST:Empalement|Improved Shield Bash|Saving Shield|Lance et Bouclier|Shield Focus|Shield Master|Shield Slam|Coup de Bouclier Opportuniste de l'Udaeus|Greater Shield Focus|Coup de Bouclier Réactif	DISPLAYLOCATION:Feats

# Ability Category for Pouvoir Rapide de Saint Thero SLA choice
ABILITYCATEGORY:Pouvoir Rapide SLA Choice	VISIBLE:QUALIFY	EDITABLE:YES	EDITPOOL:NO	FRACTIONALPOOL:NO	POOL:0	CATEGORY:Special Ability	TYPE:PouvoirRapideChoice	DISPLAYLOCATION:Feats

# Ability Category for Udaeus Energy Resistance type selection
ABILITYCATEGORY:Udaeus Energy Type	VISIBLE:QUALIFY	EDITABLE:YES	EDITPOOL:NO	FRACTIONALPOOL:NO	POOL:0	CATEGORY:Special Ability	TYPE:UdaeusEnergyTypeChoice	DISPLAYLOCATION:Race Traits
