SOURCELONG:Pathfinder Adventure Path #66	SOURCESHORT:AP66	SOURCEWEB:http://paizo.com	SOURCEDATE:2010-01

STARTPACK:Living Rune Default	TYPE:Default Monster.Aberration	VISIBLE:QUALIFY	EQUIPBUY:0	PREMULT:1,[PRERACE:1,Living Rune],[!PRERACE:1,%]
ALIGN:NE
RACE:Living Rune	!PRERACE:1,%
NAME:Living Rune
STAT:DEX=10|CON=10|INT=10|WIS=10|CHA=10
SKILL:Acrobatics	RANK:1
SKILL:Bluff	RANK:7
SKILL:Climb	RANK:9
SKILL:Disguise	RANK:1
SKILL:Knowledge (Arcana)	RANK:10
SKILL:Knowledge (History)	RANK:10
SKILL:Knowledge (Planes)	RANK:10
SKILL:Knowledge (Religion)	RANK:10
SKILL:Perception	RANK:18
SKILL:Sense Motive	RANK:14
SKILL:Stealth	RANK:18
ABILITY:CATEGORY=FEAT|Alertness
ABILITY:CATEGORY=FEAT|Combat Expertise
ABILITY:CATEGORY=FEAT|Deceitful
ABILITY:CATEGORY=FEAT|Dodge
ABILITY:CATEGORY=FEAT|Improved Initiative
ABILITY:CATEGORY=FEAT|Iron Will
ABILITY:CATEGORY=FEAT|Mobility
ABILITY:CATEGORY=FEAT|Skill Focus (Stealth)
ABILITY:CATEGORY=FEAT|Spring Attack

STARTPACK:Mezlan Default	TYPE:Default Monster.Ooze	VISIBLE:QUALIFY	EQUIPBUY:0	PREMULT:1,[PRERACE:1,Mezlan],[!PRERACE:1,%]
ALIGN:TN
RACE:Mezlan	!PRERACE:1,%
NAME:Mezlan
STAT:STR=10|DEX=10|CON=10|INT=10|WIS=10|CHA=10
SKILL:Acrobatics	RANK:5
SKILL:Bluff	RANK:8
SKILL:Climb	RANK:5
SKILL:Disguise	RANK:17
SKILL:Escape Artist	RANK:1
SKILL:Linguistics	RANK:6
SKILL:Perception	RANK:13
SKILL:Sense Motive	RANK:13
SKILL:Stealth	RANK:15
SKILL:Swim	RANK:5
ABILITY:CATEGORY=FEAT|Alertness
ABILITY:CATEGORY=FEAT|Dodge
ABILITY:CATEGORY=FEAT|Improved Initiative
ABILITY:CATEGORY=FEAT|Iron Will
ABILITY:CATEGORY=FEAT|Lightning Reflexes
ABILITY:CATEGORY=FEAT|Point-Blank Shot
ABILITY:CATEGORY=FEAT|Power Attack
ABILITY:CATEGORY=FEAT|Precise Shot
ABILITY:CATEGORY=FEAT|Stealthy

STARTPACK:Raelis Default	TYPE:Default Monster.Outsider	VISIBLE:QUALIFY	EQUIPBUY:0	PREMULT:1,[PRERACE:1,Raelis],[!PRERACE:1,%]
ALIGN:CG
RACE:Raelis	!PRERACE:1,%
NAME:Raelis
STAT:STR=10|DEX=10|CON=10|INT=10|WIS=10|CHA=10
SKILL:Acrobatics	RANK:11
SKILL:Bluff	RANK:11
SKILL:Fly	RANK:12
SKILL:Knowledge (Geography)	RANK:8
SKILL:Knowledge (History)	RANK:8
SKILL:Knowledge (Planes)	RANK:11
SKILL:Perception	RANK:11
SKILL:Perform (oratory)	RANK:8
SKILL:Spellcraft	RANK:11
SKILL:Stealth	RANK:7
ABILITY:CATEGORY=FEAT|Greater Grapple
ABILITY:CATEGORY=FEAT|Improved Grapple
ABILITY:CATEGORY=FEAT|Improved Unarmed Strike
ABILITY:CATEGORY=FEAT|Power Attack
ABILITY:CATEGORY=FEAT|Weapon Finesse
ABILITY:CATEGORY=FEAT|Weapon Focus (slam)

