SOURCELONG:Pathfinder Adventure Path #34	SOURCESHORT:AP34	SOURCEWEB:http://paizo.com	SOURCEDATE:2010-01

STARTPACK:Bog Strider Default	TYPE:Default Monster.Monstrous Humanoid	VISIBLE:QUALIFY	EQUIPBUY:0	PREMULT:1,[PRERACE:1,Bog Strider],[!PRERACE:1,%]
ALIGN:TN
RACE:Bog Strider	!PRERACE:1,%
NAME:Bog Strider
STAT:STR=10|DEX=10|CON=10|INT=10|WIS=10|CHA=10
SKILL:Perception	RANK:2
SKILL:Stealth	RANK:2
SKILL:Survival	RANK:2
SKILL:Swim	RANK:2
ABILITY:CATEGORY=FEAT|Dodge

STARTPACK:Calathgar Default	TYPE:Default Monster.Plant	VISIBLE:QUALIFY	EQUIPBUY:0	PREMULT:1,[PRERACE:1,Calathgar],[!PRERACE:1,%]
ALIGN:TN
RACE:Calathgar	!PRERACE:1,%
NAME:Calathgar
STAT:STR=10|DEX=10|CON=10|INT=10|WIS=10|CHA=10
SKILL:Stealth	RANK:6
ABILITY:CATEGORY=FEAT|Blind-Fight
ABILITY:CATEGORY=FEAT|Combat Reflexes
ABILITY:CATEGORY=FEAT|Improved Initiative

