SOURCELONG:Pathfinder Adventure Path #62	SOURCESHORT:AP62	SOURCEWEB:http://paizo.com	SOURCEDATE:2010-01

STARTPACK:Bogwid Default	TYPE:Default Monster.Aberration	VISIBLE:QUALIFY	EQUIPBUY:0	PREMULT:1,[PRERACE:1,Bogwid],[!PRERACE:1,%]
ALIGN:CN
RACE:Bogwid	!PRERACE:1,%
NAME:Bogwid
STAT:STR=10|DEX=10|CON=10|INT=10|WIS=10|CHA=10
SKILL:Climb	RANK:5
SKILL:Escape Artist	RANK:1
SKILL:Perception	RANK:2
SKILL:Stealth	RANK:4
SKILL:Swim	RANK:5
ABILITY:CATEGORY=FEAT|Improved Initiative
ABILITY:CATEGORY=FEAT|Stealthy
ABILITY:CATEGORY=FEAT|Toughness

STARTPACK:Bogwiggle Default	TYPE:Default Monster.Aberration	VISIBLE:QUALIFY	EQUIPBUY:0	PREMULT:1,[PRERACE:1,Bogwiggle],[!PRERACE:1,%]
ALIGN:CE
RACE:Bogwiggle	!PRERACE:1,%
NAME:Bogwiggle
STAT:STR=10|DEX=10|CON=10|INT=10|WIS=10|CHA=10
SKILL:Acrobatics	RANK:1
SKILL:Stealth	RANK:3
SKILL:Swim	RANK:3
ABILITY:CATEGORY=FEAT|Improved Initiative
ABILITY:CATEGORY=FEAT|Power Attack

STARTPACK:Bronze Sentinel Default	TYPE:Default Monster.Construct	VISIBLE:QUALIFY	EQUIPBUY:0	PREMULT:1,[PRERACE:1,Bronze Sentinel],[!PRERACE:1,%]
ALIGN:TN
RACE:Bronze Sentinel	!PRERACE:1,%
NAME:Bronze Sentinel
STAT:STR=10|DEX=10|INT=10|WIS=10|CHA=10
SKILL:Climb	RANK:4
SKILL:Perception	RANK:2
SKILL:Stealth	RANK:3
ABILITY:CATEGORY=FEAT|Improved Initiative
ABILITY:CATEGORY=FEAT|Skill Focus (Perception)

STARTPACK:Grand Defender Default	TYPE:Default Monster.Construct	VISIBLE:QUALIFY	EQUIPBUY:0	PREMULT:1,[PRERACE:1,Grand Defender],[!PRERACE:1,%]
ALIGN:LG
RACE:Grand Defender	!PRERACE:1,%
NAME:Grand Defender
STAT:STR=10|DEX=10|INT=10|WIS=10|CHA=10
SKILL:Knowledge (Dungeoneering)	RANK:6
SKILL:Knowledge (Engineering)	RANK:6
SKILL:Knowledge (History)	RANK:6
SKILL:Knowledge (Local)	RANK:6
SKILL:Knowledge (Nature)	RANK:6
SKILL:Knowledge (Religion)	RANK:6
SKILL:Perception	RANK:15
ABILITY:CATEGORY=FEAT|Cleave
ABILITY:CATEGORY=FEAT|Combat Reflexes
ABILITY:CATEGORY=FEAT|Great Cleave
ABILITY:CATEGORY=FEAT|Improved Bull Rush
ABILITY:CATEGORY=FEAT|Improved Initiative
ABILITY:CATEGORY=FEAT|Power Attack
ABILITY:CATEGORY=FEAT|Stand Still
ABILITY:CATEGORY=FEAT|Throw Anything
ABILITY:CATEGORY=FEAT|Toughness

STARTPACK:Marble Sentinel Default	TYPE:Default Monster.Construct	VISIBLE:QUALIFY	EQUIPBUY:0	PREMULT:1,[PRERACE:1,Marble Sentinel],[!PRERACE:1,%]
ALIGN:TN
RACE:Marble Sentinel	!PRERACE:1,%
NAME:Marble Sentinel
STAT:STR=10|DEX=10|INT=10|WIS=10|CHA=10
SKILL:Climb	RANK:5
SKILL:Perception	RANK:3
SKILL:Stealth	RANK:4
ABILITY:CATEGORY=FEAT|Ability Focus (paralyzing bolt)
ABILITY:CATEGORY=FEAT|Improved Initiative
ABILITY:CATEGORY=FEAT|Skill Focus (Perception)

