SOURCELONG:Pathfinder Adventure Path #45	SOURCESHORT:AP45	SOURCEWEB:http://paizo.com	SOURCEDATE:2010-01

STARTPACK:Vilkacis Default	TYPE:Default Monster.Undead	VISIBLE:QUALIFY	EQUIPBUY:0	PREMULT:1,[PRERACE:1,Vilkacis],[!PRERACE:1,%]
ALIGN:CE
RACE:Vilkacis	!PRERACE:1,%
NAME:Vilkacis
STAT:DEX=10|INT=10|WIS=10|CHA=10
SKILL:Fly	RANK:5
SKILL:Intimidate	RANK:10
SKILL:Perception	RANK:10
SKILL:Stealth	RANK:10
ABILITY:CATEGORY=FEAT|Blind-Fight
ABILITY:CATEGORY=FEAT|Combat Reflexes
ABILITY:CATEGORY=FEAT|Improved Initiative
ABILITY:CATEGORY=FEAT|Lightning Reflexes
ABILITY:CATEGORY=FEAT|Toughness

STARTPACK:Weaverworm Default	TYPE:Default Monster.Aberration	VISIBLE:QUALIFY	EQUIPBUY:0	PREMULT:1,[PRERACE:1,Weaverworm],[!PRERACE:1,%]
ALIGN:NE
RACE:Weaverworm	!PRERACE:1,%
NAME:Weaverworm
STAT:STR=10|DEX=10|CON=10|INT=10|WIS=10|CHA=10
SKILL:Bluff	RANK:2
SKILL:Climb	RANK:9
SKILL:Intimidate	RANK:10
SKILL:Knowledge (Dungeoneering)	RANK:3
SKILL:Perception	RANK:5
SKILL:Perform (string)	RANK:8
SKILL:Spellcraft	RANK:9
SKILL:Stealth	RANK:1
ABILITY:CATEGORY=FEAT|Far Shot
ABILITY:CATEGORY=FEAT|Improved Initiative
ABILITY:CATEGORY=FEAT|Point-Blank Shot
ABILITY:CATEGORY=FEAT|Toughness
ABILITY:CATEGORY=FEAT|Weapon Finesse

