SOURCELONG:Pathfinder Adventure Path #61	SOURCESHORT:AP61	SOURCEWEB:http://paizo.com	SOURCEDATE:2010-01

STARTPACK:Fleshdreg Swarm Default	TYPE:Default Monster.Aberration	VISIBLE:QUALIFY	EQUIPBUY:0	PREMULT:1,[PRERACE:1,Fleshdreg Swarm],[!PRERACE:1,%]
ALIGN:NE
RACE:Fleshdreg Swarm	!PRERACE:1,%
NAME:Fleshdreg Swarm
STAT:STR=10|DEX=10|CON=10|INT=10|WIS=10|CHA=10
SKILL:Perception	RANK:2
SKILL:Stealth	RANK:3
ABILITY:CATEGORY=FEAT|Improved Initiative
ABILITY:CATEGORY=FEAT|Lightning Reflexes

STARTPACK:Melfesh Monster Default	TYPE:Default Monster.Plant	VISIBLE:QUALIFY	EQUIPBUY:0	PREMULT:1,[PRERACE:1,Melfesh Monster],[!PRERACE:1,%]
ALIGN:NE
RACE:Melfesh Monster	!PRERACE:1,%
NAME:Melfesh Monster
STAT:STR=10|DEX=10|CON=10|INT=10|WIS=10|CHA=10
SKILL:Fly	RANK:9
SKILL:Knowledge (Planes)	RANK:1
SKILL:Perception	RANK:9
SKILL:Sense Motive	RANK:5
SKILL:Stealth	RANK:9
ABILITY:CATEGORY=FEAT|Alertness
ABILITY:CATEGORY=FEAT|Flyby Attack
ABILITY:CATEGORY=FEAT|Improved Initiative
ABILITY:CATEGORY=FEAT|Lightning Reflexes
ABILITY:CATEGORY=FEAT|Point-Blank Shot

STARTPACK:Skvader Default	TYPE:Default Monster.Magical Beast	VISIBLE:QUALIFY	EQUIPBUY:0	PREMULT:1,[PRERACE:1,Skvader],[!PRERACE:1,%]
ALIGN:TN
RACE:Skvader	!PRERACE:1,%
NAME:Skvader
STAT:STR=10|DEX=10|CON=10|INT=10|WIS=10|CHA=10
SKILL:Stealth	RANK:1
ABILITY:CATEGORY=FEAT|Weapon Finesse

STARTPACK:Wolpertinger Default	TYPE:Default Monster.Magical Beast	VISIBLE:QUALIFY	EQUIPBUY:0	PREMULT:1,[PRERACE:1,Wolpertinger],[!PRERACE:1,%]
ALIGN:TN
RACE:Wolpertinger	!PRERACE:1,%
NAME:Wolpertinger
STAT:STR=10|DEX=10|CON=10|INT=10|WIS=10|CHA=10
SKILL:Fly	RANK:1
SKILL:Perception	RANK:1
SKILL:Stealth	RANK:2
ABILITY:CATEGORY=FEAT|Weapon Finesse

