SOURCELONG:Hell Unleashed	SOURCESHORT:HU	SOURCEWEB:http://paizo.com	SOURCEDATE:2010-01

STARTPACK:Benabak Default	TYPE:Default Monster.Outsider	VISIBLE:QUALIFY	EQUIPBUY:0	PREMULT:1,[PRERACE:1,Benabak],[!PRERACE:1,%]
ALIGN:LE
RACE:Benabak	!PRERACE:1,%
NAME:Benabak
STAT:STR=10|DEX=10|CON=10|INT=10|WIS=10|CHA=10
SKILL:Bluff	RANK:3
SKILL:Fly	RANK:3
SKILL:Knowledge (Arcana)	RANK:1
SKILL:Knowledge (Local)	RANK:1
SKILL:Knowledge (Planes)	RANK:1
SKILL:Perception	RANK:3
SKILL:Profession (gambler)	RANK:3
SKILL:Sense Motive	RANK:3
SKILL:Stealth	RANK:3
SKILL:Use Magic Device	RANK:3
ABILITY:CATEGORY=FEAT|Skill Focus (Profession [gambler])
ABILITY:CATEGORY=FEAT|Weapon Finesse

STARTPACK:Furcas Default	TYPE:Default Monster.Outsider	VISIBLE:QUALIFY	EQUIPBUY:0	PREMULT:1,[PRERACE:1,Furcas],[!PRERACE:1,%]
ALIGN:LE
RACE:Furcas	!PRERACE:1,%
NAME:Furcas
STAT:STR=10|DEX=10|CON=10|INT=10|WIS=10|CHA=10
SKILL:Bluff	RANK:31
SKILL:Diplomacy	RANK:31
SKILL:Handle Animal	RANK:31
SKILL:Heal	RANK:28
SKILL:Intimidate	RANK:31
SKILL:Knowledge (Arcana)	RANK:28
SKILL:Knowledge (Engineering)	RANK:28
SKILL:Knowledge (Nature)	RANK:31
SKILL:Knowledge (Planes)	RANK:31
SKILL:Perception	RANK:31
SKILL:Profession (herbalist)	RANK:28
SKILL:Sense Motive	RANK:31
SKILL:Spellcraft	RANK:28
SKILL:Stealth	RANK:23
SKILL:Use Magic Device	RANK:28
ABILITY:CATEGORY=FEAT|Awesome Blow
ABILITY:CATEGORY=FEAT|Blind-Fight
ABILITY:CATEGORY=FEAT|Combat Expertise
ABILITY:CATEGORY=FEAT|Combat Reflexes
ABILITY:CATEGORY=FEAT|Craft Magic Arms and Armor
ABILITY:CATEGORY=FEAT|Critical Focus
ABILITY:CATEGORY=FEAT|Greater Bull Rush
ABILITY:CATEGORY=FEAT|Greater Disarm
ABILITY:CATEGORY=FEAT|Improved Bull Rush
ABILITY:CATEGORY=FEAT|Improved Critical (trident)
ABILITY:CATEGORY=FEAT|Improved Disarm
ABILITY:CATEGORY=FEAT|Iron Will
ABILITY:CATEGORY=FEAT|Multiattack
ABILITY:CATEGORY=FEAT|Power Attack
ABILITY:CATEGORY=FEAT|Quicken Spell-Like Ability (fire seeds)
ABILITY:CATEGORY=FEAT|Staggering Critical

