SOURCELONG:Pathfinder Adventure Path #29	SOURCESHORT:AP29	SOURCEWEB:http://paizo.com	SOURCEDATE:2010-01

STARTPACK:Devil, Possession Greater Default	TYPE:Default Monster.Outsider	VISIBLE:QUALIFY	EQUIPBUY:0	PREMULT:1,[PRERACE:1,Devil, Possession Greater],[!PRERACE:1,%]
ALIGN:LE
RACE:Devil, Possession Greater	!PRERACE:1,%
NAME:Devil, Possession Greater
STAT:DEX=10|CON=10|INT=10|WIS=10|CHA=10
SKILL:Acrobatics	RANK:15
SKILL:Bluff	RANK:15
SKILL:Diplomacy	RANK:15
SKILL:Disable Device	RANK:15
SKILL:Fly	RANK:5
SKILL:Intimidate	RANK:15
SKILL:Knowledge (Planes)	RANK:15
SKILL:Perception	RANK:15
SKILL:Sense Motive	RANK:15
SKILL:Stealth	RANK:15
ABILITY:CATEGORY=FEAT|Alertness
ABILITY:CATEGORY=FEAT|Combat Reflexes
ABILITY:CATEGORY=FEAT|Dodge
ABILITY:CATEGORY=FEAT|Improved Iron Will
ABILITY:CATEGORY=FEAT|Iron Will
ABILITY:CATEGORY=FEAT|Lightning Reflexes
ABILITY:CATEGORY=FEAT|Mobility
ABILITY:CATEGORY=FEAT|Stand Still

STARTPACK:Nihiloi Default	TYPE:Default Monster.Outsider	VISIBLE:QUALIFY	EQUIPBUY:0	PREMULT:1,[PRERACE:1,Nihiloi],[!PRERACE:1,%]
ALIGN:CN
RACE:Nihiloi	!PRERACE:1,%
NAME:Nihiloi
STAT:STR=10|DEX=10|CON=10|INT=10|WIS=10|CHA=10
SKILL:Acrobatics	RANK:10
SKILL:Bluff	RANK:10
SKILL:Diplomacy	RANK:10
SKILL:Escape Artist	RANK:10
SKILL:Fly	RANK:10
SKILL:Knowledge (Planes)	RANK:10
SKILL:Perception	RANK:10
SKILL:Stealth	RANK:10
ABILITY:CATEGORY=FEAT|Agile Maneuvers
ABILITY:CATEGORY=FEAT|Dodge
ABILITY:CATEGORY=FEAT|Improved Initiative
ABILITY:CATEGORY=FEAT|Lightning Reflexes
ABILITY:CATEGORY=FEAT|Mobility

STARTPACK:Possession Lesser Default	TYPE:Default Monster.Outsider	VISIBLE:QUALIFY	EQUIPBUY:0	PREMULT:1,[PRERACE:1,Possession Lesser],[!PRERACE:1,%]
ALIGN:LE
RACE:Possession Lesser	!PRERACE:1,%
NAME:Possession Lesser
STAT:DEX=10|CON=10|INT=10|WIS=10|CHA=10
SKILL:Acrobatics	RANK:7
SKILL:Bluff	RANK:7
SKILL:Disable Device	RANK:7
SKILL:Fly	RANK:5
SKILL:Intimidate	RANK:7
SKILL:Knowledge (Planes)	RANK:7
SKILL:Perception	RANK:7
SKILL:Sense Motive	RANK:7
SKILL:Stealth	RANK:7
ABILITY:CATEGORY=FEAT|Alertness
ABILITY:CATEGORY=FEAT|Dodge
ABILITY:CATEGORY=FEAT|Iron Will
ABILITY:CATEGORY=FEAT|Lightning Reflexes

STARTPACK:Vrykolakas Default	TYPE:Default Monster.Undead	VISIBLE:QUALIFY	EQUIPBUY:0	PREMULT:1,[PRERACE:1,Vrykolakas],[!PRERACE:1,%]
ALIGN:NE
RACE:Vrykolakas	!PRERACE:1,%
NAME:Vrykolakas
STAT:STR=10|DEX=10|INT=10|WIS=10|CHA=10
SKILL:Climb	RANK:5
SKILL:Disguise	RANK:1
SKILL:Perception	RANK:10
SKILL:Stealth	RANK:10
ABILITY:CATEGORY=FEAT|Dodge
ABILITY:CATEGORY=FEAT|Improved Initiative
ABILITY:CATEGORY=FEAT|Lightning Reflexes
ABILITY:CATEGORY=FEAT|Stealthy
ABILITY:CATEGORY=FEAT|Toughness

