SOURCELONG:Pathfinder Adventure Path #43	SOURCESHORT:AP43	SOURCEWEB:http://paizo.com	SOURCEDATE:2010-01

Choleric Ooze Swarm	KEY:Choleric Ooze Swarm	SIZE:T	MOVE:Walk,10	REACH:0	BONUS:STAT|STR|6	BONUS:STAT|DEX|-9	BONUS:STAT|CON|9	BONUS:STAT|WIS|-9	BONUS:STAT|CHA|-9	BONUS:VAR|BlindsightRange|60|TYPE=Base	ABILITY:Internal|AUTOMATIC|Racial Traits ~ Choleric Ooze Swarm	LEGS:0	HANDS:0	DEFINESTAT:NONSTAT|INT	MONSTERCLASS:Ooze:3	RACETYPE:Ooze	RACESUBTYPE:Swarm	TYPE:Ooze	CR:2	KIT:1|TN	FACT:BaseSize|T
Flaming Skull	KEY:Flaming Skull	SIZE:T	MOVE:Fly,40	REACH:5	BONUS:STAT|STR|-1	BONUS:STAT|DEX|2	BONUS:STAT|CHA|3	BONUS:VAR|DarkvisionRange|60|TYPE=Base	BONUS:VAR|Maneuverability|5	ABILITY:Internal|AUTOMATIC|Racial Traits ~ Flaming Skull	LEGS:2	HANDS:2	NATURALATTACKS:Slam,Weapon.Natural.Weapon Group Natural.Melee.Finesseable.Bludgeoning,*1,1d2,SPROP=plus 1d6 fire	DEFINESTAT:NONSTAT|CON	DEFINESTAT:NONSTAT|INT	MONSTERCLASS:Undead (Mindless):1	RACETYPE:Undead	TYPE:Undead	CR:1/2	KIT:1|NE	FACT:BaseSize|T
Giant Beheaded	KEY:Giant Beheaded	SIZE:L	MOVE:Fly,30	REACH:5	BONUS:STAT|STR|6	BONUS:STAT|DEX|3	BONUS:STAT|WIS|-1	BONUS:STAT|CHA|5	BONUS:VAR|AC_Natural_Armor|3|TYPE=Base	BONUS:VAR|DarkvisionRange|60|TYPE=Base	BONUS:VAR|Maneuverability|5	ABILITY:Internal|AUTOMATIC|Racial Traits ~ Giant Beheaded	LEGS:2	HANDS:2	NATURALATTACKS:Slam,Weapon.Natural.Weapon Group Natural.Melee.Finesseable.Bludgeoning,*1,1d8	DEFINESTAT:NONSTAT|CON	DEFINESTAT:NONSTAT|INT	MONSTERCLASS:Undead (Mindless):3	RACETYPE:Undead	TYPE:Undead	CR:2	KIT:1|NE	FACT:BaseSize|L
Medusa Head	KEY:Medusa Head	SIZE:S	MOVE:Fly,40	REACH:5	BONUS:STAT|STR|4	BONUS:STAT|DEX|2	BONUS:STAT|WIS|1	BONUS:STAT|CHA|5	BONUS:VAR|AC_Natural_Armor|3|TYPE=Base	BONUS:VAR|DarkvisionRange|60|TYPE=Base	BONUS:VAR|Maneuverability|5	ABILITY:Internal|AUTOMATIC|Racial Traits ~ Medusa Head	LEGS:2	HANDS:2	NATURALATTACKS:Bite,Weapon.Natural.Weapon Group Natural.Melee.Finesseable.Bludgeoning.Piercing.Slashing,*1,1d4,SPROP=plus petrify and petrifying bite	DEFINESTAT:NONSTAT|CON	DEFINESTAT:NONSTAT|INT	MONSTERCLASS:Undead (Mindless):4	RACETYPE:Undead	TYPE:Undead	CR:3	KIT:1|NE	AUTO:LANG|Common	FACT:BaseSize|S
Melancholic Ooze Swarm	KEY:Melancholic Ooze Swarm	SIZE:T	MOVE:Walk,10	REACH:0	BONUS:STAT|STR|4	BONUS:STAT|DEX|-9	BONUS:STAT|CON|8	BONUS:STAT|WIS|-9	BONUS:STAT|CHA|-9	BONUS:VAR|BlindsightRange|60|TYPE=Base	ABILITY:Internal|AUTOMATIC|Racial Traits ~ Melancholic Ooze Swarm	LEGS:0	HANDS:0	DEFINESTAT:NONSTAT|INT	MONSTERCLASS:Ooze:2	RACETYPE:Ooze	RACESUBTYPE:Swarm	TYPE:Ooze	CR:1	KIT:1|TN	FACT:BaseSize|T
Phlegmatic Ooze Swarm	KEY:Phlegmatic Ooze Swarm	SIZE:T	MOVE:Walk,10	REACH:0	BONUS:STAT|DEX|-9	BONUS:STAT|CON|8	BONUS:STAT|WIS|-9	BONUS:STAT|CHA|-9	BONUS:VAR|BlindsightRange|60|TYPE=Base	ABILITY:Internal|AUTOMATIC|Racial Traits ~ Phlegmatic Ooze Swarm	LEGS:0	HANDS:0	DEFINESTAT:NONSTAT|INT	MONSTERCLASS:Ooze:1	RACETYPE:Ooze	RACESUBTYPE:Swarm	TYPE:Ooze	CR:1/2	KIT:1|TN	FACT:BaseSize|T
Sanguine Ooze Swarm	KEY:Sanguine Ooze Swarm	SIZE:T	MOVE:Walk,10,Climb,10,Swim,10	REACH:0	BONUS:STAT|STR|2	BONUS:STAT|DEX|-9	BONUS:STAT|CON|6	BONUS:STAT|WIS|-9	BONUS:STAT|CHA|-9	BONUS:VAR|BlindsightRange|60|TYPE=Base	ABILITY:Internal|AUTOMATIC|Racial Traits ~ Sanguine Ooze Swarm	LEGS:0	HANDS:0	DEFINESTAT:NONSTAT|INT	MONSTERCLASS:Ooze:1	RACETYPE:Ooze	RACESUBTYPE:Swarm	TYPE:Ooze	CR:1/3	KIT:1|TN	FACT:BaseSize|T
Severed Head	KEY:Severed Head	SIZE:T	MOVE:Fly,40	REACH:5	BONUS:STAT|STR|1	BONUS:STAT|DEX|5	BONUS:STAT|WIS|1	BONUS:VAR|DarkvisionRange|60|TYPE=Base	BONUS:VAR|Maneuverability|5	ABILITY:Internal|AUTOMATIC|Racial Traits ~ Severed Head	LEGS:2	HANDS:2	NATURALATTACKS:Slam,Weapon.Natural.Weapon Group Natural.Melee.Finesseable.Bludgeoning,*1,1d2	DEFINESTAT:NONSTAT|CON	DEFINESTAT:NONSTAT|INT	MONSTERCLASS:Undead (Mindless):1	RACETYPE:Undead	TYPE:Undead	CR:1/3	KIT:1|NE	FACT:BaseSize|T
Skull Swarm	KEY:Skull Swarm	SIZE:T	MOVE:Fly,40	REACH:0	BONUS:STAT|STR|-5	BONUS:STAT|DEX|5	BONUS:VAR|DarkvisionRange|60|TYPE=Base	BONUS:VAR|Maneuverability|5	ABILITY:Internal|AUTOMATIC|Racial Traits ~ Skull Swarm	LEGS:2	HANDS:2	DEFINESTAT:NONSTAT|CON	DEFINESTAT:NONSTAT|INT	MONSTERCLASS:Undead (Mindless):2	RACETYPE:Undead	RACESUBTYPE:Swarm	TYPE:Undead	CR:1	KIT:1|NE	FACT:BaseSize|T
