SOURCELONG:Pathfinder Adventure Path #70	SOURCESHORT:AP70	SOURCEWEB:http://paizo.com	SOURCEDATE:2010-01

STARTPACK:Stormghost Default	TYPE:Default Monster.Monstrous Humanoid	VISIBLE:QUALIFY	EQUIPBUY:0	PREMULT:1,[PRERACE:1,Stormghost],[!PRERACE:1,%]
ALIGN:CE
RACE:Stormghost	!PRERACE:1,%
NAME:Stormghost
STAT:STR=10|DEX=10|CON=10|INT=10|WIS=10|CHA=10
SKILL:Acrobatics	RANK:11
SKILL:Climb	RANK:13
SKILL:Perception	RANK:17
SKILL:Stealth	RANK:13
SKILL:Survival	RANK:15
ABILITY:CATEGORY=FEAT|Acrobatic Steps
ABILITY:CATEGORY=FEAT|Combat Reflexes
ABILITY:CATEGORY=FEAT|Dodge
ABILITY:CATEGORY=FEAT|Improved Critical (claws)
ABILITY:CATEGORY=FEAT|Improved Initiative
ABILITY:CATEGORY=FEAT|Mobility
ABILITY:CATEGORY=FEAT|Nimble Moves
ABILITY:CATEGORY=FEAT|Power Attack
ABILITY:CATEGORY=FEAT|Spring Attack

STARTPACK:Ursikka Default	TYPE:Default Monster.Magical Beast	VISIBLE:QUALIFY	EQUIPBUY:0	PREMULT:1,[PRERACE:1,Ursikka],[!PRERACE:1,%]
ALIGN:TN
RACE:Ursikka	!PRERACE:1,%
NAME:Ursikka
STAT:STR=10|DEX=10|CON=10|INT=10|WIS=10|CHA=10
SKILL:Climb	RANK:1
SKILL:Perception	RANK:11
ABILITY:CATEGORY=FEAT|Awesome Blow
ABILITY:CATEGORY=FEAT|Improved Bull Rush
ABILITY:CATEGORY=FEAT|Improved Initiative
ABILITY:CATEGORY=FEAT|Lightning Reflexes
ABILITY:CATEGORY=FEAT|Power Attack
ABILITY:CATEGORY=FEAT|Snatch

STARTPACK:Wolliped Default	TYPE:Default Monster.Animal	VISIBLE:QUALIFY	EQUIPBUY:0	PREMULT:1,[PRERACE:1,Wolliped],[!PRERACE:1,%]
ALIGN:TN
RACE:Wolliped	!PRERACE:1,%
NAME:Wolliped
STAT:STR=10|DEX=10|CON=10|INT=10|WIS=10|CHA=10
SKILL:Climb	RANK:1
SKILL:Perception	RANK:3
ABILITY:CATEGORY=FEAT|Endurance
ABILITY:CATEGORY=FEAT|Improved Bull Rush
ABILITY:CATEGORY=FEAT|Power Attack

