SOURCELONG:Pathfinder Adventure Path #25	SOURCESHORT:AP25	SOURCEWEB:http://paizo.com	SOURCEDATE:2010-01

STARTPACK:Shadowgarm Default	TYPE:Default Monster.Aberration	VISIBLE:QUALIFY	EQUIPBUY:0	PREMULT:1,[PRERACE:1,Shadowgarm],[!PRERACE:1,%]
ALIGN:NE
RACE:Shadowgarm	!PRERACE:1,%
NAME:Shadowgarm
STAT:STR=10|DEX=10|CON=10|INT=10|WIS=10|CHA=10
SKILL:Climb	RANK:3
SKILL:Perception	RANK:1
SKILL:Stealth	RANK:1
ABILITY:CATEGORY=FEAT|Improved Initiative
ABILITY:CATEGORY=FEAT|Lightning Reflexes

STARTPACK:Ukobach Default	TYPE:Default Monster.Outsider	VISIBLE:QUALIFY	EQUIPBUY:0	PREMULT:1,[PRERACE:1,Ukobach],[!PRERACE:1,%]
ALIGN:LE
RACE:Ukobach	!PRERACE:1,%
NAME:Ukobach
STAT:STR=10|DEX=10|CON=10|INT=10|WIS=10|CHA=10
SKILL:Acrobatics	RANK:5
SKILL:Appraise	RANK:5
SKILL:Bluff	RANK:5
SKILL:Climb	RANK:5
SKILL:Craft (any)	RANK:5
SKILL:Knowledge (Arcana)	RANK:5
SKILL:Stealth	RANK:5
ABILITY:CATEGORY=FEAT|Improved Initiative
ABILITY:CATEGORY=FEAT|Lightning Reflexes
ABILITY:CATEGORY=FEAT|Throw Anything

