SOURCELONG:Pathfinder Adventure Path #83	SOURCESHORT:AP83	SOURCEWEB:http://paizo.com	SOURCEDATE:2010-01

STARTPACK:Elder Sphinx Default	TYPE:Default Monster.Magical Beast	VISIBLE:QUALIFY	EQUIPBUY:0	PREMULT:1,[PRERACE:1,Elder Sphinx],[!PRERACE:1,%]
ALIGN:TN
RACE:Elder Sphinx	!PRERACE:1,%
NAME:Elder Sphinx
STAT:STR=10|DEX=10|CON=10|INT=10|WIS=10|CHA=10
SKILL:Diplomacy	RANK:10
SKILL:Fly	RANK:4
SKILL:Intimidate	RANK:5
SKILL:Knowledge (Arcana)	RANK:9
SKILL:Knowledge (Dungeoneering)	RANK:9
SKILL:Knowledge (Engineering)	RANK:4
SKILL:Knowledge (Geography)	RANK:9
SKILL:Knowledge (History)	RANK:9
SKILL:Knowledge (Local)	RANK:9
SKILL:Knowledge (Nature)	RANK:9
SKILL:Knowledge (Nobility)	RANK:9
SKILL:Knowledge (Planes)	RANK:9
SKILL:Knowledge (Religion)	RANK:9
SKILL:Linguistics	RANK:4
SKILL:Perception	RANK:14
SKILL:Sense Motive	RANK:11
SKILL:Spellcraft	RANK:17
SKILL:Use Magic Device	RANK:10
ABILITY:CATEGORY=FEAT|Alertness
ABILITY:CATEGORY=FEAT|Awesome Blow
ABILITY:CATEGORY=FEAT|Flyby Attack
ABILITY:CATEGORY=FEAT|Improved Bull Rush
ABILITY:CATEGORY=FEAT|Improved Initiative
ABILITY:CATEGORY=FEAT|Improved Iron Will
ABILITY:CATEGORY=FEAT|Improved Vital Strike
ABILITY:CATEGORY=FEAT|Iron Will
ABILITY:CATEGORY=FEAT|Lightning Reflexes
ABILITY:CATEGORY=FEAT|Power Attack
ABILITY:CATEGORY=FEAT|Vital Strike

STARTPACK:Hanshepsu Default	TYPE:Default Monster.Construct	VISIBLE:QUALIFY	EQUIPBUY:0	PREMULT:1,[PRERACE:1,Hanshepsu],[!PRERACE:1,%]
ALIGN:TN
RACE:Hanshepsu	!PRERACE:1,%
NAME:Hanshepsu
STAT:STR=10|DEX=10|INT=10|WIS=10|CHA=10
SKILL:Acrobatics	RANK:3
SKILL:Climb	RANK:1
SKILL:Perception	RANK:11
SKILL:Sense Motive	RANK:3
SKILL:Stealth	RANK:3
ABILITY:CATEGORY=FEAT|Alertness
ABILITY:CATEGORY=FEAT|Improved Bull Rush
ABILITY:CATEGORY=FEAT|Iron Will
ABILITY:CATEGORY=FEAT|Lightning Reflexes
ABILITY:CATEGORY=FEAT|Power Attack
ABILITY:CATEGORY=FEAT|Vital Strike
ABILITY:CATEGORY=FEAT|Weapon Focus (heavy mace)
ABILITY:CATEGORY=FEAT|Weapon Specialization (heavy mace)

STARTPACK:Living Sandstorm Default	TYPE:Default Monster.Outsider	VISIBLE:QUALIFY	EQUIPBUY:0	PREMULT:1,[PRERACE:1,Living Sandstorm],[!PRERACE:1,%]
ALIGN:TN
RACE:Living Sandstorm	!PRERACE:1,%
NAME:Living Sandstorm
STAT:STR=10|DEX=10|CON=10|INT=10|WIS=10|CHA=10
SKILL:Acrobatics	RANK:11
SKILL:Fly	RANK:14
SKILL:Intimidate	RANK:14
SKILL:Knowledge (Planes)	RANK:14
SKILL:Linguistics	RANK:1
SKILL:Perception	RANK:14
SKILL:Stealth	RANK:14
SKILL:Survival	RANK:14
ABILITY:CATEGORY=FEAT|Dodge
ABILITY:CATEGORY=FEAT|Improved Iron Will
ABILITY:CATEGORY=FEAT|Improved Sunder
ABILITY:CATEGORY=FEAT|Iron Will
ABILITY:CATEGORY=FEAT|Mobility
ABILITY:CATEGORY=FEAT|Power Attack
ABILITY:CATEGORY=FEAT|Step Up

STARTPACK:Ossumental Default	TYPE:Default Monster.Undead	VISIBLE:QUALIFY	EQUIPBUY:0	PREMULT:1,[PRERACE:1,Ossumental],[!PRERACE:1,%]
ALIGN:NE
RACE:Ossumental	!PRERACE:1,%
NAME:Ossumental
STAT:STR=10|DEX=10|INT=10|WIS=10|CHA=10
SKILL:Climb	RANK:1
SKILL:Intimidate	RANK:8
SKILL:Knowledge (Planes)	RANK:14
SKILL:Perception	RANK:17
SKILL:Sense Motive	RANK:1
SKILL:Stealth	RANK:4
ABILITY:CATEGORY=FEAT|Alertness
ABILITY:CATEGORY=FEAT|Awesome Blow
ABILITY:CATEGORY=FEAT|Cleave
ABILITY:CATEGORY=FEAT|Greater Bull Rush
ABILITY:CATEGORY=FEAT|Improved Bull Rush
ABILITY:CATEGORY=FEAT|Improved Critical (slams)
ABILITY:CATEGORY=FEAT|Improved Overrun
ABILITY:CATEGORY=FEAT|Power Attack
ABILITY:CATEGORY=FEAT|Vital Strike

