SOURCELONG:Pathfinder Adventure Path #87	SOURCESHORT:AP87	SOURCEWEB:http://paizo.com	SOURCEDATE:2010-01

STARTPACK:Irradiated Dead Default	TYPE:Default Monster.Undead	VISIBLE:QUALIFY	EQUIPBUY:0	PREMULT:1,[PRERACE:1,Irradiated Dead],[!PRERACE:1,%]
ALIGN:NE
RACE:Irradiated Dead	!PRERACE:1,%
NAME:Irradiated Dead
STAT:STR=10|DEX=10|INT=10|WIS=10|CHA=10
SKILL:Climb	RANK:1
SKILL:Perception	RANK:10
SKILL:Stealth	RANK:8
SKILL:Swim	RANK:1
ABILITY:CATEGORY=FEAT|Combat Reflexes
ABILITY:CATEGORY=FEAT|Dodge
ABILITY:CATEGORY=FEAT|Improved Initiative
ABILITY:CATEGORY=FEAT|Power Attack
ABILITY:CATEGORY=FEAT|Toughness

STARTPACK:Thorgothrel Default	TYPE:Default Monster.Ooze	VISIBLE:QUALIFY	EQUIPBUY:0	PREMULT:1,[PRERACE:1,Thorgothrel],[!PRERACE:1,%]
ALIGN:LE
RACE:Thorgothrel	!PRERACE:1,%
NAME:Thorgothrel
STAT:STR=10|DEX=10|CON=10|INT=10|WIS=10|CHA=10
SKILL:Disable Device	RANK:5
SKILL:Heal	RANK:4
SKILL:Knowledge (Arcana)	RANK:4
SKILL:Knowledge (Engineering)	RANK:4
SKILL:Knowledge (Nature)	RANK:4
SKILL:Perception	RANK:5
ABILITY:CATEGORY=FEAT|Great Fortitude
ABILITY:CATEGORY=FEAT|Improved Initiative
ABILITY:CATEGORY=FEAT|Iron Will
ABILITY:CATEGORY=FEAT|Lightning Reflexes

STARTPACK:Thought Harvester Robot Default	TYPE:Default Monster.Construct	VISIBLE:QUALIFY	EQUIPBUY:0	PREMULT:1,[PRERACE:1,Thought Harvester Robot],[!PRERACE:1,%]
ALIGN:TN
RACE:Thought Harvester Robot	!PRERACE:1,%
NAME:Thought Harvester Robot
STAT:STR=10|DEX=10|INT=10|WIS=10|CHA=10
SKILL:Knowledge (Local)	RANK:6
SKILL:Perception	RANK:13
SKILL:Sense Motive	RANK:13
SKILL:Stealth	RANK:1
ABILITY:CATEGORY=FEAT|Alertness
ABILITY:CATEGORY=FEAT|Dodge
ABILITY:CATEGORY=FEAT|Improved Initiative
ABILITY:CATEGORY=FEAT|Iron Will
ABILITY:CATEGORY=FEAT|Mobility
ABILITY:CATEGORY=FEAT|Point-Blank Shot
ABILITY:CATEGORY=FEAT|Power Attack

STARTPACK:Warden Robot Default	TYPE:Default Monster.Construct	VISIBLE:QUALIFY	EQUIPBUY:0	PREMULT:1,[PRERACE:1,Warden Robot],[!PRERACE:1,%]
ALIGN:TN
RACE:Warden Robot	!PRERACE:1,%
NAME:Warden Robot
STAT:STR=10|DEX=10|INT=10|WIS=10|CHA=10
SKILL:Climb	RANK:3
SKILL:Perception	RANK:15
SKILL:Sense Motive	RANK:11
ABILITY:CATEGORY=FEAT|Alertness
ABILITY:CATEGORY=FEAT|Combat Reflexes
ABILITY:CATEGORY=FEAT|Improved Initiative
ABILITY:CATEGORY=FEAT|Nimble Moves
ABILITY:CATEGORY=FEAT|Point-Blank Shot
ABILITY:CATEGORY=FEAT|Power Attack
ABILITY:CATEGORY=FEAT|Precise Shot
ABILITY:CATEGORY=FEAT|Stand Still

