SOURCELONG:Belkzen, Hold of the Orc Hordes	SOURCESHORT:BHoOH	SOURCEWEB:http://paizo.com/products/btpy97lw	SOURCEDATE:2015-05

STARTPACK:Ankhrav Default	TYPE:Default Monster.Magical Beast	VISIBLE:QUALIFY	EQUIPBUY:0	PREMULT:1,[PRERACE:1,Ankhrav],[!PRERACE:1,%]
ALIGN:TN
RACE:Ankhrav	!PRERACE:1,%
NAME:Ankhrav
STAT:STR=10|DEX=10|CON=10|INT=10|WIS=10|CHA=10
SKILL:Climb	RANK:5
SKILL:Perception	RANK:8
ABILITY:CATEGORY=FEAT|Improved Initiative
ABILITY:CATEGORY=FEAT|Iron Will
ABILITY:CATEGORY=FEAT|Skill Focus (Perception)
ABILITY:CATEGORY=FEAT|Snatch
ABILITY:CATEGORY=FEAT|Step Up

STARTPACK:Bristle Boar Default	TYPE:Default Monster.Animal	VISIBLE:QUALIFY	EQUIPBUY:0	PREMULT:1,[PRERACE:1,Bristle Boar],[!PRERACE:1,%]
ALIGN:TN
RACE:Bristle Boar	!PRERACE:1,%
NAME:Bristle Boar
STAT:STR=10|DEX=10|CON=10|INT=10|WIS=10|CHA=10
SKILL:Acrobatics	RANK:2
SKILL:Perception	RANK:2
ABILITY:CATEGORY=FEAT|Lightning Reflexes
ABILITY:CATEGORY=FEAT|Power Attack

STARTPACK:Bull Of Zagresh Default	TYPE:Default Monster.Animal	VISIBLE:QUALIFY	EQUIPBUY:0	PREMULT:1,[PRERACE:1,Bull Of Zagresh],[!PRERACE:1,%]
ALIGN:TN
RACE:Bull Of Zagresh	!PRERACE:1,%
NAME:Bull Of Zagresh
STAT:STR=10|DEX=10|CON=10|INT=10|WIS=10|CHA=10
SKILL:Perception	RANK:5
SKILL:Swim	RANK:4
ABILITY:CATEGORY=FEAT|Diehard
ABILITY:CATEGORY=FEAT|Endurance
ABILITY:CATEGORY=FEAT|Improved Natural Attack (gore)
ABILITY:CATEGORY=FEAT|Power Attack
ABILITY:CATEGORY=FEAT|Toughness

STARTPACK:Burning Child Default	TYPE:Default Monster.Undead	VISIBLE:QUALIFY	EQUIPBUY:0	PREMULT:1,[PRERACE:1,Burning Child],[!PRERACE:1,%]
ALIGN:CN
RACE:Burning Child	!PRERACE:1,%
NAME:Burning Child
STAT:STR=10|DEX=10|INT=10|WIS=10|CHA=10
SKILL:Escape Artist	RANK:12
SKILL:Intimidate	RANK:12
SKILL:Perception	RANK:12
SKILL:Sense Motive	RANK:12
ABILITY:CATEGORY=FEAT|Dodge
ABILITY:CATEGORY=FEAT|Improved Initiative
ABILITY:CATEGORY=FEAT|Lightning Reflexes
ABILITY:CATEGORY=FEAT|Quicken Spell-Like Ability (fireball)
ABILITY:CATEGORY=FEAT|Toughness
ABILITY:CATEGORY=FEAT|Weapon Finesse

STARTPACK:Dahzagan Default	TYPE:Default Monster.Outsider	VISIBLE:QUALIFY	EQUIPBUY:0	PREMULT:1,[PRERACE:1,Dahzagan],[!PRERACE:1,%]
ALIGN:CE
RACE:Dahzagan	!PRERACE:1,%
NAME:Dahzagan
STAT:STR=10|DEX=10|CON=10|INT=10|WIS=10|CHA=10
SKILL:Fly	RANK:3
SKILL:Intimidate	RANK:5
SKILL:Knowledge (Planes)	RANK:8
SKILL:Perception	RANK:8
ABILITY:CATEGORY=FEAT|Dodge
ABILITY:CATEGORY=FEAT|Flyby Attack
ABILITY:CATEGORY=FEAT|Great Fortitude
ABILITY:CATEGORY=FEAT|Iron Will
ABILITY:CATEGORY=FEAT|Power Attack
ABILITY:CATEGORY=FEAT|Weapon Focus (greatsword)

STARTPACK:Floodslain Arsinoitherium Default	TYPE:Default Monster.Undead	VISIBLE:QUALIFY	EQUIPBUY:0	PREMULT:1,[PRERACE:1,Floodslain Arsinoitherium],[!PRERACE:1,%]
ALIGN:CE
RACE:Floodslain Arsinoitherium	!PRERACE:1,%
NAME:Floodslain Arsinoitherium
STAT:STR=10|DEX=10|INT=10|WIS=10|CHA=10
SKILL:Perception	RANK:9
SKILL:Swim	RANK:5
ABILITY:CATEGORY=FEAT|Diehard
ABILITY:CATEGORY=FEAT|Endurance
ABILITY:CATEGORY=FEAT|Great Fortitude
ABILITY:CATEGORY=FEAT|Improved Overrun
ABILITY:CATEGORY=FEAT|Power Attack
ABILITY:CATEGORY=FEAT|Toughness

STARTPACK:Juggerloathe Default	TYPE:Default Monster.Magical Beast	VISIBLE:QUALIFY	EQUIPBUY:0	PREMULT:1,[PRERACE:1,Juggerloathe],[!PRERACE:1,%]
ALIGN:CE
RACE:Juggerloathe	!PRERACE:1,%
NAME:Juggerloathe
STAT:STR=10|DEX=10|CON=10|INT=10|WIS=10|CHA=10
SKILL:Acrobatics	RANK:13
SKILL:Perception	RANK:9
ABILITY:CATEGORY=FEAT|Improved Bull Rush
ABILITY:CATEGORY=FEAT|Improved Initiative
ABILITY:CATEGORY=FEAT|Improved Iron Will
ABILITY:CATEGORY=FEAT|Iron Will
ABILITY:CATEGORY=FEAT|Lightning Reflexes
ABILITY:CATEGORY=FEAT|Lunge
ABILITY:CATEGORY=FEAT|Power Attack
ABILITY:CATEGORY=FEAT|Run
ABILITY:CATEGORY=FEAT|Skill Focus (Perception)
ABILITY:CATEGORY=FEAT|Snatch

STARTPACK:Warcat Of Rull Default	TYPE:Default Monster.Animal	VISIBLE:QUALIFY	EQUIPBUY:0	PREMULT:1,[PRERACE:1,Warcat Of Rull],[!PRERACE:1,%]
ALIGN:TN
RACE:Warcat Of Rull	!PRERACE:1,%
NAME:Warcat Of Rull
STAT:STR=10|DEX=10|CON=10|INT=10|WIS=10|CHA=10
SKILL:Acrobatics	RANK:4
SKILL:Climb	RANK:10
SKILL:Perception	RANK:4
SKILL:Stealth	RANK:1
SKILL:Swim	RANK:4
ABILITY:CATEGORY=FEAT|Acrobatic
ABILITY:CATEGORY=FEAT|Cleave
ABILITY:CATEGORY=FEAT|Diehard
ABILITY:CATEGORY=FEAT|Endurance
ABILITY:CATEGORY=FEAT|Improved Critical (claw)
ABILITY:CATEGORY=FEAT|Iron Will
ABILITY:CATEGORY=FEAT|Power Attack
ABILITY:CATEGORY=FEAT|Run

STARTPACK:Whisperfall Vulture Default	TYPE:Default Monster.Animal	VISIBLE:QUALIFY	EQUIPBUY:0	PREMULT:1,[PRERACE:1,Whisperfall Vulture],[!PRERACE:1,%]
ALIGN:TN
RACE:Whisperfall Vulture	!PRERACE:1,%
NAME:Whisperfall Vulture
STAT:STR=10|DEX=10|CON=10|INT=10|WIS=10|CHA=10
SKILL:Fly	RANK:2
SKILL:Perception	RANK:2
ABILITY:CATEGORY=FEAT|Flyby Attack

