SOURCELONG:Pathfinder Adventure Path #37	SOURCESHORT:AP37	SOURCEWEB:http://paizo.com	SOURCEDATE:2010-01

STARTPACK:Bluetip Eurypterid Default	TYPE:Default Monster.Vermin	VISIBLE:QUALIFY	EQUIPBUY:0	PREMULT:1,[PRERACE:1,Bluetip Eurypterid],[!PRERACE:1,%]
ALIGN:TN
RACE:Bluetip Eurypterid	!PRERACE:1,%
NAME:Bluetip Eurypterid
STAT:STR=10|DEX=10|CON=10|WIS=10|CHA=10
SKILL:Swim	RANK:5
ABILITY:CATEGORY=FEAT|Improved Initiative
ABILITY:CATEGORY=FEAT|Lightning Reflexes

STARTPACK:Common Eurypterid Default	TYPE:Default Monster.Vermin	VISIBLE:QUALIFY	EQUIPBUY:0	PREMULT:1,[PRERACE:1,Common Eurypterid],[!PRERACE:1,%]
ALIGN:TN
RACE:Common Eurypterid	!PRERACE:1,%
NAME:Common Eurypterid
STAT:STR=10|DEX=10|CON=10|WIS=10|CHA=10
SKILL:Swim	RANK:2
ABILITY:CATEGORY=FEAT|Improved Initiative

STARTPACK:Glass Urchin Default	TYPE:Default Monster.Vermin	VISIBLE:QUALIFY	EQUIPBUY:0	PREMULT:1,[PRERACE:1,Glass Urchin],[!PRERACE:1,%]
ALIGN:TN
RACE:Glass Urchin	!PRERACE:1,%
NAME:Glass Urchin
STAT:STR=10|DEX=10|CON=10|WIS=10|CHA=10
SKILL:Perception	RANK:1

STARTPACK:Hunter Urchin Default	TYPE:Default Monster.Vermin	VISIBLE:QUALIFY	EQUIPBUY:0	PREMULT:1,[PRERACE:1,Hunter Urchin],[!PRERACE:1,%]
ALIGN:TN
RACE:Hunter Urchin	!PRERACE:1,%
NAME:Hunter Urchin
STAT:STR=10|DEX=10|CON=10|WIS=10|CHA=10
SKILL:Perception	RANK:1

STARTPACK:Ochre Eurypterid Default	TYPE:Default Monster.Vermin	VISIBLE:QUALIFY	EQUIPBUY:0	PREMULT:1,[PRERACE:1,Ochre Eurypterid],[!PRERACE:1,%]
ALIGN:TN
RACE:Ochre Eurypterid	!PRERACE:1,%
NAME:Ochre Eurypterid
STAT:STR=10|DEX=10|CON=10|WIS=10|CHA=10
SKILL:Swim	RANK:1
ABILITY:CATEGORY=FEAT|Improved Initiative

STARTPACK:Quetzalcoatlus Default	TYPE:Default Monster.Animal	VISIBLE:QUALIFY	EQUIPBUY:0	PREMULT:1,[PRERACE:1,Quetzalcoatlus],[!PRERACE:1,%]
ALIGN:TN
RACE:Quetzalcoatlus	!PRERACE:1,%
NAME:Quetzalcoatlus
STAT:STR=10|DEX=10|CON=10|INT=10|WIS=10|CHA=10
SKILL:Fly	RANK:1
SKILL:Perception	RANK:8
ABILITY:CATEGORY=FEAT|Dodge
ABILITY:CATEGORY=FEAT|Flyby Attack
ABILITY:CATEGORY=FEAT|Improved Initiative
ABILITY:CATEGORY=FEAT|Lightning Reflexes
ABILITY:CATEGORY=FEAT|Lunge
ABILITY:CATEGORY=FEAT|Skill Focus (Perception)

STARTPACK:Spear Urchin Default	TYPE:Default Monster.Vermin	VISIBLE:QUALIFY	EQUIPBUY:0	PREMULT:1,[PRERACE:1,Spear Urchin],[!PRERACE:1,%]
ALIGN:TN
RACE:Spear Urchin	!PRERACE:1,%
NAME:Spear Urchin
STAT:STR=10|DEX=10|CON=10|WIS=10|CHA=10
SKILL:Perception	RANK:1

STARTPACK:Spiny Eurypterid Default	TYPE:Default Monster.Vermin	VISIBLE:QUALIFY	EQUIPBUY:0	PREMULT:1,[PRERACE:1,Spiny Eurypterid],[!PRERACE:1,%]
ALIGN:TN
RACE:Spiny Eurypterid	!PRERACE:1,%
NAME:Spiny Eurypterid
STAT:STR=10|DEX=10|CON=10|WIS=10|CHA=10
SKILL:Swim	RANK:5
ABILITY:CATEGORY=FEAT|Improved Critical (claw)
ABILITY:CATEGORY=FEAT|Improved Initiative

STARTPACK:Spitting Eurypterid Default	TYPE:Default Monster.Vermin	VISIBLE:QUALIFY	EQUIPBUY:0	PREMULT:1,[PRERACE:1,Spitting Eurypterid],[!PRERACE:1,%]
ALIGN:TN
RACE:Spitting Eurypterid	!PRERACE:1,%
NAME:Spitting Eurypterid
STAT:STR=10|DEX=10|CON=10|WIS=10|CHA=10
SKILL:Swim	RANK:5
ABILITY:CATEGORY=FEAT|Improved Initiative

STARTPACK:Tuyewera Default	TYPE:Default Monster.Undead	VISIBLE:QUALIFY	EQUIPBUY:0	PREMULT:1,[PRERACE:1,Tuyewera],[!PRERACE:1,%]
ALIGN:CE
RACE:Tuyewera	!PRERACE:1,%
NAME:Tuyewera
STAT:STR=10|DEX=10|INT=10|WIS=10|CHA=10
SKILL:Bluff	RANK:3
SKILL:Perception	RANK:6
SKILL:Stealth	RANK:6
ABILITY:CATEGORY=FEAT|Combat Reflexes
ABILITY:CATEGORY=FEAT|Improved Initiative
ABILITY:CATEGORY=FEAT|Weapon Focus (tongue)

STARTPACK:Undead Ningyo Default	TYPE:Default Monster.Undead	VISIBLE:QUALIFY	EQUIPBUY:0	PREMULT:1,[PRERACE:1,Undead Ningyo],[!PRERACE:1,%]
ALIGN:NE
RACE:Undead Ningyo	!PRERACE:1,%
NAME:Undead Ningyo
STAT:STR=10|DEX=10|INT=10|WIS=10|CHA=10
SKILL:Stealth	RANK:2
SKILL:Swim	RANK:2
ABILITY:CATEGORY=FEAT|Step Up

