SOURCELONG:Monster Summoner's Handbook	SOURCESHORT:MSH	SOURCEWEB:http://paizo.com	SOURCEDATE:2010-01

STARTPACK:Ember Weaver Default	TYPE:Default Monster.Outsider	VISIBLE:QUALIFY	EQUIPBUY:0	PREMULT:1,[PRERACE:1,Ember Weaver],[!PRERACE:1,%]
ALIGN:TN
RACE:Ember Weaver	!PRERACE:1,%
NAME:Ember Weaver
STAT:STR=10|DEX=10|CON=10|INT=10|WIS=10|CHA=10
SKILL:Acrobatics	RANK:11
SKILL:Fly	RANK:11
SKILL:Knowledge (Geography)	RANK:11
SKILL:Knowledge (Planes)	RANK:11
SKILL:Knowledge (Religion)	RANK:11
SKILL:Perception	RANK:11
SKILL:Sense Motive	RANK:11
SKILL:Spellcraft	RANK:11
SKILL:Survival	RANK:11
ABILITY:CATEGORY=FEAT|Ability Focus (suggestion)
ABILITY:CATEGORY=FEAT|Dodge
ABILITY:CATEGORY=FEAT|Flyby Attack
ABILITY:CATEGORY=FEAT|Mobility
ABILITY:CATEGORY=FEAT|Toughness

STARTPACK:Guardian Spirit Imp Default	TYPE:Default Monster.Outsider	VISIBLE:QUALIFY	EQUIPBUY:0	PREMULT:1,[PRERACE:1,Guardian Spirit Imp],[!PRERACE:1,%]
ALIGN:LE
RACE:Guardian Spirit Imp	!PRERACE:1,%
NAME:Guardian Spirit Imp
STAT:STR=10|DEX=10|CON=10|INT=10|WIS=10|CHA=10
SKILL:Acrobatics	RANK:4
SKILL:Bluff	RANK:5
SKILL:Fly	RANK:5
SKILL:Knowledge (Arcana)	RANK:5
SKILL:Knowledge (Planes)	RANK:5
SKILL:Perception	RANK:5
SKILL:Sense Motive	RANK:2
SKILL:Spellcraft	RANK:5
ABILITY:CATEGORY=FEAT|Dodge
ABILITY:CATEGORY=FEAT|Mobility
ABILITY:CATEGORY=FEAT|Weapon Finesse

