SOURCELONG:Fey Revisited	SOURCESHORT:FR	SOURCEWEB:http://paizo.com	SOURCEDATE:2010-01

STARTPACK:Blackwood Satyr Default	TYPE:Default Monster.Fey	VISIBLE:QUALIFY	EQUIPBUY:0	PREMULT:1,[PRERACE:1,Blackwood Satyr],[!PRERACE:1,%]
ALIGN:CN
RACE:Blackwood Satyr	!PRERACE:1,%
NAME:Blackwood Satyr
STAT:STR=10|DEX=10|CON=10|INT=10|WIS=10|CHA=10
SKILL:Bluff	RANK:6
SKILL:Diplomacy	RANK:9
SKILL:Handle Animal	RANK:1
SKILL:Intimidate	RANK:1
SKILL:Knowledge (Local)	RANK:8
SKILL:Knowledge (Nature)	RANK:8
SKILL:Perception	RANK:9
SKILL:Perform (wind)	RANK:9
SKILL:Sense Motive	RANK:4
SKILL:Spellcraft	RANK:3
SKILL:Stealth	RANK:9
ABILITY:CATEGORY=FEAT|Dodge
ABILITY:CATEGORY=FEAT|Mobility
ABILITY:CATEGORY=FEAT|Skill Focus (Perception)
ABILITY:CATEGORY=FEAT|Spell Penetration
ABILITY:CATEGORY=FEAT|Weapon Focus (longbow)

STARTPACK:Sprite Swarm Default	TYPE:Default Monster.Fey	VISIBLE:QUALIFY	EQUIPBUY:0	PREMULT:1,[PRERACE:1,Sprite Swarm],[!PRERACE:1,%]
ALIGN:CN
RACE:Sprite Swarm	!PRERACE:1,%
NAME:Sprite Swarm
STAT:STR=10|DEX=10|CON=10|INT=10|WIS=10|CHA=10
SKILL:Fly	RANK:10
SKILL:Intimidate	RANK:7
SKILL:Perception	RANK:10
SKILL:Sense Motive	RANK:6
SKILL:Stealth	RANK:10
ABILITY:CATEGORY=FEAT|Alertness
ABILITY:CATEGORY=FEAT|Dodge
ABILITY:CATEGORY=FEAT|Flyby Attack
ABILITY:CATEGORY=FEAT|Improved Initiative
ABILITY:CATEGORY=FEAT|Skill Focus (Perception)

