SOURCELONG:Pathfinder Adventure Path #71	SOURCESHORT:AP71	SOURCEWEB:http://paizo.com	SOURCEDATE:2010-01

STARTPACK:Animated Tank Default	TYPE:Default Monster.Construct	VISIBLE:QUALIFY	EQUIPBUY:0	PREMULT:1,[PRERACE:1,Animated Tank],[!PRERACE:1,%]
ALIGN:TN
RACE:Animated Tank	!PRERACE:1,%
NAME:Animated Tank
STAT:STR=10|DEX=10|INT=10|WIS=10|CHA=10
SKILL:Intimidate	RANK:13
SKILL:Perception	RANK:16
SKILL:Sense Motive	RANK:16
ABILITY:CATEGORY=FEAT|Alertness
ABILITY:CATEGORY=FEAT|Awesome Blow
ABILITY:CATEGORY=FEAT|Improved Bull Rush
ABILITY:CATEGORY=FEAT|Improved Initiative
ABILITY:CATEGORY=FEAT|Point-Blank Shot
ABILITY:CATEGORY=FEAT|Power Attack
ABILITY:CATEGORY=FEAT|Skill Focus (Perception)
ABILITY:CATEGORY=FEAT|Toughness

STARTPACK:Fext Default	TYPE:Default Monster.Undead	VISIBLE:QUALIFY	EQUIPBUY:0	PREMULT:1,[PRERACE:1,Fext],[!PRERACE:1,%]
ALIGN:LE
RACE:Fext	!PRERACE:1,%
NAME:Fext
STAT:STR=10|DEX=10|INT=10|WIS=10|CHA=10
SKILL:Acrobatics	RANK:3
SKILL:Disguise	RANK:8
SKILL:Intimidate	RANK:13
SKILL:Knowledge (Engineering)	RANK:8
SKILL:Knowledge (Religion)	RANK:8
SKILL:Perception	RANK:15
SKILL:Sense Motive	RANK:4
SKILL:Stealth	RANK:10
ABILITY:CATEGORY=FEAT|Cleave
ABILITY:CATEGORY=FEAT|Dodge
ABILITY:CATEGORY=FEAT|Great Cleave
ABILITY:CATEGORY=FEAT|Improved Critical (bastard sword)
ABILITY:CATEGORY=FEAT|Mobility
ABILITY:CATEGORY=FEAT|Power Attack
ABILITY:CATEGORY=FEAT|Spring Attack
ABILITY:CATEGORY=FEAT|Weapon Focus (bastard sword)

STARTPACK:Genthodaemon Default	TYPE:Default Monster.Outsider	VISIBLE:QUALIFY	EQUIPBUY:0	PREMULT:1,[PRERACE:1,Genthodaemon],[!PRERACE:1,%]
ALIGN:NE
RACE:Genthodaemon	!PRERACE:1,%
NAME:Genthodaemon
STAT:STR=10|DEX=10|CON=10|INT=10|WIS=10|CHA=10
SKILL:Fly	RANK:4
SKILL:Intimidate	RANK:6
SKILL:Knowledge (Engineering)	RANK:6
SKILL:Knowledge (Planes)	RANK:6
SKILL:Perception	RANK:6
SKILL:Stealth	RANK:2
ABILITY:CATEGORY=FEAT|Power Attack
ABILITY:CATEGORY=FEAT|Weapon Focus (bite)
ABILITY:CATEGORY=FEAT|Weapon Focus (claws)

STARTPACK:Trench Mist Default	TYPE:Default Monster.Aberration	VISIBLE:QUALIFY	EQUIPBUY:0	PREMULT:1,[PRERACE:1,Trench Mist],[!PRERACE:1,%]
ALIGN:NE
RACE:Trench Mist	!PRERACE:1,%
NAME:Trench Mist
STAT:DEX=10|CON=10|INT=10|WIS=10|CHA=10
SKILL:Fly	RANK:15
SKILL:Perception	RANK:15
ABILITY:CATEGORY=FEAT|Ability Focus (engulfing mists)
ABILITY:CATEGORY=FEAT|Combat Reflexes
ABILITY:CATEGORY=FEAT|Dodge
ABILITY:CATEGORY=FEAT|Flyby Attack
ABILITY:CATEGORY=FEAT|Improved Initiative
ABILITY:CATEGORY=FEAT|Mobility
ABILITY:CATEGORY=FEAT|Skill Focus (Perception)
ABILITY:CATEGORY=FEAT|Weapon Finesse

STARTPACK:Trench Zombie Default	TYPE:Default Monster.Undead	VISIBLE:QUALIFY	EQUIPBUY:0	PREMULT:1,[PRERACE:1,Trench Zombie],[!PRERACE:1,%]
ALIGN:LN
RACE:Trench Zombie	!PRERACE:1,%
NAME:Trench Zombie
STAT:STR=10|DEX=10|INT=10|WIS=10|CHA=10
SKILL:Climb	RANK:6
SKILL:Craft (firearms)	RANK:1
SKILL:Knowledge (Engineering)	RANK:1
SKILL:Perception	RANK:3
SKILL:Profession (soldier)	RANK:1
SKILL:Ride	RANK:1
SKILL:Stealth	RANK:3
SKILL:Survival	RANK:1
ABILITY:CATEGORY=FEAT|Deadly Aim
ABILITY:CATEGORY=FEAT|Dodge
ABILITY:CATEGORY=FEAT|Improved Initiative
ABILITY:CATEGORY=FEAT|Point-Blank Shot
ABILITY:CATEGORY=FEAT|Precise Shot
ABILITY:CATEGORY=FEAT|Rapid Shot
ABILITY:CATEGORY=FEAT|Toughness
ABILITY:CATEGORY=FEAT|Weapon Focus (rifle)
ABILITY:CATEGORY=FEAT|Weapon Specialization (rifle)

