SOURCELONG:Undead Revisited	SOURCESHORT:UR	SOURCEWEB:http://paizo.com	SOURCEDATE:2010-01

Nightskitter	KEY:Nightskitter	STARTFEATS:1	SIZE:H	MOVE:Walk,30,Climb,30	REACH:15	BONUS:COMBAT|AC|1|TYPE=Deflection	BONUS:STAT|STR|18	BONUS:STAT|DEX|11	BONUS:STAT|INT|6	BONUS:STAT|WIS|9	BONUS:STAT|CHA|9	BONUS:VAR|AC_Natural_Armor|14|TYPE=Base	BONUS:VAR|DarkvisionRange|60|TYPE=Base	BONUS:VAR|HasLowlightVision|1|TYPE=Base	ABILITY:Internal|AUTOMATIC|Racial Traits ~ Nightskitter	LEGS:2	HANDS:2	NATURALATTACKS:Bite,Weapon.Natural.Weapon Group Natural.Melee.Finesseable.Bludgeoning.Piercing.Slashing,*1,4d8,SPROP=plus 4d6 cold and poison and poison	DEFINESTAT:NONSTAT|CON	SR:23	DR:15/good and silver	MONSTERCLASS:Undead:15	RACETYPE:Undead	RACESUBTYPE:Extraplanar|Nightshade	TYPE:Undead	CR:12	KIT:1|CE	AUTO:LANG|Abyssal|Common|Infernal; telepathy 100 ft.	FACT:BaseSize|H
Wight Lord	KEY:Wight Lord	STARTFEATS:1	SIZE:M	MOVE:Walk,30,Walk,40	REACH:5	BONUS:STAT|STR|14	BONUS:STAT|DEX|3	BONUS:STAT|INT|3	BONUS:STAT|WIS|5	BONUS:STAT|CHA|12	BONUS:VAR|AC_Natural_Armor|13|TYPE=Base	BONUS:VAR|DarkvisionRange|60|TYPE=Base	ABILITY:Internal|AUTOMATIC|Racial Traits ~ Wight Lord	LEGS:2	HANDS:2	DEFINESTAT:NONSTAT|CON	MONSTERCLASS:Undead:11	RACETYPE:Undead	TYPE:Undead	CR:9	KIT:1|LE	AUTO:LANG|Common	FACT:BaseSize|M
