SOURCELONG:Pathfinder Adventure Path #54	SOURCESHORT:AP54	SOURCEWEB:http://paizo.com	SOURCEDATE:2010-01

STARTPACK:Wind Yai Default	TYPE:Default Monster.Outsider	VISIBLE:QUALIFY	EQUIPBUY:0	PREMULT:1,[PRERACE:1,Wind Yai],[!PRERACE:1,%]
ALIGN:LE
RACE:Wind Yai	!PRERACE:1,%
NAME:Wind Yai
STAT:STR=10|DEX=10|CON=10|INT=10|WIS=10|CHA=10
SKILL:Bluff	RANK:20
SKILL:Disguise	RANK:20
SKILL:Fly	RANK:19
SKILL:Intimidate	RANK:20
SKILL:Perception	RANK:20
SKILL:Perform (string)	RANK:20
SKILL:Sense Motive	RANK:20
SKILL:Stealth	RANK:11
ABILITY:CATEGORY=FEAT|Awesome Blow
ABILITY:CATEGORY=FEAT|Cleave
ABILITY:CATEGORY=FEAT|Combat Casting
ABILITY:CATEGORY=FEAT|Combat Reflexes
ABILITY:CATEGORY=FEAT|Great Cleave
ABILITY:CATEGORY=FEAT|Great Fortitude
ABILITY:CATEGORY=FEAT|Improved Bull Rush
ABILITY:CATEGORY=FEAT|Power Attack
ABILITY:CATEGORY=FEAT|Quicken Spell-Like Ability (shout)
ABILITY:CATEGORY=FEAT|Weapon Focus (morningstar)

