SOURCELONG:Pathfinder Adventure Path #68	SOURCESHORT:AP68	SOURCEWEB:http://paizo.com	SOURCEDATE:2010-01

STARTPACK:Courage Heart Default	TYPE:Default Monster.Outsider	VISIBLE:QUALIFY	EQUIPBUY:0	PREMULT:1,[PRERACE:1,Courage Heart],[!PRERACE:1,%]
ALIGN:CG
RACE:Courage Heart	!PRERACE:1,%
NAME:Courage Heart
STAT:STR=10|DEX=10|CON=10|INT=10|WIS=10|CHA=10
SKILL:Bluff	RANK:9
SKILL:Climb	RANK:14
SKILL:Handle Animal	RANK:17
SKILL:Heal	RANK:12
SKILL:Intimidate	RANK:17
SKILL:Knowledge (Local)	RANK:16
SKILL:Perception	RANK:17
SKILL:Perform (oratory)	RANK:9
SKILL:Ride	RANK:4
SKILL:Sense Motive	RANK:17
SKILL:Spellcraft	RANK:16
SKILL:Stealth	RANK:17
SKILL:Survival	RANK:17
SKILL:Swim	RANK:14
ABILITY:CATEGORY=FEAT|Blind-Fight
ABILITY:CATEGORY=FEAT|Dazzling Display
ABILITY:CATEGORY=FEAT|Deflect Arrows
ABILITY:CATEGORY=FEAT|Improved Initiative
ABILITY:CATEGORY=FEAT|Improved Iron Will
ABILITY:CATEGORY=FEAT|Iron Will
ABILITY:CATEGORY=FEAT|LookoutB APG
ABILITY:CATEGORY=FEAT|OutflankB APG
ABILITY:CATEGORY=FEAT|Point-Blank Shot
ABILITY:CATEGORY=FEAT|Rapid Shot
ABILITY:CATEGORY=FEAT|Swap PlacesB APG
ABILITY:CATEGORY=FEAT|Vital Strike
ABILITY:CATEGORY=FEAT|Weapon Focus (morningstar)

STARTPACK:Dawn Piper Default	TYPE:Default Monster.Fey	VISIBLE:QUALIFY	EQUIPBUY:0	PREMULT:1,[PRERACE:1,Dawn Piper],[!PRERACE:1,%]
ALIGN:CN
RACE:Dawn Piper	!PRERACE:1,%
NAME:Dawn Piper
STAT:STR=10|DEX=10|CON=10|INT=10|WIS=10|CHA=10
SKILL:Acrobatics	RANK:5
SKILL:Bluff	RANK:5
SKILL:Craft (musical instruments)	RANK:1
SKILL:Diplomacy	RANK:4
SKILL:Knowledge (Nature)	RANK:5
SKILL:Knowledge (Planes)	RANK:3
SKILL:Perception	RANK:6
SKILL:Perform (wind)	RANK:6
SKILL:Sense Motive	RANK:4
SKILL:Spellcraft	RANK:3
SKILL:Stealth	RANK:3
SKILL:Use Magic Device	RANK:7
ABILITY:CATEGORY=FEAT|Dodge
ABILITY:CATEGORY=FEAT|Improved Initiative
ABILITY:CATEGORY=FEAT|Mobility
ABILITY:CATEGORY=FEAT|Weapon Finesse

STARTPACK:Mirror Man Default	TYPE:Default Monster.Construct	VISIBLE:QUALIFY	EQUIPBUY:0	PREMULT:1,[PRERACE:1,Mirror Man],[!PRERACE:1,%]
ALIGN:NE
RACE:Mirror Man	!PRERACE:1,%
NAME:Mirror Man
STAT:STR=10|DEX=10|INT=10|WIS=10|CHA=10
SKILL:Knowledge (Local)	RANK:3
SKILL:Knowledge (Nobility)	RANK:3
SKILL:Linguistics	RANK:2
SKILL:Perception	RANK:6
SKILL:Sense Motive	RANK:6
SKILL:Stealth	RANK:1
SKILL:Survival	RANK:1
ABILITY:CATEGORY=FEAT|Alertness
ABILITY:CATEGORY=FEAT|Dodge
ABILITY:CATEGORY=FEAT|Quick Draw

STARTPACK:Winter Fey Default	TYPE:Default Monster.Fey	VISIBLE:QUALIFY	EQUIPBUY:0	PREMULT:1,[PRERACE:1,Winter Fey],[!PRERACE:1,%]
ALIGN:NE
RACE:Winter Fey	!PRERACE:1,%
NAME:Winter Fey
STAT:STR=10|DEX=10|CON=10|INT=10|WIS=10|CHA=10
SKILL:Acrobatics	RANK:8
SKILL:Bluff	RANK:8
SKILL:Climb	RANK:8
SKILL:Escape Artist	RANK:8
SKILL:Intimidate	RANK:5
SKILL:Knowledge (Nature)	RANK:8
SKILL:Perception	RANK:8
SKILL:Sense Motive	RANK:8
SKILL:Stealth	RANK:8
SKILL:Survival	RANK:1
ABILITY:CATEGORY=FEAT|Cleave
ABILITY:CATEGORY=FEAT|Improved Initiative
ABILITY:CATEGORY=FEAT|Power Attack
ABILITY:CATEGORY=FEAT|Weapon Focus (scythe)

