SOURCELONG:Undead Revisited	SOURCESHORT:UR	SOURCEWEB:http://paizo.com	SOURCEDATE:2010-01

STARTPACK:Nightskitter Default	TYPE:Default Monster.Undead	VISIBLE:QUALIFY	EQUIPBUY:0	PREMULT:1,[PRERACE:1,Nightskitter],[!PRERACE:1,%]
ALIGN:CE
RACE:Nightskitter	!PRERACE:1,%
NAME:Nightskitter
STAT:STR=10|DEX=10|INT=10|WIS=10|CHA=10
SKILL:Acrobatics	RANK:12
SKILL:Climb	RANK:15
SKILL:Knowledge (Arcana)	RANK:15
SKILL:Knowledge (Religion)	RANK:15
SKILL:Perception	RANK:15
SKILL:Spellcraft	RANK:15
SKILL:Stealth	RANK:7
ABILITY:CATEGORY=FEAT|Combat Reflexes
ABILITY:CATEGORY=FEAT|Command Undead
ABILITY:CATEGORY=FEAT|Dodge
ABILITY:CATEGORY=FEAT|Improved Critical (bite)
ABILITY:CATEGORY=FEAT|Lightning Reflexes
ABILITY:CATEGORY=FEAT|Mobility
ABILITY:CATEGORY=FEAT|Power Attack
ABILITY:CATEGORY=FEAT|Spring Attack

STARTPACK:Wight Lord Default	TYPE:Default Monster.Undead	VISIBLE:QUALIFY	EQUIPBUY:0	PREMULT:1,[PRERACE:1,Wight Lord],[!PRERACE:1,%]
ALIGN:LE
RACE:Wight Lord	!PRERACE:1,%
NAME:Wight Lord
STAT:STR=10|DEX=10|INT=10|WIS=10|CHA=10
SKILL:Climb	RANK:5
SKILL:Intimidate	RANK:11
SKILL:Perception	RANK:11
SKILL:Sense Motive	RANK:11
SKILL:Stealth	RANK:5
ABILITY:CATEGORY=FEAT|Improved Initiative
ABILITY:CATEGORY=FEAT|Lightning Reflexes
ABILITY:CATEGORY=FEAT|Power Attack
ABILITY:CATEGORY=FEAT|Quick Draw
ABILITY:CATEGORY=FEAT|Vital Strike
ABILITY:CATEGORY=FEAT|Weapon Focus (falchion)

