SOURCELONG:Pathfinder Adventure Path #58	SOURCESHORT:AP58	SOURCEWEB:http://paizo.com	SOURCEDATE:2010-01

STARTPACK:Coral Capuchin Default	TYPE:Default Monster.Magical Beast	VISIBLE:QUALIFY	EQUIPBUY:0	PREMULT:1,[PRERACE:1,Coral Capuchin],[!PRERACE:1,%]
ALIGN:TN
RACE:Coral Capuchin	!PRERACE:1,%
NAME:Coral Capuchin
STAT:STR=10|DEX=10|CON=10|INT=10|WIS=10|CHA=10
SKILL:Climb	RANK:2
SKILL:Fly	RANK:2
SKILL:Sleight of Hand	RANK:2
SKILL:Stealth	RANK:2
SKILL:Swim	RANK:2
ABILITY:CATEGORY=FEAT|Weapon Finesse

STARTPACK:Deinosuchus Default	TYPE:Default Monster.Animal	VISIBLE:QUALIFY	EQUIPBUY:0	PREMULT:1,[PRERACE:1,Deinosuchus],[!PRERACE:1,%]
ALIGN:TN
RACE:Deinosuchus	!PRERACE:1,%
NAME:Deinosuchus
STAT:STR=10|DEX=10|CON=10|INT=10|WIS=10|CHA=10
SKILL:Perception	RANK:9
SKILL:Stealth	RANK:1
SKILL:Swim	RANK:5
ABILITY:CATEGORY=FEAT|Awesome Blow (tail slap only)
ABILITY:CATEGORY=FEAT|Improved Initiative
ABILITY:CATEGORY=FEAT|Iron Will
ABILITY:CATEGORY=FEAT|Lightning Reflexes
ABILITY:CATEGORY=FEAT|Skill Focus (Perception
ABILITY:CATEGORY=FEAT|Stealth)
ABILITY:CATEGORY=FEAT|Weapon Focus (bite)

STARTPACK:Marine Crocodile Default	TYPE:Default Monster.Animal	VISIBLE:QUALIFY	EQUIPBUY:0	PREMULT:1,[PRERACE:1,Marine Crocodile],[!PRERACE:1,%]
ALIGN:TN
RACE:Marine Crocodile	!PRERACE:1,%
NAME:Marine Crocodile
STAT:STR=10|DEX=10|CON=10|INT=10|WIS=10|CHA=10
SKILL:Perception	RANK:4
SKILL:Swim	RANK:4
ABILITY:CATEGORY=FEAT|Improved Initiative
ABILITY:CATEGORY=FEAT|Skill Focus (Perception)

STARTPACK:Oracular Cyclops Default	TYPE:Default Monster.Humanoid	VISIBLE:QUALIFY	EQUIPBUY:0	PREMULT:1,[PRERACE:1,Oracular Cyclops],[!PRERACE:1,%]
ALIGN:NE
RACE:Oracular Cyclops	!PRERACE:1,%
NAME:Oracular Cyclops
STAT:STR=10|DEX=10|CON=10|INT=10|WIS=10|CHA=10
SKILL:Bluff	RANK:7
SKILL:Intimidate	RANK:6
SKILL:Perception	RANK:14
SKILL:Profession (soothsayer)	RANK:10
SKILL:Sense Motive	RANK:11
SKILL:Survival	RANK:2
ABILITY:CATEGORY=FEAT|Alertness
ABILITY:CATEGORY=FEAT|Blind-Fight
ABILITY:CATEGORY=FEAT|Cleave
ABILITY:CATEGORY=FEAT|Combat Reflexes
ABILITY:CATEGORY=FEAT|Great Cleave
ABILITY:CATEGORY=FEAT|Improved Bull Rush
ABILITY:CATEGORY=FEAT|Power Attack

STARTPACK:Saltwater Crocodile Default	TYPE:Default Monster.Animal	VISIBLE:QUALIFY	EQUIPBUY:0	PREMULT:1,[PRERACE:1,Saltwater Crocodile],[!PRERACE:1,%]
ALIGN:TN
RACE:Saltwater Crocodile	!PRERACE:1,%
NAME:Saltwater Crocodile
STAT:STR=10|DEX=10|CON=10|INT=10|WIS=10|CHA=10
SKILL:Perception	RANK:5
SKILL:Stealth	RANK:1
SKILL:Swim	RANK:5
ABILITY:CATEGORY=FEAT|Improved Initiative
ABILITY:CATEGORY=FEAT|Skill Focus (Perception)
ABILITY:CATEGORY=FEAT|Skill Focus (Stealth)

STARTPACK:Savage Great Cyclops Default	TYPE:Default Monster.Humanoid	VISIBLE:QUALIFY	EQUIPBUY:0	PREMULT:1,[PRERACE:1,Savage Great Cyclops],[!PRERACE:1,%]
ALIGN:CE
RACE:Savage Great Cyclops	!PRERACE:1,%
NAME:Savage Great Cyclops
STAT:STR=10|DEX=10|CON=10|INT=10|WIS=10|CHA=10
SKILL:Climb	RANK:3
SKILL:Intimidate	RANK:12
SKILL:Perception	RANK:17
ABILITY:CATEGORY=FEAT|Awesome Blow
ABILITY:CATEGORY=FEAT|Cleave
ABILITY:CATEGORY=FEAT|Critical Focus
ABILITY:CATEGORY=FEAT|Diehard
ABILITY:CATEGORY=FEAT|Endurance
ABILITY:CATEGORY=FEAT|Improved Bull Rush
ABILITY:CATEGORY=FEAT|Iron Will
ABILITY:CATEGORY=FEAT|Lightning Reflexes
ABILITY:CATEGORY=FEAT|Power Attack
ABILITY:CATEGORY=FEAT|Staggering Critical
ABILITY:CATEGORY=FEAT|Vital Strike
ABILITY:CATEGORY=FEAT|Weapon Focus (greatclub)

STARTPACK:Tetrolimulus Default	TYPE:Default Monster.Magical Beast	VISIBLE:QUALIFY	EQUIPBUY:0	PREMULT:1,[PRERACE:1,Tetrolimulus],[!PRERACE:1,%]
ALIGN:NE
RACE:Tetrolimulus	!PRERACE:1,%
NAME:Tetrolimulus
STAT:STR=10|DEX=10|CON=10|INT=10|WIS=10|CHA=10
SKILL:Climb	RANK:1
SKILL:Perception	RANK:3
SKILL:Survival	RANK:10
ABILITY:CATEGORY=FEAT|Endurance
ABILITY:CATEGORY=FEAT|Great Fortitude
ABILITY:CATEGORY=FEAT|Improved Initiative
ABILITY:CATEGORY=FEAT|Iron Will
ABILITY:CATEGORY=FEAT|Lunge
ABILITY:CATEGORY=FEAT|Multiattack
ABILITY:CATEGORY=FEAT|Run

