SOURCELONG:Lost Kingdoms	SOURCESHORT:LK	SOURCEWEB:http://paizo.com/products/btpy8sa7	SOURCEDATE:2012-06

Behemoth Golem	KEY:Behemoth Golem	SIZE:C	MOVE:Walk,30	REACH:30	BONUS:STAT|STR|32	BONUS:STAT|DEX|-1	BONUS:STAT|WIS|5	BONUS:STAT|CHA|-9	BONUS:VAR|AC_Natural_Armor|30|TYPE=Base	BONUS:VAR|DarkvisionRange|60|TYPE=Base	BONUS:VAR|HasLowlightVision|1|TYPE=Base	ABILITY:Internal|AUTOMATIC|Racial Traits ~ Behemoth Golem	LEGS:2	HANDS:2	NATURALATTACKS:Gore,Weapon.Natural.Weapon Group Natural.Melee.Finesseable.Piercing,*1,4d8|Slam,Weapon.Natural.Weapon Group Natural.Melee.Finesseable.Bludgeoning,*2,3d6	DEFINESTAT:NONSTAT|CON	DEFINESTAT:NONSTAT|INT	DR:15/adamantine	MONSTERCLASS:Construct:23	RACETYPE:Construct	TYPE:Construct	CR:17	KIT:1|TN	FACT:BaseSize|C
Inverted Giant	KEY:Inverted Giant	STARTFEATS:1	SIZE:H	MOVE:Walk,30	REACH:15	BONUS:STAT|STR|19	BONUS:STAT|DEX|4	BONUS:STAT|CON|10	BONUS:STAT|INT|-1	BONUS:STAT|WIS|1	BONUS:STAT|CHA|6	BONUS:VAR|AC_Natural_Armor|15|TYPE=Base	BONUS:VAR|BlindsightRange|60|TYPE=Base	ABILITY:Internal|AUTOMATIC|Racial Traits ~ Inverted Giant	LEGS:2	HANDS:2	NATURALATTACKS:Bite,Weapon.Natural.Weapon Group Natural.Melee.Finesseable.Bludgeoning.Piercing.Slashing,*1,2d8,SPROP=plus grab and grab|Claw,Weapon.Natural.Weapon Group Natural.Melee.Finesseable.Slashing,*2,1d8,SPROP=plus 1d6 energy	MONSTERCLASS:Humanoid:16	RACETYPE:Humanoid	RACESUBTYPE:Giant	TYPE:Humanoid	CR:11	KIT:1|CE	AUTO:LANG|Giant|Thassilonian (can't speak)	FACT:BaseSize|H
Ngoga	KEY:Ngoga	STARTFEATS:1	SIZE:L	MOVE:Walk,40,Climb,40	REACH:10	BONUS:STAT|STR|13	BONUS:STAT|DEX|10	BONUS:STAT|CON|8	BONUS:STAT|INT|-8	BONUS:STAT|WIS|3	BONUS:STAT|CHA|-1	BONUS:VAR|AC_Natural_Armor|6|TYPE=Base	BONUS:VAR|DarkvisionRange|60|TYPE=Base	BONUS:VAR|HasLowlightVision|1|TYPE=Base	ABILITY:Internal|AUTOMATIC|Racial Traits ~ Ngoga	LEGS:4	HANDS:0	NATURALATTACKS:Bite,Weapon.Natural.Weapon Group Natural.Melee.Finesseable.Bludgeoning.Piercing.Slashing,*1,1d8|Claw,Weapon.Natural.Weapon Group Natural.Melee.Finesseable.Slashing,*2,1d6	MONSTERCLASS:Magical Beast:9	RACETYPE:Magical Beast	TYPE:Magical Beast	CR:7	KIT:1|TN	FACT:BaseSize|L
Ubashki Lynx	KEY:Ubashki Lynx	STARTFEATS:1	SIZE:L	MOVE:Walk,30	REACH:10	BONUS:STAT|STR|11	BONUS:STAT|DEX|7	BONUS:STAT|INT|-8	BONUS:STAT|WIS|2	BONUS:STAT|CHA|5	BONUS:VAR|AC_Natural_Armor|5|TYPE=Base	BONUS:VAR|DarkvisionRange|60|TYPE=Base	ABILITY:Internal|AUTOMATIC|Racial Traits ~ Ubashki Lynx	LEGS:2	HANDS:2	NATURALATTACKS:Bite,Weapon.Natural.Weapon Group Natural.Melee.Finesseable.Bludgeoning.Piercing.Slashing,*1,2d6,SPROP=plus ubashki rot|Claw,Weapon.Natural.Weapon Group Natural.Melee.Finesseable.Slashing,*2,1d8	DEFINESTAT:NONSTAT|CON	MONSTERCLASS:Undead:8	RACETYPE:Undead	TYPE:Undead	CR:6	KIT:1|NE	FACT:BaseSize|L
Ubashki Swarm	KEY:Ubashki Swarm	STARTFEATS:1	SIZE:T	MOVE:Walk,30	REACH:0	BONUS:STAT|STR|-5	BONUS:STAT|DEX|7	BONUS:STAT|INT|-8	BONUS:STAT|CHA|5	BONUS:VAR|DarkvisionRange|60|TYPE=Base	ABILITY:Internal|AUTOMATIC|Racial Traits ~ Ubashki Swarm	LEGS:2	HANDS:2	DEFINESTAT:NONSTAT|CON	MONSTERCLASS:Undead:3	RACETYPE:Undead	RACESUBTYPE:Swarm	TYPE:Undead	CR:2	KIT:1|NE	FACT:BaseSize|T
Vescavor Swarm	KEY:Vescavor Swarm	STARTFEATS:1	SIZE:D	MOVE:Walk,30,Fly,40	REACH:0	BONUS:STAT|STR|-3	BONUS:STAT|DEX|7	BONUS:STAT|CON|6	BONUS:STAT|INT|-6	BONUS:STAT|WIS|3	BONUS:STAT|CHA|2	BONUS:VAR|AC_Natural_Armor|2|TYPE=Base	BONUS:VAR|DarkvisionRange|60|TYPE=Base	BONUS:VAR|Maneuverability|4	ABILITY:Internal|AUTOMATIC|Racial Traits ~ Vescavor Swarm	LEGS:2	HANDS:2	SR:16	MONSTERCLASS:Outsider (Fort/Ref):5	RACETYPE:Outsider	RACESUBTYPE:Chaotic|Evil|Extraplanar	TYPE:Outsider	CR:5	KIT:1|CE	AUTO:LANG|Abyssal	FACT:BaseSize|D
