SOURCELONG:The Worldwound	SOURCESHORT:TWW	SOURCEWEB:http://paizo.com/products/btpy8yvk	SOURCEDATE:2013-07

STARTPACK:Abrikandilu Default	TYPE:Default Monster.Outsider	VISIBLE:QUALIFY	EQUIPBUY:0	PREMULT:1,[PRERACE:1,Abrikandilu],[!PRERACE:1,%]
ALIGN:CE
RACE:Abrikandilu	!PRERACE:1,%
NAME:Abrikandilu
STAT:STR=10|DEX=10|CON=10|INT=10|WIS=10|CHA=10
SKILL:Appraise	RANK:5
SKILL:Climb	RANK:5
SKILL:Disable Device	RANK:5
SKILL:Perception	RANK:5
ABILITY:CATEGORY=FEAT|Improved Sunder
ABILITY:CATEGORY=FEAT|Iron Will
ABILITY:CATEGORY=FEAT|Power Attack
ABILITY:CATEGORY=FEAT|Throw Anything

STARTPACK:Demonic Deadfall Scorpion Default	TYPE:Default Monster.Magical Beast	VISIBLE:QUALIFY	EQUIPBUY:0	PREMULT:1,[PRERACE:1,Demonic Deadfall Scorpion],[!PRERACE:1,%]
ALIGN:CE
RACE:Demonic Deadfall Scorpion	!PRERACE:1,%
NAME:Demonic Deadfall Scorpion
STAT:STR=10|DEX=10|CON=10|INT=10|WIS=10|CHA=10
SKILL:Acrobatics	RANK:10
SKILL:Climb	RANK:10
SKILL:Perception	RANK:10
SKILL:Stealth	RANK:10
ABILITY:CATEGORY=FEAT|Dodge
ABILITY:CATEGORY=FEAT|Iron Will
ABILITY:CATEGORY=FEAT|Lightning Reflexes
ABILITY:CATEGORY=FEAT|Power Attack
ABILITY:CATEGORY=FEAT|Skill Focus (Stealth)
ABILITY:CATEGORY=FEAT|Toughness
ABILITY:CATEGORY=FEAT|Vital Strike

STARTPACK:Derakni Default	TYPE:Default Monster.Outsider	VISIBLE:QUALIFY	EQUIPBUY:0	PREMULT:1,[PRERACE:1,Derakni],[!PRERACE:1,%]
ALIGN:CE
RACE:Derakni	!PRERACE:1,%
NAME:Derakni
STAT:STR=10|DEX=10|CON=10|INT=10|WIS=10|CHA=10
SKILL:Acrobatics	RANK:11
SKILL:Fly	RANK:11
SKILL:Perception	RANK:11
SKILL:Stealth	RANK:7
SKILL:Survival	RANK:11
ABILITY:CATEGORY=FEAT|Flyby Attack
ABILITY:CATEGORY=FEAT|Improved Critical (sting)
ABILITY:CATEGORY=FEAT|Improved Initiative
ABILITY:CATEGORY=FEAT|Iron Will
ABILITY:CATEGORY=FEAT|Power Attack
ABILITY:CATEGORY=FEAT|Quicken Spell-Like Ability (summon swarm)

STARTPACK:Dwiergeth Default	TYPE:Default Monster.Aberration	VISIBLE:QUALIFY	EQUIPBUY:0	PREMULT:1,[PRERACE:1,Dwiergeth],[!PRERACE:1,%]
ALIGN:CE
RACE:Dwiergeth	!PRERACE:1,%
NAME:Dwiergeth
STAT:STR=10|DEX=10|CON=10|INT=10|WIS=10|CHA=10
SKILL:Climb	RANK:13
SKILL:Perception	RANK:6
ABILITY:CATEGORY=FEAT|Combat Reflexes
ABILITY:CATEGORY=FEAT|Dodge
ABILITY:CATEGORY=FEAT|Improved Critical (bites)
ABILITY:CATEGORY=FEAT|Improved Initiative
ABILITY:CATEGORY=FEAT|Mobility
ABILITY:CATEGORY=FEAT|Spring Attack
ABILITY:CATEGORY=FEAT|Wind Stance

STARTPACK:Gallu Default	TYPE:Default Monster.Outsider	VISIBLE:QUALIFY	EQUIPBUY:0	PREMULT:1,[PRERACE:1,Gallu],[!PRERACE:1,%]
ALIGN:CE
RACE:Gallu	!PRERACE:1,%
NAME:Gallu
STAT:STR=10|DEX=10|CON=10|INT=10|WIS=10|CHA=10
SKILL:Bluff	RANK:19
SKILL:Disguise	RANK:19
SKILL:Fly	RANK:19
SKILL:Intimidate	RANK:19
SKILL:Knowledge (Engineering)	RANK:19
SKILL:Knowledge (History)	RANK:19
SKILL:Knowledge (Planes)	RANK:19
SKILL:Perception	RANK:19
SKILL:Ride	RANK:19
SKILL:Sense Motive	RANK:19
ABILITY:CATEGORY=FEAT|Critical Focus
ABILITY:CATEGORY=FEAT|Improved Bull Rush
ABILITY:CATEGORY=FEAT|Improved Critical (falchion)
ABILITY:CATEGORY=FEAT|Improved Initiative
ABILITY:CATEGORY=FEAT|Improved Vital Strike
ABILITY:CATEGORY=FEAT|Lightning Reflexes
ABILITY:CATEGORY=FEAT|Power Attack
ABILITY:CATEGORY=FEAT|Quicken Spell-Like Ability (hold monster)
ABILITY:CATEGORY=FEAT|Staggering Critical
ABILITY:CATEGORY=FEAT|Vital Strike

STARTPACK:Gibrileth Default	TYPE:Default Monster.Outsider	VISIBLE:QUALIFY	EQUIPBUY:0	PREMULT:1,[PRERACE:1,Gibrileth],[!PRERACE:1,%]
ALIGN:CE
RACE:Gibrileth	!PRERACE:1,%
NAME:Gibrileth
STAT:STR=10|DEX=10|CON=10|INT=10|WIS=10|CHA=10
SKILL:Fly	RANK:11
SKILL:Knowledge (Dungeoneering)	RANK:11
SKILL:Knowledge (Planes)	RANK:11
SKILL:Perception	RANK:11
SKILL:Sense Motive	RANK:11
SKILL:Stealth	RANK:7
SKILL:Survival	RANK:11
ABILITY:CATEGORY=FEAT|Combat Expertise
ABILITY:CATEGORY=FEAT|Combat Reflexes
ABILITY:CATEGORY=FEAT|Greater Trip
ABILITY:CATEGORY=FEAT|Improved Initiative
ABILITY:CATEGORY=FEAT|Improved Trip
ABILITY:CATEGORY=FEAT|Lightning Reflexes

STARTPACK:Grimslake Default	TYPE:Default Monster.Aberration	VISIBLE:QUALIFY	EQUIPBUY:0	PREMULT:1,[PRERACE:1,Grimslake],[!PRERACE:1,%]
ALIGN:CE
RACE:Grimslake	!PRERACE:1,%
NAME:Grimslake
STAT:STR=10|DEX=10|CON=10|INT=10|WIS=10|CHA=10
SKILL:Climb	RANK:8
SKILL:Perception	RANK:8
ABILITY:CATEGORY=FEAT|Improved Initiative
ABILITY:CATEGORY=FEAT|Iron Will
ABILITY:CATEGORY=FEAT|Lightning Reflexes
ABILITY:CATEGORY=FEAT|Step Up

STARTPACK:Kithangian Default	TYPE:Default Monster.Outsider	VISIBLE:QUALIFY	EQUIPBUY:0	PREMULT:1,[PRERACE:1,Kithangian],[!PRERACE:1,%]
ALIGN:CE
RACE:Kithangian	!PRERACE:1,%
NAME:Kithangian
STAT:STR=10|DEX=10|CON=10|INT=10|WIS=10|CHA=10
SKILL:Handle Animal	RANK:11
SKILL:Intimidate	RANK:11
SKILL:Perception	RANK:11
SKILL:Stealth	RANK:7
ABILITY:CATEGORY=FEAT|Improved Critical (claw)
ABILITY:CATEGORY=FEAT|Improved Critical (sting)
ABILITY:CATEGORY=FEAT|Improved Initiative
ABILITY:CATEGORY=FEAT|Lightning Reflexes
ABILITY:CATEGORY=FEAT|Power Attack
ABILITY:CATEGORY=FEAT|Quicken Spell-Like Ability (unnatural lust)

STARTPACK:Lilitu Default	TYPE:Default Monster.Outsider	VISIBLE:QUALIFY	EQUIPBUY:0	PREMULT:1,[PRERACE:1,Lilitu],[!PRERACE:1,%]
ALIGN:CE
RACE:Lilitu	!PRERACE:1,%
NAME:Lilitu
STAT:STR=10|DEX=10|CON=10|INT=10|WIS=10|CHA=10
SKILL:Acrobatics	RANK:17
SKILL:Bluff	RANK:17
SKILL:Diplomacy	RANK:17
SKILL:Disguise	RANK:17
SKILL:Fly	RANK:17
SKILL:Intimidate	RANK:14
SKILL:Knowledge (Local)	RANK:17
SKILL:Knowledge (Nobility)	RANK:17
SKILL:Knowledge (Religion)	RANK:14
SKILL:Perception	RANK:17
SKILL:Sense Motive	RANK:17
ABILITY:CATEGORY=FEAT|Critical Focus
ABILITY:CATEGORY=FEAT|Deceitful
ABILITY:CATEGORY=FEAT|Dodge
ABILITY:CATEGORY=FEAT|Improved Critical (claws)
ABILITY:CATEGORY=FEAT|Mobility
ABILITY:CATEGORY=FEAT|Power Attack
ABILITY:CATEGORY=FEAT|Quicken Spell-Like Ability (charm monster)
ABILITY:CATEGORY=FEAT|Spring Attack
ABILITY:CATEGORY=FEAT|Staggering Critical

STARTPACK:Oolioddroo Default	TYPE:Default Monster.Outsider	VISIBLE:QUALIFY	EQUIPBUY:0	PREMULT:1,[PRERACE:1,Oolioddroo],[!PRERACE:1,%]
ALIGN:CE
RACE:Oolioddroo	!PRERACE:1,%
NAME:Oolioddroo
STAT:STR=10|DEX=10|CON=10|INT=10|WIS=10|CHA=10
SKILL:Acrobatics	RANK:11
SKILL:Bluff	RANK:14
SKILL:Diplomacy	RANK:14
SKILL:Fly	RANK:14
SKILL:Knowledge (Arcana)	RANK:14
SKILL:Knowledge (Planes)	RANK:14
SKILL:Perception	RANK:14
SKILL:Sense Motive	RANK:14
SKILL:Spellcraft	RANK:14
SKILL:Stealth	RANK:14
SKILL:Use Magic Device	RANK:14
ABILITY:CATEGORY=FEAT|Dodge
ABILITY:CATEGORY=FEAT|Lightning Stance
ABILITY:CATEGORY=FEAT|Mobility
ABILITY:CATEGORY=FEAT|Quicken Spell-Like Ability (invisibility)
ABILITY:CATEGORY=FEAT|Spring Attack
ABILITY:CATEGORY=FEAT|Weapon Finesse
ABILITY:CATEGORY=FEAT|Wind Stance

STARTPACK:Plagued Steed Default	TYPE:Default Monster.Undead	VISIBLE:QUALIFY	EQUIPBUY:0	PREMULT:1,[PRERACE:1,Plagued Steed],[!PRERACE:1,%]
ALIGN:NE
RACE:Plagued Steed	!PRERACE:1,%
NAME:Plagued Steed
STAT:STR=10|DEX=10|INT=10|WIS=10|CHA=10
SKILL:Perception	RANK:2
ABILITY:CATEGORY=FEAT|Endurance
ABILITY:CATEGORY=FEAT|Run
ABILITY:CATEGORY=FEAT|Toughness

STARTPACK:Riftcreeper Default	TYPE:Default Monster.Ooze	VISIBLE:QUALIFY	EQUIPBUY:0	PREMULT:1,[PRERACE:1,Riftcreeper],[!PRERACE:1,%]
ALIGN:CE
RACE:Riftcreeper	!PRERACE:1,%
NAME:Riftcreeper
STAT:STR=10|DEX=10|CON=10|INT=10|WIS=10|CHA=10
SKILL:Climb	RANK:15
SKILL:Swim	RANK:5
ABILITY:CATEGORY=FEAT|Awesome Blow
ABILITY:CATEGORY=FEAT|Combat Reflexes
ABILITY:CATEGORY=FEAT|Improved Bull Rush
ABILITY:CATEGORY=FEAT|Improved Initiative
ABILITY:CATEGORY=FEAT|Improved Vital Strike
ABILITY:CATEGORY=FEAT|Power Attack
ABILITY:CATEGORY=FEAT|Vital Strike
ABILITY:CATEGORY=FEAT|Weapon Focus (slam)

STARTPACK:Siabrae Default	TYPE:Default Monster.Undead	VISIBLE:QUALIFY	EQUIPBUY:0	PREMULT:1,[PRERACE:1,Siabrae],[!PRERACE:1,%]
ALIGN:NE
RACE:Siabrae	!PRERACE:1,%
NAME:Siabrae
STAT:STR=10|DEX=10|INT=10|WIS=10|CHA=10
SKILL:Intimidate	RANK:7
SKILL:Knowledge (Nature)	RANK:14
SKILL:Knowledge (Planes)	RANK:7
SKILL:Knowledge (Religion)	RANK:14
SKILL:Perception	RANK:14
SKILL:Sense Motive	RANK:14
SKILL:Stealth	RANK:14
SKILL:Survival	RANK:1
ABILITY:CATEGORY=FEAT|Craft Magic Arms and Armor
ABILITY:CATEGORY=FEAT|Craft Wondrous Item
ABILITY:CATEGORY=FEAT|Defensive Combat Training
ABILITY:CATEGORY=FEAT|Extend Spell
ABILITY:CATEGORY=FEAT|Improved Initiative
ABILITY:CATEGORY=FEAT|Improved Lightning Reflexes
ABILITY:CATEGORY=FEAT|Lightning Reflexes
ABILITY:CATEGORY=FEAT|Quicken Spell
ABILITY:CATEGORY=FEAT|Toughness

STARTPACK:Urannag Default	TYPE:Default Monster.Construct	VISIBLE:QUALIFY	EQUIPBUY:0	PREMULT:1,[PRERACE:1,Urannag],[!PRERACE:1,%]
ALIGN:CE
RACE:Urannag	!PRERACE:1,%
NAME:Urannag
STAT:STR=10|DEX=10|INT=10|WIS=10|CHA=10
SKILL:Perception	RANK:11
SKILL:Stealth	RANK:6
ABILITY:CATEGORY=FEAT|Great Fortitude
ABILITY:CATEGORY=FEAT|Improved Initiative
ABILITY:CATEGORY=FEAT|Lightning Reflexes
ABILITY:CATEGORY=FEAT|Skill Focus (Perception)
ABILITY:CATEGORY=FEAT|Skill Focus (Stealth)
ABILITY:CATEGORY=FEAT|Weapon Focus (arms)

STARTPACK:Warmonger Wasp Default	TYPE:Default Monster.Construct	VISIBLE:QUALIFY	EQUIPBUY:0	PREMULT:1,[PRERACE:1,Warmonger Wasp],[!PRERACE:1,%]
ALIGN:CE
RACE:Warmonger Wasp	!PRERACE:1,%
NAME:Warmonger Wasp
STAT:STR=10|DEX=10|INT=10|WIS=10|CHA=10
SKILL:Fly	RANK:5
SKILL:Perception	RANK:9
SKILL:Stealth	RANK:4
ABILITY:CATEGORY=FEAT|Ability Focus (poison)
ABILITY:CATEGORY=FEAT|Great Fortitude
ABILITY:CATEGORY=FEAT|Improved Critical (sting)
ABILITY:CATEGORY=FEAT|Improved Initiative
ABILITY:CATEGORY=FEAT|Weapon Finesse

STARTPACK:Warped One Default	TYPE:Default Monster.Outsider	VISIBLE:QUALIFY	EQUIPBUY:0	PREMULT:1,[PRERACE:1,Warped One],[!PRERACE:1,%]
ALIGN:CE
RACE:Warped One	!PRERACE:1,%
NAME:Warped One
STAT:STR=10|DEX=10|CON=10|INT=10|WIS=10|CHA=10
SKILL:Acrobatics	RANK:10
SKILL:Climb	RANK:10
SKILL:Knowledge (Planes)	RANK:10
SKILL:Perception	RANK:10
SKILL:Stealth	RANK:10
SKILL:Swim	RANK:10
SKILL:Use Magic Device	RANK:10
ABILITY:CATEGORY=FEAT|Combat Reflexes
ABILITY:CATEGORY=FEAT|Improved Critical (claws)
ABILITY:CATEGORY=FEAT|Improved Initiative
ABILITY:CATEGORY=FEAT|Lightning Reflexes
ABILITY:CATEGORY=FEAT|Skill Focus (Stealth)

