SOURCELONG:The Worldwound	SOURCESHORT:TWW	SOURCEWEB:http://paizo.com/products/btpy8yvk	SOURCEDATE:2013-07

Abrikandilu	KEY:Abrikandilu	STARTFEATS:1	SIZE:M	MOVE:Walk,30	REACH:5	BONUS:STAT|STR|5	BONUS:STAT|DEX|1	BONUS:STAT|CON|2	BONUS:STAT|INT|-4	BONUS:STAT|CHA|3	BONUS:VAR|AC_Natural_Armor|5|TYPE=Base	BONUS:VAR|DarkvisionRange|60|TYPE=Base	ABILITY:Internal|AUTOMATIC|Racial Traits ~ Abrikandilu	LEGS:2	HANDS:2	NATURALATTACKS:Bite,Weapon.Natural.Weapon Group Natural.Melee.Finesseable.Bludgeoning.Piercing.Slashing,*1,1d6,SPROP=plus mutilation|Claw,Weapon.Natural.Weapon Group Natural.Melee.Finesseable.Slashing,*2,1d4	MONSTERCLASS:Outsider (Fort/Ref):5	RACETYPE:Outsider	RACESUBTYPE:Chaotic|Demon|Evil|Extraplanar	TYPE:Outsider	CR:3	KIT:1|CE	AUTO:LANG|Abyssal|Celestial|Draconic; telepathy 100 ft.	FACT:BaseSize|M
Demonic Deadfall Scorpion	KEY:Demonic Deadfall Scorpion	STARTFEATS:1	SIZE:H	MOVE:Walk,50	REACH:15	BONUS:COMBAT|AC|1|TYPE=Deflection	BONUS:STAT|STR|21	BONUS:STAT|DEX|5	BONUS:STAT|CON|12	BONUS:STAT|WIS|4	BONUS:STAT|CHA|5	BONUS:VAR|AC_Natural_Armor|13|TYPE=Base	BONUS:VAR|DarkvisionRange|60|TYPE=Base	BONUS:VAR|TremorsenseRange|60|TYPE=Base	ABILITY:Internal|AUTOMATIC|Racial Traits ~ Demonic Deadfall Scorpion	LEGS:4	HANDS:0	NATURALATTACKS:Claw,Weapon.Natural.Weapon Group Natural.Melee.Finesseable.Slashing,*2,1d8,SPROP=plus grab and grab|Sting,Weapon.Natural.Weapon Group Natural.Melee.Finesseable.Piercing,*1,1d8,SPROP=plus poison and poison	MONSTERCLASS:Magical Beast:10	RACETYPE:Magical Beast	RACESUBTYPE:Augmented Vermin	TYPE:Magical Beast	CR:9	KIT:1|CE	AUTO:LANG|Abyssal|Celestial|Draconic; telepathy 100 ft.	FACT:BaseSize|H
Derakni	KEY:Derakni	STARTFEATS:1	SIZE:L	MOVE:Walk,30,Fly,60	REACH:10	BONUS:STAT|STR|16	BONUS:STAT|DEX|13	BONUS:STAT|CON|12	BONUS:STAT|INT|-1	BONUS:STAT|WIS|7	BONUS:STAT|CHA|6	BONUS:VAR|AC_Natural_Armor|10|TYPE=Base	BONUS:VAR|DarkvisionRange|60|TYPE=Base	BONUS:VAR|Maneuverability|4	ABILITY:Internal|AUTOMATIC|Racial Traits ~ Derakni	LEGS:2	HANDS:2	NATURALATTACKS:Bite,Weapon.Natural.Weapon Group Natural.Melee.Finesseable.Bludgeoning.Piercing.Slashing,*1,1d4,SPROP=plus poison and poison|Claw,Weapon.Natural.Weapon Group Natural.Melee.Finesseable.Slashing,*2,1d4|Sting,Weapon.Natural.Weapon Group Natural.Melee.Finesseable.Piercing,*1,1d8,SPROP=plus poison and poison	SR:21	MONSTERCLASS:Outsider (Fort/Ref):11	RACETYPE:Outsider	RACESUBTYPE:Chaotic|Demon|Evil|Extraplanar	TYPE:Outsider	CR:10	KIT:1|CE	AUTO:LANG|Abyssal|Celestial|Draconic; telepathy 100 ft.	FACT:BaseSize|L
Dwiergeth	KEY:Dwiergeth	STARTFEATS:1	SIZE:L	MOVE:Walk,60,Climb,60	REACH:10	BONUS:COMBAT|AC|1|TYPE=Deflection	BONUS:STAT|STR|22	BONUS:STAT|DEX|15	BONUS:STAT|CON|18	BONUS:STAT|INT|-5	BONUS:STAT|WIS|14	BONUS:STAT|CHA|7	BONUS:VAR|AC_Natural_Armor|11|TYPE=Base	BONUS:VAR|DarkvisionRange|60|TYPE=Base	ABILITY:Internal|AUTOMATIC|Racial Traits ~ Dwiergeth	LEGS:0	HANDS:0	NATURALATTACKS:Bite,Weapon.Natural.Weapon Group Natural.Melee.Finesseable.Bludgeoning.Piercing.Slashing,*2,4d6,SPROP=plus grab and grab	SR:24	DR:10/lawful	MONSTERCLASS:Aberration:13	RACETYPE:Aberration	RACESUBTYPE:Extraplanar	TYPE:Aberration	CR:13	KIT:1|CE	AUTO:LANG|Abyssal	FACT:BaseSize|L
Gallu	KEY:Gallu	STARTFEATS:1	SIZE:M	MOVE:Walk,50,Fly,50	REACH:5	BONUS:COMBAT|AC|4|TYPE=Deflection	BONUS:STAT|STR|23	BONUS:STAT|DEX|8	BONUS:STAT|CON|24	BONUS:STAT|INT|8	BONUS:STAT|WIS|13	BONUS:STAT|CHA|15	BONUS:VAR|AC_Natural_Armor|16|TYPE=Base	BONUS:VAR|DarkvisionRange|60|TYPE=Base	BONUS:VAR|Maneuverability|4	ABILITY:Internal|AUTOMATIC|Racial Traits ~ Gallu	LEGS:2	HANDS:2	SR:30	MONSTERCLASS:Outsider (Fort/Ref):19	RACETYPE:Outsider	RACESUBTYPE:Chaotic|Demon|Evil|Extraplanar	TYPE:Outsider	CR:19	KIT:1|CE	AUTO:LANG|Abyssal|Celestial|Draconic; telepathy 100 ft.	FACT:BaseSize|M
Gibrileth	KEY:Gibrileth	STARTFEATS:1	SIZE:L	MOVE:Walk,10,Fly,40	REACH:10	BONUS:STAT|STR|14	BONUS:STAT|DEX|9	BONUS:STAT|CON|14	BONUS:STAT|INT|3	BONUS:STAT|WIS|6	BONUS:STAT|CHA|7	BONUS:VAR|AC_Natural_Armor|12|TYPE=Base	BONUS:VAR|DarkvisionRange|60|TYPE=Base	BONUS:VAR|Maneuverability|4	ABILITY:Internal|AUTOMATIC|Racial Traits ~ Gibrileth	LEGS:2	HANDS:2	SR:22	MONSTERCLASS:Outsider (Fort/Will):11	RACETYPE:Outsider	RACESUBTYPE:Chaotic|Demon|Evil|Extraplanar	TYPE:Outsider	CR:11	KIT:1|CE	AUTO:LANG|Abyssal|Celestial|Draconic; telepathy 100 ft.	FACT:BaseSize|L
Grimslake	KEY:Grimslake	STARTFEATS:1	SIZE:L	MOVE:Walk,20,Burrow,20,Climb,20	REACH:10	BONUS:STAT|STR|12	BONUS:STAT|DEX|3	BONUS:STAT|CON|9	BONUS:STAT|INT|-4	BONUS:STAT|WIS|4	BONUS:STAT|CHA|1	BONUS:VAR|AC_Natural_Armor|9|TYPE=Base	BONUS:VAR|DarkvisionRange|60|TYPE=Base	BONUS:VAR|TremorsenseRange|30|TYPE=Base	ABILITY:Internal|AUTOMATIC|Racial Traits ~ Grimslake	LEGS:0	HANDS:0	NATURALATTACKS:Bite,Weapon.Natural.Weapon Group Natural.Melee.Finesseable.Bludgeoning.Piercing.Slashing,*1,2d6,SPROP=plus grab and grab|Sting,Weapon.Natural.Weapon Group Natural.Melee.Finesseable.Piercing,*1,1d6,SPROP=plus grab and grab	MONSTERCLASS:Aberration:8	RACETYPE:Aberration	RACESUBTYPE:Extraplanar	TYPE:Aberration	CR:6	KIT:1|CE	AUTO:LANG|Abyssal	FACT:BaseSize|L
Kithangian	KEY:Kithangian	STARTFEATS:1	SIZE:L	MOVE:Walk,50	REACH:10	BONUS:STAT|STR|12	BONUS:STAT|DEX|1	BONUS:STAT|CON|10	BONUS:STAT|INT|-3	BONUS:STAT|WIS|9	BONUS:STAT|CHA|6	BONUS:VAR|AC_Natural_Armor|16|TYPE=Base	BONUS:VAR|DarkvisionRange|60|TYPE=Base	ABILITY:Internal|AUTOMATIC|Racial Traits ~ Kithangian	LEGS:2	HANDS:2	NATURALATTACKS:Claw,Weapon.Natural.Weapon Group Natural.Melee.Finesseable.Slashing,*2,1d6,SPROP=plus grab and grab|Sting,Weapon.Natural.Weapon Group Natural.Melee.Finesseable.Piercing,*2,1d6,SPROP=plus poison and poison	SR:20	MONSTERCLASS:Outsider (Fort/Ref):11	RACETYPE:Outsider	RACESUBTYPE:Chaotic|Demon|Evil|Extraplanar	TYPE:Outsider	CR:9	KIT:1|CE	AUTO:LANG|Abyssal|Celestial|Draconic; speak with animals|telepathy 100 ft.	FACT:BaseSize|L
Lilitu	KEY:Lilitu	STARTFEATS:1	SIZE:M	MOVE:Walk,60,Fly,60	REACH:5	BONUS:COMBAT|AC|9|TYPE=Deflection	BONUS:STAT|STR|17	BONUS:STAT|DEX|10	BONUS:STAT|CON|20	BONUS:STAT|INT|11	BONUS:STAT|WIS|13	BONUS:STAT|CHA|16	BONUS:VAR|AC_Natural_Armor|10|TYPE=Base	BONUS:VAR|DarkvisionRange|60|TYPE=Base	BONUS:VAR|Maneuverability|4	ABILITY:Internal|AUTOMATIC|Racial Traits ~ Lilitu	LEGS:2	HANDS:2	NATURALATTACKS:Claw,Weapon.Natural.Weapon Group Natural.Melee.Finesseable.Slashing,*4,2d8|Tail Slap,Weapon.Natural.Weapon Group Natural.Melee.Finesseable.Bludgeoning,*1,1d6,SPROP=plus branding	SR:28	MONSTERCLASS:Outsider (Fort/Will):17	RACETYPE:Outsider	RACESUBTYPE:Chaotic|Demon|Evil|Extraplanar	TYPE:Outsider	CR:17	KIT:1|CE	AUTO:LANG|Abyssal|Celestial|Draconic; telepathy 100 ft.	FACT:BaseSize|M
Oolioddroo	KEY:Oolioddroo	STARTFEATS:1	SIZE:M	MOVE:Walk,30,Fly,40	REACH:5	BONUS:COMBAT|AC|5|TYPE=Deflection	BONUS:STAT|STR|4	BONUS:STAT|DEX|15	BONUS:STAT|CON|14	BONUS:STAT|INT|11	BONUS:STAT|WIS|14	BONUS:STAT|CHA|13	BONUS:VAR|AC_Natural_Armor|6|TYPE=Base	BONUS:VAR|DarkvisionRange|60|TYPE=Base	BONUS:VAR|Maneuverability|5	ABILITY:Internal|AUTOMATIC|Racial Traits ~ Oolioddroo	LEGS:2	HANDS:2	NATURALATTACKS:Claw,Weapon.Natural.Weapon Group Natural.Melee.Finesseable.Slashing,*2,1d4|Tongue,Weapon.Natural.Weapon Group Natural.Melee.Finesseable.Bludgeoning,*1,1d6,SPROP=plus thought siphon	SR:24	MONSTERCLASS:Outsider (Ref/Will):14	RACETYPE:Outsider	RACESUBTYPE:Chaotic|Demon|Evil|Extraplanar	TYPE:Outsider	CR:13	KIT:1|CE	AUTO:LANG|Abyssal|Celestial|Draconic; telepathy 300 ft.	FACT:BaseSize|M
Plagued Steed	KEY:Plagued Steed	STARTFEATS:1	SIZE:L	MOVE:Walk,50	REACH:10	BONUS:STAT|STR|10	BONUS:STAT|DEX|6	BONUS:STAT|INT|-8	BONUS:STAT|WIS|3	BONUS:STAT|CHA|5	BONUS:VAR|AC_Natural_Armor|2|TYPE=Base	BONUS:VAR|DarkvisionRange|60|TYPE=Base	BONUS:VAR|HasLowlightVision|1|TYPE=Base	ABILITY:Internal|AUTOMATIC|Racial Traits ~ Plagued Steed	LEGS:2	HANDS:2	NATURALATTACKS:Bite,Weapon.Natural.Weapon Group Natural.Melee.Finesseable.Bludgeoning.Piercing.Slashing,*1,1d8,SPROP=plus disease and disease|Hoof,Weapon.Natural.Weapon Group Natural.Melee.Finesseable.Bludgeoning,*2,1d4	DEFINESTAT:NONSTAT|CON	DR:5/slashing	MONSTERCLASS:Undead:2	RACETYPE:Undead	RACESUBTYPE:Augmented Animal	TYPE:Undead	CR:2	KIT:1|NE	FACT:BaseSize|L
Riftcreeper	KEY:Riftcreeper	STARTFEATS:1	SIZE:G	MOVE:Walk,30,Climb,30,Swim,20	REACH:20	BONUS:STAT|STR|29	BONUS:STAT|DEX|17	BONUS:STAT|CON|20	BONUS:STAT|INT|-3	BONUS:STAT|WIS|6	BONUS:VAR|AC_Natural_Armor|16|TYPE=Base	BONUS:VAR|BlindsightRange|60|TYPE=Base	BONUS:VAR|TremorsenseRange|120|TYPE=Base	ABILITY:Internal|AUTOMATIC|Racial Traits ~ Riftcreeper	LEGS:0	HANDS:0	NATURALATTACKS:Slam,Weapon.Natural.Weapon Group Natural.Melee.Finesseable.Bludgeoning,*2,4d6,SPROP=plus 2d4 acid and grab and grab	MONSTERCLASS:Ooze:15	RACETYPE:Ooze	RACESUBTYPE:Extraplanar	TYPE:Ooze	CR:15	KIT:1|CE	AUTO:LANG|Abyssal (cannot speak)	FACT:BaseSize|G
Siabrae	KEY:Siabrae	STARTFEATS:1	SIZE:M	MOVE:Walk,20,Burrow,30	REACH:5	BONUS:COMBAT|AC|2|TYPE=Deflection	BONUS:STAT|STR|2	BONUS:STAT|DEX|-1	BONUS:STAT|INT|2	BONUS:STAT|WIS|14	BONUS:STAT|CHA|12	BONUS:VAR|AC_Natural_Armor|16|TYPE=Base	BONUS:VAR|DarkvisionRange|60|TYPE=Base	BONUS:VAR|TremorsenseRange|60|TYPE=Base	ABILITY:Internal|AUTOMATIC|Racial Traits ~ Siabrae	LEGS:2	HANDS:2	DEFINESTAT:NONSTAT|CON	DR:10/adamantine and bludgeoning	MONSTERCLASS:Undead:14	RACETYPE:Undead	RACESUBTYPE:Augmented Humanoid	TYPE:Undead	CR:15	KIT:1|NE	AUTO:LANG|Common|Druidic|Sylvan	FACT:BaseSize|M
Urannag	KEY:Urannag	STARTFEATS:1	SIZE:H	MOVE:Walk,10	REACH:15	BONUS:STAT|STR|15	BONUS:STAT|DEX|1	BONUS:STAT|INT|-8	BONUS:STAT|WIS|5	BONUS:STAT|CHA|-8	BONUS:VAR|AC_Natural_Armor|14|TYPE=Base	BONUS:VAR|TremorsenseRange|60|TYPE=Base	ABILITY:Internal|AUTOMATIC|Racial Traits ~ Urannag	LEGS:2	HANDS:2	NATURALATTACKS:Claw,Weapon.Natural.Weapon Group Natural.Melee.Finesseable.Slashing,*3,1d8,SPROP=plus entrap	DEFINESTAT:NONSTAT|CON	SR:19	MONSTERCLASS:Construct:11	RACETYPE:Construct	RACESUBTYPE:Extraplanar	TYPE:Construct	CR:8	KIT:1|CE	FACT:BaseSize|H
Warmonger Wasp	KEY:Warmonger Wasp	STARTFEATS:1	SIZE:L	MOVE:Walk,30,Fly,30	REACH:10	BONUS:STAT|STR|8	BONUS:STAT|DEX|13	BONUS:STAT|INT|-7	BONUS:STAT|WIS|3	BONUS:STAT|CHA|-9	BONUS:VAR|AC_Natural_Armor|6|TYPE=Base	BONUS:VAR|DarkvisionRange|60|TYPE=Base	BONUS:VAR|HasLowlightVision|1|TYPE=Base	BONUS:VAR|Maneuverability|4	ABILITY:Internal|AUTOMATIC|Racial Traits ~ Warmonger Wasp	LEGS:2	HANDS:2	NATURALATTACKS:Bite,Weapon.Natural.Weapon Group Natural.Melee.Finesseable.Bludgeoning.Piercing.Slashing,*1,1d8|Claw,Weapon.Natural.Weapon Group Natural.Melee.Finesseable.Slashing,*2,1d6|Sting,Weapon.Natural.Weapon Group Natural.Melee.Finesseable.Piercing,*1,1d6,SPROP=plus poison and poison	DEFINESTAT:NONSTAT|CON	MONSTERCLASS:Construct:10	RACETYPE:Construct	RACESUBTYPE:Extraplanar	TYPE:Construct	CR:7	KIT:1|CE	AUTO:LANG|Abyssal (cannot speak)	FACT:BaseSize|L
Warped One	KEY:Warped One	STARTFEATS:1	SIZE:M	MOVE:Walk,30	REACH:5	BONUS:STAT|STR|12	BONUS:STAT|DEX|9	BONUS:STAT|CON|10	BONUS:STAT|INT|2	BONUS:STAT|WIS|-5	BONUS:STAT|CHA|5	BONUS:VAR|AC_Natural_Armor|7|TYPE=Base	BONUS:VAR|DarkvisionRange|60|TYPE=Base	ABILITY:Internal|AUTOMATIC|Racial Traits ~ Warped One	LEGS:2	HANDS:2	NATURALATTACKS:Claw,Weapon.Natural.Weapon Group Natural.Melee.Finesseable.Slashing,*4,1d4	SR:19	MONSTERCLASS:Outsider (Fort/Ref):10	RACETYPE:Outsider	RACESUBTYPE:Chaotic|Evil|Extraplanar	TYPE:Outsider	CR:8	KIT:1|CE	AUTO:LANG|Abyssal	FACT:BaseSize|M
