SOURCELONG:Pathfinder Adventure Path #59	SOURCESHORT:AP59	SOURCEWEB:http://paizo.com	SOURCEDATE:2010-01

STARTPACK:Blue Whale Default	TYPE:Default Monster.Animal	VISIBLE:QUALIFY	EQUIPBUY:0	PREMULT:1,[PRERACE:1,Blue Whale],[!PRERACE:1,%]
ALIGN:TN
RACE:Blue Whale	!PRERACE:1,%
NAME:Blue Whale
STAT:STR=10|DEX=10|CON=10|INT=10|WIS=10|CHA=10
SKILL:Perception	RANK:16
SKILL:Swim	RANK:16
ABILITY:CATEGORY=FEAT|Awesome Blow
ABILITY:CATEGORY=FEAT|Diehard
ABILITY:CATEGORY=FEAT|Endurance
ABILITY:CATEGORY=FEAT|Improved Bull Rush
ABILITY:CATEGORY=FEAT|Iron Will
ABILITY:CATEGORY=FEAT|Power Attack
ABILITY:CATEGORY=FEAT|Skill Focus (Perception)
ABILITY:CATEGORY=FEAT|Weapon Focus (tail slap)

STARTPACK:Crimson Whale Default	TYPE:Default Monster.Animal	VISIBLE:QUALIFY	EQUIPBUY:0	PREMULT:1,[PRERACE:1,Crimson Whale],[!PRERACE:1,%]
ALIGN:TN
RACE:Crimson Whale	!PRERACE:1,%
NAME:Crimson Whale
STAT:STR=10|DEX=10|CON=10|INT=10|WIS=10|CHA=10
SKILL:Perception	RANK:10
SKILL:Swim	RANK:10
ABILITY:CATEGORY=FEAT|Iron Will
ABILITY:CATEGORY=FEAT|Lightning Reflexes
ABILITY:CATEGORY=FEAT|Power Attack
ABILITY:CATEGORY=FEAT|Toughness
ABILITY:CATEGORY=FEAT|Weapon Focus (bite)

STARTPACK:Narwhal Default	TYPE:Default Monster.Animal	VISIBLE:QUALIFY	EQUIPBUY:0	PREMULT:1,[PRERACE:1,Narwhal],[!PRERACE:1,%]
ALIGN:TN
RACE:Narwhal	!PRERACE:1,%
NAME:Narwhal
STAT:STR=10|DEX=10|CON=10|INT=10|WIS=10|CHA=10
SKILL:Perception	RANK:4
SKILL:Swim	RANK:4
ABILITY:CATEGORY=FEAT|Skill Focus (Swim)
ABILITY:CATEGORY=FEAT|Toughness

STARTPACK:Stabbing Beast Default	TYPE:Default Monster.Outsider	VISIBLE:QUALIFY	EQUIPBUY:0	PREMULT:1,[PRERACE:1,Stabbing Beast],[!PRERACE:1,%]
ALIGN:NE
RACE:Stabbing Beast	!PRERACE:1,%
NAME:Stabbing Beast
STAT:STR=10|DEX=10|CON=10|INT=10|WIS=10|CHA=10
SKILL:Appraise	RANK:9
SKILL:Bluff	RANK:17
SKILL:Climb	RANK:6
SKILL:Craft (alchemy)	RANK:9
SKILL:Knowledge (Arcana)	RANK:6
SKILL:Knowledge (Local)	RANK:9
SKILL:Knowledge (Nature)	RANK:6
SKILL:Knowledge (Planes)	RANK:9
SKILL:Knowledge (Religion)	RANK:9
SKILL:Perception	RANK:18
SKILL:Sense Motive	RANK:9
SKILL:Stealth	RANK:18
ABILITY:CATEGORY=FEAT|Combat Expertise
ABILITY:CATEGORY=FEAT|Combat Reflexes
ABILITY:CATEGORY=FEAT|Deflect Arrows
ABILITY:CATEGORY=FEAT|Dodge
ABILITY:CATEGORY=FEAT|Greater Feint
ABILITY:CATEGORY=FEAT|Improved Feint
ABILITY:CATEGORY=FEAT|Improved Initiative
ABILITY:CATEGORY=FEAT|Improved Iron Will
ABILITY:CATEGORY=FEAT|Iron Will
ABILITY:CATEGORY=FEAT|Mobility
ABILITY:CATEGORY=FEAT|Skill Focus (Stealth)
ABILITY:CATEGORY=FEAT|Spring Attack
ABILITY:CATEGORY=FEAT|Two-Weapon Fighting

