SOURCELONG:Pathfinder Adventure Path #43	SOURCESHORT:AP43	SOURCEWEB:http://paizo.com	SOURCEDATE:2010-01

STARTPACK:Choleric Ooze Swarm Default	TYPE:Default Monster.Ooze	VISIBLE:QUALIFY	EQUIPBUY:0	PREMULT:1,[PRERACE:1,Choleric Ooze Swarm],[!PRERACE:1,%]
ALIGN:TN
RACE:Choleric Ooze Swarm	!PRERACE:1,%
NAME:Choleric Ooze Swarm
STAT:STR=10|DEX=10|CON=10|WIS=10|CHA=10

STARTPACK:Flaming Skull Default	TYPE:Default Monster.Undead	VISIBLE:QUALIFY	EQUIPBUY:0	PREMULT:1,[PRERACE:1,Flaming Skull],[!PRERACE:1,%]
ALIGN:NE
RACE:Flaming Skull	!PRERACE:1,%
NAME:Flaming Skull
STAT:STR=10|DEX=10|WIS=10|CHA=10
SKILL:Fly	RANK:1

STARTPACK:Giant Beheaded Default	TYPE:Default Monster.Undead	VISIBLE:QUALIFY	EQUIPBUY:0	PREMULT:1,[PRERACE:1,Giant Beheaded],[!PRERACE:1,%]
ALIGN:NE
RACE:Giant Beheaded	!PRERACE:1,%
NAME:Giant Beheaded
STAT:STR=10|DEX=10|WIS=10|CHA=10
SKILL:Fly	RANK:1

STARTPACK:Medusa Head Default	TYPE:Default Monster.Undead	VISIBLE:QUALIFY	EQUIPBUY:0	PREMULT:1,[PRERACE:1,Medusa Head],[!PRERACE:1,%]
ALIGN:NE
RACE:Medusa Head	!PRERACE:1,%
NAME:Medusa Head
STAT:STR=10|DEX=10|WIS=10|CHA=10
ABILITY:CATEGORY=FEAT|Flyby Attack

STARTPACK:Melancholic Ooze Swarm Default	TYPE:Default Monster.Ooze	VISIBLE:QUALIFY	EQUIPBUY:0	PREMULT:1,[PRERACE:1,Melancholic Ooze Swarm],[!PRERACE:1,%]
ALIGN:TN
RACE:Melancholic Ooze Swarm	!PRERACE:1,%
NAME:Melancholic Ooze Swarm
STAT:STR=10|DEX=10|CON=10|WIS=10|CHA=10

STARTPACK:Phlegmatic Ooze Swarm Default	TYPE:Default Monster.Ooze	VISIBLE:QUALIFY	EQUIPBUY:0	PREMULT:1,[PRERACE:1,Phlegmatic Ooze Swarm],[!PRERACE:1,%]
ALIGN:TN
RACE:Phlegmatic Ooze Swarm	!PRERACE:1,%
NAME:Phlegmatic Ooze Swarm
STAT:STR=10|DEX=10|CON=10|WIS=10|CHA=10

STARTPACK:Sanguine Ooze Swarm Default	TYPE:Default Monster.Ooze	VISIBLE:QUALIFY	EQUIPBUY:0	PREMULT:1,[PRERACE:1,Sanguine Ooze Swarm],[!PRERACE:1,%]
ALIGN:TN
RACE:Sanguine Ooze Swarm	!PRERACE:1,%
NAME:Sanguine Ooze Swarm
STAT:STR=10|DEX=10|CON=10|WIS=10|CHA=10

STARTPACK:Severed Head Default	TYPE:Default Monster.Undead	VISIBLE:QUALIFY	EQUIPBUY:0	PREMULT:1,[PRERACE:1,Severed Head],[!PRERACE:1,%]
ALIGN:NE
RACE:Severed Head	!PRERACE:1,%
NAME:Severed Head
STAT:STR=10|DEX=10|WIS=10|CHA=10

STARTPACK:Skull Swarm Default	TYPE:Default Monster.Undead	VISIBLE:QUALIFY	EQUIPBUY:0	PREMULT:1,[PRERACE:1,Skull Swarm],[!PRERACE:1,%]
ALIGN:NE
RACE:Skull Swarm	!PRERACE:1,%
NAME:Skull Swarm
STAT:STR=10|DEX=10|WIS=10|CHA=10
SKILL:Fly	RANK:1

