SOURCELONG:Pathfinder Adventure Path #91	SOURCESHORT:AP91	SOURCEWEB:http://paizo.com	SOURCEDATE:2010-01

STARTPACK:Blackwisp Egret Default	TYPE:Default Monster.Animal	VISIBLE:QUALIFY	EQUIPBUY:0	PREMULT:1,[PRERACE:1,Blackwisp Egret],[!PRERACE:1,%]
ALIGN:TN
RACE:Blackwisp Egret	!PRERACE:1,%
NAME:Blackwisp Egret
STAT:STR=10|DEX=10|CON=10|INT=10|WIS=10|CHA=10
SKILL:Fly	RANK:1
SKILL:Stealth	RANK:1
ABILITY:CATEGORY=FEAT|Weapon Finesse

STARTPACK:Chalicotherium Default	TYPE:Default Monster.Animal	VISIBLE:QUALIFY	EQUIPBUY:0	PREMULT:1,[PRERACE:1,Chalicotherium],[!PRERACE:1,%]
ALIGN:TN
RACE:Chalicotherium	!PRERACE:1,%
NAME:Chalicotherium
STAT:STR=10|DEX=10|CON=10|INT=10|WIS=10|CHA=10
SKILL:Climb	RANK:1
SKILL:Perception	RANK:7
ABILITY:CATEGORY=FEAT|Endurance
ABILITY:CATEGORY=FEAT|Improved Bull Rush
ABILITY:CATEGORY=FEAT|Power Attack
ABILITY:CATEGORY=FEAT|Toughness

STARTPACK:Deinotherium Default	TYPE:Default Monster.Animal	VISIBLE:QUALIFY	EQUIPBUY:0	PREMULT:1,[PRERACE:1,Deinotherium],[!PRERACE:1,%]
ALIGN:TN
RACE:Deinotherium	!PRERACE:1,%
NAME:Deinotherium
STAT:STR=10|DEX=10|CON=10|INT=10|WIS=10|CHA=10
SKILL:Perception	RANK:7
SKILL:Swim	RANK:1
ABILITY:CATEGORY=FEAT|Endurance
ABILITY:CATEGORY=FEAT|Iron Will
ABILITY:CATEGORY=FEAT|Power Attack
ABILITY:CATEGORY=FEAT|Toughness

STARTPACK:Embolotherium Default	TYPE:Default Monster.Animal	VISIBLE:QUALIFY	EQUIPBUY:0	PREMULT:1,[PRERACE:1,Embolotherium],[!PRERACE:1,%]
ALIGN:TN
RACE:Embolotherium	!PRERACE:1,%
NAME:Embolotherium
STAT:STR=10|DEX=10|CON=10|INT=10|WIS=10|CHA=10
SKILL:Perception	RANK:6
SKILL:Swim	RANK:1
ABILITY:CATEGORY=FEAT|Diehard
ABILITY:CATEGORY=FEAT|Endurance
ABILITY:CATEGORY=FEAT|Great Fortitude
ABILITY:CATEGORY=FEAT|Power Attack

STARTPACK:Exoskeleton Giant Cockroach Default	TYPE:Default Monster.Undead	VISIBLE:QUALIFY	EQUIPBUY:0	PREMULT:1,[PRERACE:1,Exoskeleton Giant Cockroach],[!PRERACE:1,%]
ALIGN:NE
RACE:Exoskeleton Giant Cockroach	!PRERACE:1,%
NAME:Exoskeleton Giant Cockroach
STAT:STR=10|DEX=10|WIS=10|CHA=10
SKILL:Climb	RANK:2
SKILL:Fly	RANK:1
ABILITY:CATEGORY=FEAT|Toughness

STARTPACK:Flood Troll Default	TYPE:Default Monster.Humanoid	VISIBLE:QUALIFY	EQUIPBUY:0	PREMULT:1,[PRERACE:1,Flood Troll],[!PRERACE:1,%]
ALIGN:CE
RACE:Flood Troll	!PRERACE:1,%
NAME:Flood Troll
STAT:STR=10|DEX=10|CON=10|INT=10|WIS=10|CHA=10
SKILL:Perception	RANK:1
SKILL:Stealth	RANK:1
SKILL:Swim	RANK:3
ABILITY:CATEGORY=FEAT|Improved Initiative
ABILITY:CATEGORY=FEAT|Weapon Finesse

STARTPACK:Mindspin Ram Default	TYPE:Default Monster.Animal	VISIBLE:QUALIFY	EQUIPBUY:0	PREMULT:1,[PRERACE:1,Mindspin Ram],[!PRERACE:1,%]
ALIGN:TN
RACE:Mindspin Ram	!PRERACE:1,%
NAME:Mindspin Ram
STAT:STR=10|DEX=10|CON=10|INT=10|WIS=10|CHA=10
SKILL:Acrobatics	RANK:1
SKILL:Climb	RANK:4
SKILL:Perception	RANK:1
SKILL:Stealth	RANK:1
ABILITY:CATEGORY=FEAT|Multiattack
ABILITY:CATEGORY=FEAT|Nimble Moves

STARTPACK:Skittergoat Default	TYPE:Default Monster.Animal	VISIBLE:QUALIFY	EQUIPBUY:0	PREMULT:1,[PRERACE:1,Skittergoat],[!PRERACE:1,%]
ALIGN:TN
RACE:Skittergoat	!PRERACE:1,%
NAME:Skittergoat
STAT:STR=10|DEX=10|CON=10|INT=10|WIS=10|CHA=10
SKILL:Escape Artist	RANK:1
SKILL:Perception	RANK:1
ABILITY:CATEGORY=FEAT|Skill Focus (Escape Artist)

