SOURCELONG:Pathfinder Adventure Path #47	SOURCESHORT:AP47	SOURCEWEB:http://paizo.com	SOURCEDATE:2010-01

STARTPACK:Hollow Helm Default	TYPE:Default Monster.Undead	VISIBLE:QUALIFY	EQUIPBUY:0	PREMULT:1,[PRERACE:1,Hollow Helm],[!PRERACE:1,%]
ALIGN:NE
RACE:Hollow Helm	!PRERACE:1,%
NAME:Hollow Helm
STAT:STR=10|DEX=10|WIS=10|CHA=10
SKILL:Perception	RANK:2
SKILL:Stealth	RANK:2
ABILITY:CATEGORY=FEAT|Improved Initiative

STARTPACK:Phantom Lancer Default	TYPE:Default Monster.Undead	VISIBLE:QUALIFY	EQUIPBUY:0	PREMULT:1,[PRERACE:1,Phantom Lancer],[!PRERACE:1,%]
ALIGN:NE
RACE:Phantom Lancer	!PRERACE:1,%
NAME:Phantom Lancer
STAT:STR=10|DEX=10|INT=10|WIS=10|CHA=10
SKILL:Perception	RANK:9
SKILL:Stealth	RANK:5
ABILITY:CATEGORY=FEAT|Dodge
ABILITY:CATEGORY=FEAT|Fly-By Attack
ABILITY:CATEGORY=FEAT|Improved Initiative
ABILITY:CATEGORY=FEAT|Power Attack
ABILITY:CATEGORY=FEAT|Mobility

STARTPACK:Sentient Wax Golem Default	TYPE:Default Monster.Construct	VISIBLE:QUALIFY	EQUIPBUY:0	PREMULT:1,[PRERACE:1,Sentient Wax Golem],[!PRERACE:1,%]
ALIGN:TN
RACE:Sentient Wax Golem	!PRERACE:1,%
NAME:Sentient Wax Golem
STAT:STR=10|DEX=10|INT=10|WIS=10|CHA=10
SKILL:Appraise	RANK:3
SKILL:Craft (carpentry)	RANK:4
SKILL:Disguise	RANK:5
SKILL:Perception	RANK:3
ABILITY:CATEGORY=FEAT|Great Fortitude
ABILITY:CATEGORY=FEAT|Improved Initiative
ABILITY:CATEGORY=FEAT|Lightning Reflexes

