SOURCELONG:Pathfinder Adventure Path #72	SOURCESHORT:AP72	SOURCEWEB:http://paizo.com	SOURCEDATE:2010-01

Coven Ooze	KEY:Coven Ooze	STARTFEATS:1	SIZE:L	MOVE:Walk,30,Climb,20	REACH:10	BONUS:STAT|STR|6	BONUS:STAT|DEX|-9	BONUS:STAT|CON|12	BONUS:STAT|INT|-8	BONUS:STAT|WIS|-7	BONUS:STAT|CHA|-9	BONUS:VAR|BlindsightRange|60|TYPE=Base	ABILITY:Internal|AUTOMATIC|Racial Traits ~ Coven Ooze	LEGS:0	HANDS:0	NATURALATTACKS:Slam,Weapon.Natural.Weapon Group Natural.Melee.Finesseable.Bludgeoning,*1,1d8	MONSTERCLASS:Ooze:11	RACETYPE:Ooze	TYPE:Ooze	CR:9	KIT:1|TN	FACT:BaseSize|L
Crone Queen	KEY:Crone Queen	STARTFEATS:1	SIZE:M	MOVE:Walk,30	REACH:5	BONUS:COMBAT|AC|1|TYPE=Deflection	BONUS:STAT|STR|11	BONUS:STAT|DEX|10	BONUS:STAT|INT|9	BONUS:STAT|WIS|7	BONUS:STAT|CHA|8	BONUS:VAR|AC_Natural_Armor|14|TYPE=Base	BONUS:VAR|DarkvisionRange|60|TYPE=Base	ABILITY:Internal|AUTOMATIC|Racial Traits ~ Crone Queen	LEGS:2	HANDS:2	DEFINESTAT:NONSTAT|CON	SR:26	DR:10/cold iron and slashing	MONSTERCLASS:Undead:22	RACETYPE:Undead	RACESUBTYPE:Cold	TYPE:Undead	CR:15	KIT:1|NE	AUTO:LANG|Common|Draconic|Russian|Skald|Sylvan	FACT:BaseSize|M
Hag Ooze	KEY:Hag Ooze	SIZE:S	MOVE:Walk,20,Climb,20	REACH:5	BONUS:STAT|STR|2	BONUS:STAT|DEX|-9	BONUS:STAT|CON|8	BONUS:STAT|WIS|-9	BONUS:STAT|CHA|-9	BONUS:VAR|BlindsightRange|60|TYPE=Base	ABILITY:Internal|AUTOMATIC|Racial Traits ~ Hag Ooze	LEGS:0	HANDS:0	NATURALATTACKS:Slam,Weapon.Natural.Weapon Group Natural.Melee.Finesseable.Bludgeoning,*1,1d4,SPROP=plus paralysis and paralysis	DEFINESTAT:NONSTAT|INT	MONSTERCLASS:Ooze:4	RACETYPE:Ooze	TYPE:Ooze	CR:3	KIT:1|TN	FACT:BaseSize|S
Poludnica	KEY:Poludnica	STARTFEATS:1	SIZE:M	MOVE:Walk,30	REACH:5	BONUS:COMBAT|AC|5|TYPE=Deflection	BONUS:STAT|STR|12	BONUS:STAT|DEX|10	BONUS:STAT|CON|11	BONUS:STAT|WIS|5	BONUS:STAT|CHA|9	BONUS:VAR|AC_Natural_Armor|4|TYPE=Base	BONUS:VAR|HasLowlightVision|1|TYPE=Base	ABILITY:Internal|AUTOMATIC|Racial Traits ~ Poludnica	LEGS:2	HANDS:2	SR:21	MONSTERCLASS:Fey:14	RACETYPE:Fey	TYPE:Fey	CR:10	KIT:1|CN	AUTO:LANG|Common|Sylvan	FACT:BaseSize|M
Storm Hag	KEY:Storm Hag	STARTFEATS:1	SIZE:M	MOVE:Walk,30,Fly,60	REACH:5	BONUS:COMBAT|AC|1|TYPE=Deflection	BONUS:STAT|STR|7	BONUS:STAT|DEX|4	BONUS:STAT|CON|6	BONUS:STAT|INT|3	BONUS:STAT|WIS|3	BONUS:STAT|CHA|6	BONUS:VAR|AC_Natural_Armor|8|TYPE=Base	BONUS:VAR|DarkvisionRange|60|TYPE=Base	BONUS:VAR|Maneuverability|4	ABILITY:Internal|AUTOMATIC|Racial Traits ~ Storm Hag	LEGS:2	HANDS:2	NATURALATTACKS:Bite,Weapon.Natural.Weapon Group Natural.Melee.Finesseable.Bludgeoning.Piercing.Slashing,*1,1d6,SPROP=plus 1d6 electricity|Claw,Weapon.Natural.Weapon Group Natural.Melee.Finesseable.Slashing,*2,1d4,SPROP=plus 1d6 electricity	SR:18	MONSTERCLASS:Monstrous Humanoid:10	RACETYPE:Monstrous Humanoid	TYPE:Monstrous Humanoid	CR:7	KIT:1|CE	AUTO:LANG|Common|Giant	FACT:BaseSize|M
