# Epic Pathfinder Handbook v1.6 - Epic Morale Feats
# Table 5-10 and pages 90-93

###Block: Aura Feats
Aura of Conviction	CATEGORY:FEAT	TYPE:Epic.Morale	PRESTAT:1,CHA=25	PRESKILL:1,Diplomacy=21	DESC:Project a 30-ft aura granting DR 5/- or +5 to existing DR. Maintain as free action.	STACK:YES	MULT:YES	CHOOSE:NOCHOICE	SOURCELONG:Epic Pathfinder Handbook v1.6	SOURCESHORT:EPH	SOURCEPAGE:p.90
Aura of Glory	CATEGORY:FEAT	TYPE:Epic.Morale	PRESTAT:1,CHA=25	PRESKILL:1,Perform=21	DESC:Project a 30-ft aura granting +6 morale bonus to damage rolls. Maintain as free action.	STACK:YES	MULT:YES	CHOOSE:NOCHOICE	SOURCELONG:Epic Pathfinder Handbook v1.6	SOURCESHORT:EPH	SOURCEPAGE:p.90
Aura of Gold	CATEGORY:FEAT	TYPE:Epic.Morale	PRESTAT:1,CHA=29	DESC:Project a 30-ft aura granting +1 luck bonus to attacks, saves, ability and skill checks.	STACK:YES	MULT:YES	CHOOSE:NOCHOICE	SOURCELONG:Epic Pathfinder Handbook v1.6	SOURCESHORT:EPH	SOURCEPAGE:p.91
Aura of Misery	CATEGORY:FEAT	TYPE:Epic.Morale	PRESTAT:1,CHA=25	PRESKILL:1,Intimidate=21	DESC:Project a 30-ft aura. Enemies must Will save (DC 10+1/2 HD+Cha) or suffer -2 to attacks and saves.	STACK:YES	MULT:YES	CHOOSE:NOCHOICE	SOURCELONG:Epic Pathfinder Handbook v1.6	SOURCESHORT:EPH	SOURCEPAGE:p.91
Aura of Protection	CATEGORY:FEAT	TYPE:Epic.Morale	PRESTAT:1,CHA=25	PRESKILL:1,Spellcraft=21	DESC:Project a 30-ft aura granting +2 insight bonus to AC.	STACK:YES	MULT:YES	CHOOSE:NOCHOICE	SOURCELONG:Epic Pathfinder Handbook v1.6	SOURCESHORT:EPH	SOURCEPAGE:p.91
Aura of Shadow	CATEGORY:FEAT	TYPE:Epic.Morale	PRESTAT:1,CHA=25	PRESKILL:1,Stealth=21	DESC:Project a 30-ft aura granting +6 circumstance bonus to Disguise, Sleight of Hand, and Stealth.	STACK:YES	MULT:YES	CHOOSE:NOCHOICE	SOURCELONG:Epic Pathfinder Handbook v1.6	SOURCESHORT:EPH	SOURCEPAGE:p.91
Aura of Truth	CATEGORY:FEAT	TYPE:Epic.Morale	PRESTAT:1,CHA=25	PRESKILL:1,Sense Motive=21	DESC:Project a 30-ft aura granting +2 insight bonus to all saving throws.	STACK:YES	MULT:YES	CHOOSE:NOCHOICE	SOURCELONG:Epic Pathfinder Handbook v1.6	SOURCESHORT:EPH	SOURCEPAGE:p.91
Aura of Winds	CATEGORY:FEAT	TYPE:Epic.Morale	PRESTAT:1,CHA=25	PRESKILL:1,Acrobatics=21	DESC:Project a 30-ft aura granting +10 ft morale bonus to base land speed.	STACK:YES	MULT:YES	CHOOSE:NOCHOICE	SOURCELONG:Epic Pathfinder Handbook v1.6	SOURCESHORT:EPH	SOURCEPAGE:p.91
Dual Aura	CATEGORY:FEAT	TYPE:Epic.Morale	PRESTAT:1,CHA=27	DESC:Keep two auras active simultaneously.	SOURCELONG:Epic Pathfinder Handbook v1.6	SOURCESHORT:EPH	SOURCEPAGE:p.92

###Block: Banner Feats
Banner of Crowns	CATEGORY:FEAT	TYPE:Epic.Morale	PRESTAT:1,CHA=21	PREABILITY:1,CATEGORY=Special Ability,TYPE.GreaterBanner	DESC:All morale bonuses granted by your banner increase by 1.	STACK:YES	MULT:YES	CHOOSE:NOCHOICE	SOURCELONG:Epic Pathfinder Handbook v1.6	SOURCESHORT:EPH	SOURCEPAGE:p.92
Banner of the Golden Sun	CATEGORY:FEAT	TYPE:Epic.Morale	PRESTAT:1,CHA=21	PREABILITY:1,CATEGORY=Special Ability,TYPE.GreaterBanner	DESC:Banner provides allies within 60 ft a +2 morale bonus to AC and Reflex saves.	SOURCELONG:Epic Pathfinder Handbook v1.6	SOURCESHORT:EPH	SOURCEPAGE:p.92
Banner of the Red Path	CATEGORY:FEAT	TYPE:Epic.Morale	PRESTAT:1,CHA=21	PREABILITY:1,CATEGORY=Special Ability,TYPE.GreaterBanner	DESC:Banner provides allies within 60 ft a +2 bonus on attack and damage rolls.	SOURCELONG:Epic Pathfinder Handbook v1.6	SOURCESHORT:EPH	SOURCEPAGE:p.92
Banner of the White Blossom	CATEGORY:FEAT	TYPE:Epic.Morale	PRESTAT:1,CHA=21	PREABILITY:1,CATEGORY=Special Ability,TYPE.GreaterBanner	DESC:Banner provides allies within 60 ft 2 temporary HP per hit die per day.	SOURCELONG:Epic Pathfinder Handbook v1.6	SOURCESHORT:EPH	SOURCEPAGE:p.92

###Block: Bond Feats
Boundless Bond	CATEGORY:FEAT	TYPE:Epic.Morale	PRESTAT:1,CHA=23	PREABILITY:1,CATEGORY=Special Ability,TYPE.DivineBond	PREABILITY:1,CATEGORY=Special Ability,Holy Champion	DESC:Enhancement bonus from Divine Bond +2. Can exceed +5.	STACK:YES	MULT:YES	CHOOSE:NOCHOICE	SOURCELONG:Epic Pathfinder Handbook v1.6	SOURCESHORT:EPH	SOURCEPAGE:p.92
Depthless Bond	CATEGORY:FEAT	TYPE:Epic.Morale	PRESTAT:1,CHA=25	PREABILITY:1,CATEGORY=FEAT,Boundless Bond	DESC:Add epic weapon properties to Divine Bond weapon.	SOURCELONG:Epic Pathfinder Handbook v1.6	SOURCESHORT:EPH	SOURCEPAGE:p.92

###Block: Bardic Performance Feats
Deafening Song	CATEGORY:FEAT	TYPE:Epic.Morale	PRESKILL:1,Perform=21	PREABILITY:1,CATEGORY=Special Ability,Bardic Performance	DESC:Temporarily deafen all enemies within 30-ft burst. Fort save DC 10+1/2 HD+Cha modifier.	SOURCELONG:Epic Pathfinder Handbook v1.6	SOURCESHORT:EPH	SOURCEPAGE:p.92
Hindering Song	CATEGORY:FEAT	TYPE:Epic.Morale	PREABILITY:1,CATEGORY=FEAT,Deafening Song	PRESKILL:1,Perform=24	DESC:Hinder enemy spellcasters within 30 ft. Concentration check vs your Performance check.	SOURCELONG:Epic Pathfinder Handbook v1.6	SOURCESHORT:EPH	SOURCEPAGE:p.93
Epic Inspiration	CATEGORY:FEAT	TYPE:Epic.Morale	PRESTAT:1,CHA=25	PRESKILL:1,Perform=27	PREABILITY:1,CATEGORY=Special Ability,Bardic Performance	DESC:All competence, dodge, morale bonuses and bonus HD from Bardic Performance increase by +1.	STACK:YES	MULT:YES	CHOOSE:NOCHOICE	SOURCELONG:Epic Pathfinder Handbook v1.6	SOURCESHORT:EPH	SOURCEPAGE:p.92
Group Inspiration	CATEGORY:FEAT	TYPE:Epic.Morale	PRESKILL:1,Perform=27	PREABILITY:1,CATEGORY=Special Ability,Bardic Performance	DESC:Number of allies affected by inspire competence or inspire greatness doubles.	STACK:YES	MULT:YES	CHOOSE:NOCHOICE	SOURCELONG:Epic Pathfinder Handbook v1.6	SOURCESHORT:EPH	SOURCEPAGE:p.92
Improved Aura of Courage	CATEGORY:FEAT	TYPE:Epic.Morale	PRESTAT:1,CHA=25	PREABILITY:1,CATEGORY=Special Ability,Aura of Courage	DESC:Aura of courage grants +8 morale bonus on saving throws against fear effects.	SOURCELONG:Epic Pathfinder Handbook v1.6	SOURCESHORT:EPH	SOURCEPAGE:p.93
Inspire Excellence	CATEGORY:FEAT	TYPE:Epic.Morale	PRESKILL:1,Perform=30	PREABILITY:1,CATEGORY=Special Ability,Bardic Performance	DESC:Grant +4 competence bonus to one ability score of one ally during bardic performance.	SOURCELONG:Epic Pathfinder Handbook v1.6	SOURCESHORT:EPH	SOURCEPAGE:p.93
Lasting Inspiration	CATEGORY:FEAT	TYPE:Epic.Morale	PRESKILL:1,Perform=22	PREABILITY:1,CATEGORY=Special Ability,Bardic Performance	DESC:Effects of inspire courage/competence/dirge of doom/frightening tune/inspire heroics last for 10 rounds after performance ends.	SOURCELONG:Epic Pathfinder Handbook v1.6	SOURCESHORT:EPH	SOURCEPAGE:p.93
Music of the Gods	CATEGORY:FEAT	TYPE:Epic.Morale	PRESTAT:1,CHA=25	PRESKILL:1,Perform=27	PREABILITY:1,CATEGORY=Special Ability,Bardic Performance	DESC:Bardic performances affect creatures normally immune to mind-affecting effects. +8 bonus on Will saves to resist.	SOURCELONG:Epic Pathfinder Handbook v1.6	SOURCESHORT:EPH	SOURCEPAGE:p.93
Ranged Inspiration	CATEGORY:FEAT	TYPE:Epic.Morale	PRESKILL:1,Perform=21	PREABILITY:1,CATEGORY=Special Ability,Bardic Performance	DESC:Double the range of any bardic performance that has a range.	STACK:YES	MULT:YES	CHOOSE:NOCHOICE	SOURCELONG:Epic Pathfinder Handbook v1.6	SOURCESHORT:EPH	SOURCEPAGE:p.93
Rapid Inspiration	CATEGORY:FEAT	TYPE:Epic.Morale	PRESKILL:1,Perform=21	PREABILITY:1,CATEGORY=Special Ability,Bardic Performance	DESC:Begin bardic performances as a free action.	SOURCELONG:Epic Pathfinder Handbook v1.6	SOURCESHORT:EPH	SOURCEPAGE:p.93
Reactive Countersong	CATEGORY:FEAT	TYPE:Epic.Morale	PREABILITY:2,CATEGORY=FEAT,Combat Reflexes,Rapid Inspiration	PRESKILL:1,Perform=27	DESC:Begin a countersong at any time, even when it is not your turn.	SOURCELONG:Epic Pathfinder Handbook v1.6	SOURCESHORT:EPH	SOURCEPAGE:p.93
Widen Aura	CATEGORY:FEAT	TYPE:Epic.Morale	PRESTAT:1,CHA=25	DESC:Select one aura. Its range doubles.	MULT:YES	STACK:NO	CHOOSE:STRING|Conviction|Glory|Gold|Misery|Protection|Shadow|Truth|Winds|Courage|Good	SOURCELONG:Epic Pathfinder Handbook v1.6	SOURCESHORT:EPH	SOURCEPAGE:p.93
