# Epic Pathfinder Handbook v1.6 - Epic Rods
# Table 6-10: Epic Rods

Grapple Shot (Basic)	TYPE:Magic.Rod.Epic	COST:200000	SPROP:Grappling hook device. Supports 300 lbs, 60 ft silk rope. DC 24 to dislodge.	SOURCELONG:Epic Pathfinder Handbook v1.6	SOURCESHORT:EPH	SOURCEPAGE:p.132

Nightmares (Rod)	TYPE:Magic.Rod.Epic	COST:284000	SPROP:20 ft aura of unease (Will DC 17 or nightmare next sleep). 3/day command word: wail of the banshee effect (DC 23).	SOURCELONG:Epic Pathfinder Handbook v1.6	SOURCESHORT:EPH	SOURCEPAGE:p.132

Epic Splendor (Rod)	TYPE:Magic.Rod.Epic	COST:297400	SPROP:+8 enhancement bonus to Charisma while held. 3/day creates magnificent clothing. 1/week creates palatial mansion for 250 people (3 days).	SOURCELONG:Epic Pathfinder Handbook v1.6	SOURCESHORT:EPH	SOURCEPAGE:p.131

The Path (Rod)	TYPE:Magic.Rod.Epic	COST:306870	SPROP:+30 enhancement to Survival for tracking. Telescoping true seeing handle. Map/Passage/Bridge/Pass without Trace powers.	SOURCELONG:Epic Pathfinder Handbook v1.6	SOURCESHORT:EPH	SOURCEPAGE:p.133

Epic Cancellation (Rod)	TYPE:Magic.Rod.Epic	COST:330000	SPROP:Drains magic from items on touch (Will DC 26). 3 items max before brittle. Drained items restored only by wish/miracle/epic.	SOURCELONG:Epic Pathfinder Handbook v1.6	SOURCESHORT:EPH	SOURCEPAGE:p.129

Grapple Shot (Deluxe)	TYPE:Magic.Rod.Epic	COST:400000	SPROP:Grappling hook. Supports 900 lbs, 120 ft steel chain. Adheres to magic surfaces. DC 32 to dislodge.	SOURCELONG:Epic Pathfinder Handbook v1.6	SOURCESHORT:EPH	SOURCEPAGE:p.132

Epic Negation (Rod)	TYPE:Magic.Rod.Epic	COST:446000	SPROP:Negates magic items on touch (ray ranged touch). Negates active function, 75%% chance to negate others. 3/day. No saving throw.	SOURCELONG:Epic Pathfinder Handbook v1.6	SOURCESHORT:EPH	SOURCEPAGE:p.130

Besiegement (Rod)	TYPE:Magic.Rod.Epic	COST:447745	SPROP:+3 light mace, +6 weapon on charge. 2/day battering ram (24 rounds). Transmute Rock to Mud 3/day. Siege Engine power.	SOURCELONG:Epic Pathfinder Handbook v1.6	SOURCESHORT:EPH	SOURCEPAGE:p.129

Fortification (Rod)	TYPE:Magic.Rod.Epic	COST:465665	SPROP:+3 light mace. Cover improves to total cover. 3/day create food and water. Fortify/Siege Engine/Iron Door powers.	SOURCELONG:Epic Pathfinder Handbook v1.6	SOURCESHORT:EPH	SOURCEPAGE:p.131

Epic Rulership (Rod)	TYPE:Magic.Rod.Epic	COST:575000	SPROP:Command creatures within 360 ft (900 HD max, Will DC 29). 1,500 minutes total duration.	SOURCELONG:Epic Pathfinder Handbook v1.6	SOURCESHORT:EPH	SOURCEPAGE:p.131

Invulnerability (Rod)	TYPE:Magic.Rod.Epic	COST:600000	SPROP:+5 natural armor, +5 resistance saves, DR 15/adamantine, immunity to critical hits, SR 32.	SOURCELONG:Epic Pathfinder Handbook v1.6	SOURCESHORT:EPH	SOURCEPAGE:p.132

Paradise (Rod)	TYPE:Magic.Rod.Epic	COST:610000	SPROP:Creates nondimensional space for 1,000 creatures for 1,000 days (divided). Natural healing 5x speed.	SOURCELONG:Epic Pathfinder Handbook v1.6	SOURCESHORT:EPH	SOURCEPAGE:p.132

Restless Death (Rod)	TYPE:Magic.Rod.Epic	COST:625000	SPROP:Channel negative energy as if 4 levels higher. 1/day animate dead command, 1/day heightened slay living (DC 25).	SOURCELONG:Epic Pathfinder Handbook v1.6	SOURCESHORT:EPH	SOURCEPAGE:p.133

Excellent Magic (Rod)	TYPE:Magic.Rod.Epic	COST:650000	SPROP:1/day cast epic/nonepic spell with 1+ full round casting as full-round action. Can substitute for knowledge of one epic spell (shatter rod, 20d6 damage).	SOURCELONG:Epic Pathfinder Handbook v1.6	SOURCESHORT:EPH	SOURCEPAGE:p.131

Grapple Shot (Extreme)	TYPE:Magic.Rod.Epic	COST:800000	SPROP:Grappling hook. Supports 1,800 lbs, 240 ft adamantine chain. Adheres to force effects. DC 40 to dislodge.	SOURCELONG:Epic Pathfinder Handbook v1.6	SOURCESHORT:EPH	SOURCEPAGE:p.132

Wyrm Rod (White)	TYPE:Magic.Rod.Epic	COST:1216700	SPROP:+5/+5 quarterstaff, transforms into white wyrm dragon 1/day. CL = 10 + wyrm HD. Possessor must be same alignment.	SOURCELONG:Epic Pathfinder Handbook v1.6	SOURCESHORT:EPH	SOURCEPAGE:p.133

Wyrm Rod (Black)	TYPE:Magic.Rod.Epic	COST:1382400	SPROP:+5/+5 quarterstaff, transforms into black wyrm dragon 1/day.	SOURCELONG:Epic Pathfinder Handbook v1.6	SOURCESHORT:EPH	SOURCEPAGE:p.133

Wyrm Rod (Brass)	TYPE:Magic.Rod.Epic	COST:1382400	SPROP:+5/+5 quarterstaff, transforms into brass wyrm dragon 1/day.	SOURCELONG:Epic Pathfinder Handbook v1.6	SOURCESHORT:EPH	SOURCEPAGE:p.133

Epic Absorption (Rod)	TYPE:Magic.Rod.Epic	COST:1500000	SPROP:Absorbs single-target/ray spells (max 150 spell levels), releases as own spells.	SOURCELONG:Epic Pathfinder Handbook v1.6	SOURCESHORT:EPH	SOURCEPAGE:p.129

Wyrm Rod (Copper)	TYPE:Magic.Rod.Epic	COST:1562500	SPROP:+5/+5 quarterstaff, transforms into copper wyrm dragon 1/day.	SOURCELONG:Epic Pathfinder Handbook v1.6	SOURCESHORT:EPH	SOURCEPAGE:p.133

Wyrm Rod (Green)	TYPE:Magic.Rod.Epic	COST:1562500	SPROP:+5/+5 quarterstaff, transforms into green wyrm dragon 1/day.	SOURCELONG:Epic Pathfinder Handbook v1.6	SOURCESHORT:EPH	SOURCEPAGE:p.133

Wyrm Rod (Blue)	TYPE:Magic.Rod.Epic	COST:1757600	SPROP:+5/+5 quarterstaff, transforms into blue wyrm dragon 1/day.	SOURCELONG:Epic Pathfinder Handbook v1.6	SOURCESHORT:EPH	SOURCEPAGE:p.133

Wyrm Rod (Bronze)	TYPE:Magic.Rod.Epic	COST:1757600	SPROP:+5/+5 quarterstaff, transforms into bronze wyrm dragon 1/day.	SOURCELONG:Epic Pathfinder Handbook v1.6	SOURCESHORT:EPH	SOURCEPAGE:p.133

Wyrm Rod (Red)	TYPE:Magic.Rod.Epic	COST:1968300	SPROP:+5/+5 quarterstaff, transforms into red wyrm dragon 1/day.	SOURCELONG:Epic Pathfinder Handbook v1.6	SOURCESHORT:EPH	SOURCEPAGE:p.133

Wyrm Rod (Silver)	TYPE:Magic.Rod.Epic	COST:1968300	SPROP:+5/+5 quarterstaff, transforms into silver wyrm dragon 1/day.	SOURCELONG:Epic Pathfinder Handbook v1.6	SOURCESHORT:EPH	SOURCEPAGE:p.133

Wyrm Rod (Gold)	TYPE:Magic.Rod.Epic	COST:2195200	SPROP:+5/+5 quarterstaff, transforms into gold wyrm dragon 1/day.	SOURCELONG:Epic Pathfinder Handbook v1.6	SOURCESHORT:EPH	SOURCEPAGE:p.133

Epic Might (Rod)	TYPE:Magic.Rod.Epic	COST:4400000	SPROP:Functions as +6 heavy mace. 6 buttons: various weapon forms (+3 to +10). Dominate Person/Stun/Damage spell-like abilities 1/day each. Climbing pole/ladder function.	SOURCELONG:Epic Pathfinder Handbook v1.6	SOURCESHORT:EPH	SOURCEPAGE:p.130
