Absolute Ascent	CATEGORY:FEAT	TYPE:Epic.General	PREPCLEVEL:MIN=50	PREABILITY:1,CATEGORY=FEAT,Greater Ascent	DESC:You have grown to the absolute limits a mortal being can attain. Lifespan doubled, +2 inherent to one ability score.	SOURCELONG:Epic Pathfinder Handbook v1.6	SOURCESHORT:EPH	SOURCEPAGE:p.62
Additional Magic Item Space	CATEGORY:FEAT	TYPE:Epic.General	DESC:Gain additional slots for wearing magic items.	MULT:YES	STACK:NO	CHOOSE:STRING|Belts|Body|Chest|Eyes|Feet|Hands|Head|Headband|Neck|Ring|Shield|Shoulders|Wrists	SOURCELONG:Epic Pathfinder Handbook v1.6	SOURCESHORT:EPH	SOURCEPAGE:p.62
Adamantine Will	CATEGORY:FEAT	TYPE:Epic.General	PREABILITY:1,CATEGORY=FEAT,Without Fear	DESC:Completely immune to mind-affecting effects (with CR restrictions).	SOURCELONG:Epic Pathfinder Handbook v1.6	SOURCESHORT:EPH	SOURCEPAGE:p.62
Agile Reflexes	CATEGORY:FEAT	TYPE:Epic.General	PREABILITY:1,CATEGORY=FEAT,Epic Reflexes	BONUS:SAVE|Reflex|2	DESC:+2 bonus to all Reflex saves.	STACK:YES	MULT:YES	CHOOSE:NOCHOICE	SOURCELONG:Epic Pathfinder Handbook v1.6	SOURCESHORT:EPH	SOURCEPAGE:p.62
Armor Skin	CATEGORY:FEAT	TYPE:Epic.General	BONUS:COMBAT|AC|2|TYPE=NaturalArmor.STACK	DESC:+2 natural armor bonus to Armor Class.	STACK:YES	MULT:YES	CHOOSE:NOCHOICE	SOURCELONG:Epic Pathfinder Handbook v1.6	SOURCESHORT:EPH	SOURCEPAGE:p.62
Ascent	CATEGORY:FEAT	TYPE:Epic.General	PREPCLEVEL:MIN=30	DESC:You begin to surpass mortal limits. +1 inherent to saves and AC, no aging penalties to ability scores.	SOURCELONG:Epic Pathfinder Handbook v1.6	SOURCESHORT:EPH	SOURCEPAGE:p.62
Blinding Speed	CATEGORY:FEAT	TYPE:Epic.General	PRESTAT:1,DEX=25	DESC:Act as if affected by haste for 5 rounds per day.	STACK:YES	MULT:YES	CHOOSE:NOCHOICE	SOURCELONG:Epic Pathfinder Handbook v1.6	SOURCESHORT:EPH	SOURCEPAGE:p.62
Boon Cohort	CATEGORY:FEAT	TYPE:Epic.General	PRESTAT:1,CHA=27	PREABILITY:1,CATEGORY=FEAT,Epic Leadership	DESC:Cohort max level = character level - 1.	SOURCELONG:Epic Pathfinder Handbook v1.6	SOURCESHORT:EPH	SOURCEPAGE:p.62
Commanding Presence	CATEGORY:FEAT	TYPE:Epic.General	PREABILITY:1,CATEGORY=FEAT,Epic Leadership	DESC:Leadership score +2.	STACK:YES	MULT:YES	CHOOSE:NOCHOICE	SOURCELONG:Epic Pathfinder Handbook v1.6	SOURCESHORT:EPH	SOURCEPAGE:p.63
Damage Reduction	CATEGORY:FEAT	TYPE:Epic.General	PRESTAT:1,CON=21	DESC:Gain damage reduction 3/-.	STACK:YES	MULT:YES	CHOOSE:NOCHOICE	SOURCELONG:Epic Pathfinder Handbook v1.6	SOURCESHORT:EPH	SOURCEPAGE:p.63
Disciplined Will	CATEGORY:FEAT	TYPE:Epic.General	PREABILITY:1,CATEGORY=FEAT,Epic Will	BONUS:SAVE|Will|2	DESC:+2 bonus to all Will saves.	STACK:YES	MULT:YES	CHOOSE:NOCHOICE	SOURCELONG:Epic Pathfinder Handbook v1.6	SOURCESHORT:EPH	SOURCEPAGE:p.63
Enduring Fortitude	CATEGORY:FEAT	TYPE:Epic.General	PREABILITY:1,CATEGORY=FEAT,Epic Fortitude	BONUS:SAVE|Fortitude|2	DESC:+2 bonus to all Fortitude saves.	STACK:YES	MULT:YES	CHOOSE:NOCHOICE	SOURCELONG:Epic Pathfinder Handbook v1.6	SOURCESHORT:EPH	SOURCEPAGE:p.63
Energy Resistance	CATEGORY:FEAT	TYPE:Epic.General	DESC:Gain Energy Resistance 10 against one type of energy.	MULT:YES	STACK:YES	CHOOSE:STRING|Acid|Cold|Electricity|Fire|Sonic	SOURCELONG:Epic Pathfinder Handbook v1.6	SOURCESHORT:EPH	SOURCEPAGE:p.63
Epic Endurance	CATEGORY:FEAT	TYPE:Epic.General	PRESTAT:1,CON=25	PREABILITY:1,CATEGORY=FEAT,Endurance	DESC:+10 bonus on Endurance-related tasks. Sleep in heavy armor without fatigue.	SOURCELONG:Epic Pathfinder Handbook v1.6	SOURCESHORT:EPH	SOURCEPAGE:p.63
Epic Fortitude	CATEGORY:FEAT	TYPE:Epic.General	BONUS:SAVE|Fortitude|4	DESC:+4 bonus on all Fortitude saves.	SOURCELONG:Epic Pathfinder Handbook v1.6	SOURCESHORT:EPH	SOURCEPAGE:p.63
Epic Leadership	CATEGORY:FEAT	TYPE:Epic.General	PRESTAT:1,CHA=25	PRESKILL:1,Leadership=25	DESC:Attract powerful cohort and followers as shown in Table 5-5.	SOURCELONG:Epic Pathfinder Handbook v1.6	SOURCESHORT:EPH	SOURCEPAGE:p.63
Epic Reflexes	CATEGORY:FEAT	TYPE:Epic.General	BONUS:SAVE|Reflex|4	DESC:+4 bonus on all Reflex saves.	SOURCELONG:Epic Pathfinder Handbook v1.6	SOURCESHORT:EPH	SOURCEPAGE:p.64
Epic Speed	CATEGORY:FEAT	TYPE:Epic.General	PRESTAT:1,DEX=21	PREABILITY:1,CATEGORY=FEAT,Run	BONUS:MOVEADD|TYPE.Walk|30	DESC:Speed increases by 30 feet.	SOURCELONG:Epic Pathfinder Handbook v1.6	SOURCESHORT:EPH	SOURCEPAGE:p.63
Epic Toughness	CATEGORY:FEAT	TYPE:Epic.General	BONUS:HP|CURRENTMAX|TL	DESC:+1 hit point per character level.	STACK:YES	MULT:YES	CHOOSE:NOCHOICE	SOURCELONG:Epic Pathfinder Handbook v1.6	SOURCESHORT:EPH	SOURCEPAGE:p.64
Epic Will	CATEGORY:FEAT	TYPE:Epic.General	BONUS:SAVE|Will|4	DESC:+4 bonus on all Will saves.	SOURCELONG:Epic Pathfinder Handbook v1.6	SOURCESHORT:EPH	SOURCEPAGE:p.64
Extended Life Span	CATEGORY:FEAT	TYPE:Epic.General	DESC:Add half the maximum of your race's age categories to your lifespan.	STACK:YES	MULT:YES	CHOOSE:NOCHOICE	SOURCELONG:Epic Pathfinder Handbook v1.6	SOURCESHORT:EPH	SOURCEPAGE:p.64
Fast Healing	CATEGORY:FEAT	TYPE:Epic.General	PRESTAT:1,CON=25	DESC:Gain fast healing 3.	STACK:YES	MULT:YES	CHOOSE:NOCHOICE	SOURCELONG:Epic Pathfinder Handbook v1.6	SOURCESHORT:EPH	SOURCEPAGE:p.64
Fortune's Favor	CATEGORY:FEAT	TYPE:Epic.General	PREABILITY:1,CATEGORY=FEAT,Sublime Luck	DESC:When rerolling, choose the better of two results.	SOURCELONG:Epic Pathfinder Handbook v1.6	SOURCESHORT:EPH	SOURCEPAGE:p.64
Glossator	CATEGORY:FEAT	TYPE:Epic.General	PREABILITY:1,CATEGORY=FEAT,Polyglot	PRESKILL:1,Linguistics=15	DESC:You can read and write all languages.	SOURCELONG:Epic Pathfinder Handbook v1.6	SOURCESHORT:EPH	SOURCEPAGE:p.64
Great Charisma	CATEGORY:FEAT	TYPE:Epic.General	BONUS:STAT|CHA|1	DESC:Charisma increases by 1.	STACK:YES	MULT:YES	CHOOSE:NOCHOICE	SOURCELONG:Epic Pathfinder Handbook v1.6	SOURCESHORT:EPH	SOURCEPAGE:p.64
Great Constitution	CATEGORY:FEAT	TYPE:Epic.General	BONUS:STAT|CON|1	DESC:Constitution increases by 1.	STACK:YES	MULT:YES	CHOOSE:NOCHOICE	SOURCELONG:Epic Pathfinder Handbook v1.6	SOURCESHORT:EPH	SOURCEPAGE:p.64
Great Dexterity	CATEGORY:FEAT	TYPE:Epic.General	BONUS:STAT|DEX|1	DESC:Dexterity increases by 1.	STACK:YES	MULT:YES	CHOOSE:NOCHOICE	SOURCELONG:Epic Pathfinder Handbook v1.6	SOURCESHORT:EPH	SOURCEPAGE:p.64
Great Intelligence	CATEGORY:FEAT	TYPE:Epic.General	BONUS:STAT|INT|1	DESC:Intelligence increases by 1.	STACK:YES	MULT:YES	CHOOSE:NOCHOICE	SOURCELONG:Epic Pathfinder Handbook v1.6	SOURCESHORT:EPH	SOURCEPAGE:p.64
Great Strength	CATEGORY:FEAT	TYPE:Epic.General	BONUS:STAT|STR|1	DESC:Strength increases by 1.	STACK:YES	MULT:YES	CHOOSE:NOCHOICE	SOURCELONG:Epic Pathfinder Handbook v1.6	SOURCESHORT:EPH	SOURCEPAGE:p.64
Great Wisdom	CATEGORY:FEAT	TYPE:Epic.General	BONUS:STAT|WIS|1	DESC:Wisdom increases by 1.	STACK:YES	MULT:YES	CHOOSE:NOCHOICE	SOURCELONG:Epic Pathfinder Handbook v1.6	SOURCESHORT:EPH	SOURCEPAGE:p.64
Greater Ascent	CATEGORY:FEAT	TYPE:Epic.General	PREPCLEVEL:MIN=40	PREABILITY:1,CATEGORY=FEAT,Ascent	DESC:Supernatural qualities manifest. +1 inherent to attack, +2 to damage, DCs +1 inherent.	SOURCELONG:Epic Pathfinder Handbook v1.6	SOURCESHORT:EPH	SOURCEPAGE:p.64
Implacable Will	CATEGORY:FEAT	TYPE:Epic.General	PRESTAT:1,CON=25	DESC:Once per round, substitute Fortitude save for Will save.	SOURCELONG:Epic Pathfinder Handbook v1.6	SOURCESHORT:EPH	SOURCEPAGE:p.65
Impossible Courage	CATEGORY:FEAT	TYPE:Epic.General	PREABILITY:2,CATEGORY=FEAT,Iron Will,Bravery +6	DESC:Immune to Fascinated and Shaken conditions (with CR restrictions).	SOURCELONG:Epic Pathfinder Handbook v1.6	SOURCESHORT:EPH	SOURCEPAGE:p.65
Improved Darkvision	CATEGORY:FEAT	TYPE:Epic.General	DESC:Darkvision range doubles.	STACK:YES	MULT:YES	CHOOSE:NOCHOICE	SOURCELONG:Epic Pathfinder Handbook v1.6	SOURCESHORT:EPH	SOURCEPAGE:p.65
Improved Inviolate	CATEGORY:FEAT	TYPE:Epic.General	PREABILITY:1,CATEGORY=FEAT,Inviolate	DESC:Immunity to instant-kill increases to character level + 1.	STACK:YES	MULT:YES	CHOOSE:NOCHOICE	SOURCELONG:Epic Pathfinder Handbook v1.6	SOURCESHORT:EPH	SOURCEPAGE:p.65
Improved Inured	CATEGORY:FEAT	TYPE:Epic.General	PREABILITY:1,CATEGORY=FEAT,Inured	DESC:Upgrade status effect immunity by one step.	MULT:YES	STACK:NO	CHOOSE:STRING|Dazed to Stunned|Dazzled to Blinded|Fascinated to Confused|Fatigued to Exhausted|Shaken to Frightened|Sickened to Nauseated	SOURCELONG:Epic Pathfinder Handbook v1.6	SOURCESHORT:EPH	SOURCEPAGE:p.65
Improved Low-Light Vision	CATEGORY:FEAT	TYPE:Epic.General	DESC:Low-light vision range doubles.	STACK:YES	MULT:YES	CHOOSE:NOCHOICE	SOURCELONG:Epic Pathfinder Handbook v1.6	SOURCESHORT:EPH	SOURCEPAGE:p.65
Improved Spell Resistance	CATEGORY:FEAT	TYPE:Epic.General	BONUS:VAR|SpellResistance|2	DESC:Spell Resistance increases by +2.	STACK:YES	MULT:YES	CHOOSE:NOCHOICE	SOURCELONG:Epic Pathfinder Handbook v1.6	SOURCESHORT:EPH	SOURCEPAGE:p.65
Indomitable Fortitude	CATEGORY:FEAT	TYPE:Epic.General	PRESTAT:1,WIS=25	DESC:Once per round, substitute Will save for Fortitude save.	SOURCELONG:Epic Pathfinder Handbook v1.6	SOURCESHORT:EPH	SOURCEPAGE:p.65
Internalize Power	CATEGORY:FEAT	TYPE:Epic.General	PREABILITY:1,CATEGORY=FEAT,Magic Item Mastery	DESC:Absorb power of certain magic items without wearing them.	SOURCELONG:Epic Pathfinder Handbook v1.6	SOURCESHORT:EPH	SOURCEPAGE:p.65
Inured	CATEGORY:FEAT	TYPE:Epic.General	PREABILITY:1,CATEGORY=FEAT,Inviolate	DESC:Become immune to one condition (with non-epic source restriction).	MULT:YES	STACK:NO	CHOOSE:STRING|Dazed|Dazzled|Deafened|Fascinated|Fatigued|Shaken|Sickened	SOURCELONG:Epic Pathfinder Handbook v1.6	SOURCESHORT:EPH	SOURCEPAGE:p.66
Inviolate	CATEGORY:FEAT	TYPE:Epic.General	DESC:Immune to instant-kill effects unless source CR > character level.	SOURCELONG:Epic Pathfinder Handbook v1.6	SOURCESHORT:EPH	SOURCEPAGE:p.66
Legendary Commander	CATEGORY:FEAT	TYPE:Epic.General	PRESTAT:1,CHA=28	PREABILITY:1,CATEGORY=FEAT,Epic Leadership	PRESKILL:1,Diplomacy=27	DESC:Multiply followers gained at each level by 10.	SOURCELONG:Epic Pathfinder Handbook v1.6	SOURCESHORT:EPH	SOURCEPAGE:p.66
Lightning Speed	CATEGORY:FEAT	TYPE:Epic.General	PREABILITY:1,CATEGORY=FEAT,Epic Speed	DESC:Move at 6x normal speed when running.	SOURCELONG:Epic Pathfinder Handbook v1.6	SOURCESHORT:EPH	SOURCEPAGE:p.66
Limitless Speed	CATEGORY:FEAT	TYPE:Epic.General	PREABILITY:1,CATEGORY=FEAT,Epic Speed	BONUS:MOVEADD|TYPE.Walk|10	DESC:Speed increases by 10 feet.	STACK:YES	MULT:YES	CHOOSE:NOCHOICE	SOURCELONG:Epic Pathfinder Handbook v1.6	SOURCESHORT:EPH	SOURCEPAGE:p.66
Magic Item Focus	CATEGORY:FEAT	TYPE:Epic.General	DESC:Magic items harder to damage or destroy. +8 CMD vs sunder, hardness +5, HP x2, recover 1 HP/hour.	SOURCELONG:Epic Pathfinder Handbook v1.6	SOURCESHORT:EPH	SOURCEPAGE:p.66
Magic Item Specialization	CATEGORY:FEAT	TYPE:Epic.General	PREABILITY:1,CATEGORY=FEAT,Magic Item Focus	DESC:Magic items harder to suppress or dispel. Use character level for dispel resistance.	SOURCELONG:Epic Pathfinder Handbook v1.6	SOURCESHORT:EPH	SOURCEPAGE:p.67
Magic Item Mastery	CATEGORY:FEAT	TYPE:Epic.General	PREABILITY:1,CATEGORY=FEAT,Magic Item Specialization	DESC:All magic items in possession become more potent. Caster level +8/+4, various improvements.	SOURCELONG:Epic Pathfinder Handbook v1.6	SOURCESHORT:EPH	SOURCEPAGE:p.67
Perfect Health	CATEGORY:FEAT	TYPE:Epic.General	PRESTAT:1,CON=25	PREABILITY:1,CATEGORY=FEAT,Great Fortitude	DESC:Immune to nonmagical diseases and most poisons.	SOURCELONG:Epic Pathfinder Handbook v1.6	SOURCESHORT:EPH	SOURCEPAGE:p.67
Polyglot	CATEGORY:FEAT	TYPE:Epic.General	PRESTAT:1,INT=25	PRESKILL:1,Linguistics=5	DESC:You can speak all languages.	SOURCELONG:Epic Pathfinder Handbook v1.6	SOURCESHORT:EPH	SOURCEPAGE:p.67
Stormstride	CATEGORY:FEAT	TYPE:Epic.General	PREABILITY:2,CATEGORY=FEAT,Blinding Speed,Lightning Speed	DESC:Move at 10x normal speed when running.	SOURCELONG:Epic Pathfinder Handbook v1.6	SOURCESHORT:EPH	SOURCEPAGE:p.67
Sublime Luck	CATEGORY:FEAT	TYPE:Epic.General	DESC:Once per day, reroll any roll.	STACK:YES	MULT:YES	CHOOSE:NOCHOICE	SOURCELONG:Epic Pathfinder Handbook v1.6	SOURCESHORT:EPH	SOURCEPAGE:p.67
Superior Initiative	CATEGORY:FEAT	TYPE:Epic.General	PREABILITY:1,CATEGORY=FEAT,Improved Initiative	BONUS:COMBAT|INITIATIVE|10	DESC:+10 bonus on all initiative checks.	SOURCELONG:Epic Pathfinder Handbook v1.6	SOURCESHORT:EPH	SOURCEPAGE:p.67
Timeless	CATEGORY:FEAT	TYPE:Epic.General	DESC:Reduce aging penalties to Str, Dex, Con by 1 each (min 0).	STACK:YES	MULT:YES	CHOOSE:NOCHOICE	SOURCELONG:Epic Pathfinder Handbook v1.6	SOURCESHORT:EPH	SOURCEPAGE:p.68
Tremendous Size	CATEGORY:FEAT	TYPE:Epic.General	PRESTAT:1,STR=25	DESC:Permanently increase size category by one step.	SOURCELONG:Epic Pathfinder Handbook v1.6	SOURCESHORT:EPH	SOURCEPAGE:p.68
Void Dodge	CATEGORY:FEAT	TYPE:Epic.General	PREABILITY:2,CATEGORY=FEAT,Dodge,Void Step	DESC:AC bonus from Dodge +3 until next turn when not using Void Step.	STACK:YES	MULT:YES	CHOOSE:NOCHOICE	SOURCELONG:Epic Pathfinder Handbook v1.6	SOURCESHORT:EPH	SOURCEPAGE:p.68
Void Step	CATEGORY:FEAT	TYPE:Epic.General	PRESTAT:1,DEX=27	PREABILITY:1,CATEGORY=FEAT,Blinding Speed	DESC:Once per round, move up to base speed as swift action without provoking.	SOURCELONG:Epic Pathfinder Handbook v1.6	SOURCESHORT:EPH	SOURCEPAGE:p.68
Walk on Water	CATEGORY:FEAT	TYPE:Epic.General	PREABILITY:1,CATEGORY=FEAT,Blinding Speed	DESC:Don't sink when moving at base speed on liquid surfaces.	SOURCELONG:Epic Pathfinder Handbook v1.6	SOURCESHORT:EPH	SOURCEPAGE:p.68
Well of Power	CATEGORY:FEAT	TYPE:Epic.General	DESC:Pool of points to enchant weapons or armor. Weapons: 1pt, Armor: 2pt.	STACK:YES	MULT:YES	CHOOSE:NOCHOICE	SOURCELONG:Epic Pathfinder Handbook v1.6	SOURCESHORT:EPH	SOURCEPAGE:p.68
Withstand Tribulation	CATEGORY:FEAT	TYPE:Epic.General	PRESTAT:1,CON=25	DESC:Once per round, substitute Fortitude save for Reflex save.	SOURCELONG:Epic Pathfinder Handbook v1.6	SOURCESHORT:EPH	SOURCEPAGE:p.68
Without Fear	CATEGORY:FEAT	TYPE:Epic.General	PREABILITY:1,CATEGORY=FEAT,Impossible Courage	DESC:Immune to Frightened and Panicked conditions (with CR restrictions).	SOURCELONG:Epic Pathfinder Handbook v1.6	SOURCESHORT:EPH	SOURCEPAGE:p.68
