# Epic Pathfinder Handbook v1.6 - Epic Wondrous Items
# Tables 6-12 through 6-23

###Block: Belt Slot (Table 6-12)
Belt of Epic Giant Strength +8	TYPE:Magic.Wondrous.Belt.Epic	COST:640000	BONUS:STAT|STR|8|TYPE=Enhancement	SPROP:+8 enhancement bonus to Strength	SOURCELONG:Epic Pathfinder Handbook v1.6	SOURCESHORT:EPH	SOURCEPAGE:p.141
Belt of Epic Incredible Dexterity +8	TYPE:Magic.Wondrous.Belt.Epic	COST:640000	BONUS:STAT|DEX|8|TYPE=Enhancement	SPROP:+8 enhancement bonus to Dexterity	SOURCELONG:Epic Pathfinder Handbook v1.6	SOURCESHORT:EPH	SOURCEPAGE:p.141
Belt of Epic Mighty Constitution +8	TYPE:Magic.Wondrous.Belt.Epic	COST:640000	BONUS:STAT|CON|8|TYPE=Enhancement	SPROP:+8 enhancement bonus to Constitution	SOURCELONG:Epic Pathfinder Handbook v1.6	SOURCESHORT:EPH	SOURCEPAGE:p.141
Belt of Epic Giant Strength +10	TYPE:Magic.Wondrous.Belt.Epic	COST:1000000	BONUS:STAT|STR|10|TYPE=Enhancement	SPROP:+10 enhancement bonus to Strength	SOURCELONG:Epic Pathfinder Handbook v1.6	SOURCESHORT:EPH	SOURCEPAGE:p.141
Belt of Epic Incredible Dexterity +10	TYPE:Magic.Wondrous.Belt.Epic	COST:1000000	BONUS:STAT|DEX|10|TYPE=Enhancement	SPROP:+10 enhancement bonus to Dexterity	SOURCELONG:Epic Pathfinder Handbook v1.6	SOURCESHORT:EPH	SOURCEPAGE:p.141
Belt of Epic Mighty Constitution +10	TYPE:Magic.Wondrous.Belt.Epic	COST:1000000	BONUS:STAT|CON|10|TYPE=Enhancement	SPROP:+10 enhancement bonus to Constitution	SOURCELONG:Epic Pathfinder Handbook v1.6	SOURCESHORT:EPH	SOURCEPAGE:p.141
Belt of Epic Giant Strength +12	TYPE:Magic.Wondrous.Belt.Epic	COST:1440000	BONUS:STAT|STR|12|TYPE=Enhancement	SPROP:+12 enhancement bonus to Strength	SOURCELONG:Epic Pathfinder Handbook v1.6	SOURCESHORT:EPH	SOURCEPAGE:p.141
Belt of Epic Incredible Dexterity +12	TYPE:Magic.Wondrous.Belt.Epic	COST:1440000	BONUS:STAT|DEX|12|TYPE=Enhancement	SPROP:+12 enhancement bonus to Dexterity	SOURCELONG:Epic Pathfinder Handbook v1.6	SOURCESHORT:EPH	SOURCEPAGE:p.141
Belt of Epic Mighty Constitution +12	TYPE:Magic.Wondrous.Belt.Epic	COST:1440000	BONUS:STAT|CON|12|TYPE=Enhancement	SPROP:+12 enhancement bonus to Constitution	SOURCELONG:Epic Pathfinder Handbook v1.6	SOURCESHORT:EPH	SOURCEPAGE:p.141
Belt of Epic Physical Might +8	TYPE:Magic.Wondrous.Belt.Epic	COST:1600000	BONUS:STAT|STR,DEX|8|TYPE=Enhancement	SPROP:+8 enhancement bonus to Strength and Dexterity	SOURCELONG:Epic Pathfinder Handbook v1.6	SOURCESHORT:EPH	SOURCEPAGE:p.141
Belt of Epic Physical Might +10	TYPE:Magic.Wondrous.Belt.Epic	COST:2500000	BONUS:STAT|STR,DEX|10|TYPE=Enhancement	SPROP:+10 enhancement bonus to Strength and Dexterity	SOURCELONG:Epic Pathfinder Handbook v1.6	SOURCESHORT:EPH	SOURCEPAGE:p.141
Belt of Epic Physical Might +12	TYPE:Magic.Wondrous.Belt.Epic	COST:3600000	BONUS:STAT|STR,DEX|12|TYPE=Enhancement	SPROP:+12 enhancement bonus to Strength and Dexterity	SOURCELONG:Epic Pathfinder Handbook v1.6	SOURCESHORT:EPH	SOURCEPAGE:p.141
Belt of Epic Physical Perfection +8	TYPE:Magic.Wondrous.Belt.Epic	COST:2560000	BONUS:STAT|STR,DEX,CON|8|TYPE=Enhancement	SPROP:+8 enhancement bonus to Str, Dex, and Con	SOURCELONG:Epic Pathfinder Handbook v1.6	SOURCESHORT:EPH	SOURCEPAGE:p.141
Belt of Epic Physical Perfection +10	TYPE:Magic.Wondrous.Belt.Epic	COST:4000000	BONUS:STAT|STR,DEX,CON|10|TYPE=Enhancement	SPROP:+10 enhancement bonus to Str, Dex, and Con	SOURCELONG:Epic Pathfinder Handbook v1.6	SOURCESHORT:EPH	SOURCEPAGE:p.141
Belt of Epic Physical Perfection +12	TYPE:Magic.Wondrous.Belt.Epic	COST:5760000	BONUS:STAT|STR,DEX,CON|12|TYPE=Enhancement	SPROP:+12 enhancement bonus to Str, Dex, and Con	SOURCELONG:Epic Pathfinder Handbook v1.6	SOURCESHORT:EPH	SOURCEPAGE:p.141

###Block: Headband Slot (Table 6-19)
Headband of Epic Alluring Charisma +8	TYPE:Magic.Wondrous.Headband.Epic	COST:640000	BONUS:STAT|CHA|8|TYPE=Enhancement	SPROP:+8 enhancement bonus to Charisma	SOURCELONG:Epic Pathfinder Handbook v1.6	SOURCESHORT:EPH	SOURCEPAGE:p.137
Headband of Epic Inspired Wisdom +8	TYPE:Magic.Wondrous.Headband.Epic	COST:640000	BONUS:STAT|WIS|8|TYPE=Enhancement	SPROP:+8 enhancement bonus to Wisdom	SOURCELONG:Epic Pathfinder Handbook v1.6	SOURCESHORT:EPH	SOURCEPAGE:p.137
Headband of Epic Vast Intelligence +8	TYPE:Magic.Wondrous.Headband.Epic	COST:640000	BONUS:STAT|INT|8|TYPE=Enhancement	SPROP:+8 enhancement bonus to Intelligence	SOURCELONG:Epic Pathfinder Handbook v1.6	SOURCESHORT:EPH	SOURCEPAGE:p.137
Headband of Epic Alluring Charisma +10	TYPE:Magic.Wondrous.Headband.Epic	COST:1000000	BONUS:STAT|CHA|10|TYPE=Enhancement	SPROP:+10 enhancement bonus to Charisma	SOURCELONG:Epic Pathfinder Handbook v1.6	SOURCESHORT:EPH	SOURCEPAGE:p.137
Headband of Epic Inspired Wisdom +10	TYPE:Magic.Wondrous.Headband.Epic	COST:1000000	BONUS:STAT|WIS|10|TYPE=Enhancement	SPROP:+10 enhancement bonus to Wisdom	SOURCELONG:Epic Pathfinder Handbook v1.6	SOURCESHORT:EPH	SOURCEPAGE:p.137
Headband of Epic Vast Intelligence +10	TYPE:Magic.Wondrous.Headband.Epic	COST:1000000	BONUS:STAT|INT|10|TYPE=Enhancement	SPROP:+10 enhancement bonus to Intelligence	SOURCELONG:Epic Pathfinder Handbook v1.6	SOURCESHORT:EPH	SOURCEPAGE:p.137
Headband of Epic Alluring Charisma +12	TYPE:Magic.Wondrous.Headband.Epic	COST:1440000	BONUS:STAT|CHA|12|TYPE=Enhancement	SPROP:+12 enhancement bonus to Charisma	SOURCELONG:Epic Pathfinder Handbook v1.6	SOURCESHORT:EPH	SOURCEPAGE:p.137
Headband of Epic Inspired Wisdom +12	TYPE:Magic.Wondrous.Headband.Epic	COST:1440000	BONUS:STAT|WIS|12|TYPE=Enhancement	SPROP:+12 enhancement bonus to Wisdom	SOURCELONG:Epic Pathfinder Handbook v1.6	SOURCESHORT:EPH	SOURCEPAGE:p.137
Headband of Epic Vast Intelligence +12	TYPE:Magic.Wondrous.Headband.Epic	COST:1440000	BONUS:STAT|INT|12|TYPE=Enhancement	SPROP:+12 enhancement bonus to Intelligence	SOURCELONG:Epic Pathfinder Handbook v1.6	SOURCESHORT:EPH	SOURCEPAGE:p.137
Headband of Epic Mental Prowess +8	TYPE:Magic.Wondrous.Headband.Epic	COST:1600000	BONUS:STAT|INT,WIS|8|TYPE=Enhancement	SPROP:+8 enhancement bonus to two mental ability scores	SOURCELONG:Epic Pathfinder Handbook v1.6	SOURCESHORT:EPH	SOURCEPAGE:p.137
Headband of Epic Mental Prowess +10	TYPE:Magic.Wondrous.Headband.Epic	COST:2500000	BONUS:STAT|INT,WIS|10|TYPE=Enhancement	SPROP:+10 enhancement bonus to two mental ability scores	SOURCELONG:Epic Pathfinder Handbook v1.6	SOURCESHORT:EPH	SOURCEPAGE:p.137
Headband of Epic Mental Prowess +12	TYPE:Magic.Wondrous.Headband.Epic	COST:3600000	BONUS:STAT|INT,WIS|12|TYPE=Enhancement	SPROP:+12 enhancement bonus to two mental ability scores	SOURCELONG:Epic Pathfinder Handbook v1.6	SOURCESHORT:EPH	SOURCEPAGE:p.137
Headband of Epic Mental Superiority +8	TYPE:Magic.Wondrous.Headband.Epic	COST:2560000	BONUS:STAT|INT,WIS,CHA|8|TYPE=Enhancement	SPROP:+8 enhancement bonus to Int, Wis, and Cha	SOURCELONG:Epic Pathfinder Handbook v1.6	SOURCESHORT:EPH	SOURCEPAGE:p.137
Headband of Epic Mental Superiority +10	TYPE:Magic.Wondrous.Headband.Epic	COST:4000000	BONUS:STAT|INT,WIS,CHA|10|TYPE=Enhancement	SPROP:+10 enhancement bonus to Int, Wis, and Cha	SOURCELONG:Epic Pathfinder Handbook v1.6	SOURCESHORT:EPH	SOURCEPAGE:p.137
Headband of Epic Mental Superiority +12	TYPE:Magic.Wondrous.Headband.Epic	COST:5760000	BONUS:STAT|INT,WIS,CHA|12|TYPE=Enhancement	SPROP:+12 enhancement bonus to Int, Wis, and Cha	SOURCELONG:Epic Pathfinder Handbook v1.6	SOURCESHORT:EPH	SOURCEPAGE:p.137

###Block: Shoulders Slot (Table 6-21) - Cloaks of Resistance
Cloak of Epic Resistance +6	TYPE:Magic.Wondrous.Shoulders.Epic	COST:360000	BONUS:SAVE|ALL|6|TYPE=Resistance	SPROP:+6 resistance bonus to all saving throws	SOURCELONG:Epic Pathfinder Handbook v1.6	SOURCESHORT:EPH	SOURCEPAGE:p.145
Cloak of Epic Resistance +7	TYPE:Magic.Wondrous.Shoulders.Epic	COST:490000	BONUS:SAVE|ALL|7|TYPE=Resistance	SPROP:+7 resistance bonus to all saving throws	SOURCELONG:Epic Pathfinder Handbook v1.6	SOURCESHORT:EPH	SOURCEPAGE:p.145
Cloak of Epic Resistance +8	TYPE:Magic.Wondrous.Shoulders.Epic	COST:640000	BONUS:SAVE|ALL|8|TYPE=Resistance	SPROP:+8 resistance bonus to all saving throws	SOURCELONG:Epic Pathfinder Handbook v1.6	SOURCESHORT:EPH	SOURCEPAGE:p.145
Cloak of Epic Resistance +9	TYPE:Magic.Wondrous.Shoulders.Epic	COST:810000	BONUS:SAVE|ALL|9|TYPE=Resistance	SPROP:+9 resistance bonus to all saving throws	SOURCELONG:Epic Pathfinder Handbook v1.6	SOURCESHORT:EPH	SOURCEPAGE:p.145
Cloak of Epic Resistance +10	TYPE:Magic.Wondrous.Shoulders.Epic	COST:1000000	BONUS:SAVE|ALL|10|TYPE=Resistance	SPROP:+10 resistance bonus to all saving throws	SOURCELONG:Epic Pathfinder Handbook v1.6	SOURCESHORT:EPH	SOURCEPAGE:p.145
Cloak of Epic Resistance +11	TYPE:Magic.Wondrous.Shoulders.Epic	COST:1210000	BONUS:SAVE|ALL|11|TYPE=Resistance	SPROP:+11 resistance bonus to all saving throws	SOURCELONG:Epic Pathfinder Handbook v1.6	SOURCESHORT:EPH	SOURCEPAGE:p.145
Cloak of Epic Resistance +12	TYPE:Magic.Wondrous.Shoulders.Epic	COST:1440000	BONUS:SAVE|ALL|12|TYPE=Resistance	SPROP:+12 resistance bonus to all saving throws	SOURCELONG:Epic Pathfinder Handbook v1.6	SOURCESHORT:EPH	SOURCEPAGE:p.145

###Block: Neck Slot (Table 6-20) - Amulets of Natural Armor
Amulet of Epic Natural Armor +6	TYPE:Magic.Wondrous.Amulet.Epic	COST:720000	BONUS:COMBAT|AC|6|TYPE=NaturalArmor.REPLACE	SPROP:+6 enhancement bonus to natural armor	SOURCELONG:Epic Pathfinder Handbook v1.6	SOURCESHORT:EPH	SOURCEPAGE:p.137
Amulet of Epic Natural Armor +7	TYPE:Magic.Wondrous.Amulet.Epic	COST:980000	BONUS:COMBAT|AC|7|TYPE=NaturalArmor.REPLACE	SPROP:+7 enhancement bonus to natural armor	SOURCELONG:Epic Pathfinder Handbook v1.6	SOURCESHORT:EPH	SOURCEPAGE:p.137
Amulet of Epic Natural Armor +8	TYPE:Magic.Wondrous.Amulet.Epic	COST:1280000	BONUS:COMBAT|AC|8|TYPE=NaturalArmor.REPLACE	SPROP:+8 enhancement bonus to natural armor	SOURCELONG:Epic Pathfinder Handbook v1.6	SOURCESHORT:EPH	SOURCEPAGE:p.137
Amulet of Epic Natural Armor +9	TYPE:Magic.Wondrous.Amulet.Epic	COST:1620000	BONUS:COMBAT|AC|9|TYPE=NaturalArmor.REPLACE	SPROP:+9 enhancement bonus to natural armor	SOURCELONG:Epic Pathfinder Handbook v1.6	SOURCESHORT:EPH	SOURCEPAGE:p.137
Amulet of Epic Natural Armor +10	TYPE:Magic.Wondrous.Amulet.Epic	COST:2000000	BONUS:COMBAT|AC|10|TYPE=NaturalArmor.REPLACE	SPROP:+10 enhancement bonus to natural armor	SOURCELONG:Epic Pathfinder Handbook v1.6	SOURCESHORT:EPH	SOURCEPAGE:p.137

###Block: Neck Slot - Amulets of Mighty Fists
Amulet of Epic Mighty Fists +6	TYPE:Magic.Wondrous.Amulet.Epic	COST:1080000	BONUS:WEAPON|TOHIT,DAMAGE|6|TYPE=Enhancement	SPROP:+6 enhancement bonus to unarmed attacks and natural weapons	SOURCELONG:Epic Pathfinder Handbook v1.6	SOURCESHORT:EPH	SOURCEPAGE:p.137
Amulet of Epic Mighty Fists +7	TYPE:Magic.Wondrous.Amulet.Epic	COST:1470000	BONUS:WEAPON|TOHIT,DAMAGE|7|TYPE=Enhancement	SPROP:+7 enhancement bonus to unarmed attacks and natural weapons	SOURCELONG:Epic Pathfinder Handbook v1.6	SOURCESHORT:EPH	SOURCEPAGE:p.137
Amulet of Epic Mighty Fists +8	TYPE:Magic.Wondrous.Amulet.Epic	COST:1920000	BONUS:WEAPON|TOHIT,DAMAGE|8|TYPE=Enhancement	SPROP:+8 enhancement bonus to unarmed attacks and natural weapons	SOURCELONG:Epic Pathfinder Handbook v1.6	SOURCESHORT:EPH	SOURCEPAGE:p.137
Amulet of Epic Mighty Fists +9	TYPE:Magic.Wondrous.Amulet.Epic	COST:2430000	BONUS:WEAPON|TOHIT,DAMAGE|9|TYPE=Enhancement	SPROP:+9 enhancement bonus to unarmed attacks and natural weapons	SOURCELONG:Epic Pathfinder Handbook v1.6	SOURCESHORT:EPH	SOURCEPAGE:p.137
Amulet of Epic Mighty Fists +10	TYPE:Magic.Wondrous.Amulet.Epic	COST:3000000	BONUS:WEAPON|TOHIT,DAMAGE|10|TYPE=Enhancement	SPROP:+10 enhancement bonus to unarmed attacks and natural weapons	SOURCELONG:Epic Pathfinder Handbook v1.6	SOURCESHORT:EPH	SOURCEPAGE:p.137

###Block: Wrists Slot (Table 6-22) - Bracers of Epic Armor
Bracers of Epic Armor +11	TYPE:Magic.Wondrous.Wrist.Epic	COST:1210000	BONUS:COMBAT|AC|11|TYPE=Armor.REPLACE	SPROP:+11 armor bonus to AC (force field)	SOURCELONG:Epic Pathfinder Handbook v1.6	SOURCESHORT:EPH	SOURCEPAGE:p.143
Bracers of Epic Armor +12	TYPE:Magic.Wondrous.Wrist.Epic	COST:1440000	BONUS:COMBAT|AC|12|TYPE=Armor.REPLACE	SPROP:+12 armor bonus to AC (force field)	SOURCELONG:Epic Pathfinder Handbook v1.6	SOURCESHORT:EPH	SOURCEPAGE:p.143
Bracers of Epic Armor +13	TYPE:Magic.Wondrous.Wrist.Epic	COST:1690000	BONUS:COMBAT|AC|13|TYPE=Armor.REPLACE	SPROP:+13 armor bonus to AC (force field)	SOURCELONG:Epic Pathfinder Handbook v1.6	SOURCESHORT:EPH	SOURCEPAGE:p.143
Bracers of Epic Armor +14	TYPE:Magic.Wondrous.Wrist.Epic	COST:1960000	BONUS:COMBAT|AC|14|TYPE=Armor.REPLACE	SPROP:+14 armor bonus to AC (force field)	SOURCELONG:Epic Pathfinder Handbook v1.6	SOURCESHORT:EPH	SOURCEPAGE:p.143
Bracers of Epic Armor +15	TYPE:Magic.Wondrous.Wrist.Epic	COST:2250000	BONUS:COMBAT|AC|15|TYPE=Armor.REPLACE	SPROP:+15 armor bonus to AC (force field)	SOURCELONG:Epic Pathfinder Handbook v1.6	SOURCESHORT:EPH	SOURCEPAGE:p.143

###Block: Unique Wondrous Items (selected key items)
Boots of Swiftness	TYPE:Magic.Wondrous.Boot.Epic	COST:256000	BONUS:STAT|DEX|6|TYPE=Enhancement	BONUS:MOVEADD|TYPE.Walk|30	SPROP:+6 enhancement Dexterity, speed doubles, evasion, +20 competence Acrobatics/Climb, haste 3/day (20 rounds)	SOURCELONG:Epic Pathfinder Handbook v1.6	SOURCESHORT:EPH	SOURCEPAGE:p.143

Mantle of Great Stealth	TYPE:Magic.Wondrous.Chest.Epic	COST:242000	SPROP:+30 competence bonus to Stealth, Hide in Plain Sight (as Shadowdancer)	SOURCELONG:Epic Pathfinder Handbook v1.6	SOURCESHORT:EPH	SOURCEPAGE:p.138

Mantle of Epic Spell Resistance	TYPE:Magic.Wondrous.Chest.Epic	COST:290000	BONUS:VAR|SpellResistance|40	SPROP:Grants spell resistance 40	SOURCELONG:Epic Pathfinder Handbook v1.6	SOURCESHORT:EPH	SOURCEPAGE:p.138

Crown of Stars	TYPE:Magic.Wondrous.Head.Epic	COST:320000	SPROP:Immunity to cold damage and cold-related side effects. No need to eat, drink, or breathe after 24 hours.	SOURCELONG:Epic Pathfinder Handbook v1.6	SOURCESHORT:EPH	SOURCEPAGE:p.145

Robe of the Master Magi	TYPE:Magic.Wondrous.Body.Epic	COST:4730000	SPROP:+8 armor bonus to AC, +6 resistance bonus to saves, SR 32, +30 competence bonus to Spellcraft, +6 enhancement to Intelligence	SOURCELONG:Epic Pathfinder Handbook v1.6	SOURCESHORT:EPH	SOURCEPAGE:p.136
