SOURCELONG:Epic Pathfinder Handbook	SOURCESHORT:EPH	SOURCEWEB:https://www.jessejackjones.com

###Block: Epic Feat category
ABILITYCATEGORY:Epic Feat	VISIBLE:QUALIFY	EDITABLE:YES	EDITPOOL:YES	CATEGORY:FEAT	TYPE:Epic	PLURAL:Epic Feats	DISPLAYLOCATION:Feats

###Block: Class bonus feat pools
ABILITYCATEGORY:Epic Alchemist Bonus Feat	VISIBLE:QUALIFY	EDITABLE:YES	EDITPOOL:YES	CATEGORY:FEAT	TYPE:Epic.Alchemical.ItemCreation.Magic.Metamagic	PLURAL:Epic Alchemist Bonus Feats	DISPLAYLOCATION:Feats
ABILITYCATEGORY:Epic Barbarian Bonus Feat	VISIBLE:QUALIFY	EDITABLE:YES	EDITPOOL:YES	CATEGORY:FEAT	TYPE:Epic.Combat.Rage	PLURAL:Epic Barbarian Bonus Feats	DISPLAYLOCATION:Feats
ABILITYCATEGORY:Epic Bard Bonus Feat	VISIBLE:QUALIFY	EDITABLE:YES	EDITPOOL:YES	CATEGORY:FEAT	TYPE:Epic.Magic.Morale.Skill	PLURAL:Epic Bard Bonus Feats	DISPLAYLOCATION:Feats
ABILITYCATEGORY:Epic Cavalier Bonus Feat	VISIBLE:QUALIFY	EDITABLE:YES	EDITPOOL:YES	CATEGORY:FEAT	TYPE:Epic.Combat.Morale	PLURAL:Epic Cavalier Bonus Feats	DISPLAYLOCATION:Feats
ABILITYCATEGORY:Epic Cleric Bonus Feat	VISIBLE:QUALIFY	EDITABLE:YES	EDITPOOL:YES	CATEGORY:FEAT	TYPE:Epic.Channeling.ItemCreation.Magic.Metamagic	PLURAL:Epic Cleric Bonus Feats	DISPLAYLOCATION:Feats
ABILITYCATEGORY:Epic Druid Bonus Feat	VISIBLE:QUALIFY	EDITABLE:YES	EDITPOOL:YES	CATEGORY:FEAT	TYPE:Epic.Magic.Metamagic.Wild	PLURAL:Epic Druid Bonus Feats	DISPLAYLOCATION:Feats
ABILITYCATEGORY:Epic Fighter Bonus Feat	VISIBLE:QUALIFY	EDITABLE:YES	EDITPOOL:YES	CATEGORY:FEAT	TYPE:Epic.Combat	PLURAL:Epic Fighter Bonus Feats	DISPLAYLOCATION:Feats
ABILITYCATEGORY:Epic Gunslinger Bonus Feat	VISIBLE:QUALIFY	EDITABLE:YES	EDITPOOL:YES	CATEGORY:FEAT	TYPE:Epic.Combat	PLURAL:Epic Gunslinger Bonus Feats	DISPLAYLOCATION:Feats
ABILITYCATEGORY:Epic Inquisitor Bonus Feat	VISIBLE:QUALIFY	EDITABLE:YES	EDITPOOL:YES	CATEGORY:FEAT	TYPE:Epic.Combat.Magic.Skill	PLURAL:Epic Inquisitor Bonus Feats	DISPLAYLOCATION:Feats
ABILITYCATEGORY:Epic Magus Bonus Feat	VISIBLE:QUALIFY	EDITABLE:YES	EDITPOOL:YES	CATEGORY:FEAT	TYPE:Epic.ItemCreation.Magic.Metamagic	PLURAL:Epic Magus Bonus Feats	DISPLAYLOCATION:Feats
ABILITYCATEGORY:Epic Monk Bonus Feat	VISIBLE:QUALIFY	EDITABLE:YES	EDITPOOL:YES	CATEGORY:FEAT	TYPE:Epic.Combat.Ki.Skill	PLURAL:Epic Monk Bonus Feats	DISPLAYLOCATION:Feats
ABILITYCATEGORY:Epic Oracle Bonus Feat	VISIBLE:QUALIFY	EDITABLE:YES	EDITPOOL:YES	CATEGORY:FEAT	TYPE:Epic.ItemCreation.Magic.Metamagic	PLURAL:Epic Oracle Bonus Feats	DISPLAYLOCATION:Feats
ABILITYCATEGORY:Epic Paladin Bonus Feat	VISIBLE:QUALIFY	EDITABLE:YES	EDITPOOL:YES	CATEGORY:FEAT	TYPE:Epic.Channeling.Combat.Morale	PLURAL:Epic Paladin Bonus Feats	DISPLAYLOCATION:Feats
ABILITYCATEGORY:Epic Ranger Bonus Feat	VISIBLE:QUALIFY	EDITABLE:YES	EDITPOOL:YES	CATEGORY:FEAT	TYPE:Epic.Combat.Skill	PLURAL:Epic Ranger Bonus Feats	DISPLAYLOCATION:Feats
ABILITYCATEGORY:Epic Rogue Bonus Feat	VISIBLE:QUALIFY	EDITABLE:YES	EDITPOOL:YES	CATEGORY:FEAT	TYPE:Epic.Combat.Skill	PLURAL:Epic Rogue Bonus Feats	DISPLAYLOCATION:Feats
ABILITYCATEGORY:Epic Sorcerer Bonus Feat	VISIBLE:QUALIFY	EDITABLE:YES	EDITPOOL:YES	CATEGORY:FEAT	TYPE:Epic.ItemCreation.Magic.Metamagic	PLURAL:Epic Sorcerer Bonus Feats	DISPLAYLOCATION:Feats
ABILITYCATEGORY:Epic Summoner Bonus Feat	VISIBLE:QUALIFY	EDITABLE:YES	EDITPOOL:YES	CATEGORY:FEAT	TYPE:Epic.ItemCreation.Magic.Metamagic.Summoning	PLURAL:Epic Summoner Bonus Feats	DISPLAYLOCATION:Feats
ABILITYCATEGORY:Epic Witch Bonus Feat	VISIBLE:QUALIFY	EDITABLE:YES	EDITPOOL:YES	CATEGORY:FEAT	TYPE:Epic.ItemCreation.Magic.Metamagic	PLURAL:Epic Witch Bonus Feats	DISPLAYLOCATION:Feats
ABILITYCATEGORY:Epic Wizard Bonus Feat	VISIBLE:QUALIFY	EDITABLE:YES	EDITPOOL:YES	CATEGORY:FEAT	TYPE:Epic.ItemCreation.Magic.Metamagic	PLURAL:Epic Wizard Bonus Feats	DISPLAYLOCATION:Feats

###Block: Epic class feature selection categories
ABILITYCATEGORY:Epic Barbarian Epic Rage	VISIBLE:QUALIFY	EDITABLE:YES	EDITPOOL:YES	CATEGORY:Special Ability	TYPE:EpicRageChoice	PLURAL:Epic Rage Choices	DISPLAYLOCATION:Class Features
ABILITYCATEGORY:Epic Barbarian Improved Power	VISIBLE:QUALIFY	EDITABLE:YES	EDITPOOL:YES	CATEGORY:Special Ability	TYPE:EpicBarbarianImprovedPower	PLURAL:Improved Power Choices	DISPLAYLOCATION:Class Features
ABILITYCATEGORY:Epic Fighter Warrior Power	VISIBLE:QUALIFY	EDITABLE:YES	EDITPOOL:YES	CATEGORY:Special Ability	TYPE:EpicWarriorPower	PLURAL:Warrior Power Choices	DISPLAYLOCATION:Class Features
ABILITYCATEGORY:Epic Monk Epic Insight	VISIBLE:QUALIFY	EDITABLE:YES	EDITPOOL:YES	CATEGORY:Special Ability	TYPE:EpicInsightChoice	PLURAL:Epic Insight Choices	DISPLAYLOCATION:Class Features
ABILITYCATEGORY:Epic Paladin Epic Smite Path	VISIBLE:QUALIFY	EDITABLE:YES	EDITPOOL:YES	CATEGORY:Special Ability	TYPE:EpicSmitePathChoice	PLURAL:Epic Smite Path Choices	DISPLAYLOCATION:Class Features
ABILITYCATEGORY:Epic Rogue Epic Skill	VISIBLE:QUALIFY	EDITABLE:YES	EDITPOOL:YES	CATEGORY:Special Ability	TYPE:EpicRogueSkillChoice	PLURAL:Epic Skill Choices	DISPLAYLOCATION:Class Features
ABILITYCATEGORY:Epic Bard Epic Performance	VISIBLE:QUALIFY	EDITABLE:YES	EDITPOOL:YES	CATEGORY:Special Ability	TYPE:EpicPerformanceChoice	PLURAL:Epic Performance Choices	DISPLAYLOCATION:Class Features
ABILITYCATEGORY:Epic Alchemist Epic Discovery	VISIBLE:QUALIFY	EDITABLE:YES	EDITPOOL:YES	CATEGORY:Special Ability	TYPE:EpicDiscoveryChoice	PLURAL:Epic Discovery Choices	DISPLAYLOCATION:Class Features
ABILITYCATEGORY:Epic Cavalier Epic Tactics	VISIBLE:QUALIFY	EDITABLE:YES	EDITPOOL:YES	CATEGORY:Special Ability	TYPE:EpicTacticsChoice	PLURAL:Epic Tactics Choices	DISPLAYLOCATION:Class Features
ABILITYCATEGORY:Epic Cleric Epic Blessing	VISIBLE:QUALIFY	EDITABLE:YES	EDITPOOL:YES	CATEGORY:Special Ability	TYPE:EpicBlessingChoice	PLURAL:Epic Blessing Choices	DISPLAYLOCATION:Class Features
ABILITYCATEGORY:Epic Druid Epic Wild Shape	VISIBLE:QUALIFY	EDITABLE:YES	EDITPOOL:YES	CATEGORY:Special Ability	TYPE:EpicWildShapeChoice	PLURAL:Epic Wild Shape Choices	DISPLAYLOCATION:Class Features
ABILITYCATEGORY:Epic Gunslinger Epic Deed	VISIBLE:QUALIFY	EDITABLE:YES	EDITPOOL:YES	CATEGORY:Special Ability	TYPE:EpicDeedChoice	PLURAL:Epic Deed Choices	DISPLAYLOCATION:Class Features
ABILITYCATEGORY:Epic Inquisitor Epic Judgment	VISIBLE:QUALIFY	EDITABLE:YES	EDITPOOL:YES	CATEGORY:Special Ability	TYPE:EpicJudgmentChoice	PLURAL:Epic Judgment Choices	DISPLAYLOCATION:Class Features
ABILITYCATEGORY:Epic Magus Epic Arcana	VISIBLE:QUALIFY	EDITABLE:YES	EDITPOOL:YES	CATEGORY:Special Ability	TYPE:EpicArcanaChoice	PLURAL:Epic Arcana Choices	DISPLAYLOCATION:Class Features
ABILITYCATEGORY:Epic Oracle Epic Revelation	VISIBLE:QUALIFY	EDITABLE:YES	EDITPOOL:YES	CATEGORY:Special Ability	TYPE:EpicRevelationChoice	PLURAL:Epic Revelation Choices	DISPLAYLOCATION:Class Features
ABILITYCATEGORY:Epic Ranger Epic Quarry	VISIBLE:QUALIFY	EDITABLE:YES	EDITPOOL:YES	CATEGORY:Special Ability	TYPE:EpicQuarryChoice	PLURAL:Epic Quarry Choices	DISPLAYLOCATION:Class Features
ABILITYCATEGORY:Epic Sorcerer Epic Bloodline	VISIBLE:QUALIFY	EDITABLE:YES	EDITPOOL:YES	CATEGORY:Special Ability	TYPE:EpicBloodlineChoice	PLURAL:Epic Bloodline Choices	DISPLAYLOCATION:Class Features
ABILITYCATEGORY:Epic Summoner Epic Bond	VISIBLE:QUALIFY	EDITABLE:YES	EDITPOOL:YES	CATEGORY:Special Ability	TYPE:EpicBondChoice	PLURAL:Epic Bond Choices	DISPLAYLOCATION:Class Features
ABILITYCATEGORY:Epic Witch Epic Hex	VISIBLE:QUALIFY	EDITABLE:YES	EDITPOOL:YES	CATEGORY:Special Ability	TYPE:EpicHexChoice	PLURAL:Epic Hex Choices	DISPLAYLOCATION:Class Features
ABILITYCATEGORY:Epic Wizard Epic Mastery	VISIBLE:QUALIFY	EDITABLE:YES	EDITPOOL:YES	CATEGORY:Special Ability	TYPE:EpicMasteryChoice	PLURAL:Epic Mastery Choices	DISPLAYLOCATION:Class Features
