SOURCELONG:Epic Pathfinder Handbook v1.6	SOURCESHORT:EPH	SOURCEWEB:https://www.jessejackjones.com

###Block: Epic Magic Feats

Arcane Savant	CATEGORY:FEAT	TYPE:Epic.Magic	PRESKILL:1,Spellcraft=27	DESC:You can decipher and use any arcane scroll regardless of class spell list, using your own caster level.	SOURCELONG:Epic Pathfinder Handbook v1.6	SOURCESHORT:EPH	SOURCEPAGE:p.74
Bonus Domain	CATEGORY:FEAT	TYPE:Epic.Magic	PRESTAT:1,WIS=25	DESC:You gain access to an additional cleric domain and its granted powers.	MULT:YES	STACK:NO	CHOOSE:STRING|Any	SOURCELONG:Epic Pathfinder Handbook v1.6	SOURCESHORT:EPH	SOURCEPAGE:p.74
Deep Pool	CATEGORY:FEAT	TYPE:Epic.Magic	DESC:Your arcane pool increases by 4 points.	STACK:YES	MULT:YES	CHOOSE:NOCHOICE	SOURCELONG:Epic Pathfinder Handbook v1.6	SOURCESHORT:EPH	SOURCEPAGE:p.74
Vast Pool	CATEGORY:FEAT	TYPE:Epic.Magic	PREABILITY:1,CATEGORY=FEAT,Deep Pool	DESC:Your arcane pool increases by 6 points.	STACK:YES	MULT:YES	CHOOSE:NOCHOICE	SOURCELONG:Epic Pathfinder Handbook v1.6	SOURCESHORT:EPH	SOURCEPAGE:p.74
Fathomless Pool	CATEGORY:FEAT	TYPE:Epic.Magic	PREABILITY:1,CATEGORY=FEAT,Vast Pool	DESC:Your arcane pool increases by 8 points.	STACK:YES	MULT:YES	CHOOSE:NOCHOICE	SOURCELONG:Epic Pathfinder Handbook v1.6	SOURCESHORT:EPH	SOURCEPAGE:p.74
Divine Savant	CATEGORY:FEAT	TYPE:Epic.Magic	PRESKILL:1,Spellcraft=27	DESC:You can decipher and use any divine scroll regardless of class spell list, using your own caster level.	SOURCELONG:Epic Pathfinder Handbook v1.6	SOURCESHORT:EPH	SOURCEPAGE:p.74
Dual Spell	CATEGORY:FEAT	TYPE:Epic.Magic	PRESKILL:1,Spellcraft=25	DESC:You can cast two spells simultaneously as a full-round action. Both spells must have a casting time of 1 standard action or less.	SOURCELONG:Epic Pathfinder Handbook v1.6	SOURCESHORT:EPH	SOURCEPAGE:p.75
Epic Spell Focus	CATEGORY:FEAT	TYPE:Epic.Magic	PREABILITY:1,CATEGORY=FEAT,Greater Spell Focus	DESC:Add +1 to the DCs of spells from the chosen school.	MULT:YES	STACK:YES	CHOOSE:NOCHOICE	SOURCELONG:Epic Pathfinder Handbook v1.6	SOURCESHORT:EPH	SOURCEPAGE:p.75
Epic Spell Penetration	CATEGORY:FEAT	TYPE:Epic.Magic	PREABILITY:1,CATEGORY=FEAT,Greater Spell Penetration	BONUS:VAR|SpellPenetrationBonus|2	DESC:You gain a +2 bonus on caster level checks to overcome spell resistance.	SOURCELONG:Epic Pathfinder Handbook v1.6	SOURCESHORT:EPH	SOURCEPAGE:p.75
Expanded Spell List (Bard)	CATEGORY:FEAT	TYPE:Epic.Magic	PRESKILL:1,Spellcraft=24	DESC:You add one spell from any class spell list to your bard spell list.	MULT:YES	STACK:YES	CHOOSE:NOCHOICE	SOURCELONG:Epic Pathfinder Handbook v1.6	SOURCESHORT:EPH	SOURCEPAGE:p.75
Expanded Spell List (Inquisitor)	CATEGORY:FEAT	TYPE:Epic.Magic	PRESKILL:1,Spellcraft=24	DESC:You add one spell from any class spell list to your inquisitor spell list.	MULT:YES	STACK:YES	CHOOSE:NOCHOICE	SOURCELONG:Epic Pathfinder Handbook v1.6	SOURCESHORT:EPH	SOURCEPAGE:p.75
Expanded Spell List (Magus)	CATEGORY:FEAT	TYPE:Epic.Magic	PRESKILL:1,Spellcraft=24	DESC:You add one spell from any class spell list to your magus spell list.	MULT:YES	STACK:YES	CHOOSE:NOCHOICE	SOURCELONG:Epic Pathfinder Handbook v1.6	SOURCESHORT:EPH	SOURCEPAGE:p.75
Expanded Spell List (Paladin)	CATEGORY:FEAT	TYPE:Epic.Magic	PRESKILL:1,Spellcraft=24	DESC:You add one spell from any class spell list to your paladin spell list.	MULT:YES	STACK:YES	CHOOSE:NOCHOICE	SOURCELONG:Epic Pathfinder Handbook v1.6	SOURCESHORT:EPH	SOURCEPAGE:p.75
Expanded Spell List (Ranger)	CATEGORY:FEAT	TYPE:Epic.Magic	PRESKILL:1,Spellcraft=24	DESC:You add one spell from any class spell list to your ranger spell list.	MULT:YES	STACK:YES	CHOOSE:NOCHOICE	SOURCELONG:Epic Pathfinder Handbook v1.6	SOURCESHORT:EPH	SOURCEPAGE:p.75
Expanded Spell List (Summoner)	CATEGORY:FEAT	TYPE:Epic.Magic	PRESKILL:1,Spellcraft=24	DESC:You add one spell from any class spell list to your summoner spell list.	MULT:YES	STACK:YES	CHOOSE:NOCHOICE	SOURCELONG:Epic Pathfinder Handbook v1.6	SOURCESHORT:EPH	SOURCEPAGE:p.75
Expanded Spell Selection	CATEGORY:FEAT	TYPE:Epic.Magic	DESC:You add two spells of any level you can cast to your spells known.	STACK:YES	MULT:YES	CHOOSE:NOCHOICE	SOURCELONG:Epic Pathfinder Handbook v1.6	SOURCESHORT:EPH	SOURCEPAGE:p.76
Familiar Spell	CATEGORY:FEAT	TYPE:Epic.Magic	PRESKILL:1,Spellcraft=24	DESC:Your familiar can deliver touch spells of up to 6th level and can cast one spell per day on its own from your spell list.	SOURCELONG:Epic Pathfinder Handbook v1.6	SOURCESHORT:EPH	SOURCEPAGE:p.76
Ignore Material Components	CATEGORY:FEAT	TYPE:Epic.Magic	PRESKILL:1,Spellcraft=25	PREABILITY:1,CATEGORY=FEAT,Eschew Materials	DESC:You can cast spells without material components, regardless of their cost.	SOURCELONG:Epic Pathfinder Handbook v1.6	SOURCESHORT:EPH	SOURCEPAGE:p.76
Improved Alignment-Based Casting	CATEGORY:FEAT	TYPE:Epic.Magic	DESC:Spells with alignment descriptors matching your own are cast at +2 caster level.	SOURCELONG:Epic Pathfinder Handbook v1.6	SOURCESHORT:EPH	SOURCEPAGE:p.76
Improved Combat Casting	CATEGORY:FEAT	TYPE:Epic.Magic	PREABILITY:1,CATEGORY=FEAT,Combat Casting	PRESKILL:1,Concentration=25	DESC:You do not provoke attacks of opportunity when casting spells.	SOURCELONG:Epic Pathfinder Handbook v1.6	SOURCESHORT:EPH	SOURCEPAGE:p.76
Improved Metamagic	CATEGORY:FEAT	TYPE:Epic.Magic	DESC:The level increase for one metamagic feat you know is reduced by one (minimum +1).	MULT:YES	STACK:NO	CHOOSE:STRING|Any Metamagic Feat	SOURCELONG:Epic Pathfinder Handbook v1.6	SOURCESHORT:EPH	SOURCEPAGE:p.76
Improved Spell Capacity	CATEGORY:FEAT	TYPE:Epic.Magic	DESC:You gain one additional spell slot of a level you can already cast.	STACK:YES	MULT:YES	CHOOSE:NOCHOICE	SOURCELONG:Epic Pathfinder Handbook v1.6	SOURCESHORT:EPH	SOURCEPAGE:p.77
Interconnected Truth	CATEGORY:FEAT	TYPE:Epic.Magic	PRESTAT:1,WIS=25	DESC:Your divination spells have their range and duration doubled.	SOURCELONG:Epic Pathfinder Handbook v1.6	SOURCESHORT:EPH	SOURCEPAGE:p.77
Master Staff	CATEGORY:FEAT	TYPE:Epic.Magic	PRESKILL:1,Spellcraft=24	DESC:You can recharge staves using your own spell slots.	SOURCELONG:Epic Pathfinder Handbook v1.6	SOURCESHORT:EPH	SOURCEPAGE:p.77
Master Wand	CATEGORY:FEAT	TYPE:Epic.Magic	PRESKILL:1,Spellcraft=24	DESC:You can use your own caster level and ability modifier when using wands, and wands never misfire in your hands.	SOURCELONG:Epic Pathfinder Handbook v1.6	SOURCESHORT:EPH	SOURCEPAGE:p.77
Multispell	CATEGORY:FEAT	TYPE:Epic.Magic	PRESKILL:1,Spellcraft=27	DESC:You can cast an additional quickened spell per round.	STACK:YES	MULT:YES	CHOOSE:NOCHOICE	SOURCELONG:Epic Pathfinder Handbook v1.6	SOURCESHORT:EPH	SOURCEPAGE:p.77
Mysterious Insight	CATEGORY:FEAT	TYPE:Epic.Magic	DESC:You add one mystery spell of any level you can cast to your spells known.	STACK:YES	MULT:YES	CHOOSE:NOCHOICE	SOURCELONG:Epic Pathfinder Handbook v1.6	SOURCESHORT:EPH	SOURCEPAGE:p.77
Mysterious Epiphany	CATEGORY:FEAT	TYPE:Epic.Magic	PREABILITY:1,CATEGORY=FEAT,Mysterious Insight	DESC:You gain a new oracle mystery revelation.	STACK:YES	MULT:YES	CHOOSE:NOCHOICE	SOURCELONG:Epic Pathfinder Handbook v1.6	SOURCESHORT:EPH	SOURCEPAGE:p.78
Reactive Counterspell	CATEGORY:FEAT	TYPE:Epic.Magic	PREABILITY:1,CATEGORY=FEAT,Improved Counterspell	PRESKILL:1,Spellcraft=25	DESC:You can counterspell as an immediate action instead of a readied action.	SOURCELONG:Epic Pathfinder Handbook v1.6	SOURCESHORT:EPH	SOURCEPAGE:p.78
Research Mastery	CATEGORY:FEAT	TYPE:Epic.Magic	PRESKILL:1,Spellcraft=27	DESC:You can research and develop new spells in half the normal time and at reduced cost.	SOURCELONG:Epic Pathfinder Handbook v1.6	SOURCESHORT:EPH	SOURCEPAGE:p.78
Ring Lore	CATEGORY:FEAT	TYPE:Epic.Magic	PRESKILL:1,Spellcraft=24	DESC:You can identify the properties of magic rings automatically and use rings with a +4 bonus to any required checks.	SOURCELONG:Epic Pathfinder Handbook v1.6	SOURCESHORT:EPH	SOURCEPAGE:p.78
Ring Mastery	CATEGORY:FEAT	TYPE:Epic.Magic	PREABILITY:1,CATEGORY=FEAT,Ring Lore	PRESKILL:1,Spellcraft=30	DESC:Magic rings you wear have their caster level increased by 4 and any numeric effects increased by 50%%.	SOURCELONG:Epic Pathfinder Handbook v1.6	SOURCESHORT:EPH	SOURCEPAGE:p.78
Magic Item Mastery	CATEGORY:FEAT	TYPE:Epic.Magic	PRESKILL:1,Spellcraft=30	DESC:All magic items in your possession function at +4 caster levels and their numeric effects are increased.	SOURCELONG:Epic Pathfinder Handbook v1.6	SOURCESHORT:EPH	SOURCEPAGE:p.78
Scroll Lore	CATEGORY:FEAT	TYPE:Epic.Magic	PRESKILL:1,Spellcraft=24	DESC:You can identify the properties of magic scrolls automatically and use scrolls with a +4 bonus to any required checks.	SOURCELONG:Epic Pathfinder Handbook v1.6	SOURCESHORT:EPH	SOURCEPAGE:p.79
Scroll Mastery	CATEGORY:FEAT	TYPE:Epic.Magic	PREABILITY:1,CATEGORY=FEAT,Scroll Lore	PRESKILL:1,Spellcraft=30	DESC:Magic scrolls you use have their caster level increased by 4 and you never fail activation checks.	SOURCELONG:Epic Pathfinder Handbook v1.6	SOURCESHORT:EPH	SOURCEPAGE:p.79
Spell Knowledge	CATEGORY:FEAT	TYPE:Epic.Magic	DESC:You permanently add two spells from your class spell list to your spellbook or spells known.	STACK:YES	MULT:YES	CHOOSE:NOCHOICE	SOURCELONG:Epic Pathfinder Handbook v1.6	SOURCESHORT:EPH	SOURCEPAGE:p.79
Spell Opportunity	CATEGORY:FEAT	TYPE:Epic.Magic	PREABILITY:1,CATEGORY=FEAT,Combat Reflexes	DESC:You can make an attack of opportunity by casting a touch spell instead of making a melee attack.	SOURCELONG:Epic Pathfinder Handbook v1.6	SOURCESHORT:EPH	SOURCEPAGE:p.79
Spell Stowaway	CATEGORY:FEAT	TYPE:Epic.Magic	PRESKILL:1,Spellcraft=24	DESC:Choose one spell. Whenever that spell is cast within 300 feet, you are also affected as if you were a target.	MULT:YES	STACK:NO	CHOOSE:STRING|Any Spell	SOURCELONG:Epic Pathfinder Handbook v1.6	SOURCESHORT:EPH	SOURCEPAGE:p.79
Spell Superiority	CATEGORY:FEAT	TYPE:Epic.Magic	PRESKILL:1,Spellcraft=25	DESC:Your spells are harder to dispel. Add +4 to the DC to dispel your spells.	SOURCELONG:Epic Pathfinder Handbook v1.6	SOURCESHORT:EPH	SOURCEPAGE:p.79
Spell Supremacy	CATEGORY:FEAT	TYPE:Epic.Magic	PREABILITY:1,CATEGORY=FEAT,Spell Superiority	PRESKILL:1,Spellcraft=30	DESC:Your spells cannot be dispelled by non-epic casters.	SOURCELONG:Epic Pathfinder Handbook v1.6	SOURCESHORT:EPH	SOURCEPAGE:p.80
Spontaneous Domain Access	CATEGORY:FEAT	TYPE:Epic.Magic	PRESTAT:1,WIS=25	DESC:You can spontaneously cast any domain spell from your chosen domains by sacrificing a prepared spell of equal or higher level.	SOURCELONG:Epic Pathfinder Handbook v1.6	SOURCESHORT:EPH	SOURCEPAGE:p.80
Spontaneous Metamagic	CATEGORY:FEAT	TYPE:Epic.Magic	DESC:You can apply a metamagic feat you know to a spontaneous spell without increasing the casting time.	MULT:YES	STACK:NO	CHOOSE:STRING|Any Metamagic Feat	SOURCELONG:Epic Pathfinder Handbook v1.6	SOURCESHORT:EPH	SOURCEPAGE:p.80
Tenacious Magic	CATEGORY:FEAT	TYPE:Epic.Magic	PRESKILL:1,Spellcraft=24	DESC:Choose one spell. If that spell is dispelled, it automatically resumes 1d4 rounds later.	MULT:YES	STACK:NO	CHOOSE:STRING|Any Spell	SOURCELONG:Epic Pathfinder Handbook v1.6	SOURCESHORT:EPH	SOURCEPAGE:p.80
Vicious Hex	CATEGORY:FEAT	TYPE:Epic.Magic	PRESTAT:1,INT=25	DESC:The save DCs of your hexes increase by 2 and their effects are enhanced.	SOURCELONG:Epic Pathfinder Handbook v1.6	SOURCESHORT:EPH	SOURCEPAGE:p.80
Wand Lore	CATEGORY:FEAT	TYPE:Epic.Magic	PRESKILL:1,Spellcraft=24	DESC:You can identify the properties of wands automatically and use wands with a +4 bonus to any required checks.	SOURCELONG:Epic Pathfinder Handbook v1.6	SOURCESHORT:EPH	SOURCEPAGE:p.80
Wand Mastery	CATEGORY:FEAT	TYPE:Epic.Magic	PREABILITY:1,CATEGORY=FEAT,Wand Lore	PRESKILL:1,Spellcraft=30	DESC:Wands you use have their caster level increased by 4 and their save DCs are based on your own ability scores.	SOURCELONG:Epic Pathfinder Handbook v1.6	SOURCESHORT:EPH	SOURCEPAGE:p.80
Warmage	CATEGORY:FEAT	TYPE:Epic.Magic	PRESKILL:1,Spellcraft=24	DESC:You can cast offensive spells while wearing medium armor without incurring arcane spell failure.	SOURCELONG:Epic Pathfinder Handbook v1.6	SOURCESHORT:EPH	SOURCEPAGE:p.81
Warcaster	CATEGORY:FEAT	TYPE:Epic.Magic	PREABILITY:1,CATEGORY=FEAT,Warmage	PRESKILL:1,Spellcraft=30	DESC:You can cast any spell while wearing heavy armor and using a shield without incurring arcane spell failure.	SOURCELONG:Epic Pathfinder Handbook v1.6	SOURCESHORT:EPH	SOURCEPAGE:p.81
Vatic Bastion	CATEGORY:FEAT	TYPE:Epic.Magic	PRESTAT:1,WIS=27	DESC:You can prepare additional divination spells in bonus spell slots equal to your Wisdom modifier.	SOURCELONG:Epic Pathfinder Handbook v1.6	SOURCESHORT:EPH	SOURCEPAGE:p.81
Wide Pool	CATEGORY:FEAT	TYPE:Epic.Magic	DESC:Your arcane reservoir, ki pool, or similar class-based pool increases by 4.	STACK:YES	MULT:YES	CHOOSE:NOCHOICE	SOURCELONG:Epic Pathfinder Handbook v1.6	SOURCESHORT:EPH	SOURCEPAGE:p.81
Wondrous Item Lore	CATEGORY:FEAT	TYPE:Epic.Magic	PRESKILL:1,Spellcraft=24	DESC:You can identify the properties of wondrous items automatically and use them with a +4 bonus to any required checks.	SOURCELONG:Epic Pathfinder Handbook v1.6	SOURCESHORT:EPH	SOURCEPAGE:p.81
Wondrous Item Mastery	CATEGORY:FEAT	TYPE:Epic.Magic	PREABILITY:1,CATEGORY=FEAT,Wondrous Item Lore	PRESKILL:1,Spellcraft=30	DESC:Wondrous items you use have their caster level increased by 4 and their numeric effects are increased by 50%%.	SOURCELONG:Epic Pathfinder Handbook v1.6	SOURCESHORT:EPH	SOURCEPAGE:p.81
