# Epic Pathfinder Handbook v1.6 - Companion Modifications at Epic Levels
# Table 3-26: Animal Companions and Mounts at Epic Levels
# Table 3-27: Eidolons at Epic Levels
# Table 3-28: Familiars at Epic Levels

###Block: Animal Companions and Mounts at Epic Levels (Table 3-26)
FOLLOWER:AnimalCompanionLVL=21	TYPE:Animal Companion	HD:1	BONUS:STAT|STR|1	BONUS:STAT|DEX|1
FOLLOWER:AnimalCompanionLVL=22	TYPE:Animal Companion	HD:1
FOLLOWER:AnimalCompanionLVL=23	TYPE:Animal Companion	HD:1
FOLLOWER:AnimalCompanionLVL=24	TYPE:Animal Companion	HD:1	BONUS:STAT|STR|1	BONUS:STAT|DEX|1
FOLLOWER:AnimalCompanionLVL=25	TYPE:Animal Companion	HD:1
FOLLOWER:AnimalCompanionLVL=26	TYPE:Animal Companion	HD:1
FOLLOWER:AnimalCompanionLVL=27	TYPE:Animal Companion	HD:1	BONUS:STAT|STR|1	BONUS:STAT|DEX|1
FOLLOWER:AnimalCompanionLVL=28	TYPE:Animal Companion	HD:1
FOLLOWER:AnimalCompanionLVL=29	TYPE:Animal Companion	HD:1
FOLLOWER:AnimalCompanionLVL=30	TYPE:Animal Companion	HD:1	BONUS:STAT|STR|1	BONUS:STAT|DEX|1

###Block: Special Mounts at Epic Levels
FOLLOWER:SpecialMountLVL=21	TYPE:Special Mount	HD:1	BONUS:STAT|STR|1	BONUS:STAT|DEX|1
FOLLOWER:SpecialMountLVL=22	TYPE:Special Mount	HD:1
FOLLOWER:SpecialMountLVL=23	TYPE:Special Mount	HD:1
FOLLOWER:SpecialMountLVL=24	TYPE:Special Mount	HD:1	BONUS:STAT|STR|1	BONUS:STAT|DEX|1
FOLLOWER:SpecialMountLVL=25	TYPE:Special Mount	HD:1
FOLLOWER:SpecialMountLVL=26	TYPE:Special Mount	HD:1
FOLLOWER:SpecialMountLVL=27	TYPE:Special Mount	HD:1	BONUS:STAT|STR|1	BONUS:STAT|DEX|1
FOLLOWER:SpecialMountLVL=28	TYPE:Special Mount	HD:1
FOLLOWER:SpecialMountLVL=29	TYPE:Special Mount	HD:1
FOLLOWER:SpecialMountLVL=30	TYPE:Special Mount	HD:1	BONUS:STAT|STR|1	BONUS:STAT|DEX|1

###Block: Eidolons at Epic Levels (Table 3-27)
FOLLOWER:EidolonLVL=21	TYPE:Eidolon	HD:1	BONUS:STAT|STR|1	BONUS:STAT|DEX|1
FOLLOWER:EidolonLVL=22	TYPE:Eidolon	HD:1
FOLLOWER:EidolonLVL=23	TYPE:Eidolon	HD:1
FOLLOWER:EidolonLVL=24	TYPE:Eidolon	HD:1
FOLLOWER:EidolonLVL=25	TYPE:Eidolon	HD:1	BONUS:STAT|STR|1	BONUS:STAT|DEX|1
FOLLOWER:EidolonLVL=26	TYPE:Eidolon	HD:1
FOLLOWER:EidolonLVL=27	TYPE:Eidolon	HD:1
FOLLOWER:EidolonLVL=28	TYPE:Eidolon	HD:1
FOLLOWER:EidolonLVL=29	TYPE:Eidolon	HD:1	BONUS:STAT|STR|1	BONUS:STAT|DEX|1
FOLLOWER:EidolonLVL=30	TYPE:Eidolon	HD:1

###Block: Familiars at Epic Levels (Table 3-28)
# Natural Armor +1 every 2 levels, Intelligence +1 every 4 levels
FOLLOWER:FamiliarLVL=21	TYPE:Familiar	BONUS:COMBAT|AC|1|TYPE=NaturalArmor.STACK
FOLLOWER:FamiliarLVL=22	TYPE:Familiar
FOLLOWER:FamiliarLVL=23	TYPE:Familiar	BONUS:COMBAT|AC|1|TYPE=NaturalArmor.STACK	BONUS:STAT|INT|1
FOLLOWER:FamiliarLVL=24	TYPE:Familiar
FOLLOWER:FamiliarLVL=25	TYPE:Familiar	BONUS:COMBAT|AC|1|TYPE=NaturalArmor.STACK
FOLLOWER:FamiliarLVL=26	TYPE:Familiar
FOLLOWER:FamiliarLVL=27	TYPE:Familiar	BONUS:COMBAT|AC|1|TYPE=NaturalArmor.STACK	BONUS:STAT|INT|1
FOLLOWER:FamiliarLVL=28	TYPE:Familiar
FOLLOWER:FamiliarLVL=29	TYPE:Familiar	BONUS:COMBAT|AC|1|TYPE=NaturalArmor.STACK
FOLLOWER:FamiliarLVL=30	TYPE:Familiar
