SOURCELONG:Epic Pathfinder Handbook v1.6	SOURCESHORT:EPH	SOURCEWEB:https://www.jessejackjones.com	SOURCEDATE:2015-07

###Block: Epic Combat Feats

Absolute Attack	CATEGORY:FEAT	TYPE:Epic.Combat	DESC:Your attacks automatically slay any target whose HD is equal to half your level.	SOURCELONG:Epic Pathfinder Handbook v1.6	SOURCESHORT:EPH	SOURCEPAGE:p.47

Absolute Judgment	CATEGORY:FEAT	TYPE:Epic.Combat	PREABILITY:1,CATEGORY=Special Ability,True Judgment	PRESTAT:1,CHA=21	DESC:When invoking true judgment, activate other judgments.	SOURCELONG:Epic Pathfinder Handbook v1.6	SOURCESHORT:EPH	SOURCEPAGE:p.47

Absolute Two-Weapon Fighting	CATEGORY:FEAT	TYPE:Epic.Combat	PRESTAT:1,DEX=29	PREABILITY:1,CATEGORY=FEAT,Perfect Two-Weapon Fighting	DESC:Any time you make a single attack with your primary weapon, you may also strike with your off-hand weapon.	SOURCELONG:Epic Pathfinder Handbook v1.6	SOURCESHORT:EPH	SOURCEPAGE:p.47

Anklebreaker	CATEGORY:FEAT	TYPE:Epic.Combat	PRESTAT:1,DEX=21	PREABILITY:1,CATEGORY=FEAT,Greater Trip	BONUS:COMBAT|TOHIT.TRIP|8	DESC:+8 bonus to CMB when tripping and CMD to resist being tripped.	SOURCELONG:Epic Pathfinder Handbook v1.6	SOURCESHORT:EPH	SOURCEPAGE:p.47

Armed Deflection	CATEGORY:FEAT	TYPE:Epic.Combat	PRESTAT:1,DEX=21	PRESTAT:1,WIS=19	PREABILITY:2,CATEGORY=FEAT,Combat Expertise,Epic Weapon Focus	DESC:Deflect ranged attacks with your chosen weapon.	SOURCELONG:Epic Pathfinder Handbook v1.6	SOURCESHORT:EPH	SOURCEPAGE:p.47

Bane of Enemies	CATEGORY:FEAT	TYPE:Epic.Combat	PRESKILL:1,Survival=21	PREABILITY:1,CATEGORY=Special Ability,TYPE.MasterHunter	DESC:Weapons treated as bane against favored enemies.	SOURCELONG:Epic Pathfinder Handbook v1.6	SOURCESHORT:EPH	SOURCEPAGE:p.48

Battlegod	CATEGORY:FEAT	TYPE:Epic.Combat	PRETOTALAB:30	PREABILITY:1,CATEGORY=FEAT,Warlord	PREABILITY:1,CATEGORY=Special Ability,Weapon Mastery	MULT:NO	DESC:Absolute mastery with chosen weapon. +2 competence AC/Reflex, +4 CMB/CMD, ignore hardness/DR.	SOURCELONG:Epic Pathfinder Handbook v1.6	SOURCESHORT:EPH	SOURCEPAGE:p.48

Beneath Your Heels	CATEGORY:FEAT	TYPE:Epic.Combat	PRESTAT:1,STR=21	PREABILITY:1,CATEGORY=FEAT,Greater Overrun	BONUS:COMBAT|TOHIT.OVERRUN|8	DESC:+8 bonus to CMB when overrunning and CMD to resist being overrun.	SOURCELONG:Epic Pathfinder Handbook v1.6	SOURCESHORT:EPH	SOURCEPAGE:p.48

Bloodwind	CATEGORY:FEAT	TYPE:Epic.Combat	PREABILITY:2,CATEGORY=FEAT,Greater Vital Strike,Improved Whirlwind Attack	DESC:Whirlwind attack as full-attack action with vital strike.	SOURCELONG:Epic Pathfinder Handbook v1.6	SOURCESHORT:EPH	SOURCEPAGE:p.48

Bounding Assault	CATEGORY:FEAT	TYPE:Epic.Combat	PRESTAT:1,DEX=21	PREABILITY:2,CATEGORY=FEAT,Combat Reflexes,Spring Attack	STACK:YES	MULT:YES	CHOOSE:NOCHOICE	DESC:Make a second attack while performing a spring attack.	SOURCELONG:Epic Pathfinder Handbook v1.6	SOURCESHORT:EPH	SOURCEPAGE:p.48

Breath Through the Temple Gates	CATEGORY:FEAT	TYPE:Epic.Combat	PRESTAT:2,STR=27,DEX=27	PRETOTALAB:23	PREABILITY:1,CATEGORY=FEAT,White Lotus Gale	DESC:Vacuum Slash cone reaches 60 feet.	SOURCELONG:Epic Pathfinder Handbook v1.6	SOURCESHORT:EPH	SOURCEPAGE:p.48

Brutal Blast	CATEGORY:FEAT	TYPE:Epic.Combat	PRESTAT:1,STR=27	PREABILITY:2,CATEGORY=FEAT,Brutal Slam,Bull Rush Strike	DESC:Auto bull rush on critical strike.	SOURCELONG:Epic Pathfinder Handbook v1.6	SOURCESHORT:EPH	SOURCEPAGE:p.49

Brutal Slam	CATEGORY:FEAT	TYPE:Epic.Combat	PRESTAT:1,STR=25	PREABILITY:1,CATEGORY=FEAT,Tripping Strike	DESC:Auto trip on critical strike.	SOURCELONG:Epic Pathfinder Handbook v1.6	SOURCESHORT:EPH	SOURCEPAGE:p.49

Bull of War	CATEGORY:FEAT	TYPE:Epic.Combat	PRESTAT:1,STR=21	PREABILITY:1,CATEGORY=FEAT,Greater Bull Rush	BONUS:COMBAT|TOHIT.BULLRUSH|8	DESC:+8 bonus to CMB when bull rushing and CMD to resist.	SOURCELONG:Epic Pathfinder Handbook v1.6	SOURCESHORT:EPH	SOURCEPAGE:p.49

Celestial Strike	CATEGORY:FEAT	TYPE:Epic.Combat	PRESTAT:1,CHA=29	PREABILITY:1,CATEGORY=FEAT,Divine Strike	PRESKILL:1,Knowledge (Religion)=34	DESC:Weapon treated as celestial grandeur weapon while Smite Evil is active.	SOURCELONG:Epic Pathfinder Handbook v1.6	SOURCESHORT:EPH	SOURCEPAGE:p.49

Comet Shot	CATEGORY:FEAT	TYPE:Epic.Combat	PREABILITY:1,CATEGORY=FEAT,Warlord	DESC:Ranged attacks cannot be deflected with Warlord.	SOURCELONG:Epic Pathfinder Handbook v1.6	SOURCESHORT:EPH	SOURCEPAGE:p.49

Contemptible Combatant	CATEGORY:FEAT	TYPE:Epic.Combat	PRESTAT:1,DEX=21	PREABILITY:1,CATEGORY=FEAT,Greater Dirty Trick	BONUS:COMBAT|TOHIT.DIRTYTRICK|8	DESC:+8 bonus to CMB when dirty tricking and CMD to resist.	SOURCELONG:Epic Pathfinder Handbook v1.6	SOURCESHORT:EPH	SOURCEPAGE:p.49

Crowd Control	CATEGORY:FEAT	TYPE:Epic.Combat	PRESTAT:1,STR=25	PREABILITY:2,CATEGORY=FEAT,Cleaving Finish,Great Cleave	DESC:Excess damage carries over to next melee attack.	SOURCELONG:Epic Pathfinder Handbook v1.6	SOURCESHORT:EPH	SOURCEPAGE:p.49

Cutpurse	CATEGORY:FEAT	TYPE:Epic.Combat	PRESTAT:1,DEX=21	PREABILITY:1,CATEGORY=FEAT,Greater Steal	BONUS:COMBAT|TOHIT.STEAL|8	DESC:+8 bonus to CMB when stealing and CMD to resist.	SOURCELONG:Epic Pathfinder Handbook v1.6	SOURCESHORT:EPH	SOURCEPAGE:p.49

Deadly Ally	CATEGORY:FEAT	TYPE:Epic.Combat	STACK:YES	MULT:YES	CHOOSE:NOCHOICE	DESC:Provide flanking against targets immune to it, flanking bonus +2.	SOURCELONG:Epic Pathfinder Handbook v1.6	SOURCESHORT:EPH	SOURCEPAGE:p.49

Death of Enemies	CATEGORY:FEAT	TYPE:Epic.Combat	PREABILITY:1,CATEGORY=FEAT,Bane of Enemies	PRESKILL:1,Survival=27	DESC:Auto confirm criticals against favored enemies.	SOURCELONG:Epic Pathfinder Handbook v1.6	SOURCESHORT:EPH	SOURCEPAGE:p.50

Devastating Critical	CATEGORY:FEAT	TYPE:Epic.Combat	PRESTAT:1,STR=25	PREABILITY:2,CATEGORY=FEAT,Great Cleave,Overwhelming Critical	MULT:YES	STACK:NO	CHOOSE:WEAPONPROFICIENCY|PC	DESC:Cleave auto-threatens criticals on all targets.	SOURCELONG:Epic Pathfinder Handbook v1.6	SOURCESHORT:EPH	SOURCEPAGE:p.50

Dire Charge	CATEGORY:FEAT	TYPE:Epic.Combat	PREABILITY:1,CATEGORY=FEAT,Improved Initiative	DESC:Full attack on a charge as if you had Pounce.	SOURCELONG:Epic Pathfinder Handbook v1.6	SOURCESHORT:EPH	SOURCEPAGE:p.50

Dire Shot	CATEGORY:FEAT	TYPE:Epic.Combat	PRESTAT:1,DEX=23	PRESKILL:1,Perception=16	PREABILITY:1,CATEGORY=FEAT,Far Shot	STACK:YES	MULT:YES	CHOOSE:NOCHOICE	DESC:Double the distance of ranged weapons.	SOURCELONG:Epic Pathfinder Handbook v1.6	SOURCESHORT:EPH	SOURCEPAGE:p.50

Dispelling Parry	CATEGORY:FEAT	TYPE:Epic.Combat	PREABILITY:1,CATEGORY=FEAT,Dispelling Slash	PRESKILL:1,Spellcraft=26	DESC:Ready action to dispel targeted spells with a physical attack.	SOURCELONG:Epic Pathfinder Handbook v1.6	SOURCESHORT:EPH	SOURCEPAGE:p.50

Dispelling Slash	CATEGORY:FEAT	TYPE:Epic.Combat	PREABILITY:2,CATEGORY=FEAT,Power Attack,Skill Focus (Spellcraft)	PRESKILL:1,Spellcraft=21	DESC:Physically dispel spells with a melee attack.	SOURCELONG:Epic Pathfinder Handbook v1.6	SOURCESHORT:EPH	SOURCEPAGE:p.50

Distant Shot	CATEGORY:FEAT	TYPE:Epic.Combat	PRESTAT:1,DEX=23	PRESKILL:1,Perception=16	PREABILITY:1,CATEGORY=FEAT,Far Shot	STACK:YES	MULT:YES	CHOOSE:NOCHOICE	DESC:Double range increments of ranged weapons.	SOURCELONG:Epic Pathfinder Handbook v1.6	SOURCESHORT:EPH	SOURCEPAGE:p.50

Divine Strike	CATEGORY:FEAT	TYPE:Epic.Combat	PRESTAT:1,CHA=25	PREABILITY:1,CATEGORY=FEAT,Holy Strike	PRESKILL:1,Knowledge (Religion)=27	DESC:Weapon treated as holy power weapon while Smite Evil active.	SOURCELONG:Epic Pathfinder Handbook v1.6	SOURCESHORT:EPH	SOURCEPAGE:p.50

Earth Breaker	CATEGORY:FEAT	TYPE:Epic.Combat	PRESTAT:1,STR=26	PRETOTALAB:20	DESC:Strike the ground to attack in a 5-foot burst.	SOURCELONG:Epic Pathfinder Handbook v1.6	SOURCESHORT:EPH	SOURCEPAGE:p.50

Empowered Judgment	CATEGORY:FEAT	TYPE:Epic.Combat	PRESTAT:1,WIS=21	PREABILITY:1,CATEGORY=Special Ability,True Judgment	STACK:YES	MULT:YES	CHOOSE:NOCHOICE	DESC:Effects of all judgments increase by +1.	SOURCELONG:Epic Pathfinder Handbook v1.6	SOURCESHORT:EPH	SOURCEPAGE:p.51

Epic Brutality	CATEGORY:FEAT	TYPE:Epic.Combat	BONUS:COMBAT|DAMAGE|2	DESC:+2 bonus on all damage rolls for physical attacks.	SOURCELONG:Epic Pathfinder Handbook v1.6	SOURCESHORT:EPH	SOURCEPAGE:p.51

Epic Dodge	CATEGORY:FEAT	TYPE:Epic.Combat	PRESTAT:1,DEX=25	PREABILITY:1,CATEGORY=FEAT,Dodge	PRESKILL:1,Acrobatics=27	PREABILITY:1,CATEGORY=Special Ability,Improved Evasion	DESC:Once per round, automatically avoid all damage from one attack.	SOURCELONG:Epic Pathfinder Handbook v1.6	SOURCESHORT:EPH	SOURCEPAGE:p.51

Epic Penetrating Strike	CATEGORY:FEAT	TYPE:Epic.Combat	PREABILITY:1,CATEGORY=FEAT,Greater Penetrating Strike	STACK:YES	MULT:YES	CHOOSE:NOCHOICE	DESC:Attacks ignore 5 additional points of DR.	SOURCELONG:Epic Pathfinder Handbook v1.6	SOURCESHORT:EPH	SOURCEPAGE:p.51

Epic Power Attack	CATEGORY:FEAT	TYPE:Epic.Combat	PRESTAT:1,STR=21	PREABILITY:1,CATEGORY=FEAT,Power Attack	DESC:-1 penalty, +4 damage per point of epic attack bonus with power attack.	SOURCELONG:Epic Pathfinder Handbook v1.6	SOURCESHORT:EPH	SOURCEPAGE:p.51

Epic Prowess	CATEGORY:FEAT	TYPE:Epic.Combat	BONUS:COMBAT|TOHIT|1	STACK:YES	MULT:YES	CHOOSE:NOCHOICE	DESC:+1 bonus on all attack rolls.	SOURCELONG:Epic Pathfinder Handbook v1.6	SOURCESHORT:EPH	SOURCEPAGE:p.51

Epic Technique	CATEGORY:FEAT	TYPE:Epic.Combat	BONUS:VAR|CMB|2	BONUS:VAR|CMD|2	STACK:YES	MULT:YES	CHOOSE:NOCHOICE	DESC:+2 bonus to CMB and CMD.	SOURCELONG:Epic Pathfinder Handbook v1.6	SOURCESHORT:EPH	SOURCEPAGE:p.51

Epic Weapon Focus	CATEGORY:FEAT	TYPE:Epic.Combat	PREABILITY:1,CATEGORY=FEAT,Greater Weapon Focus	BONUS:COMBAT|TOHIT|1	MULT:YES	STACK:NO	CHOOSE:WEAPONPROFICIENCY|PC	DESC:+1 bonus on attack rolls with selected weapon.	SOURCELONG:Epic Pathfinder Handbook v1.6	SOURCESHORT:EPH	SOURCEPAGE:p.51

Epic Weapon Specialization	CATEGORY:FEAT	TYPE:Epic.Combat	PREABILITY:2,CATEGORY=FEAT,Epic Weapon Focus,Greater Weapon Specialization	BONUS:COMBAT|DAMAGE|4	MULT:YES	STACK:NO	CHOOSE:WEAPONPROFICIENCY|PC	DESC:+4 bonus on damage with selected weapon.	SOURCELONG:Epic Pathfinder Handbook v1.6	SOURCESHORT:EPH	SOURCEPAGE:p.51

Exceptional Deflection	CATEGORY:FEAT	TYPE:Epic.Combat	PRESTAT:2,DEX=21,WIS=21	PREABILITY:2,CATEGORY=FEAT,Deflect Arrows,Improved Unarmed Strike	DESC:Deflect any ranged attacks as if they were arrows.	SOURCELONG:Epic Pathfinder Handbook v1.6	SOURCESHORT:EPH	SOURCEPAGE:p.52

Extraordinary Shot	CATEGORY:FEAT	TYPE:Epic.Combat	PRESTAT:1,DEX=23	PREABILITY:1,CATEGORY=Special Ability,True Grit	DESC:Counter attacks with a readied action.	SOURCELONG:Epic Pathfinder Handbook v1.6	SOURCESHORT:EPH	SOURCEPAGE:p.52

Furious Charge	CATEGORY:FEAT	TYPE:Epic.Combat	PRESTAT:1,STR=21	PREABILITY:2,CATEGORY=FEAT,Furious Focus,Spirited Charge	DESC:Combine mount's BAB with yours for power attack damage on mounted charge.	SOURCELONG:Epic Pathfinder Handbook v1.6	SOURCESHORT:EPH	SOURCEPAGE:p.52

God Breaker	CATEGORY:FEAT	TYPE:Epic.Combat	PRESTAT:1,STR=30	PRETOTALAB:22	PREABILITY:1,CATEGORY=FEAT,World Breaker	DESC:Earth Breaker burst radius increases to 20 feet.	SOURCELONG:Epic Pathfinder Handbook v1.6	SOURCESHORT:EPH	SOURCEPAGE:p.52

Great Smiting	CATEGORY:FEAT	TYPE:Epic.Combat	PRESTAT:1,CHA=25	PREABILITY:1,CATEGORY=Special Ability,TYPE.SmiteEvil	STACK:YES	MULT:YES	CHOOSE:NOCHOICE	DESC:Add twice the appropriate level to smite damage.	SOURCELONG:Epic Pathfinder Handbook v1.6	SOURCESHORT:EPH	SOURCEPAGE:p.52

Great Wall	CATEGORY:FEAT	TYPE:Epic.Combat	PREABILITY:2,CATEGORY=FEAT,Greater Shield Focus,Greater Shield Specialization	DESC:Deflect attacks equal to full attack action count with shield.	SOURCELONG:Epic Pathfinder Handbook v1.6	SOURCESHORT:EPH	SOURCEPAGE:p.52

Grit Burn	CATEGORY:FEAT	TYPE:Epic.Combat	PREABILITY:1,CATEGORY=Special Ability,True Grit	DESC:Spend grit for morale bonus equal to points spent on d20 rolls.	SOURCELONG:Epic Pathfinder Handbook v1.6	SOURCESHORT:EPH	SOURCEPAGE:p.52

Hideous Grasp	CATEGORY:FEAT	TYPE:Epic.Combat	PRESTAT:2,STR=23,DEX=23	PREABILITY:2,CATEGORY=FEAT,Legendary Wrestler,Rapid Grappler	DESC:Second grapple check to pin on successful grapple.	SOURCELONG:Epic Pathfinder Handbook v1.6	SOURCESHORT:EPH	SOURCEPAGE:p.52

Holy Strike	CATEGORY:FEAT	TYPE:Epic.Combat	PREABILITY:1,CATEGORY=Special Ability,TYPE.SmiteEvil	DESC:Any weapon treated as holy weapon while Smite Evil active.	SOURCELONG:Epic Pathfinder Handbook v1.6	SOURCESHORT:EPH	SOURCEPAGE:p.53

Implacable Maneuvers	CATEGORY:FEAT	TYPE:Epic.Combat	PRESTAT:1,STR=25	DESC:Targets treated as one size smaller for combat maneuvers.	SOURCELONG:Epic Pathfinder Handbook v1.6	SOURCESHORT:EPH	SOURCEPAGE:p.53

Improved Combat Reflexes	CATEGORY:FEAT	TYPE:Epic.Combat	PRESTAT:1,DEX=21	PREABILITY:1,CATEGORY=FEAT,Combat Reflexes	DESC:No limit to attacks of opportunity per round.	SOURCELONG:Epic Pathfinder Handbook v1.6	SOURCESHORT:EPH	SOURCEPAGE:p.53

Improved Favored Enemy	CATEGORY:FEAT	TYPE:Epic.Combat	STACK:YES	MULT:YES	CHOOSE:NOCHOICE	DESC:+1 bonus on Bluff, Knowledge, Perception, Sense Motive, Survival and +2 on attack and damage against favored enemies.	SOURCELONG:Epic Pathfinder Handbook v1.6	SOURCESHORT:EPH	SOURCEPAGE:p.53

Improved Manyshot	CATEGORY:FEAT	TYPE:Epic.Combat	PRESTAT:1,DEX=19	PRETOTALAB:21	PREABILITY:1,CATEGORY=FEAT,Manyshot	DESC:Fire a second arrow with every attack using Manyshot.	SOURCELONG:Epic Pathfinder Handbook v1.6	SOURCESHORT:EPH	SOURCEPAGE:p.53

Improved Sneak Attack	CATEGORY:FEAT	TYPE:Epic.Combat	PREABILITY:1,CATEGORY=Special Ability,Sneak Attack +8d6	STACK:YES	MULT:YES	CHOOSE:NOCHOICE	DESC:Add +1d6 to sneak attack damage.	SOURCELONG:Epic Pathfinder Handbook v1.6	SOURCESHORT:EPH	SOURCEPAGE:p.53

Improved Stunning Fist	CATEGORY:FEAT	TYPE:Epic.Combat	PRESTAT:2,DEX=19,WIS=19	PREABILITY:2,CATEGORY=FEAT,Improved Unarmed Strike,Stunning Fist	BONUS:VAR|StunningFistDC|2	STACK:YES	MULT:YES	CHOOSE:NOCHOICE	DESC:+2 to Stunning Fist DC.	SOURCELONG:Epic Pathfinder Handbook v1.6	SOURCESHORT:EPH	SOURCEPAGE:p.53

Improved Whirlwind Attack	CATEGORY:FEAT	TYPE:Epic.Combat	PRESTAT:2,INT=13,DEX=23	PREABILITY:1,CATEGORY=FEAT,Whirlwind Attack	DESC:Whirlwind Attack as standard action with 5-foot adjustment.	SOURCELONG:Epic Pathfinder Handbook v1.6	SOURCESHORT:EPH	SOURCEPAGE:p.53

In Control	CATEGORY:FEAT	TYPE:Epic.Combat	PRESTAT:1,STR=21	PREABILITY:1,CATEGORY=FEAT,Greater Reposition	BONUS:COMBAT|TOHIT.REPOSITION|8	DESC:+8 bonus to CMB when repositioning and CMD to resist.	SOURCELONG:Epic Pathfinder Handbook v1.6	SOURCESHORT:EPH	SOURCEPAGE:p.53

Indelible Blow	CATEGORY:FEAT	TYPE:Epic.Combat	PREABILITY:2,CATEGORY=FEAT,Epic Power Attack,Supreme Vital Strike	DESC:Damage that cannot be magically healed.	SOURCELONG:Epic Pathfinder Handbook v1.6	SOURCESHORT:EPH	SOURCEPAGE:p.53

Indomitable Challenge	CATEGORY:FEAT	TYPE:Epic.Combat	PREABILITY:1,CATEGORY=Special Ability,TYPE.DemandingChallenge	DESC:Immune to Fatigue and Exhaustion while challenging.	SOURCELONG:Epic Pathfinder Handbook v1.6	SOURCESHORT:EPH	SOURCEPAGE:p.54

Infinite Deflection	CATEGORY:FEAT	TYPE:Epic.Combat	PRESTAT:1,DEX=25	PREABILITY:2,CATEGORY=FEAT,Combat Reflexes,Deflect Arrows	DESC:Spend AoOs to deflect additional arrows.	SOURCELONG:Epic Pathfinder Handbook v1.6	SOURCESHORT:EPH	SOURCEPAGE:p.54

Instantaneous Reload	CATEGORY:FEAT	TYPE:Epic.Combat	PRESTAT:1,DEX=21	PREABILITY:1,CATEGORY=FEAT,Rapid Reload	DESC:Reload crossbow or firearm as free action.	SOURCELONG:Epic Pathfinder Handbook v1.6	SOURCESHORT:EPH	SOURCEPAGE:p.54

Lance of Heaven	CATEGORY:FEAT	TYPE:Epic.Combat	PRESTAT:1,DEX=30	PRETOTALAB:22	PREABILITY:1,CATEGORY=FEAT,Spear of Wind	DESC:Piercing Thrust line reaches 120 feet.	SOURCELONG:Epic Pathfinder Handbook v1.6	SOURCESHORT:EPH	SOURCEPAGE:p.54

Last One Standing	CATEGORY:FEAT	TYPE:Epic.Combat	PRESTAT:2,STR=23,DEX=23	PREABILITY:2,CATEGORY=FEAT,Anklebreaker,Bull of War	DESC:Free trip attempt after successful bull rush.	SOURCELONG:Epic Pathfinder Handbook v1.6	SOURCESHORT:EPH	SOURCEPAGE:p.54

Launching Palm	CATEGORY:FEAT	TYPE:Epic.Combat	PREABILITY:2,CATEGORY=FEAT,Improved Bull Rush,Improved Unarmed Strike	DESC:Bull rush with unarmed strike as immediate action.	SOURCELONG:Epic Pathfinder Handbook v1.6	SOURCESHORT:EPH	SOURCEPAGE:p.54

Legendary Fencer	CATEGORY:FEAT	TYPE:Epic.Combat	PRESTAT:1,DEX=21	PREABILITY:1,CATEGORY=FEAT,Greater Disarm	BONUS:COMBAT|TOHIT.DISARM|8	DESC:+8 bonus to CMB when disarming and CMD to resist.	SOURCELONG:Epic Pathfinder Handbook v1.6	SOURCESHORT:EPH	SOURCEPAGE:p.54

Legendary Wrestler	CATEGORY:FEAT	TYPE:Epic.Combat	PRESTAT:2,STR=21,DEX=21	PREABILITY:1,CATEGORY=FEAT,Greater Grapple	BONUS:COMBAT|TOHIT.GRAPPLE|8	DESC:+8 bonus to CMB when grappling and CMD when grappled.	SOURCELONG:Epic Pathfinder Handbook v1.6	SOURCESHORT:EPH	SOURCEPAGE:p.54

Lingering Damage	CATEGORY:FEAT	TYPE:Epic.Combat	PREABILITY:1,CATEGORY=Special Ability,Sneak Attack +8d6	PREABILITY:1,CATEGORY=Special Ability,Crippling Strike	DESC:Sneak attack deals extra damage on next turn.	SOURCELONG:Epic Pathfinder Handbook v1.6	SOURCESHORT:EPH	SOURCEPAGE:p.54

Lone Gunman	CATEGORY:FEAT	TYPE:Epic.Combat	PREABILITY:1,CATEGORY=Special Ability,TYPE.ShooterStance	STACK:YES	MULT:YES	CHOOSE:NOCHOICE	DESC:Increase Shooter's Stance damage by +1d6.	SOURCELONG:Epic Pathfinder Handbook v1.6	SOURCESHORT:EPH	SOURCEPAGE:p.54

Mad Juggernaut	CATEGORY:FEAT	TYPE:Epic.Combat	PRESTAT:1,STR=31	PREABILITY:1,CATEGORY=FEAT,Unstoppable Force	DESC:Targets gain no size bonuses to CMD against your combat maneuvers.	SOURCELONG:Epic Pathfinder Handbook v1.6	SOURCESHORT:EPH	SOURCEPAGE:p.55

Massive Critical	CATEGORY:FEAT	TYPE:Epic.Combat	PRESTAT:1,STR=31	PREABILITY:2,CATEGORY=FEAT,Overwhelming Critical,Power Attack	MULT:YES	STACK:NO	CHOOSE:WEAPONPROFICIENCY|PC	DESC:Critical multiplier increases by +1 with chosen weapon.	SOURCELONG:Epic Pathfinder Handbook v1.6	SOURCESHORT:EPH	SOURCEPAGE:p.55

Onslaught	CATEGORY:FEAT	TYPE:Epic.Combat	PRETOTALAB:22	PREABILITY:1,CATEGORY=FEAT,Combat Expertise	DESC:Make two regular attacks at highest BAB as standard action.	SOURCELONG:Epic Pathfinder Handbook v1.6	SOURCESHORT:EPH	SOURCEPAGE:p.55

Overwhelming Critical	CATEGORY:FEAT	TYPE:Epic.Combat	PRESTAT:1,STR=23	PREABILITY:1,CATEGORY=FEAT,Improved Critical	MULT:YES	STACK:NO	CHOOSE:WEAPONPROFICIENCY|PC	DESC:+1d6 bonus damage on critical hit.	SOURCELONG:Epic Pathfinder Handbook v1.6	SOURCESHORT:EPH	SOURCEPAGE:p.55

Peacebond	CATEGORY:FEAT	TYPE:Epic.Combat	PREABILITY:2,CATEGORY=FEAT,Legendary Fencer,Vacuum Slash	DESC:Auto disarm on every target struck by Vacuum Slash.	SOURCELONG:Epic Pathfinder Handbook v1.6	SOURCESHORT:EPH	SOURCEPAGE:p.55

Penetrate Damage Reduction	CATEGORY:FEAT	TYPE:Epic.Combat	MULT:YES	STACK:NO	CHOOSE:STRING|Silver|Cold Iron|Adamantine	DESC:Melee attacks treated as chosen special material for bypassing DR.	SOURCELONG:Epic Pathfinder Handbook v1.6	SOURCESHORT:EPH	SOURCEPAGE:p.55

Perfect Flurry of Blows	CATEGORY:FEAT	TYPE:Epic.Combat	PRESTAT:1,DEX=21	PREABILITY:1,CATEGORY=Special Ability,Flurry of Blows	DESC:Four additional bonus attacks with flurry of blows.	SOURCELONG:Epic Pathfinder Handbook v1.6	SOURCESHORT:EPH	SOURCEPAGE:p.55

Perfect Manyshot	CATEGORY:FEAT	TYPE:Epic.Combat	PRESTAT:1,DEX=23	PRETOTALAB:23	PREABILITY:1,CATEGORY=FEAT,Improved Manyshot	DESC:Fire three arrows with every attack.	SOURCELONG:Epic Pathfinder Handbook v1.6	SOURCESHORT:EPH	SOURCEPAGE:p.55

Perfect Two-Weapon Fighting	CATEGORY:FEAT	TYPE:Epic.Combat	PRESTAT:1,DEX=25	PREABILITY:1,CATEGORY=FEAT,Greater Two-Weapon Fighting	DESC:Fourth attack with off-hand weapon at -15 penalty.	SOURCELONG:Epic Pathfinder Handbook v1.6	SOURCESHORT:EPH	SOURCEPAGE:p.55

Perfect Vital Strike	CATEGORY:FEAT	TYPE:Epic.Combat	PREABILITY:1,CATEGORY=FEAT,Greater Vital Strike	DESC:Vital strike at end of charge or spring attack.	SOURCELONG:Epic Pathfinder Handbook v1.6	SOURCESHORT:EPH	SOURCEPAGE:p.56

Phantom	CATEGORY:FEAT	TYPE:Epic.Combat	PREABILITY:1,CATEGORY=FEAT,Greater Feint	PRESKILL:1,Bluff=21	DESC:Feint as a swift action.	SOURCELONG:Epic Pathfinder Handbook v1.6	SOURCESHORT:EPH	SOURCEPAGE:p.56

Piercing Critical	CATEGORY:FEAT	TYPE:Epic.Combat	PREABILITY:1,CATEGORY=FEAT,Overwhelming Critical	STACK:YES	MULT:YES	CHOOSE:NOCHOICE	DESC:Reduce critical negation chance by -10%.	SOURCELONG:Epic Pathfinder Handbook v1.6	SOURCESHORT:EPH	SOURCEPAGE:p.56

Piercing Thrust	CATEGORY:FEAT	TYPE:Epic.Combat	PRESTAT:1,DEX=26	PRETOTALAB:20	DESC:Attack through a 30-foot line.	SOURCELONG:Epic Pathfinder Handbook v1.6	SOURCESHORT:EPH	SOURCEPAGE:p.56

Power Overwhelming	CATEGORY:FEAT	TYPE:Epic.Combat	PRESTAT:1,STR=29	PREABILITY:2,CATEGORY=FEAT,Perfect Vital Strike,Vicious Vital	DESC:Roll weapon damage for every 4 points attack exceeds AC on vital strike.	SOURCELONG:Epic Pathfinder Handbook v1.6	SOURCESHORT:EPH	SOURCEPAGE:p.56

Reaping Saber	CATEGORY:FEAT	TYPE:Epic.Combat	PRESTAT:1,STR=21	PREABILITY:3,CATEGORY=FEAT,All-Consuming Swing,Cleave,Vital Strike	DESC:Combine Cleave and Vital Strike as standard action.	SOURCELONG:Epic Pathfinder Handbook v1.6	SOURCESHORT:EPH	SOURCEPAGE:p.56

Reflect Arrows	CATEGORY:FEAT	TYPE:Epic.Combat	PRESTAT:1,DEX=25	PREABILITY:1,CATEGORY=FEAT,Deflect Arrows	DESC:Deflected arrows reflected back at attacker.	SOURCELONG:Epic Pathfinder Handbook v1.6	SOURCESHORT:EPH	SOURCEPAGE:p.56

Relentless Challenge	CATEGORY:FEAT	TYPE:Epic.Combat	PREABILITY:1,CATEGORY=FEAT,Indomitable Challenge	DESC:Recover HP and gain fast healing when challenging.	SOURCELONG:Epic Pathfinder Handbook v1.6	SOURCESHORT:EPH	SOURCEPAGE:p.57

Righteous Strike	CATEGORY:FEAT	TYPE:Epic.Combat	PRESTAT:1,WIS=19	PREABILITY:1,CATEGORY=FEAT,Stunning Fist	DESC:Unarmed strike treated as axiomatic weapon.	SOURCELONG:Epic Pathfinder Handbook v1.6	SOURCESHORT:EPH	SOURCEPAGE:p.57

Roaring Charge	CATEGORY:FEAT	TYPE:Epic.Combat	PREABILITY:1,CATEGORY=FEAT,Furious Charge	DESC:Lance damage multiplier increases by +1 on mounted charge.	SOURCELONG:Epic Pathfinder Handbook v1.6	SOURCESHORT:EPH	SOURCEPAGE:p.57

Ruination	CATEGORY:FEAT	TYPE:Epic.Combat	BONUS:COMBAT|DAMAGE.NOWEAPON|10	STACK:YES	MULT:YES	CHOOSE:NOCHOICE	DESC:+10 bonus damage against unattended objects, +2 to Strength checks to break.	SOURCELONG:Epic Pathfinder Handbook v1.6	SOURCESHORT:EPH	SOURCEPAGE:p.57

Rushing Thunder	CATEGORY:FEAT	TYPE:Epic.Combat	PREABILITY:2,CATEGORY=FEAT,Bull of War,Piercing Thrust	DESC:Auto bull rush against all targets struck by Piercing Thrust.	SOURCELONG:Epic Pathfinder Handbook v1.6	SOURCESHORT:EPH	SOURCEPAGE:p.57

Shaking the Foundations	CATEGORY:FEAT	TYPE:Epic.Combat	PREABILITY:2,CATEGORY=FEAT,Anklebreaker,Earth Breaker	DESC:Auto trip attempt against every target struck by Earth Breaker.	SOURCELONG:Epic Pathfinder Handbook v1.6	SOURCESHORT:EPH	SOURCEPAGE:p.57

Shattering Smash	CATEGORY:FEAT	TYPE:Epic.Combat	PRESTAT:1,STR=23	PREABILITY:1,CATEGORY=FEAT,Greater Sunder	BONUS:COMBAT|TOHIT.SUNDER|8	DESC:+8 bonus to CMB when sundering and CMD to resist.	SOURCELONG:Epic Pathfinder Handbook v1.6	SOURCESHORT:EPH	SOURCEPAGE:p.57

Shield Smash	CATEGORY:FEAT	TYPE:Epic.Combat	PREABILITY:1,CATEGORY=FEAT,Shield Master	DESC:Shield treated as one size larger, base critical x3, add shield bonus to CMB for maneuvers.	SOURCELONG:Epic Pathfinder Handbook v1.6	SOURCESHORT:EPH	SOURCEPAGE:p.57

Smite Chaos	CATEGORY:FEAT	TYPE:Epic.Combat	PREABILITY:1,CATEGORY=Special Ability,Holy Champion	PREABILITY:1,CATEGORY=Special Ability,TYPE.SmiteEvil	DESC:Use Smite Evil against chaotic targets.	SOURCELONG:Epic Pathfinder Handbook v1.6	SOURCESHORT:EPH	SOURCEPAGE:p.57

Sneak Attack of Opportunity	CATEGORY:FEAT	TYPE:Epic.Combat	PREABILITY:1,CATEGORY=Special Ability,Sneak Attack +8d6	PREABILITY:1,CATEGORY=Special Ability,Opportunist	DESC:Attacks of opportunity are automatically sneak attacks.	SOURCELONG:Epic Pathfinder Handbook v1.6	SOURCESHORT:EPH	SOURCEPAGE:p.57

Spear of Wind	CATEGORY:FEAT	TYPE:Epic.Combat	PRESTAT:1,DEX=28	PRETOTALAB:21	PREABILITY:1,CATEGORY=FEAT,Piercing Thrust	DESC:Piercing Thrust line reaches 60 feet.	SOURCELONG:Epic Pathfinder Handbook v1.6	SOURCESHORT:EPH	SOURCEPAGE:p.57

Spell Shot	CATEGORY:FEAT	TYPE:Epic.Combat	PRESTAT:1,DEX=25	PREABILITY:1,CATEGORY=FEAT,Extraordinary Shot	DESC:Counterspell spells with readied Extraordinary Shot.	SOURCELONG:Epic Pathfinder Handbook v1.6	SOURCESHORT:EPH	SOURCEPAGE:p.58

Spellcasting Harrier	CATEGORY:FEAT	TYPE:Epic.Combat	PREABILITY:2,CATEGORY=FEAT,Combat Reflexes,Disruptive	DESC:Any spellcaster threatened in melee provokes AoO if casting defensively.	SOURCELONG:Epic Pathfinder Handbook v1.6	SOURCESHORT:EPH	SOURCEPAGE:p.58

Storm of Throws	CATEGORY:FEAT	TYPE:Epic.Combat	PRESTAT:1,DEX=23	PREABILITY:2,CATEGORY=FEAT,Quick Draw,Rapid Shot	DESC:One attack against each surrounding foe with thrown weapons.	SOURCELONG:Epic Pathfinder Handbook v1.6	SOURCESHORT:EPH	SOURCEPAGE:p.58

Supreme Cleave	CATEGORY:FEAT	TYPE:Epic.Combat	PRESTAT:1,STR=25	PRETOTALAB:21	PREABILITY:2,CATEGORY=FEAT,Cleave Through,Great Cleave	DESC:Shift 5 feet between cleave attacks, up to base speed total.	SOURCELONG:Epic Pathfinder Handbook v1.6	SOURCESHORT:EPH	SOURCEPAGE:p.58

Supreme Vital Strike	CATEGORY:FEAT	TYPE:Epic.Combat	PRETOTALAB:21	PREABILITY:3,CATEGORY=FEAT,Devastating Strike,Greater Vital Strike,Power Attack	DESC:Add bonus damage from Str, weapon abilities, etc. to second damage roll on vital strike.	SOURCELONG:Epic Pathfinder Handbook v1.6	SOURCESHORT:EPH	SOURCEPAGE:p.58

Swarm of Arrows	CATEGORY:FEAT	TYPE:Epic.Combat	PRESTAT:1,DEX=23	PREABILITY:2,CATEGORY=FEAT,Rapid Shot,Weapon Focus	DESC:Fire an arrow at each opponent within 30 feet.	SOURCELONG:Epic Pathfinder Handbook v1.6	SOURCESHORT:EPH	SOURCEPAGE:p.58

Thousand Arms	CATEGORY:FEAT	TYPE:Epic.Combat	PREABILITY:1,CATEGORY=FEAT,Battlegod	MULT:YES	STACK:NO	CHOOSE:STRING|Axes|Heavy Blades|Light Blades|Close|Crossbows|Double|Flails|Hammers|Monk|Natural|Polearms|Spears|Thrown	DESC:Apply feats from Battlegod weapon to all weapons in the Weapon Group.	SOURCELONG:Epic Pathfinder Handbook v1.6	SOURCESHORT:EPH	SOURCEPAGE:p.58

Tide of Iron	CATEGORY:FEAT	TYPE:Epic.Combat	PREABILITY:1,CATEGORY=FEAT,Thousand Arms	DESC:Allies gain +2 insight to hit and +4 to damage with Weapon Group.	SOURCELONG:Epic Pathfinder Handbook v1.6	SOURCESHORT:EPH	SOURCEPAGE:p.58

Towline	CATEGORY:FEAT	TYPE:Epic.Combat	PRESTAT:1,STR=21	PREABILITY:1,CATEGORY=FEAT,Greater Drag	BONUS:COMBAT|TOHIT.DRAG|8	DESC:+8 bonus to CMB when dragging and CMD to resist.	SOURCELONG:Epic Pathfinder Handbook v1.6	SOURCESHORT:EPH	SOURCEPAGE:p.58

Uncanny Accuracy	CATEGORY:FEAT	TYPE:Epic.Combat	PRESTAT:1,DEX=21	PRETOTALAB:16	PREABILITY:1,CATEGORY=FEAT,Improved Precise Shot	PRESKILL:1,Perception=17	DESC:Ranged attacks ignore miss chance from total concealment.	SOURCELONG:Epic Pathfinder Handbook v1.6	SOURCESHORT:EPH	SOURCEPAGE:p.59

Unconstrained Panoply	CATEGORY:FEAT	TYPE:Epic.Combat	PRESTAT:2,STR=23,DEX=23	PREABILITY:2,CATEGORY=FEAT,Legendary Fencer,Shattering Smash	DESC:Disarm and sunder immune targets.	SOURCELONG:Epic Pathfinder Handbook v1.6	SOURCESHORT:EPH	SOURCEPAGE:p.59

Unstoppable Force	CATEGORY:FEAT	TYPE:Epic.Combat	PRESTAT:1,STR=27	PREABILITY:1,CATEGORY=FEAT,Implacable Maneuvers	DESC:Combat maneuvers against any target regardless of size.	SOURCELONG:Epic Pathfinder Handbook v1.6	SOURCESHORT:EPH	SOURCEPAGE:p.59

Vacuum Slash	CATEGORY:FEAT	TYPE:Epic.Combat	PRESTAT:2,STR=23,DEX=23	PRETOTALAB:20	PREABILITY:1,CATEGORY=FEAT,Weapon Supremacy	DESC:Attack in a 15-foot cone with air pressure wave.	SOURCELONG:Epic Pathfinder Handbook v1.6	SOURCESHORT:EPH	SOURCEPAGE:p.59

Vicious Vital	CATEGORY:FEAT	TYPE:Epic.Combat	PRESTAT:1,STR=25	PREABILITY:2,CATEGORY=FEAT,Devastating Strike,Greater Vital Strike	STACK:YES	MULT:YES	CHOOSE:NOCHOICE	DESC:+1d6 damage on Vital Strike, not multiplied on critical.	SOURCELONG:Epic Pathfinder Handbook v1.6	SOURCESHORT:EPH	SOURCEPAGE:p.59

Void Palm	CATEGORY:FEAT	TYPE:Epic.Combat	PREABILITY:2,CATEGORY=FEAT,Launching Palm,Void Step	DESC:Combine Launching Palm and Void Step during full attack/flurry.	SOURCELONG:Epic Pathfinder Handbook v1.6	SOURCESHORT:EPH	SOURCEPAGE:p.59

Warlord	CATEGORY:FEAT	TYPE:Epic.Combat	PRETOTALAB:25	PREABILITY:2,CATEGORY=FEAT,Weapon Supremacy,Weapon Training	MULT:YES	STACK:NO	CHOOSE:WEAPONPROFICIENCY|PC	DESC:Extra attack at highest BAB with chosen weapon.	SOURCELONG:Epic Pathfinder Handbook v1.6	SOURCESHORT:EPH	SOURCEPAGE:p.59

Weapon Aficionado	CATEGORY:FEAT	TYPE:Epic.Combat	PRETOTALAB:15	BONUS:COMBAT|TOHIT|1	BONUS:COMBAT|DAMAGE|1	MULT:YES	STACK:NO	CHOOSE:STRING|Axes|Heavy Blades|Light Blades|Close|Crossbows|Double|Flails|Hammers|Monk|Natural|Polearms|Spears|Thrown	DESC:+1 to hit and damage with all weapons in a Fighter Weapon Group.	SOURCELONG:Epic Pathfinder Handbook v1.6	SOURCESHORT:EPH	SOURCEPAGE:p.60

Weapon Supremacy	CATEGORY:FEAT	TYPE:Epic.Combat	PREABILITY:2,CATEGORY=FEAT,Epic Weapon Focus,Epic Weapon Specialization	BONUS:COMBAT|TOHIT|1	BONUS:COMBAT|DAMAGE|2	MULT:YES	STACK:NO	CHOOSE:WEAPONPROFICIENCY|PC	DESC:+1 to attack, +2 to damage, +2 CMB/CMD with chosen weapon.	SOURCELONG:Epic Pathfinder Handbook v1.6	SOURCESHORT:EPH	SOURCEPAGE:p.60

White Lotus Gale	CATEGORY:FEAT	TYPE:Epic.Combat	PRESTAT:2,STR=25,DEX=25	PRETOTALAB:22	PREABILITY:1,CATEGORY=FEAT,Vacuum Slash	DESC:Vacuum Slash cone reaches 30 feet.	SOURCELONG:Epic Pathfinder Handbook v1.6	SOURCESHORT:EPH	SOURCEPAGE:p.60

Wield Oversized Weapon	CATEGORY:FEAT	TYPE:Epic.Combat	PRESTAT:1,STR=25	DESC:Treat weapons as one size category smaller.	SOURCELONG:Epic Pathfinder Handbook v1.6	SOURCESHORT:EPH	SOURCEPAGE:p.60

World Breaker	CATEGORY:FEAT	TYPE:Epic.Combat	PRESTAT:1,STR=28	PRETOTALAB:22	PREABILITY:1,CATEGORY=FEAT,Earth Breaker	DESC:Earth Breaker burst radius increases to 10 feet.	SOURCELONG:Epic Pathfinder Handbook v1.6	SOURCESHORT:EPH	SOURCEPAGE:p.60
