SOURCELONG:Pathfinder Adventure Path #84	SOURCESHORT:AP84	SOURCEWEB:http://paizo.com	SOURCEDATE:2010-01

STARTPACK:Ammut Default	TYPE:Default Monster.Outsider	VISIBLE:QUALIFY	EQUIPBUY:0	PREMULT:1,[PRERACE:1,Ammut],[!PRERACE:1,%]
ALIGN:LE
RACE:Ammut	!PRERACE:1,%
NAME:Ammut
STAT:STR=10|DEX=10|CON=10|INT=10|WIS=10|CHA=10
SKILL:Climb	RANK:8
SKILL:Intimidate	RANK:18
SKILL:Knowledge (Planes)	RANK:17
SKILL:Knowledge (Religion)	RANK:17
SKILL:Perception	RANK:20
SKILL:Sense Motive	RANK:20
SKILL:Stealth	RANK:12
ABILITY:CATEGORY=FEAT|Blind-Fight
ABILITY:CATEGORY=FEAT|Critical Focus
ABILITY:CATEGORY=FEAT|Improved Bull Rush
ABILITY:CATEGORY=FEAT|Improved Critical (bite)
ABILITY:CATEGORY=FEAT|Improved Initiative
ABILITY:CATEGORY=FEAT|Lightning Reflexes
ABILITY:CATEGORY=FEAT|Lunge
ABILITY:CATEGORY=FEAT|Power Attack
ABILITY:CATEGORY=FEAT|Quicken Spell-Like AbilityB (ear-piercing scream)
ABILITY:CATEGORY=FEAT|Staggering Critical

STARTPACK:Festering Ulunat, The Unholy First Default	TYPE:Default Monster.Magical Beast	VISIBLE:QUALIFY	EQUIPBUY:0	PREMULT:1,[PRERACE:1,Festering Ulunat, The Unholy First],[!PRERACE:1,%]
ALIGN:CE
RACE:Festering Ulunat, The Unholy First	!PRERACE:1,%
NAME:Festering Ulunat, The Unholy First
STAT:STR=10|DEX=10|CON=10|INT=10|WIS=10|CHA=10
SKILL:Climb	RANK:9
SKILL:Fly	RANK:1
SKILL:Perception	RANK:17
SKILL:Swim	RANK:5
ABILITY:CATEGORY=FEAT|Awesome Blow
ABILITY:CATEGORY=FEAT|Blind-Fight
ABILITY:CATEGORY=FEAT|Critical Focus
ABILITY:CATEGORY=FEAT|Greater Sunder
ABILITY:CATEGORY=FEAT|Improved Bull Rush
ABILITY:CATEGORY=FEAT|Improved Critical (bite)
ABILITY:CATEGORY=FEAT|Improved Critical (claws)
ABILITY:CATEGORY=FEAT|Improved Sunder
ABILITY:CATEGORY=FEAT|Improved Vital Strike
ABILITY:CATEGORY=FEAT|Iron Will
ABILITY:CATEGORY=FEAT|Lightning Reflexes
ABILITY:CATEGORY=FEAT|Power Attack
ABILITY:CATEGORY=FEAT|Staggering Critical
ABILITY:CATEGORY=FEAT|Stunning Critical
ABILITY:CATEGORY=FEAT|Vital Strike

STARTPACK:Mummy Lord Default	TYPE:Default Monster.Undead	VISIBLE:QUALIFY	EQUIPBUY:0	PREMULT:1,[PRERACE:1,Mummy Lord],[!PRERACE:1,%]
ALIGN:LE
RACE:Mummy Lord	!PRERACE:1,%
NAME:Mummy Lord
STAT:STR=10|DEX=10|INT=10|WIS=10|CHA=10
SKILL:Intimidate	RANK:9
SKILL:Knowledge (Religion)	RANK:9
SKILL:Sense Motive	RANK:9
SKILL:Spellcraft	RANK:9
SKILL:Stealth	RANK:9
ABILITY:CATEGORY=FEAT|Blind-Fight
ABILITY:CATEGORY=FEAT|Combat Casting
ABILITY:CATEGORY=FEAT|Dodge
ABILITY:CATEGORY=FEAT|Improved Channel
ABILITY:CATEGORY=FEAT|Lightning Reflexes
ABILITY:CATEGORY=FEAT|Spell Focus (enchantment)
ABILITY:CATEGORY=FEAT|Spell Focus (necromancy)
ABILITY:CATEGORY=FEAT|Toughness

STARTPACK:Neshmaal Default	TYPE:Default Monster.Outsider	VISIBLE:QUALIFY	EQUIPBUY:0	PREMULT:1,[PRERACE:1,Neshmaal],[!PRERACE:1,%]
ALIGN:CE
RACE:Neshmaal	!PRERACE:1,%
NAME:Neshmaal
STAT:DEX=10|CON=10|INT=10|WIS=10|CHA=10
SKILL:Fly	RANK:10
SKILL:Intimidate	RANK:10
SKILL:Knowledge (Planes)	RANK:8
SKILL:Perception	RANK:13
SKILL:Sense Motive	RANK:5
SKILL:Stealth	RANK:9
SKILL:Survival	RANK:4
ABILITY:CATEGORY=FEAT|Dodge
ABILITY:CATEGORY=FEAT|Flyby Attack
ABILITY:CATEGORY=FEAT|Hover
ABILITY:CATEGORY=FEAT|Improved Critical (tendrils)
ABILITY:CATEGORY=FEAT|Improved Initiative
ABILITY:CATEGORY=FEAT|Iron Will
ABILITY:CATEGORY=FEAT|Weapon Focus (tendrils)

STARTPACK:Set Guardian Default	TYPE:Default Monster.Construct	VISIBLE:QUALIFY	EQUIPBUY:0	PREMULT:1,[PRERACE:1,Set Guardian],[!PRERACE:1,%]
ALIGN:TN
RACE:Set Guardian	!PRERACE:1,%
NAME:Set Guardian
STAT:STR=10|DEX=10|WIS=10|CHA=10

