SOURCELONG:Pathfinder Adventure Path #86	SOURCESHORT:AP86	SOURCEWEB:http://paizo.com	SOURCEDATE:2010-01

STARTPACK:Latten Mechanism Default	TYPE:Default Monster.Construct	VISIBLE:QUALIFY	EQUIPBUY:0	PREMULT:1,[PRERACE:1,Latten Mechanism],[!PRERACE:1,%]
ALIGN:TN
RACE:Latten Mechanism	!PRERACE:1,%
NAME:Latten Mechanism
STAT:STR=10|DEX=10|INT=10|WIS=10|CHA=10
SKILL:Climb	RANK:6
SKILL:Craft (any one)	RANK:15
SKILL:Disable Device	RANK:15
SKILL:Knowledge (Engineering)	RANK:15
SKILL:Knowledge (Religion)	RANK:15
SKILL:Perception	RANK:15
SKILL:Sense Motive	RANK:6
SKILL:Spellcraft	RANK:14
SKILL:Use Magic Device	RANK:6
ABILITY:CATEGORY=FEAT|Cleave
ABILITY:CATEGORY=FEAT|Combat Expertise
ABILITY:CATEGORY=FEAT|Combat Reflexes
ABILITY:CATEGORY=FEAT|Great Fortitude
ABILITY:CATEGORY=FEAT|Gunsmithing
ABILITY:CATEGORY=FEAT|Improved Initiative
ABILITY:CATEGORY=FEAT|Iron Will
ABILITY:CATEGORY=FEAT|Lightning Reflexes
ABILITY:CATEGORY=FEAT|Power Attack
ABILITY:CATEGORY=FEAT|Stand Still
ABILITY:CATEGORY=FEAT|Toughness
ABILITY:CATEGORY=FEAT|Weapon Focus (bite)

STARTPACK:Observer Robot Default	TYPE:Default Monster.Construct	VISIBLE:QUALIFY	EQUIPBUY:0	PREMULT:1,[PRERACE:1,Observer Robot],[!PRERACE:1,%]
ALIGN:TN
RACE:Observer Robot	!PRERACE:1,%
NAME:Observer Robot
STAT:STR=10|DEX=10|INT=10|WIS=10|CHA=10
SKILL:Fly	RANK:3
SKILL:Perception	RANK:3
SKILL:Sense Motive	RANK:1
SKILL:Stealth	RANK:3
SKILL:Survival	RANK:1
ABILITY:CATEGORY=FEAT|Alertness
ABILITY:CATEGORY=FEAT|Lightning Reflexes

STARTPACK:Observer Robot Swarm Default	TYPE:Default Monster.Construct	VISIBLE:QUALIFY	EQUIPBUY:0	PREMULT:1,[PRERACE:1,Observer Robot Swarm],[!PRERACE:1,%]
ALIGN:TN
RACE:Observer Robot Swarm	!PRERACE:1,%
NAME:Observer Robot Swarm
STAT:STR=10|DEX=10|INT=10|WIS=10|CHA=10
SKILL:Fly	RANK:13
SKILL:Perception	RANK:18
SKILL:Sense Motive	RANK:3
SKILL:Stealth	RANK:13
SKILL:Survival	RANK:2
ABILITY:CATEGORY=FEAT|Alertness
ABILITY:CATEGORY=FEAT|Dodge
ABILITY:CATEGORY=FEAT|Following Step
ABILITY:CATEGORY=FEAT|Improved Initiative
ABILITY:CATEGORY=FEAT|Improved Lightning Reflexes
ABILITY:CATEGORY=FEAT|Iron Will
ABILITY:CATEGORY=FEAT|Lightning Reflexes
ABILITY:CATEGORY=FEAT|Step Up
ABILITY:CATEGORY=FEAT|Toughness

STARTPACK:Rhu-Chalik Default	TYPE:Default Monster.Aberration	VISIBLE:QUALIFY	EQUIPBUY:0	PREMULT:1,[PRERACE:1,Rhu-Chalik],[!PRERACE:1,%]
ALIGN:CE
RACE:Rhu-Chalik	!PRERACE:1,%
NAME:Rhu-Chalik
STAT:STR=10|DEX=10|CON=10|INT=10|WIS=10|CHA=10
SKILL:Bluff	RANK:3
SKILL:Diplomacy	RANK:3
SKILL:Fly	RANK:7
SKILL:Intimidate	RANK:5
SKILL:Perception	RANK:5
SKILL:Sense Motive	RANK:2
SKILL:Stealth	RANK:8
SKILL:Use Magic Device	RANK:5
ABILITY:CATEGORY=FEAT|Combat Expertise
ABILITY:CATEGORY=FEAT|Combat Reflexes
ABILITY:CATEGORY=FEAT|Improved Initiative
ABILITY:CATEGORY=FEAT|Weapon Finesse

STARTPACK:Rust-Risen Default	TYPE:Default Monster.Undead	VISIBLE:QUALIFY	EQUIPBUY:0	PREMULT:1,[PRERACE:1,Rust-Risen],[!PRERACE:1,%]
ALIGN:CE
RACE:Rust-Risen	!PRERACE:1,%
NAME:Rust-Risen
STAT:STR=10|DEX=10|INT=10|WIS=10|CHA=10
SKILL:Intimidate	RANK:1
SKILL:Perception	RANK:3
SKILL:Stealth	RANK:1
ABILITY:CATEGORY=FEAT|Improved Initiative
ABILITY:CATEGORY=FEAT|Power Attack

