SOURCELONG:Isles of the Shackles	SOURCESHORT:IotS	SOURCEWEB:http://paizo.com/products/btpy8qzx	SOURCEDATE:2012-08

STARTPACK:Aashaq's Wyvern Default	TYPE:Default Monster.Dragon	VISIBLE:QUALIFY	EQUIPBUY:0	PREMULT:1,[PRERACE:1,Aashaq's Wyvern],[!PRERACE:1,%]
ALIGN:CN
RACE:Aashaq's Wyvern	!PRERACE:1,%
NAME:Aashaq's Wyvern
STAT:STR=10|DEX=10|CON=10|INT=10|WIS=10|CHA=10
SKILL:Fly	RANK:3
SKILL:Intimidate	RANK:9
SKILL:Perception	RANK:9
SKILL:Stealth	RANK:5
SKILL:Swim	RANK:9
ABILITY:CATEGORY=FEAT|Combat Reflexes
ABILITY:CATEGORY=FEAT|Flyby Attack
ABILITY:CATEGORY=FEAT|Improved Initiative
ABILITY:CATEGORY=FEAT|Iron Will
ABILITY:CATEGORY=FEAT|Skill Focus (Perception)

STARTPACK:Besmaran Priest Default	TYPE:Default Monster.Humanoid	VISIBLE:QUALIFY	EQUIPBUY:0	PREMULT:1,[PRERACE:1,Besmaran Priest],[!PRERACE:1,%]
ALIGN:CN
RACE:Besmaran Priest	!PRERACE:1,%
NAME:Besmaran Priest
STAT:STR=10|DEX=10|CON=10|INT=10|WIS=10|CHA=10
SKILL:Diplomacy	RANK:5
SKILL:Knowledge (Religion)	RANK:5
SKILL:Sense Motive	RANK:3
SKILL:Spellcraft	RANK:3
SKILL:Swim	RANK:1
ABILITY:CATEGORY=FEAT|Combat Casting
ABILITY:CATEGORY=FEAT|Dodge
ABILITY:CATEGORY=FEAT|Improved Initiative
ABILITY:CATEGORY=FEAT|Mobility

STARTPACK:Blood Queen Default	TYPE:Default Monster.Outsider	VISIBLE:QUALIFY	EQUIPBUY:0	PREMULT:1,[PRERACE:1,Blood Queen],[!PRERACE:1,%]
ALIGN:CE
RACE:Blood Queen	!PRERACE:1,%
NAME:Blood Queen
STAT:STR=10|DEX=10|CON=10|INT=10|WIS=10|CHA=10
SKILL:Bluff	RANK:23
SKILL:Diplomacy	RANK:23
SKILL:Heal	RANK:20
SKILL:Intimidate	RANK:23
SKILL:Knowledge (Arcana)	RANK:20
SKILL:Knowledge (History)	RANK:20
SKILL:Knowledge (Planes)	RANK:23
SKILL:Knowledge (Religion)	RANK:23
SKILL:Perception	RANK:23
SKILL:Sense Motive	RANK:23
SKILL:Spellcraft	RANK:23
ABILITY:CATEGORY=FEAT|Alertness
ABILITY:CATEGORY=FEAT|Awesome Blow
ABILITY:CATEGORY=FEAT|Bleeding Critical
ABILITY:CATEGORY=FEAT|Critical Focus
ABILITY:CATEGORY=FEAT|Improved Bull Rush
ABILITY:CATEGORY=FEAT|Improved Critical (sting)
ABILITY:CATEGORY=FEAT|Improved Critical (tentacles)
ABILITY:CATEGORY=FEAT|Improved Initiative
ABILITY:CATEGORY=FEAT|Iron Will
ABILITY:CATEGORY=FEAT|Lightning Reflexes
ABILITY:CATEGORY=FEAT|Power Attack
ABILITY:CATEGORY=FEAT|Vital Strike

STARTPACK:Chickcharney Default	TYPE:Default Monster.Magical Beast	VISIBLE:QUALIFY	EQUIPBUY:0	PREMULT:1,[PRERACE:1,Chickcharney],[!PRERACE:1,%]
ALIGN:TN
RACE:Chickcharney	!PRERACE:1,%
NAME:Chickcharney
STAT:STR=10|DEX=10|CON=10|INT=10|WIS=10|CHA=10
SKILL:Fly	RANK:4
SKILL:Perception	RANK:2
ABILITY:CATEGORY=FEAT|Dodge
ABILITY:CATEGORY=FEAT|Weapon Finesse

STARTPACK:Duppy Default	TYPE:Default Monster.Undead	VISIBLE:QUALIFY	EQUIPBUY:0	PREMULT:1,[PRERACE:1,Duppy],[!PRERACE:1,%]
ALIGN:CE
RACE:Duppy	!PRERACE:1,%
NAME:Duppy
STAT:DEX=10|INT=10|WIS=10|CHA=10
SKILL:Fly	RANK:9
SKILL:Intimidate	RANK:9
SKILL:Perception	RANK:9
SKILL:Sense Motive	RANK:9
SKILL:Stealth	RANK:9
ABILITY:CATEGORY=FEAT|Flyby Attack
ABILITY:CATEGORY=FEAT|Improved Initiative
ABILITY:CATEGORY=FEAT|Lightning Reflexes
ABILITY:CATEGORY=FEAT|Lunge
ABILITY:CATEGORY=FEAT|Step Up

STARTPACK:Elder Nirento Default	TYPE:Default Monster.Plant	VISIBLE:QUALIFY	EQUIPBUY:0	PREMULT:1,[PRERACE:1,Elder Nirento],[!PRERACE:1,%]
ALIGN:TN
RACE:Elder Nirento	!PRERACE:1,%
NAME:Elder Nirento
STAT:STR=10|DEX=10|CON=10|INT=10|WIS=10|CHA=10
SKILL:Perception	RANK:9
ABILITY:CATEGORY=FEAT|Combat Reflexes
ABILITY:CATEGORY=FEAT|Improved Initiative
ABILITY:CATEGORY=FEAT|Lightning Reflexes
ABILITY:CATEGORY=FEAT|Power Attack
ABILITY:CATEGORY=FEAT|Weapon Focus (vines)

STARTPACK:Giant Sea Snake Default	TYPE:Default Monster.Animal	VISIBLE:QUALIFY	EQUIPBUY:0	PREMULT:1,[PRERACE:1,Giant Sea Snake],[!PRERACE:1,%]
ALIGN:TN
RACE:Giant Sea Snake	!PRERACE:1,%
NAME:Giant Sea Snake
STAT:STR=10|DEX=10|CON=10|INT=10|WIS=10|CHA=10
SKILL:Climb	RANK:5
SKILL:Perception	RANK:7
SKILL:Stealth	RANK:2
SKILL:Swim	RANK:5
ABILITY:CATEGORY=FEAT|Improved Critical (bite)
ABILITY:CATEGORY=FEAT|Improved Initiative
ABILITY:CATEGORY=FEAT|Lightning Reflexes
ABILITY:CATEGORY=FEAT|Snatch
ABILITY:CATEGORY=FEAT|Weapon Focus (bite)

STARTPACK:Jinx Eater Default	TYPE:Default Monster.Humanoid	VISIBLE:QUALIFY	EQUIPBUY:0	PREMULT:1,[PRERACE:1,Jinx Eater],[!PRERACE:1,%]
ALIGN:CN
RACE:Jinx Eater	!PRERACE:1,%
NAME:Jinx Eater
STAT:STR=10|DEX=10|CON=10|INT=10|WIS=10|CHA=10
SKILL:Acrobatics	RANK:1
SKILL:Bluff	RANK:3
SKILL:Climb	RANK:1
SKILL:Diplomacy	RANK:3
SKILL:Escape Artist	RANK:3
SKILL:Intimidate	RANK:3
SKILL:Knowledge (Local)	RANK:3
SKILL:Linguistics	RANK:1
SKILL:Perception	RANK:3
SKILL:Sense Motive	RANK:3
SKILL:Sleight of Hand	RANK:3
SKILL:Stealth	RANK:3
ABILITY:CATEGORY=FEAT|Improved Initiative
ABILITY:CATEGORY=FEAT|Weapon Finesse

STARTPACK:Kuru Default	TYPE:Default Monster.Humanoid	VISIBLE:QUALIFY	EQUIPBUY:0	PREMULT:1,[PRERACE:1,Kuru],[!PRERACE:1,%]
ALIGN:CE
RACE:Kuru	!PRERACE:1,%
NAME:Kuru
STAT:STR=10|DEX=10|CON=10|INT=10|WIS=10|CHA=10
SKILL:Climb	RANK:1
SKILL:Intimidate	RANK:1
SKILL:Perception	RANK:1
SKILL:Survival	RANK:1
ABILITY:CATEGORY=FEAT|Lightning Reflexes

STARTPACK:Larabay Default	TYPE:Default Monster.Fey	VISIBLE:QUALIFY	EQUIPBUY:0	PREMULT:1,[PRERACE:1,Larabay],[!PRERACE:1,%]
ALIGN:CN
RACE:Larabay	!PRERACE:1,%
NAME:Larabay
STAT:STR=10|DEX=10|CON=10|INT=10|WIS=10|CHA=10
SKILL:Bluff	RANK:17
SKILL:Diplomacy	RANK:17
SKILL:Disguise	RANK:17
SKILL:Fly	RANK:17
SKILL:Knowledge (Nature)	RANK:17
SKILL:Perception	RANK:17
SKILL:Sense Motive	RANK:17
SKILL:Stealth	RANK:17
ABILITY:CATEGORY=FEAT|Agile Maneuvers
ABILITY:CATEGORY=FEAT|Alertness
ABILITY:CATEGORY=FEAT|Combat Reflexes
ABILITY:CATEGORY=FEAT|Dodge
ABILITY:CATEGORY=FEAT|Flyby Attack
ABILITY:CATEGORY=FEAT|Improved Initiative
ABILITY:CATEGORY=FEAT|Mobility
ABILITY:CATEGORY=FEAT|Weapon Finesse
ABILITY:CATEGORY=FEAT|Weapon Focus (rapier)

STARTPACK:Lusca Default	TYPE:Default Monster.Magical Beast	VISIBLE:QUALIFY	EQUIPBUY:0	PREMULT:1,[PRERACE:1,Lusca],[!PRERACE:1,%]
ALIGN:CE
RACE:Lusca	!PRERACE:1,%
NAME:Lusca
STAT:STR=10|DEX=10|CON=10|INT=10|WIS=10|CHA=10
SKILL:Perception	RANK:20
SKILL:Stealth	RANK:8
SKILL:Swim	RANK:20
ABILITY:CATEGORY=FEAT|Awesome Blow
ABILITY:CATEGORY=FEAT|Critical Focus
ABILITY:CATEGORY=FEAT|Improved Bull Rush
ABILITY:CATEGORY=FEAT|Improved Critical (bite)
ABILITY:CATEGORY=FEAT|Improved Initiative
ABILITY:CATEGORY=FEAT|Power Attack
ABILITY:CATEGORY=FEAT|Sickening Critical
ABILITY:CATEGORY=FEAT|Snatch
ABILITY:CATEGORY=FEAT|Vital Strike
ABILITY:CATEGORY=FEAT|Weapon Focus (bite)

STARTPACK:Nirento Default	TYPE:Default Monster.Plant	VISIBLE:QUALIFY	EQUIPBUY:0	PREMULT:1,[PRERACE:1,Nirento],[!PRERACE:1,%]
ALIGN:TN
RACE:Nirento	!PRERACE:1,%
NAME:Nirento
STAT:STR=10|DEX=10|CON=10|INT=10|WIS=10|CHA=10
SKILL:Perception	RANK:5
ABILITY:CATEGORY=FEAT|Combat Reflexes
ABILITY:CATEGORY=FEAT|Improved Initiative
ABILITY:CATEGORY=FEAT|Weapon Focus (vines)

STARTPACK:Pirate Captains Default	TYPE:Default Monster.Humanoid	VISIBLE:QUALIFY	EQUIPBUY:0	PREMULT:1,[PRERACE:1,Pirate Captains],[!PRERACE:1,%]
ALIGN:CN
RACE:Pirate Captains	!PRERACE:1,%
NAME:Pirate Captains
STAT:STR=10|DEX=10|CON=10|INT=10|WIS=10|CHA=10
SKILL:Acrobatics	RANK:5
SKILL:Bluff	RANK:5
SKILL:Diplomacy	RANK:5
SKILL:Intimidate	RANK:5
SKILL:Profession (sailor)	RANK:5
SKILL:Swim	RANK:5
ABILITY:CATEGORY=FEAT|Combat Reflexes
ABILITY:CATEGORY=FEAT|Dodge
ABILITY:CATEGORY=FEAT|Great Fortitude
ABILITY:CATEGORY=FEAT|Improved Initiative
ABILITY:CATEGORY=FEAT|Power Attack
ABILITY:CATEGORY=FEAT|Weapon Focus (rapier)
ABILITY:CATEGORY=FEAT|Weapon Specialization (rapier)

STARTPACK:Pirate Officers Default	TYPE:Default Monster.Humanoid	VISIBLE:QUALIFY	EQUIPBUY:0	PREMULT:1,[PRERACE:1,Pirate Officers],[!PRERACE:1,%]
ALIGN:CN
RACE:Pirate Officers	!PRERACE:1,%
NAME:Pirate Officers
STAT:STR=10|DEX=10|CON=10|INT=10|WIS=10|CHA=10
SKILL:Acrobatics	RANK:4
SKILL:Bluff	RANK:4
SKILL:Diplomacy	RANK:4
SKILL:Perception	RANK:4
SKILL:Perform (string)	RANK:4
SKILL:Profession (sailor)	RANK:4
SKILL:Sense Motive	RANK:4
SKILL:Use Magic Device	RANK:4
ABILITY:CATEGORY=FEAT|Agile Maneuvers
ABILITY:CATEGORY=FEAT|Skill Focus (Perform [string])
ABILITY:CATEGORY=FEAT|Weapon Finesse

STARTPACK:Sailors Default	TYPE:Default Monster.Humanoid	VISIBLE:QUALIFY	EQUIPBUY:0	PREMULT:1,[PRERACE:1,Sailors],[!PRERACE:1,%]
ALIGN:CN
RACE:Sailors	!PRERACE:1,%
NAME:Sailors
STAT:STR=10|DEX=10|CON=10|INT=10|WIS=10|CHA=10
SKILL:Acrobatics	RANK:1
SKILL:Bluff	RANK:1
SKILL:Climb	RANK:1
SKILL:Diplomacy	RANK:1
SKILL:Disable Device	RANK:1
SKILL:Escape Artist	RANK:1
SKILL:Intimidate	RANK:1
SKILL:Knowledge (Local)	RANK:1
SKILL:Perception	RANK:1
SKILL:Sense Motive	RANK:1
SKILL:Swim	RANK:1
ABILITY:CATEGORY=FEAT|Combat Reflexes
ABILITY:CATEGORY=FEAT|Dodge

STARTPACK:Sea Scourge Default	TYPE:Default Monster.Ooze	VISIBLE:QUALIFY	EQUIPBUY:0	PREMULT:1,[PRERACE:1,Sea Scourge],[!PRERACE:1,%]
ALIGN:TN
RACE:Sea Scourge	!PRERACE:1,%
NAME:Sea Scourge
STAT:STR=10|DEX=10|CON=10|WIS=10|CHA=10
SKILL:Climb	RANK:5
SKILL:Swim	RANK:5

STARTPACK:Sea Snake Default	TYPE:Default Monster.Animal	VISIBLE:QUALIFY	EQUIPBUY:0	PREMULT:1,[PRERACE:1,Sea Snake],[!PRERACE:1,%]
ALIGN:TN
RACE:Sea Snake	!PRERACE:1,%
NAME:Sea Snake
STAT:STR=10|DEX=10|CON=10|INT=10|WIS=10|CHA=10
SKILL:Climb	RANK:2
SKILL:Perception	RANK:2
SKILL:Stealth	RANK:2
SKILL:Swim	RANK:2
ABILITY:CATEGORY=FEAT|Agile Maneuvers
ABILITY:CATEGORY=FEAT|Weapon Finesse

STARTPACK:Shackled Sorcerers Default	TYPE:Default Monster.Humanoid	VISIBLE:QUALIFY	EQUIPBUY:0	PREMULT:1,[PRERACE:1,Shackled Sorcerers],[!PRERACE:1,%]
ALIGN:CN
RACE:Shackled Sorcerers	!PRERACE:1,%
NAME:Shackled Sorcerers
STAT:STR=10|DEX=10|CON=10|INT=10|WIS=10|CHA=10
SKILL:Knowledge (Arcana)	RANK:3
SKILL:Profession (sailor)	RANK:2
SKILL:Spellcraft	RANK:6
SKILL:Swim	RANK:6
SKILL:Use Magic Device	RANK:4
ABILITY:CATEGORY=FEAT|Arcane Strike
ABILITY:CATEGORY=FEAT|Combat Casting
ABILITY:CATEGORY=FEAT|Eschew Materials
ABILITY:CATEGORY=FEAT|Greater Spell Focus (evocation)
ABILITY:CATEGORY=FEAT|Spell Focus (evocation)

STARTPACK:Smugglers Default	TYPE:Default Monster.Humanoid	VISIBLE:QUALIFY	EQUIPBUY:0	PREMULT:1,[PRERACE:1,Smugglers],[!PRERACE:1,%]
ALIGN:CN
RACE:Smugglers	!PRERACE:1,%
NAME:Smugglers
STAT:STR=10|DEX=10|CON=10|INT=10|WIS=10|CHA=10
SKILL:Appraise	RANK:3
SKILL:Bluff	RANK:3
SKILL:Diplomacy	RANK:3
SKILL:Disguise	RANK:3
SKILL:Intimidate	RANK:3
SKILL:Knowledge (Local)	RANK:3
SKILL:Perception	RANK:3
SKILL:Sense Motive	RANK:3
SKILL:Sleight of Hand	RANK:3
SKILL:Stealth	RANK:3
ABILITY:CATEGORY=FEAT|Improved Initiative
ABILITY:CATEGORY=FEAT|Toughness
ABILITY:CATEGORY=FEAT|Weapon Finesse

STARTPACK:Soucouyant Default	TYPE:Default Monster.Monstrous Humanoid	VISIBLE:QUALIFY	EQUIPBUY:0	PREMULT:1,[PRERACE:1,Soucouyant],[!PRERACE:1,%]
ALIGN:NE
RACE:Soucouyant	!PRERACE:1,%
NAME:Soucouyant
STAT:STR=10|DEX=10|CON=10|INT=10|WIS=10|CHA=10
SKILL:Acrobatics	RANK:9
SKILL:Bluff	RANK:9
SKILL:Disguise	RANK:9
SKILL:Intimidate	RANK:12
SKILL:Perception	RANK:12
SKILL:Stealth	RANK:12
ABILITY:CATEGORY=FEAT|Agile Maneuvers
ABILITY:CATEGORY=FEAT|Combat Reflexes
ABILITY:CATEGORY=FEAT|Dodge
ABILITY:CATEGORY=FEAT|Improved Initiative
ABILITY:CATEGORY=FEAT|Mobility
ABILITY:CATEGORY=FEAT|Weapon Focus (claw)

