SOURCELONG:Pathfinder Adventure Path #79	SOURCESHORT:AP79	SOURCEWEB:http://paizo.com	SOURCEDATE:2010-01

Ahkhat	KEY:Ahkhat	STARTFEATS:1	SIZE:S	MOVE:Walk,30	REACH:5	BONUS:STAT|STR|7	BONUS:STAT|DEX|3	BONUS:STAT|CON|6	BONUS:STAT|INT|-2	BONUS:STAT|WIS|2	BONUS:STAT|CHA|3	BONUS:VAR|AC_Natural_Armor|5|TYPE=Base	BONUS:VAR|DarkvisionRange|60|TYPE=Base	BONUS:VAR|TremorsenseRange|30|TYPE=Base	ABILITY:Internal|AUTOMATIC|Racial Traits ~ Ahkhat	LEGS:2	HANDS:2	NATURALATTACKS:Slam,Weapon.Natural.Weapon Group Natural.Melee.Finesseable.Bludgeoning,*2,1d6	MONSTERCLASS:Outsider (Fort/Ref):4	RACETYPE:Outsider	RACESUBTYPE:Earth|Elemental|Native	TYPE:Outsider	CR:4	KIT:1|TN	AUTO:LANG|Ancient Osiriani	FACT:BaseSize|S
Ground Wasp Swarm	KEY:Ground Wasp Swarm	SIZE:F	MOVE:Walk,5,Burrow,10,Fly,30	REACH:0	BONUS:STAT|STR|-9	BONUS:STAT|DEX|2	BONUS:STAT|WIS|1	BONUS:STAT|CHA|-7	BONUS:VAR|DarkvisionRange|60|TYPE=Base	BONUS:VAR|TremorsenseRange|15|TYPE=Base	BONUS:VAR|Maneuverability|4	ABILITY:Internal|AUTOMATIC|Racial Traits ~ Ground Wasp Swarm	LEGS:6	HANDS:0	DEFINESTAT:NONSTAT|INT	MONSTERCLASS:Vermin:3	RACETYPE:Vermin	RACESUBTYPE:Swarm	TYPE:Vermin	CR:2	KIT:1|TN	FACT:BaseSize|F
Guardian Scroll	KEY:Guardian Scroll	STARTFEATS:1	SIZE:T	MOVE:Walk,10,Fly,40	REACH:0	BONUS:COMBAT|AC|1|TYPE=Deflection	BONUS:STAT|STR|4	BONUS:STAT|DEX|5	BONUS:STAT|INT|-6	BONUS:STAT|CHA|2	BONUS:VAR|DarkvisionRange|60|TYPE=Base	BONUS:VAR|HasLowlightVision|1|TYPE=Base	BONUS:VAR|Maneuverability|5	ABILITY:Internal|AUTOMATIC|Racial Traits ~ Guardian Scroll	LEGS:2	HANDS:2	DEFINESTAT:NONSTAT|CON	DR:5/magic	MONSTERCLASS:Construct:5	RACETYPE:Construct	TYPE:Construct	CR:3	KIT:1|TN	AUTO:LANG|Common (can't speak)	FACT:BaseSize|T
Plague Locust Swarm	KEY:Plague Locust Swarm	SIZE:F	MOVE:Walk,10,Climb,10,Fly,40	REACH:0	BONUS:STAT|STR|-9	BONUS:STAT|DEX|8	BONUS:STAT|CON|7	BONUS:STAT|WIS|3	BONUS:STAT|CHA|-8	BONUS:VAR|DarkvisionRange|60|TYPE=Base	BONUS:VAR|Maneuverability|3	ABILITY:Internal|AUTOMATIC|Racial Traits ~ Plague Locust Swarm	LEGS:6	HANDS:0	DEFINESTAT:NONSTAT|INT	MONSTERCLASS:Vermin:12	RACETYPE:Vermin	RACESUBTYPE:Swarm	TYPE:Vermin	CR:8	KIT:1|TN	FACT:BaseSize|F
Scarab Swarm	KEY:Scarab Swarm	SIZE:F	MOVE:Walk,30,Climb,10,Fly,20	REACH:0	BONUS:STAT|STR|-9	BONUS:STAT|CON|3	BONUS:STAT|WIS|1	BONUS:STAT|CHA|-8	BONUS:VAR|DarkvisionRange|60|TYPE=Base	BONUS:VAR|Maneuverability|1	ABILITY:Internal|AUTOMATIC|Racial Traits ~ Scarab Swarm	LEGS:6	HANDS:0	DEFINESTAT:NONSTAT|INT	MONSTERCLASS:Vermin:4	RACETYPE:Vermin	RACESUBTYPE:Swarm	TYPE:Vermin	CR:3	KIT:1|TN	FACT:BaseSize|F
Shasalqu	KEY:Shasalqu	STARTFEATS:1	SIZE:S	MOVE:Walk,30	REACH:5	BONUS:STAT|STR|3	BONUS:STAT|DEX|5	BONUS:STAT|CON|4	BONUS:STAT|INT|-8	BONUS:STAT|WIS|3	BONUS:STAT|CHA|2	BONUS:VAR|AC_Natural_Armor|2|TYPE=Base	BONUS:VAR|DarkvisionRange|60|TYPE=Base	BONUS:VAR|HasLowlightVision|1|TYPE=Base	ABILITY:Internal|AUTOMATIC|Racial Traits ~ Shasalqu	LEGS:4	HANDS:0	NATURALATTACKS:Tail Slap,Weapon.Natural.Weapon Group Natural.Melee.Finesseable.Bludgeoning,*1,1d6,SPROP=plus 1d6 cold	MONSTERCLASS:Magical Beast:4	RACETYPE:Magical Beast	TYPE:Magical Beast	CR:3	KIT:1|TN	FACT:BaseSize|S
Sun Falcon	KEY:Sun Falcon	STARTFEATS:1	SIZE:T	MOVE:Walk,10,Fly,60	REACH:0	BONUS:STAT|DEX|7	BONUS:STAT|CON|2	BONUS:STAT|INT|-5	BONUS:STAT|WIS|4	BONUS:STAT|CHA|5	BONUS:VAR|AC_Natural_Armor|2|TYPE=Base	BONUS:VAR|DarkvisionRange|60|TYPE=Base	BONUS:VAR|HasLowlightVision|1|TYPE=Base	BONUS:VAR|Maneuverability|4	ABILITY:Internal|AUTOMATIC|Racial Traits ~ Sun Falcon	LEGS:4	HANDS:0	NATURALATTACKS:Talons,Weapon.Natural.Weapon Group Natural.Melee.Finesseable.Slashing,*2,1d3,SPROP=plus 1d6 fire and burn and burn	MONSTERCLASS:Magical Beast:6	RACETYPE:Magical Beast	RACESUBTYPE:Fire	TYPE:Magical Beast	CR:4	KIT:1|LN	AUTO:LANG|Celestial (can't speak)	FACT:BaseSize|T
