SOURCELONG:Pathfinder Adventure Path #56	SOURCESHORT:AP56	SOURCEWEB:http://paizo.com	SOURCEDATE:2010-01

STARTPACK:Black Spot Default	TYPE:Default Monster.Magical Beast	VISIBLE:QUALIFY	EQUIPBUY:0	PREMULT:1,[PRERACE:1,Black Spot],[!PRERACE:1,%]
ALIGN:NE
RACE:Black Spot	!PRERACE:1,%
NAME:Black Spot
STAT:STR=10|DEX=10|CON=10|WIS=10|CHA=10
SKILL:Acrobatics	RANK:1
SKILL:Swim	RANK:1
ABILITY:CATEGORY=FEAT|Weapon Finesse

STARTPACK:Canopy Creeper Default	TYPE:Default Monster.Plant	VISIBLE:QUALIFY	EQUIPBUY:0	PREMULT:1,[PRERACE:1,Canopy Creeper],[!PRERACE:1,%]
ALIGN:TN
RACE:Canopy Creeper	!PRERACE:1,%
NAME:Canopy Creeper
STAT:STR=10|DEX=10|CON=10|INT=10|WIS=10|CHA=10
SKILL:Climb	RANK:8
SKILL:Perception	RANK:10
SKILL:Stealth	RANK:1
ABILITY:CATEGORY=FEAT|Blind-Fight
ABILITY:CATEGORY=FEAT|Combat Reflexes
ABILITY:CATEGORY=FEAT|Improved Initiative
ABILITY:CATEGORY=FEAT|Lightning Reflexes
ABILITY:CATEGORY=FEAT|Multiattack
ABILITY:CATEGORY=FEAT|Skill Focus (Climb)

STARTPACK:Dunkleosteus Default	TYPE:Default Monster.Animal	VISIBLE:QUALIFY	EQUIPBUY:0	PREMULT:1,[PRERACE:1,Dunkleosteus],[!PRERACE:1,%]
ALIGN:TN
RACE:Dunkleosteus	!PRERACE:1,%
NAME:Dunkleosteus
STAT:STR=10|DEX=10|CON=10|INT=10|WIS=10|CHA=10
SKILL:Perception	RANK:10
SKILL:Swim	RANK:10
ABILITY:CATEGORY=FEAT|Improved Critical (bite)
ABILITY:CATEGORY=FEAT|Improved Initiative
ABILITY:CATEGORY=FEAT|Skill Focus (Perception)
ABILITY:CATEGORY=FEAT|Skill Focus (Swim)
ABILITY:CATEGORY=FEAT|Weapon Focus (bite)

STARTPACK:Four-armed Default	TYPE:Default Monster.Monstrous Humanoid	VISIBLE:QUALIFY	EQUIPBUY:0	PREMULT:1,[PRERACE:1,Four-armed],[!PRERACE:1,%]
ALIGN:LE
RACE:Four-armed	!PRERACE:1,%
NAME:Four-armed
STAT:STR=10|DEX=10|CON=10|INT=10|WIS=10|CHA=10
SKILL:Handle Animal	RANK:1
SKILL:Perception	RANK:2
SKILL:Ride	RANK:2
SKILL:Stealth	RANK:2
SKILL:Survival	RANK:2
SKILL:Swim	RANK:2
ABILITY:CATEGORY=FEAT|Great Fortitude
ABILITY:CATEGORY=FEAT|Multiattack
ABILITY:CATEGORY=FEAT|Toughness

STARTPACK:Giant Blowfish Default	TYPE:Default Monster.Animal	VISIBLE:QUALIFY	EQUIPBUY:0	PREMULT:1,[PRERACE:1,Giant Blowfish],[!PRERACE:1,%]
ALIGN:TN
RACE:Giant Blowfish	!PRERACE:1,%
NAME:Giant Blowfish
STAT:STR=10|DEX=10|CON=10|INT=10|WIS=10|CHA=10
SKILL:Perception	RANK:1
SKILL:Swim	RANK:7
ABILITY:CATEGORY=FEAT|Great Fortitude
ABILITY:CATEGORY=FEAT|Improved Initiative
ABILITY:CATEGORY=FEAT|Skill Focus (Perception)
ABILITY:CATEGORY=FEAT|Weapon Focus (slam)

STARTPACK:Great Diadem Urchin Default	TYPE:Default Monster.Vermin	VISIBLE:QUALIFY	EQUIPBUY:0	PREMULT:1,[PRERACE:1,Great Diadem Urchin],[!PRERACE:1,%]
ALIGN:TN
RACE:Great Diadem Urchin	!PRERACE:1,%
NAME:Great Diadem Urchin
STAT:STR=10|DEX=10|CON=10|WIS=10|CHA=10
SKILL:Perception	RANK:1

STARTPACK:Malenti Default	TYPE:Default Monster.Monstrous Humanoid	VISIBLE:QUALIFY	EQUIPBUY:0	PREMULT:1,[PRERACE:1,Malenti],[!PRERACE:1,%]
ALIGN:LE
RACE:Malenti	!PRERACE:1,%
NAME:Malenti
STAT:STR=10|DEX=10|CON=10|INT=10|WIS=10|CHA=10
SKILL:Bluff	RANK:2
SKILL:Disguise	RANK:1
SKILL:Handle Animal	RANK:1
SKILL:Perception	RANK:2
SKILL:Ride	RANK:2
SKILL:Stealth	RANK:2
SKILL:Survival	RANK:2
SKILL:Swim	RANK:2
ABILITY:CATEGORY=FEAT|Deceitful
ABILITY:CATEGORY=FEAT|Great Fortitude
ABILITY:CATEGORY=FEAT|Skill Focus (Bluff)

STARTPACK:Ravenous Urchin Swarm Default	TYPE:Default Monster.Vermin	VISIBLE:QUALIFY	EQUIPBUY:0	PREMULT:1,[PRERACE:1,Ravenous Urchin Swarm],[!PRERACE:1,%]
ALIGN:NE
RACE:Ravenous Urchin Swarm	!PRERACE:1,%
NAME:Ravenous Urchin Swarm
STAT:STR=10|DEX=10|CON=10|WIS=10|CHA=10
SKILL:Acrobatics	RANK:4
SKILL:Swim	RANK:4
ABILITY:CATEGORY=FEAT|Weapon Finesse

STARTPACK:Swordfish Default	TYPE:Default Monster.Animal	VISIBLE:QUALIFY	EQUIPBUY:0	PREMULT:1,[PRERACE:1,Swordfish],[!PRERACE:1,%]
ALIGN:TN
RACE:Swordfish	!PRERACE:1,%
NAME:Swordfish
STAT:STR=10|DEX=10|CON=10|INT=10|WIS=10|CHA=10
SKILL:Perception	RANK:4
SKILL:Swim	RANK:4
ABILITY:CATEGORY=FEAT|Skill Focus (Swim)
ABILITY:CATEGORY=FEAT|Weapon Focus (gore)

STARTPACK:Tiger Fish Default	TYPE:Default Monster.Animal	VISIBLE:QUALIFY	EQUIPBUY:0	PREMULT:1,[PRERACE:1,Tiger Fish],[!PRERACE:1,%]
ALIGN:TN
RACE:Tiger Fish	!PRERACE:1,%
NAME:Tiger Fish
STAT:STR=10|DEX=10|CON=10|INT=10|WIS=10|CHA=10
SKILL:Perception	RANK:3
SKILL:Stealth	RANK:1
SKILL:Swim	RANK:3
ABILITY:CATEGORY=FEAT|Skill Focus (Perception)
ABILITY:CATEGORY=FEAT|Skill Focus (Swim)

STARTPACK:Varisian Hagfish Default	TYPE:Default Monster.Animal	VISIBLE:QUALIFY	EQUIPBUY:0	PREMULT:1,[PRERACE:1,Varisian Hagfish],[!PRERACE:1,%]
ALIGN:TN
RACE:Varisian Hagfish	!PRERACE:1,%
NAME:Varisian Hagfish
STAT:STR=10|DEX=10|CON=10|INT=10|WIS=10|CHA=10
SKILL:Escape Artist	RANK:1
SKILL:Swim	RANK:2
ABILITY:CATEGORY=FEAT|Lightning Reflexes

