SOURCELONG:Pathfinder Adventure Path #44	SOURCESHORT:AP44	SOURCEWEB:http://paizo.com	SOURCEDATE:2010-01

Boruta	KEY:Boruta	STARTFEATS:1	SIZE:M	MOVE:Walk,30	REACH:5	BONUS:COMBAT|AC|1|TYPE=Deflection	BONUS:STAT|STR|7	BONUS:STAT|DEX|5	BONUS:STAT|CON|6	BONUS:STAT|INT|3	BONUS:STAT|WIS|7	BONUS:STAT|CHA|6	BONUS:VAR|AC_Natural_Armor|10|TYPE=Base	BONUS:VAR|HasLowlightVision|1|TYPE=Base	ABILITY:Internal|AUTOMATIC|Racial Traits ~ Boruta	LEGS:0	HANDS:0	NATURALATTACKS:Claw,Weapon.Natural.Weapon Group Natural.Melee.Finesseable.Slashing,*2,1d4,SPROP=plus grounding curse	MONSTERCLASS:Plant:14	RACETYPE:Plant	TYPE:Plant	CR:9	KIT:1|TN	AUTO:LANG|Common|Sylvan	FACT:BaseSize|M
Skin Stealer	KEY:Skin Stealer	STARTFEATS:1	SIZE:M	MOVE:Walk,30	REACH:5	BONUS:STAT|STR|2	BONUS:STAT|DEX|7	BONUS:STAT|CON|3	BONUS:STAT|INT|6	BONUS:STAT|CHA|7	BONUS:VAR|AC_Natural_Armor|2|TYPE=Base	BONUS:VAR|HasLowlightVision|1|TYPE=Base	ABILITY:Internal|AUTOMATIC|Racial Traits ~ Skin Stealer	LEGS:2	HANDS:2	NATURALATTACKS:Claw,Weapon.Natural.Weapon Group Natural.Melee.Finesseable.Slashing,*2,1d4	MONSTERCLASS:Fey:4	RACETYPE:Fey	TYPE:Fey	CR:2	KIT:1|CE	AUTO:LANG|Aklo|Common|Elven|Sylvan	FACT:BaseSize|M
