SOURCELONG:Pathfinder Adventure Path #44	SOURCESHORT:AP44	SOURCEWEB:http://paizo.com	SOURCEDATE:2010-01

STARTPACK:Boruta Default	TYPE:Default Monster.Plant	VISIBLE:QUALIFY	EQUIPBUY:0	PREMULT:1,[PRERACE:1,Boruta],[!PRERACE:1,%]
ALIGN:TN
RACE:Boruta	!PRERACE:1,%
NAME:Boruta
STAT:STR=10|DEX=10|CON=10|INT=10|WIS=10|CHA=10
SKILL:Perception	RANK:14
SKILL:Stealth	RANK:14
SKILL:Survival	RANK:11
ABILITY:CATEGORY=FEAT|Combat Casting
ABILITY:CATEGORY=FEAT|Combat Reflexes
ABILITY:CATEGORY=FEAT|Dodge
ABILITY:CATEGORY=FEAT|Improved Initiative
ABILITY:CATEGORY=FEAT|Improved Iron Will
ABILITY:CATEGORY=FEAT|Mobility
ABILITY:CATEGORY=FEAT|Natural Spell

STARTPACK:Skin Stealer Default	TYPE:Default Monster.Fey	VISIBLE:QUALIFY	EQUIPBUY:0	PREMULT:1,[PRERACE:1,Skin Stealer],[!PRERACE:1,%]
ALIGN:CE
RACE:Skin Stealer	!PRERACE:1,%
NAME:Skin Stealer
STAT:STR=10|DEX=10|CON=10|INT=10|WIS=10|CHA=10
SKILL:Acrobatics	RANK:4
SKILL:Bluff	RANK:4
SKILL:Disguise	RANK:4
SKILL:Escape Artist	RANK:4
SKILL:Heal	RANK:4
SKILL:Perception	RANK:4
SKILL:Sense Motive	RANK:4
SKILL:Sleight of Hand	RANK:4
SKILL:Stealth	RANK:4
ABILITY:CATEGORY=FEAT|Deceitful
ABILITY:CATEGORY=FEAT|Weapon Finesse

