SOURCELONG:Wardens Of The Reborn Forge	SOURCESHORT:WOTRF	SOURCEWEB:http://paizo.com	SOURCEDATE:2010-01

STARTPACK:Capramace Default	TYPE:Default Monster.Aberration	VISIBLE:QUALIFY	EQUIPBUY:0	PREMULT:1,[PRERACE:1,Capramace],[!PRERACE:1,%]
ALIGN:TN
RACE:Capramace	!PRERACE:1,%
NAME:Capramace
STAT:STR=10|DEX=10|CON=10|INT=10|WIS=10|CHA=10
SKILL:Climb	RANK:4
SKILL:Perception	RANK:5
ABILITY:CATEGORY=FEAT|Great Fortitude
ABILITY:CATEGORY=FEAT|Improved Bull Rush
ABILITY:CATEGORY=FEAT|Lightning Reflexes
ABILITY:CATEGORY=FEAT|Power Attack
ABILITY:CATEGORY=FEAT|Toughness

STARTPACK:Clockwork Snail Default	TYPE:Default Monster.Construct	VISIBLE:QUALIFY	EQUIPBUY:0	PREMULT:1,[PRERACE:1,Clockwork Snail],[!PRERACE:1,%]
ALIGN:TN
RACE:Clockwork Snail	!PRERACE:1,%
NAME:Clockwork Snail
STAT:STR=10|DEX=10|WIS=10|CHA=10
SKILL:Climb	RANK:13
ABILITY:CATEGORY=FEAT|Improved Initiative
ABILITY:CATEGORY=FEAT|Lightning Reflexes
ABILITY:CATEGORY=FEAT|Two-Weapon Fighting

STARTPACK:Gunpowder Ooze Default	TYPE:Default Monster.Ooze	VISIBLE:QUALIFY	EQUIPBUY:0	PREMULT:1,[PRERACE:1,Gunpowder Ooze],[!PRERACE:1,%]
ALIGN:TN
RACE:Gunpowder Ooze	!PRERACE:1,%
NAME:Gunpowder Ooze
STAT:STR=10|DEX=10|CON=10|WIS=10|CHA=10
SKILL:Climb	RANK:5

