SOURCELONG:Pathfinder Adventure Path #48	SOURCESHORT:AP48	SOURCEWEB:http://paizo.com	SOURCEDATE:2010-01

Forsaken Lich	KEY:Forsaken Lich	STARTFEATS:1	SIZE:M	MOVE:Walk,20	REACH:5	BONUS:COMBAT|AC|1|TYPE=Deflection	BONUS:STAT|STR|10	BONUS:STAT|INT|3	BONUS:STAT|WIS|11	BONUS:STAT|CHA|8	BONUS:VAR|AC_Natural_Armor|10|TYPE=Base	BONUS:VAR|DarkvisionRange|60|TYPE=Base	ABILITY:Internal|AUTOMATIC|Racial Traits ~ Forsaken Lich	LEGS:2	HANDS:2	DEFINESTAT:NONSTAT|CON	DR:15/bludgeoning and magic	MONSTERCLASS:Undead:11	RACETYPE:Undead	RACESUBTYPE:Augmented Humanoid	TYPE:Undead	CR:12	KIT:1|NE	AUTO:LANG|Common|Necril	FACT:BaseSize|M
Gargoyle Guardian	KEY:Gargoyle Guardian	SIZE:L	MOVE:Walk,30,Fly,60	REACH:10	BONUS:STAT|STR|12	BONUS:STAT|DEX|4	BONUS:STAT|CHA|-9	BONUS:VAR|AC_Natural_Armor|11|TYPE=Base	BONUS:VAR|DarkvisionRange|60|TYPE=Base	BONUS:VAR|HasLowlightVision|1|TYPE=Base	BONUS:VAR|Maneuverability|2	ABILITY:Internal|AUTOMATIC|Racial Traits ~ Gargoyle Guardian	LEGS:2	HANDS:2	NATURALATTACKS:Bite,Weapon.Natural.Weapon Group Natural.Melee.Finesseable.Bludgeoning.Piercing.Slashing,*1,1d8|Claw,Weapon.Natural.Weapon Group Natural.Melee.Finesseable.Slashing,*2,1d6	DEFINESTAT:NONSTAT|CON	DEFINESTAT:NONSTAT|INT	DR:5/adamantine	MONSTERCLASS:Construct:11	RACETYPE:Construct	TYPE:Construct	CR:8	KIT:1|TN	FACT:BaseSize|L
Grim Reaper	KEY:Grim Reaper	STARTFEATS:1	SIZE:L	MOVE:Walk,40,Fly,60	REACH:15	BONUS:COMBAT|AC|9|TYPE=Deflection	BONUS:STAT|STR|14	BONUS:STAT|DEX|5	BONUS:STAT|INT|6	BONUS:STAT|WIS|9	BONUS:STAT|CHA|19	BONUS:VAR|AC_Natural_Armor|12|TYPE=Base	BONUS:VAR|DarkvisionRange|60|TYPE=Base	BONUS:VAR|HasLowlightVision|1|TYPE=Base	BONUS:VAR|Maneuverability|5	ABILITY:Internal|AUTOMATIC|Racial Traits ~ Grim Reaper	LEGS:2	HANDS:2	DEFINESTAT:NONSTAT|CON	SR:31	MONSTERCLASS:Undead:28	RACETYPE:Undead	RACESUBTYPE:Evil|Extraplanar|Incorporeal	TYPE:Undead	CR:20	KIT:1|NE	AUTO:LANG|Common|Celestial|Infernal; truespeech	FACT:BaseSize|L
Minor Grim Reaper	KEY:Minor Grim Reaper	STARTFEATS:1	SIZE:M	MOVE:Walk,30	REACH:5	BONUS:STAT|STR|4	BONUS:STAT|DEX|9	BONUS:STAT|INT|-2	BONUS:STAT|WIS|1	BONUS:STAT|CHA|7	BONUS:VAR|AC_Natural_Armor|8|TYPE=Base	BONUS:VAR|DarkvisionRange|60|TYPE=Base	BONUS:VAR|HasLowlightVision|1|TYPE=Base	ABILITY:Internal|AUTOMATIC|Racial Traits ~ Minor Grim Reaper	LEGS:2	HANDS:2	DEFINESTAT:NONSTAT|CON	SR:21	MONSTERCLASS:Undead:15	RACETYPE:Undead	RACESUBTYPE:Evil|Extraplanar	TYPE:Undead	CR:10	KIT:1|NE	FACT:BaseSize|M
