SOURCELONG:Pathfinder Adventure Path #41	SOURCESHORT:AP41	SOURCEWEB:http://paizo.com	SOURCEDATE:2010-01

STARTPACK:Inkanyamba Default	TYPE:Default Monster.Magical Beast	VISIBLE:QUALIFY	EQUIPBUY:0	PREMULT:1,[PRERACE:1,Inkanyamba],[!PRERACE:1,%]
ALIGN:CE
RACE:Inkanyamba	!PRERACE:1,%
NAME:Inkanyamba
STAT:STR=10|DEX=10|CON=10|INT=10|WIS=10|CHA=10
SKILL:Climb	RANK:8
SKILL:Intimidate	RANK:4
SKILL:Perception	RANK:10
SKILL:Sense Motive	RANK:6
SKILL:Stealth	RANK:1
SKILL:Swim	RANK:17
ABILITY:CATEGORY=FEAT|Awesome Blow
ABILITY:CATEGORY=FEAT|Dodge
ABILITY:CATEGORY=FEAT|Improved Bull Rush
ABILITY:CATEGORY=FEAT|Improved Initiative
ABILITY:CATEGORY=FEAT|Iron Will
ABILITY:CATEGORY=FEAT|Lightning Reflexes
ABILITY:CATEGORY=FEAT|Lunge
ABILITY:CATEGORY=FEAT|Mobility
ABILITY:CATEGORY=FEAT|Power Attack
ABILITY:CATEGORY=FEAT|Spring Attack

STARTPACK:Umdhlebi Default	TYPE:Default Monster.Plant	VISIBLE:QUALIFY	EQUIPBUY:0	PREMULT:1,[PRERACE:1,Umdhlebi],[!PRERACE:1,%]
ALIGN:TN
RACE:Umdhlebi	!PRERACE:1,%
NAME:Umdhlebi
STAT:STR=10|DEX=10|CON=10|INT=10|WIS=10|CHA=10
SKILL:Fly	RANK:1
SKILL:Perception	RANK:8
SKILL:Sense Motive	RANK:2
SKILL:Stealth	RANK:1
SKILL:Survival	RANK:1
ABILITY:CATEGORY=FEAT|Alertness
ABILITY:CATEGORY=FEAT|Improved Disarm
ABILITY:CATEGORY=FEAT|Improved Initiative
ABILITY:CATEGORY=FEAT|Improved Trip
ABILITY:CATEGORY=FEAT|Iron Will
ABILITY:CATEGORY=FEAT|Lightning Reflexes
ABILITY:CATEGORY=FEAT|Lunge
ABILITY:CATEGORY=FEAT|Power Attack
ABILITY:CATEGORY=FEAT|Toughness

