SOURCELONG:Mystery Monsters Revisited	SOURCESHORT:MMR	SOURCEWEB:http://paizo.com	SOURCEDATE:2010-01

STARTPACK:Death Worm Leviathan Default	TYPE:Default Monster.Magical Beast	VISIBLE:QUALIFY	EQUIPBUY:0	PREMULT:1,[PRERACE:1,Death Worm Leviathan],[!PRERACE:1,%]
ALIGN:TN
RACE:Death Worm Leviathan	!PRERACE:1,%
NAME:Death Worm Leviathan
STAT:STR=10|DEX=10|CON=10|INT=10|WIS=10|CHA=10
SKILL:Perception	RANK:10
SKILL:Stealth	RANK:1
ABILITY:CATEGORY=FEAT|Awesome Blow
ABILITY:CATEGORY=FEAT|Improved Bull Rush
ABILITY:CATEGORY=FEAT|Improved Critical (bite)
ABILITY:CATEGORY=FEAT|Improved Initiative
ABILITY:CATEGORY=FEAT|Improved Overrun
ABILITY:CATEGORY=FEAT|Power Attack
ABILITY:CATEGORY=FEAT|Vital Strike
ABILITY:CATEGORY=FEAT|Weapon Focus (bite)

STARTPACK:Mokele-Mbembe Default	TYPE:Default Monster.Animal	VISIBLE:QUALIFY	EQUIPBUY:0	PREMULT:1,[PRERACE:1,Mokele-Mbembe],[!PRERACE:1,%]
ALIGN:TN
RACE:Mokele-Mbembe	!PRERACE:1,%
NAME:Mokele-Mbembe
STAT:STR=10|DEX=10|CON=10|INT=10|WIS=10|CHA=10
SKILL:Perception	RANK:10
SKILL:Stealth	RANK:1
SKILL:Swim	RANK:5
ABILITY:CATEGORY=FEAT|Awesome Blow
ABILITY:CATEGORY=FEAT|Improved Bull Rush
ABILITY:CATEGORY=FEAT|Improved Initiative
ABILITY:CATEGORY=FEAT|Iron Will
ABILITY:CATEGORY=FEAT|Lightning Reflexes
ABILITY:CATEGORY=FEAT|Power Attack
ABILITY:CATEGORY=FEAT|Skill Focus (Perception)

