SOURCELONG:Mystery Monsters Revisited	SOURCESHORT:MMR	SOURCEWEB:http://paizo.com	SOURCEDATE:2010-01

Death Worm Leviathan	KEY:Death Worm Leviathan	STARTFEATS:1	SIZE:G	MOVE:Walk,30,Burrow,30	REACH:20	BONUS:STAT|STR|16	BONUS:STAT|DEX|6	BONUS:STAT|CON|11	BONUS:STAT|INT|-7	BONUS:STAT|WIS|1	BONUS:STAT|CHA|-4	BONUS:VAR|AC_Natural_Armor|14|TYPE=Base	BONUS:VAR|DarkvisionRange|60|TYPE=Base	BONUS:VAR|HasLowlightVision|1|TYPE=Base	BONUS:VAR|TremorsenseRange|60|TYPE=Base	ABILITY:Internal|AUTOMATIC|Racial Traits ~ Death Worm Leviathan	LEGS:4	HANDS:0	NATURALATTACKS:Bite,Weapon.Natural.Weapon Group Natural.Melee.Finesseable.Bludgeoning.Piercing.Slashing,*1,4d6,SPROP=plus grab and grab and poison and poison	MONSTERCLASS:Magical Beast:15	RACETYPE:Magical Beast	TYPE:Magical Beast	CR:11	KIT:1|TN	AUTO:LANG|Terran	FACT:BaseSize|G
Mokele-Mbembe	KEY:Mokele-Mbembe	STARTFEATS:1	SIZE:H	MOVE:Walk,30,Swim,30	REACH:15	BONUS:STAT|STR|18	BONUS:STAT|DEX|3	BONUS:STAT|CON|8	BONUS:STAT|INT|-8	BONUS:STAT|WIS|5	BONUS:STAT|CHA|1	BONUS:VAR|AC_Natural_Armor|14|TYPE=Base	BONUS:VAR|HasLowlightVision|1|TYPE=Base	ABILITY:Internal|AUTOMATIC|Racial Traits ~ Mokele-Mbembe	LEGS:4	HANDS:0	NATURALATTACKS:Bite,Weapon.Natural.Weapon Group Natural.Melee.Finesseable.Bludgeoning.Piercing.Slashing,*1,2d6|Tail Slap,Weapon.Natural.Weapon Group Natural.Melee.Finesseable.Bludgeoning,*1,2d6	MONSTERCLASS:Animal:14	RACETYPE:Animal	TYPE:Animal	CR:9	KIT:1|TN	FACT:BaseSize|H
