SOURCELONG:Isles of the Shackles	SOURCESHORT:IotS	SOURCEWEB:http://paizo.com/products/btpy8qzx	SOURCEDATE:2012-08

Aashaq's Wyvern	KEY:Aashaq's Wyvern	STARTFEATS:1	SIZE:L	MOVE:Walk,20,Fly,60,Swim,40	REACH:5	BONUS:STAT|STR|11	BONUS:STAT|DEX|2	BONUS:STAT|CON|10	BONUS:STAT|INT|-1	BONUS:STAT|WIS|2	BONUS:STAT|CHA|1	BONUS:VAR|AC_Natural_Armor|10|TYPE=Base	BONUS:VAR|DarkvisionRange|60|TYPE=Base	BONUS:VAR|HasLowlightVision|1|TYPE=Base	BONUS:VAR|Maneuverability|2	ABILITY:Internal|AUTOMATIC|Racial Traits ~ Aashaq's Wyvern	LEGS:4	HANDS:0	NATURALATTACKS:Bite,Weapon.Natural.Weapon Group Natural.Melee.Finesseable.Bludgeoning.Piercing.Slashing,*1,2d6,SPROP=plus grab and grab|Sting,Weapon.Natural.Weapon Group Natural.Melee.Finesseable.Piercing,*2,1d6,SPROP=plus poison and poison|Wing,Weapon.Natural.Weapon Group Natural.Melee.Finesseable.Bludgeoning,*2,1d6	SR:19	MONSTERCLASS:Dragon:9	RACETYPE:Dragon	TYPE:Dragon	CR:8	KIT:1|CN	AUTO:LANG|Draconic	FACT:BaseSize|L
Besmaran Priest	KEY:Besmaran Priest	STARTFEATS:1	SIZE:M	MOVE:Walk,30	REACH:5	BONUS:COMBAT|AC|1|TYPE=Deflection	BONUS:STAT|DEX|3	BONUS:STAT|CON|2	BONUS:STAT|WIS|6	BONUS:STAT|CHA|4	BONUS:VAR|AC_Natural_Armor|5|TYPE=Base	ABILITY:Internal|AUTOMATIC|Racial Traits ~ Besmaran Priest	LEGS:2	HANDS:2	MONSTERCLASS:Humanoid:5	RACETYPE:Humanoid	RACESUBTYPE:Human	TYPE:Humanoid	CR:4	KIT:1|CN	AUTO:LANG|Common	FACT:BaseSize|M
Blood Queen	KEY:Blood Queen	STARTFEATS:1	SIZE:G	MOVE:Walk,10	REACH:20	BONUS:STAT|STR|20	BONUS:STAT|DEX|1	BONUS:STAT|CON|30	BONUS:STAT|INT|10	BONUS:STAT|WIS|19	BONUS:STAT|CHA|27	BONUS:VAR|AC_Natural_Armor|32|TYPE=Base	BONUS:VAR|BlindsightRange|120|TYPE=Base	ABILITY:Internal|AUTOMATIC|Racial Traits ~ Blood Queen	LEGS:2	HANDS:2	NATURALATTACKS:Bite,Weapon.Natural.Weapon Group Natural.Melee.Finesseable.Bludgeoning.Piercing.Slashing,*1,2d6|Sting,Weapon.Natural.Weapon Group Natural.Melee.Finesseable.Piercing,*5,2d6,SPROP=plus 2d6 electricity|Tentacle,Weapon.Natural.Weapon Group Natural.Melee.Finesseable.Bludgeoning,*6,2d8,SPROP=plus grab and grab	SR:34	DR:15/epic and lawful	MONSTERCLASS:Outsider (Fort/Will):23	RACETYPE:Outsider	RACESUBTYPE:Native	TYPE:Outsider	CR:23	KIT:1|CE	AUTO:LANG|Abyssal|Aklo|Common|Draconic|Kuru|Undercommon; telepathy 100 ft.	FACT:BaseSize|G
Chickcharney	KEY:Chickcharney	STARTFEATS:1	SIZE:S	MOVE:Walk,20,Fly,30	REACH:5	BONUS:COMBAT|AC|1|TYPE=Deflection	BONUS:STAT|STR|-4	BONUS:STAT|DEX|7	BONUS:STAT|CON|4	BONUS:STAT|INT|-8	BONUS:STAT|WIS|3	BONUS:STAT|CHA|5	BONUS:VAR|DarkvisionRange|60|TYPE=Base	BONUS:VAR|HasLowlightVision|1|TYPE=Base	BONUS:VAR|Maneuverability|3	ABILITY:Internal|AUTOMATIC|Racial Traits ~ Chickcharney	LEGS:4	HANDS:0	NATURALATTACKS:Bite,Weapon.Natural.Weapon Group Natural.Melee.Finesseable.Bludgeoning.Piercing.Slashing,*1,1d4,SPROP=plus ill-luck|Claw,Weapon.Natural.Weapon Group Natural.Melee.Finesseable.Slashing,*2,1d3,SPROP=plus ill luck	MONSTERCLASS:Magical Beast:4	RACETYPE:Magical Beast	TYPE:Magical Beast	CR:3	KIT:1|TN	FACT:BaseSize|S
Duppy	KEY:Duppy	STARTFEATS:1	SIZE:M	MOVE:Fly,40	REACH:5	BONUS:COMBAT|AC|4|TYPE=Deflection	BONUS:STAT|DEX|12	BONUS:STAT|INT|3	BONUS:STAT|WIS|5	BONUS:STAT|CHA|9	BONUS:VAR|DarkvisionRange|60|TYPE=Base	BONUS:VAR|Maneuverability|5	ABILITY:Internal|AUTOMATIC|Racial Traits ~ Duppy	LEGS:2	HANDS:2	NATURALATTACKS:Incorporeal Touch,Weapon.Natural.Weapon Group Natural.Melee.Finesseable.Incorporeal.Touch.Bludgeoning,*1,2d8,SPROP=plus 1d6 str drain	DEFINESTAT:NONSTAT|STR	DEFINESTAT:NONSTAT|CON	MONSTERCLASS:Undead:9	RACETYPE:Undead	RACESUBTYPE:Incorporeal	TYPE:Undead	CR:7	KIT:1|CE	AUTO:LANG|Common|Polyglot	FACT:BaseSize|M
Elder Nirento	KEY:Elder Nirento	STARTFEATS:1	SIZE:H	MOVE:Walk,10	REACH:15	BONUS:STAT|STR|10	BONUS:STAT|DEX|4	BONUS:STAT|CON|9	BONUS:STAT|INT|-8	BONUS:STAT|WIS|-1	BONUS:STAT|CHA|1	BONUS:VAR|AC_Natural_Armor|10|TYPE=Base	BONUS:VAR|HasLowlightVision|1|TYPE=Base	BONUS:VAR|BlindsightRange|60|TYPE=Base	ABILITY:Internal|AUTOMATIC|Racial Traits ~ Elder Nirento	LEGS:0	HANDS:0	DR:5/slashing	MONSTERCLASS:Plant:9	RACETYPE:Plant	TYPE:Plant	CR:6	KIT:1|TN	FACT:BaseSize|H
Giant Sea Snake	KEY:Giant Sea Snake	STARTFEATS:1	SIZE:H	MOVE:Walk,30,Climb,20,Swim,40	REACH:15	BONUS:STAT|STR|19	BONUS:STAT|DEX|4	BONUS:STAT|CON|10	BONUS:STAT|INT|-9	BONUS:STAT|WIS|5	BONUS:STAT|CHA|-8	BONUS:VAR|AC_Natural_Armor|10|TYPE=Base	BONUS:VAR|HasLowlightVision|1|TYPE=Base	ABILITY:Internal|AUTOMATIC|Racial Traits ~ Giant Sea Snake	LEGS:4	HANDS:0	NATURALATTACKS:Bite,Weapon.Natural.Weapon Group Natural.Melee.Finesseable.Bludgeoning.Piercing.Slashing,*1,2d8,SPROP=plus poison and poison	MONSTERCLASS:Animal:9	RACETYPE:Animal	TYPE:Animal	CR:7	KIT:1|TN	FACT:BaseSize|H
Jinx Eater	KEY:Jinx Eater	STARTFEATS:1	SIZE:M	MOVE:Walk,30	REACH:5	BONUS:STAT|STR|-2	BONUS:STAT|DEX|7	BONUS:STAT|CON|2	BONUS:STAT|WIS|4	BONUS:STAT|CHA|3	BONUS:VAR|AC_Natural_Armor|3|TYPE=Base	BONUS:VAR|HasLowlightVision|1|TYPE=Base	ABILITY:Internal|AUTOMATIC|Racial Traits ~ Jinx Eater	LEGS:2	HANDS:2	MONSTERCLASS:Humanoid (Reflex):3	RACETYPE:Humanoid	RACESUBTYPE:Tengu	TYPE:Humanoid	CR:2	KIT:1|CN	AUTO:LANG|Common|Tengu	FACT:BaseSize|M
Kuru	KEY:Kuru	STARTFEATS:1	SIZE:M	MOVE:Walk,40	REACH:5	BONUS:STAT|STR|9	BONUS:STAT|CON|6	BONUS:STAT|WIS|4	BONUS:STAT|CHA|3	BONUS:VAR|AC_Natural_Armor|2|TYPE=Base	BONUS:VAR|HasLowlightVision|1|TYPE=Base	ABILITY:Internal|AUTOMATIC|Racial Traits ~ Kuru	LEGS:2	HANDS:2	NATURALATTACKS:Bite,Weapon.Natural.Weapon Group Natural.Melee.Finesseable.Bludgeoning.Piercing.Slashing,*1,1d6,SPROP=plus cannibalistic vitality	MONSTERCLASS:Humanoid:1	RACETYPE:Humanoid	RACESUBTYPE:Kuru	TYPE:Humanoid	CR:1/2	KIT:1|CE	FACT:BaseSize|M
Larabay	KEY:Larabay	STARTFEATS:1	SIZE:M	MOVE:Walk,30,Fly,50	REACH:5	BONUS:COMBAT|AC|1|TYPE=Deflection	BONUS:STAT|STR|8	BONUS:STAT|DEX|12	BONUS:STAT|CON|11	BONUS:STAT|INT|5	BONUS:STAT|WIS|6	BONUS:STAT|CHA|7	BONUS:VAR|AC_Natural_Armor|8|TYPE=Base	BONUS:VAR|HasLowlightVision|1|TYPE=Base	BONUS:VAR|Maneuverability|4	ABILITY:Internal|AUTOMATIC|Racial Traits ~ Larabay	LEGS:2	HANDS:2	MONSTERCLASS:Fey:17	RACETYPE:Fey	RACESUBTYPE:Shapechanger	TYPE:Fey	CR:11	KIT:1|CN	AUTO:LANG|Common|Polyglot|Sylvan	FACT:BaseSize|M
Lusca	KEY:Lusca	STARTFEATS:1	SIZE:G	MOVE:Walk,10,Swim,40,Swim,200	REACH:20	BONUS:STAT|STR|20	BONUS:STAT|DEX|1	BONUS:STAT|CON|16	BONUS:STAT|INT|3	BONUS:STAT|WIS|11	BONUS:STAT|CHA|8	BONUS:VAR|AC_Natural_Armor|26|TYPE=Base	BONUS:VAR|DarkvisionRange|60|TYPE=Base	BONUS:VAR|HasLowlightVision|1|TYPE=Base	ABILITY:Internal|AUTOMATIC|Racial Traits ~ Lusca	LEGS:4	HANDS:0	NATURALATTACKS:Bite,Weapon.Natural.Weapon Group Natural.Melee.Finesseable.Bludgeoning.Piercing.Slashing,*3,2d8|Tentacle,Weapon.Natural.Weapon Group Natural.Melee.Finesseable.Bludgeoning,*8,1d8,SPROP=plus grab and grab	MONSTERCLASS:Magical Beast:20	RACETYPE:Magical Beast	RACESUBTYPE:Aquatic	TYPE:Magical Beast	CR:17	KIT:1|CE	AUTO:LANG|Aquan|Common	FACT:BaseSize|G
Nirento	KEY:Nirento	STARTFEATS:1	SIZE:L	MOVE:Walk,10	REACH:15	BONUS:STAT|STR|8	BONUS:STAT|DEX|4	BONUS:STAT|CON|9	BONUS:STAT|INT|-8	BONUS:STAT|WIS|-1	BONUS:STAT|CHA|1	BONUS:VAR|AC_Natural_Armor|6|TYPE=Base	BONUS:VAR|HasLowlightVision|1|TYPE=Base	BONUS:VAR|BlindsightRange|60|TYPE=Base	ABILITY:Internal|AUTOMATIC|Racial Traits ~ Nirento	LEGS:0	HANDS:0	DR:5/slashing	MONSTERCLASS:Plant:5	RACETYPE:Plant	TYPE:Plant	CR:4	KIT:1|TN	FACT:BaseSize|L
Pirate Captains	KEY:Pirate Captains	STARTFEATS:1	SIZE:M	MOVE:Walk,30	REACH:5	BONUS:COMBAT|AC|1|TYPE=Deflection	BONUS:STAT|STR|5	BONUS:STAT|DEX|3	BONUS:STAT|INT|3	BONUS:STAT|WIS|-2	BONUS:STAT|CHA|6	BONUS:VAR|AC_Natural_Armor|5|TYPE=Base	ABILITY:Internal|AUTOMATIC|Racial Traits ~ Pirate Captains	LEGS:2	HANDS:2	MONSTERCLASS:Humanoid:6	RACETYPE:Humanoid	RACESUBTYPE:Human	TYPE:Humanoid	CR:5	KIT:1|CN	AUTO:LANG|Common|Polyglot	FACT:BaseSize|M
Pirate Officers	KEY:Pirate Officers	STARTFEATS:1	SIZE:M	MOVE:Walk,30	REACH:5	BONUS:STAT|DEX|6	BONUS:STAT|CON|2	BONUS:STAT|INT|3	BONUS:STAT|WIS|-2	BONUS:STAT|CHA|6	BONUS:VAR|AC_Natural_Armor|4|TYPE=Base	BONUS:VAR|HasLowlightVision|1|TYPE=Base	ABILITY:Internal|AUTOMATIC|Racial Traits ~ Pirate Officers	LEGS:2	HANDS:2	MONSTERCLASS:Humanoid (Reflex):4	RACETYPE:Humanoid	RACESUBTYPE:Elf|Human	TYPE:Humanoid	CR:3	KIT:1|CN	AUTO:LANG|Aquan|Common|Elven	FACT:BaseSize|M
Sailors	KEY:Sailors	STARTFEATS:1	SIZE:M	MOVE:Walk,30	REACH:5	BONUS:COMBAT|AC|1|TYPE=Deflection	BONUS:STAT|STR|5	BONUS:STAT|DEX|6	BONUS:STAT|CON|3	BONUS:STAT|INT|2	BONUS:STAT|CHA|-2	BONUS:VAR|AC_Natural_Armor|2|TYPE=Base	ABILITY:Internal|AUTOMATIC|Racial Traits ~ Sailors	LEGS:2	HANDS:2	MONSTERCLASS:Humanoid (Reflex):1	RACETYPE:Humanoid	RACESUBTYPE:Human	TYPE:Humanoid	CR:1/2	KIT:1|CN	AUTO:LANG|Common|Polyglot	FACT:BaseSize|M
Sea Scourge	KEY:Sea Scourge	SIZE:L	MOVE:Walk,10,Climb,10,Swim,20	REACH:10	BONUS:STAT|STR|14	BONUS:STAT|DEX|-3	BONUS:STAT|CON|8	BONUS:STAT|WIS|-9	BONUS:STAT|CHA|-9	BONUS:VAR|BlindsightRange|60|TYPE=Base	ABILITY:Internal|AUTOMATIC|Racial Traits ~ Sea Scourge	LEGS:0	HANDS:0	NATURALATTACKS:Slam,Weapon.Natural.Weapon Group Natural.Melee.Finesseable.Bludgeoning,*2,1d6,SPROP=plus 1d4 acid and grab and grab	DEFINESTAT:NONSTAT|INT	MONSTERCLASS:Ooze:9	RACETYPE:Ooze	RACESUBTYPE:Aquatic	TYPE:Ooze	CR:6	KIT:1|TN	FACT:BaseSize|L
Sea Snake	KEY:Sea Snake	STARTFEATS:1	SIZE:S	MOVE:Walk,20,Climb,20,Swim,40	REACH:5	BONUS:STAT|STR|-2	BONUS:STAT|DEX|5	BONUS:STAT|CON|2	BONUS:STAT|INT|-9	BONUS:STAT|WIS|3	BONUS:STAT|CHA|-8	BONUS:VAR|AC_Natural_Armor|1|TYPE=Base	BONUS:VAR|HasLowlightVision|1|TYPE=Base	ABILITY:Internal|AUTOMATIC|Racial Traits ~ Sea Snake	LEGS:4	HANDS:0	NATURALATTACKS:Bite,Weapon.Natural.Weapon Group Natural.Melee.Finesseable.Bludgeoning.Piercing.Slashing,*1,1d4,SPROP=plus poison and poison	MONSTERCLASS:Animal:2	RACETYPE:Animal	TYPE:Animal	CR:1	KIT:1|TN	FACT:BaseSize|S
Shackled Sorcerers	KEY:Shackled Sorcerers	STARTFEATS:1	SIZE:M	MOVE:Walk,30,Swim,30	REACH:5	BONUS:STAT|STR|-2	BONUS:STAT|DEX|4	BONUS:STAT|CON|2	BONUS:STAT|WIS|3	BONUS:STAT|CHA|8	BONUS:VAR|AC_Natural_Armor|1|TYPE=Base	ABILITY:Internal|AUTOMATIC|Racial Traits ~ Shackled Sorcerers	LEGS:2	HANDS:2	MONSTERCLASS:Humanoid (Will):6	RACETYPE:Humanoid	RACESUBTYPE:Human	TYPE:Humanoid	CR:5	KIT:1|CN	AUTO:LANG|Common	FACT:BaseSize|M
Smugglers	KEY:Smugglers	STARTFEATS:1	SIZE:M	MOVE:Walk,30	REACH:5	BONUS:STAT|DEX|4	BONUS:STAT|CON|-2	BONUS:STAT|INT|2	BONUS:STAT|WIS|3	BONUS:STAT|CHA|7	BONUS:VAR|AC_Natural_Armor|3|TYPE=Base	ABILITY:Internal|AUTOMATIC|Racial Traits ~ Smugglers	LEGS:2	HANDS:2	MONSTERCLASS:Humanoid (Reflex):3	RACETYPE:Humanoid	RACESUBTYPE:Human	TYPE:Humanoid	CR:2	KIT:1|CN	FACT:BaseSize|M
Soucouyant	KEY:Soucouyant	STARTFEATS:1	SIZE:M	MOVE:Walk,30	REACH:5	BONUS:COMBAT|AC|1|TYPE=Deflection	BONUS:STAT|STR|8	BONUS:STAT|DEX|12	BONUS:STAT|CON|7	BONUS:STAT|INT|4	BONUS:STAT|WIS|7	BONUS:STAT|CHA|9	BONUS:VAR|AC_Natural_Armor|6|TYPE=Base	BONUS:VAR|DarkvisionRange|60|TYPE=Base	ABILITY:Internal|AUTOMATIC|Racial Traits ~ Soucouyant	LEGS:2	HANDS:2	NATURALATTACKS:Bite,Weapon.Natural.Weapon Group Natural.Melee.Finesseable.Bludgeoning.Piercing.Slashing,*1,2d6|Claw,Weapon.Natural.Weapon Group Natural.Melee.Finesseable.Slashing,*2,1d6,SPROP=plus grab and grab	SR:19	DR:5/cold iron and magic	MONSTERCLASS:Monstrous Humanoid:12	RACETYPE:Monstrous Humanoid	TYPE:Monstrous Humanoid	CR:8	KIT:1|NE	AUTO:LANG|Abyssal|Common|Infernal	FACT:BaseSize|M
