

###Block: Monster Racial Traits (auto-generated)

Racial Traits ~ Aashaq's Wyvern	CATEGORY:Internal	ABILITY:Special Ability|AUTOMATIC|Scent|Grab|Poison
Racial Traits ~ Besmaran Priest	CATEGORY:Internal
Racial Traits ~ Blood Queen	CATEGORY:Internal	ABILITY:Special Ability|AUTOMATIC|Immunity to Disease|Immunity to Electricity|Immunity to Mind-Affecting Effects|Immunity to Poison|Immunity to Sonic|Grab
Racial Traits ~ Chickcharney	CATEGORY:Internal
Racial Traits ~ Duppy	CATEGORY:Internal	ABILITY:Special Ability|AUTOMATIC|Incorporeal
Racial Traits ~ Elder Nirento	CATEGORY:Internal	ABILITY:Special Ability|AUTOMATIC|Immunity to Sonic|Grab|Can't Be Tripped
Racial Traits ~ Giant Sea Snake	CATEGORY:Internal	ABILITY:Special Ability|AUTOMATIC|Poison
Racial Traits ~ Jinx Eater	CATEGORY:Internal
Racial Traits ~ Kuru	CATEGORY:Internal
Racial Traits ~ Larabay	CATEGORY:Internal
Racial Traits ~ Lusca	CATEGORY:Internal	ABILITY:Special Ability|AUTOMATIC|Immunity to Electricity|Immunity to Poison|Grab
Racial Traits ~ Nirento	CATEGORY:Internal	ABILITY:Special Ability|AUTOMATIC|Immunity to Sonic|Grab|Trip|Can't Be Tripped
Racial Traits ~ Pirate Captains	CATEGORY:Internal
Racial Traits ~ Pirate Officers	CATEGORY:Internal
Racial Traits ~ Sailors	CATEGORY:Internal
Racial Traits ~ Sea Scourge	CATEGORY:Internal	ABILITY:Special Ability|AUTOMATIC|Immunity to Acid|Grab|Can't Be Tripped
Racial Traits ~ Sea Snake	CATEGORY:Internal	ABILITY:Special Ability|AUTOMATIC|Poison
Racial Traits ~ Shackled Sorcerers	CATEGORY:Internal
Racial Traits ~ Smugglers	CATEGORY:Internal
Racial Traits ~ Soucouyant	CATEGORY:Internal	ABILITY:Special Ability|AUTOMATIC|Immunity to Fire|Immunity to Charm|Immunity to Disease|Immunity to Fear|Immunity to Sleep|Grab
