SOURCELONG:Pathfinder Adventure Path #137	SOURCESHORT:AP137	SOURCEWEB:http://paizo.com	SOURCEDATE:2010-01

STARTPACK:Inkariax (Kyton Demagogue) Default	TYPE:Default Monster.Outsider	VISIBLE:QUALIFY	EQUIPBUY:0	PREMULT:1,[PRERACE:1,Inkariax (Kyton Demagogue)],[!PRERACE:1,%]
ALIGN:LE
RACE:Inkariax (Kyton Demagogue)	!PRERACE:1,%
NAME:Inkariax (Kyton Demagogue)
STAT:STR=10|DEX=10|CON=10|INT=10|WIS=10|CHA=10
SKILL:Bluff	RANK:33
SKILL:Diplomacy	RANK:30
SKILL:Fly	RANK:33
SKILL:Heal	RANK:33
SKILL:Intimidate	RANK:33
SKILL:Knowledge (Arcana)	RANK:30
SKILL:Knowledge (Planes)	RANK:33
SKILL:Knowledge (Religion)	RANK:30
SKILL:Perception	RANK:33
SKILL:Sense Motive	RANK:33
SKILL:Spellcraft	RANK:33
SKILL:Stealth	RANK:25
ABILITY:CATEGORY=FEAT|Combat Expertise
ABILITY:CATEGORY=FEAT|Combat Reflexes
ABILITY:CATEGORY=FEAT|Critical Focus
ABILITY:CATEGORY=FEAT|Dodge
ABILITY:CATEGORY=FEAT|Greater Vital Strike
ABILITY:CATEGORY=FEAT|Improved Critical (rapier)
ABILITY:CATEGORY=FEAT|Improved Initiative
ABILITY:CATEGORY=FEAT|Improved Vital Strike
ABILITY:CATEGORY=FEAT|Iron Will
ABILITY:CATEGORY=FEAT|Lightning Reflexes
ABILITY:CATEGORY=FEAT|Mobility
ABILITY:CATEGORY=FEAT|Power Attack
ABILITY:CATEGORY=FEAT|Spring Attack
ABILITY:CATEGORY=FEAT|Staggering Critical
ABILITY:CATEGORY=FEAT|Vital Strike
ABILITY:CATEGORY=FEAT|Weapon Focus (rapier)
ABILITY:CATEGORY=FEAT|Whirlwind Attack

STARTPACK:Libitinarii Default	TYPE:Default Monster.Outsider	VISIBLE:QUALIFY	EQUIPBUY:0	PREMULT:1,[PRERACE:1,Libitinarii],[!PRERACE:1,%]
ALIGN:LE
RACE:Libitinarii	!PRERACE:1,%
NAME:Libitinarii
STAT:STR=10|DEX=10|CON=10|INT=10|WIS=10|CHA=10
SKILL:Intimidate	RANK:16
SKILL:Knowledge (Local)	RANK:16
SKILL:Knowledge (Planes)	RANK:16
SKILL:Knowledge (Religion)	RANK:16
SKILL:Perception	RANK:16
SKILL:Sense Motive	RANK:16
SKILL:Stealth	RANK:16
SKILL:Survival	RANK:16
ABILITY:CATEGORY=FEAT|Alertness
ABILITY:CATEGORY=FEAT|Combat Reflexes
ABILITY:CATEGORY=FEAT|Deadly Aim
ABILITY:CATEGORY=FEAT|Improved Critical (icicles)
ABILITY:CATEGORY=FEAT|Improved Initiative
ABILITY:CATEGORY=FEAT|Iron Will
ABILITY:CATEGORY=FEAT|Point-Blank Shot
ABILITY:CATEGORY=FEAT|Precise Shot

