

###Block: Monster Racial Traits (auto-generated)

Racial Traits ~ Addath	CATEGORY:Internal	ABILITY:Special Ability|AUTOMATIC|Grab|Poison|Can't Be Tripped
Racial Traits ~ Adult Gray Dragon	CATEGORY:Internal	ABILITY:Special Ability|AUTOMATIC|Immunity to Paralysis|Immunity to Sleep
Racial Traits ~ Albino Cave Spider	CATEGORY:Internal	ABILITY:Special Ability|AUTOMATIC|Poison
Racial Traits ~ Algant	CATEGORY:Internal	ABILITY:Special Ability|AUTOMATIC|Grab|Can't Be Tripped
Racial Traits ~ Algidarch	CATEGORY:Internal	ABILITY:Special Ability|AUTOMATIC|Immunity to Cold
Racial Traits ~ Amalgamation	CATEGORY:Internal
Racial Traits ~ Amber Skeleton	CATEGORY:Internal
Racial Traits ~ Ancient Gray Dragon	CATEGORY:Internal	ABILITY:Special Ability|AUTOMATIC|Immunity to Paralysis|Immunity to Sleep
Racial Traits ~ Argos	CATEGORY:Internal
Racial Traits ~ Asp Mummy	CATEGORY:Internal	ABILITY:Special Ability|AUTOMATIC|Poison
Racial Traits ~ Astral Spider	CATEGORY:Internal	ABILITY:Special Ability|AUTOMATIC|Poison
Racial Traits ~ Aswang	CATEGORY:Internal	ABILITY:Special Ability|AUTOMATIC|Scent|Grab
Racial Traits ~ Baba Yaga	CATEGORY:Internal	ABILITY:Special Ability|AUTOMATIC|Immunity to Charm|Immunity to Fear|Immunity to Sleep|Grab
Racial Traits ~ Baboonwere	CATEGORY:Internal	ABILITY:Special Ability|AUTOMATIC|Scent
Racial Traits ~ Banyant	CATEGORY:Internal	ABILITY:Special Ability|AUTOMATIC|Can't Be Tripped
Racial Traits ~ Battlehulk	CATEGORY:Internal	ABILITY:Special Ability|AUTOMATIC|Immunity to Acid|Immunity to Cold|Immunity to Electricity|Immunity to Fire
Racial Traits ~ Black Rot	CATEGORY:Internal	ABILITY:Special Ability|AUTOMATIC|Immunity to Mind-Affecting Effects
Racial Traits ~ Black Troll	CATEGORY:Internal	ABILITY:Special Ability|AUTOMATIC|Scent
Racial Traits ~ Bladecoin Swarm	CATEGORY:Internal
Racial Traits ~ Blaze Boa	CATEGORY:Internal	ABILITY:Special Ability|AUTOMATIC|Scent|Grab
Racial Traits ~ Blood Orchid	CATEGORY:Internal	ABILITY:Special Ability|AUTOMATIC|Immunity to Sonic|All-Around Vision|Grab|Can't Be Tripped
Racial Traits ~ Bloodsoaker Vine	CATEGORY:Internal	ABILITY:Special Ability|AUTOMATIC|Can't Be Tripped
Racial Traits ~ Bloodworm	CATEGORY:Internal	ABILITY:Special Ability|AUTOMATIC|Immunity to Mind-Affecting Effects
Racial Traits ~ Boarfolk	CATEGORY:Internal	ABILITY:Special Ability|AUTOMATIC|Scent
Racial Traits ~ Bone Crawler	CATEGORY:Internal	ABILITY:Special Ability|AUTOMATIC|Can't Be Tripped
Racial Traits ~ Bone Delver	CATEGORY:Internal
Racial Traits ~ Bone Swarm	CATEGORY:Internal	ABILITY:Special Ability|AUTOMATIC|Immunity to Cold
Racial Traits ~ Boobrie	CATEGORY:Internal	ABILITY:Special Ability|AUTOMATIC|Immunity to Poison
Racial Traits ~ Borsin	CATEGORY:Internal
Racial Traits ~ Brine Drake	CATEGORY:Internal	ABILITY:Special Ability|AUTOMATIC|Immunity to Paralysis|Immunity to Sleep|Scent|Grab
Racial Traits ~ Bronze Minotaur	CATEGORY:Internal
Racial Traits ~ Bucentaur	CATEGORY:Internal
Racial Traits ~ Burning Ghat	CATEGORY:Internal	ABILITY:Special Ability|AUTOMATIC|Immunity to Fire
Racial Traits ~ Burrowing Lamprey	CATEGORY:Internal
Racial Traits ~ Cactant	CATEGORY:Internal	ABILITY:Special Ability|AUTOMATIC|Can't Be Tripped
Racial Traits ~ Carrion Claw	CATEGORY:Internal	ABILITY:Special Ability|AUTOMATIC|Grab
Racial Traits ~ Cavern Crawler	CATEGORY:Internal
Racial Traits ~ Char Shambler	CATEGORY:Internal	ABILITY:Special Ability|AUTOMATIC|Immunity to Fire
Racial Traits ~ Chike	CATEGORY:Internal
Racial Traits ~ Chuul-Ttaen	CATEGORY:Internal	ABILITY:Special Ability|AUTOMATIC|Immunity to Poison|Grab|Can't Be Tripped
Racial Traits ~ Cimota	CATEGORY:Internal	ABILITY:Special Ability|AUTOMATIC|Immunity to Cold|Immunity to Electricity
Racial Traits ~ Cinder Knight	CATEGORY:Internal	ABILITY:Special Ability|AUTOMATIC|Immunity to Fire
Racial Traits ~ Ciratto	CATEGORY:Internal	ABILITY:Special Ability|AUTOMATIC|Immunity to Electricity|Immunity to Poison|Poison
Racial Traits ~ Cobalt Viper	CATEGORY:Internal	ABILITY:Special Ability|AUTOMATIC|Scent|Poison
Racial Traits ~ Conshee	CATEGORY:Internal
Racial Traits ~ Coral Giant	CATEGORY:Internal
Racial Traits ~ Crag Giant	CATEGORY:Internal
Racial Traits ~ Crawling Offspring	CATEGORY:Internal	ABILITY:Special Ability|AUTOMATIC|Can't Be Tripped
Racial Traits ~ Crimson Death	CATEGORY:Internal	ABILITY:Special Ability|AUTOMATIC|Can't Be Tripped
Racial Traits ~ Crysolax	CATEGORY:Internal	ABILITY:Special Ability|AUTOMATIC|Grab
Racial Traits ~ Crystalline Golem	CATEGORY:Internal	ABILITY:Special Ability|AUTOMATIC|Immunity to Electricity|Immunity to Fire
Racial Traits ~ Dantalion	CATEGORY:Internal	ABILITY:Special Ability|AUTOMATIC|Immunity to Fire|Immunity to Poison|See in Darkness
Racial Traits ~ Daochyn	CATEGORY:Internal	ABILITY:Special Ability|AUTOMATIC|Immunity to Cold
Racial Traits ~ Dark Custodian	CATEGORY:Internal	ABILITY:Special Ability|AUTOMATIC|Incorporeal
Racial Traits ~ Deadly Mandrake	CATEGORY:Internal	ABILITY:Special Ability|AUTOMATIC|Can't Be Tripped
Racial Traits ~ Death Naga	CATEGORY:Internal	ABILITY:Special Ability|AUTOMATIC|Poison
Racial Traits ~ Death's Head Inphidian	CATEGORY:Internal	ABILITY:Special Ability|AUTOMATIC|Scent|Poison
Racial Traits ~ Deathstroke Serpent	CATEGORY:Internal	ABILITY:Special Ability|AUTOMATIC|Scent|Grab
Racial Traits ~ Defender Globe	CATEGORY:Internal	ABILITY:Special Ability|AUTOMATIC|Immunity to Electricity
Racial Traits ~ Demonic Mist	CATEGORY:Internal	ABILITY:Special Ability|AUTOMATIC|Immunity to Acid|Immunity to Cold
Racial Traits ~ Devouring Mist	CATEGORY:Internal
Racial Traits ~ Dimensional Slug	CATEGORY:Internal	ABILITY:Special Ability|AUTOMATIC|Immunity to Acid
Racial Traits ~ Dire Fox	CATEGORY:Internal	ABILITY:Special Ability|AUTOMATIC|Scent
Racial Traits ~ Dire Mastiff	CATEGORY:Internal	ABILITY:Special Ability|AUTOMATIC|Scent|Trip
Racial Traits ~ Dire Rat Megaswarm	CATEGORY:Internal	ABILITY:Special Ability|AUTOMATIC|Scent
Racial Traits ~ Dire Stag	CATEGORY:Internal	ABILITY:Special Ability|AUTOMATIC|Scent
Racial Traits ~ Dire Worg	CATEGORY:Internal	ABILITY:Special Ability|AUTOMATIC|Scent|Trip
Racial Traits ~ Dobie	CATEGORY:Internal
Racial Traits ~ Dracohydra	CATEGORY:Internal	ABILITY:Special Ability|AUTOMATIC|Scent
Racial Traits ~ Dreadweed	CATEGORY:Internal	ABILITY:Special Ability|AUTOMATIC|Poison|Can't Be Tripped
Racial Traits ~ Dretch Megaswarm	CATEGORY:Internal	ABILITY:Special Ability|AUTOMATIC|Immunity to Electricity|Immunity to Poison
Racial Traits ~ Dromosphinx	CATEGORY:Internal
Racial Traits ~ Dune Horror	CATEGORY:Internal	ABILITY:Special Ability|AUTOMATIC|Immunity to Mind-Affecting Effects|Grab|Poison
Racial Traits ~ Ebon Ooze	CATEGORY:Internal	ABILITY:Special Ability|AUTOMATIC|Immunity to Acid|Immunity to Disease|Immunity to Sonic|Can't Be Tripped
Racial Traits ~ Ebony Horse	CATEGORY:Internal
Racial Traits ~ Edon	CATEGORY:Internal	ABILITY:Special Ability|AUTOMATIC|Immunity to Sonic
Racial Traits ~ Ekimmu	CATEGORY:Internal	ABILITY:Special Ability|AUTOMATIC|Incorporeal
Racial Traits ~ Elder Salt Elemental	CATEGORY:Internal
Racial Traits ~ Elder Smoke Elemental	CATEGORY:Internal	ABILITY:Special Ability|AUTOMATIC|Immunity to Fire
Racial Traits ~ Elder Witchlights	CATEGORY:Internal
Racial Traits ~ Elven Wasp	CATEGORY:Internal	ABILITY:Special Ability|AUTOMATIC|Immunity to Mind-Affecting Effects|Poison
Racial Traits ~ Emberleaf	CATEGORY:Internal	ABILITY:Special Ability|AUTOMATIC|Immunity to Fire|Scent|Can't Be Tripped
Racial Traits ~ Euparkeria	CATEGORY:Internal	ABILITY:Special Ability|AUTOMATIC|Scent
Racial Traits ~ Fachan	CATEGORY:Internal
Racial Traits ~ Feral Vampire Spawn	CATEGORY:Internal	ABILITY:Special Ability|AUTOMATIC|Scent
Racial Traits ~ Festering Lung	CATEGORY:Internal	ABILITY:Special Ability|AUTOMATIC|Immunity to Mind-Affecting Effects
Racial Traits ~ Fire Crab, Medium	CATEGORY:Internal	ABILITY:Special Ability|AUTOMATIC|Immunity to Fire|Grab
Racial Traits ~ Fire Crab, Small	CATEGORY:Internal	ABILITY:Special Ability|AUTOMATIC|Immunity to Fire|Grab
Racial Traits ~ Fire Eel	CATEGORY:Internal	ABILITY:Special Ability|AUTOMATIC|Grab
Racial Traits ~ Fire Fish	CATEGORY:Internal	ABILITY:Special Ability|AUTOMATIC|Immunity to Fire
Racial Traits ~ Firebird	CATEGORY:Internal
Racial Traits ~ Fisherman	CATEGORY:Internal	ABILITY:Special Ability|AUTOMATIC|Immunity to Cold
Racial Traits ~ Flame Drakeling	CATEGORY:Internal	ABILITY:Special Ability|AUTOMATIC|Immunity to Fire|Immunity to Paralysis|Immunity to Sleep|Scent
Racial Traits ~ Flayed Angel	CATEGORY:Internal	ABILITY:Special Ability|AUTOMATIC|Immunity to Acid
Racial Traits ~ Fountain Fungus	CATEGORY:Internal	ABILITY:Special Ability|AUTOMATIC|Grab|Can't Be Tripped
Racial Traits ~ Frog Stone Idol	CATEGORY:Internal
Racial Traits ~ Frost Drakeling	CATEGORY:Internal	ABILITY:Special Ability|AUTOMATIC|Immunity to Cold|Immunity to Paralysis|Immunity to Sleep|Scent
Racial Traits ~ Frost Dwarf	CATEGORY:Internal	ABILITY:Special Ability|AUTOMATIC|Immunity to Cold
Racial Traits ~ Fungus Man	CATEGORY:Internal	ABILITY:Special Ability|AUTOMATIC|Immunity to Poison|Can't Be Tripped
Racial Traits ~ Fungus Man King	CATEGORY:Internal	ABILITY:Special Ability|AUTOMATIC|Immunity to Poison|Can't Be Tripped
Racial Traits ~ Galley Beggar	CATEGORY:Internal	ABILITY:Special Ability|AUTOMATIC|Incorporeal
Racial Traits ~ Gargoyle Stone Idol	CATEGORY:Internal
Racial Traits ~ Gelatinous Emperor	CATEGORY:Internal	ABILITY:Special Ability|AUTOMATIC|Immunity to Acid|Immunity to Electricity|Can't Be Tripped
Racial Traits ~ Ghaggurath	CATEGORY:Internal	ABILITY:Special Ability|AUTOMATIC|Immunity to Charm|Immunity to Fear|Immunity to Paralysis|Immunity to Sleep|All-Around Vision|Grab|Can't Be Tripped
Racial Traits ~ Ghirru	CATEGORY:Internal	ABILITY:Special Ability|AUTOMATIC|Immunity to Fire|Grab
Racial Traits ~ Ghoul Monkey	CATEGORY:Internal
Racial Traits ~ Giant Cobalt Viper	CATEGORY:Internal	ABILITY:Special Ability|AUTOMATIC|Scent|Poison
Racial Traits ~ Giant Flying Piranha	CATEGORY:Internal	ABILITY:Special Ability|AUTOMATIC|Scent
Racial Traits ~ Giant Forest Lizard	CATEGORY:Internal	ABILITY:Special Ability|AUTOMATIC|Scent|Poison
Racial Traits ~ Giant Funnel-Web Spider	CATEGORY:Internal	ABILITY:Special Ability|AUTOMATIC|Immunity to Mind-Affecting Effects|Grab|Poison
Racial Traits ~ Giant Proto-Creature	CATEGORY:Internal	ABILITY:Special Ability|AUTOMATIC|Immunity to Acid|Immunity to Electricity|Grab
Racial Traits ~ Giant Silverfish	CATEGORY:Internal	ABILITY:Special Ability|AUTOMATIC|Immunity to Mind-Affecting Effects|Scent
Racial Traits ~ Gibbering Abomination	CATEGORY:Internal	ABILITY:Special Ability|AUTOMATIC|All-Around Vision|Grab|Can't Be Tripped
Racial Traits ~ Gibbering Orb	CATEGORY:Internal	ABILITY:Special Ability|AUTOMATIC|Grab|Can't Be Tripped
Racial Traits ~ Glacial Haunt	CATEGORY:Internal	ABILITY:Special Ability|AUTOMATIC|Immunity to Cold
Racial Traits ~ Gloom Haunt	CATEGORY:Internal	ABILITY:Special Ability|AUTOMATIC|See in Darkness|Incorporeal
Racial Traits ~ Gorgosaurus	CATEGORY:Internal	ABILITY:Special Ability|AUTOMATIC|Scent|Grab
Racial Traits ~ Grave Mount	CATEGORY:Internal	ABILITY:Special Ability|AUTOMATIC|Scent
Racial Traits ~ Gray-Scale Inphidian	CATEGORY:Internal	ABILITY:Special Ability|AUTOMATIC|Poison|Grab
Racial Traits ~ Great Wyrm Gray Dragon	CATEGORY:Internal	ABILITY:Special Ability|AUTOMATIC|Immunity to Paralysis|Immunity to Sleep
Racial Traits ~ Greater Salt Elemental	CATEGORY:Internal
Racial Traits ~ Greater Smoke Elemental	CATEGORY:Internal	ABILITY:Special Ability|AUTOMATIC|Immunity to Fire
Racial Traits ~ Grey Spirit	CATEGORY:Internal	ABILITY:Special Ability|AUTOMATIC|Incorporeal
Racial Traits ~ Gribbon	CATEGORY:Internal
Racial Traits ~ Grimlock	CATEGORY:Internal	ABILITY:Special Ability|AUTOMATIC|Scent
Racial Traits ~ Grimshrike	CATEGORY:Internal
Racial Traits ~ Guardian Cimota	CATEGORY:Internal	ABILITY:Special Ability|AUTOMATIC|Immunity to Cold|Immunity to Electricity
Racial Traits ~ Ha-Naga	CATEGORY:Internal	ABILITY:Special Ability|AUTOMATIC|Immunity to Charm|Immunity to Sleep|Poison|Grab|Can't Be Tripped
Racial Traits ~ Hag Nymph	CATEGORY:Internal
Racial Traits ~ Hanu-Naga	CATEGORY:Internal	ABILITY:Special Ability|AUTOMATIC|Poison|Can't Be Tripped
Racial Traits ~ Hedon	CATEGORY:Internal	ABILITY:Special Ability|AUTOMATIC|Grab
Racial Traits ~ Hellwidow	CATEGORY:Internal	ABILITY:Special Ability|AUTOMATIC|Immunity to Fire|Poison
Racial Traits ~ High Cimota	CATEGORY:Internal	ABILITY:Special Ability|AUTOMATIC|Immunity to Cold|Immunity to Electricity
Racial Traits ~ Hooded Horror	CATEGORY:Internal
Racial Traits ~ Horse, Rhianna	CATEGORY:Internal	ABILITY:Special Ability|AUTOMATIC|Scent
Racial Traits ~ Huge Salt Elemental	CATEGORY:Internal
Racial Traits ~ Huge Smoke Elemental	CATEGORY:Internal	ABILITY:Special Ability|AUTOMATIC|Immunity to Fire
Racial Traits ~ Ice Salamander	CATEGORY:Internal	ABILITY:Special Ability|AUTOMATIC|Immunity to Cold
Racial Traits ~ Impaled Spirit	CATEGORY:Internal	ABILITY:Special Ability|AUTOMATIC|Incorporeal
Racial Traits ~ Inder	CATEGORY:Internal	ABILITY:Special Ability|AUTOMATIC|Immunity to Fire
Racial Traits ~ Jolly Jelly	CATEGORY:Internal	ABILITY:Special Ability|AUTOMATIC|Immunity to Fire|Can't Be Tripped
Racial Traits ~ Jotun	CATEGORY:Internal	ABILITY:Special Ability|AUTOMATIC|Immunity to Cold
Racial Traits ~ Juvenile Gray Dragon	CATEGORY:Internal	ABILITY:Special Ability|AUTOMATIC|Immunity to Paralysis|Immunity to Sleep
Racial Traits ~ Jynx	CATEGORY:Internal	ABILITY:Special Ability|AUTOMATIC|Immunity to Electricity
Racial Traits ~ Kamarupa	CATEGORY:Internal	ABILITY:Special Ability|AUTOMATIC|Incorporeal
Racial Traits ~ Knight Gaunt	CATEGORY:Internal
Racial Traits ~ Korog	CATEGORY:Internal
Racial Traits ~ Kulgreer	CATEGORY:Internal	ABILITY:Special Ability|AUTOMATIC|Can't Be Tripped
Racial Traits ~ Kytha	CATEGORY:Internal	ABILITY:Special Ability|AUTOMATIC|Immunity to Electricity|Immunity to Poison|Poison
Racial Traits ~ Lamprey Swarm	CATEGORY:Internal
Racial Traits ~ Large Salt Elemental	CATEGORY:Internal
Racial Traits ~ Large Smoke Elemental	CATEGORY:Internal	ABILITY:Special Ability|AUTOMATIC|Immunity to Fire
Racial Traits ~ Lava Lizard	CATEGORY:Internal	ABILITY:Special Ability|AUTOMATIC|Immunity to Fire|Scent
Racial Traits ~ Leonine	CATEGORY:Internal	ABILITY:Special Ability|AUTOMATIC|Scent
Racial Traits ~ Lesser Banshee	CATEGORY:Internal	ABILITY:Special Ability|AUTOMATIC|Incorporeal
Racial Traits ~ Lesser Gibbering Orb	CATEGORY:Internal	ABILITY:Special Ability|AUTOMATIC|Grab|Can't Be Tripped
Racial Traits ~ Leviathan	CATEGORY:Internal	ABILITY:Special Ability|AUTOMATIC|Immunity to Cold|Immunity to Electricity
Racial Traits ~ Lightning Bladder	CATEGORY:Internal	ABILITY:Special Ability|AUTOMATIC|Immunity to Cold|Immunity to Electricity|Immunity to Fire|Can't Be Tripped
Racial Traits ~ Lightning Lamprey	CATEGORY:Internal	ABILITY:Special Ability|AUTOMATIC|Immunity to Mind-Affecting Effects
Racial Traits ~ Living Monolith	CATEGORY:Internal	ABILITY:Special Ability|AUTOMATIC|Immunity to Acid|Immunity to Electricity|Grab|Can't Be Tripped
Racial Traits ~ Lupin	CATEGORY:Internal	ABILITY:Special Ability|AUTOMATIC|Scent
Racial Traits ~ Lurker Wraith	CATEGORY:Internal	ABILITY:Special Ability|AUTOMATIC|Grab
Racial Traits ~ Lypso	CATEGORY:Internal
Racial Traits ~ Malkeen	CATEGORY:Internal	ABILITY:Special Ability|AUTOMATIC|Immunity to Mind-Affecting Effects
Racial Traits ~ Mature Gray Dragon	CATEGORY:Internal	ABILITY:Special Ability|AUTOMATIC|Immunity to Paralysis|Immunity to Sleep
Racial Traits ~ Medium Salt Elemental	CATEGORY:Internal
Racial Traits ~ Medium Smoke Elemental	CATEGORY:Internal	ABILITY:Special Ability|AUTOMATIC|Immunity to Fire
Racial Traits ~ Mordnaissant	CATEGORY:Internal
Racial Traits ~ Necro-Phantom	CATEGORY:Internal
Racial Traits ~ Necromantic Golem	CATEGORY:Internal
Racial Traits ~ Neomimic	CATEGORY:Internal	ABILITY:Special Ability|AUTOMATIC|Immunity to Acid|Can't Be Tripped
Racial Traits ~ Niserie	CATEGORY:Internal
Racial Traits ~ Nithu	CATEGORY:Internal	ABILITY:Special Ability|AUTOMATIC|Grab|Can't Be Tripped
Racial Traits ~ Noble Steed	CATEGORY:Internal
Racial Traits ~ Northlands Aurochs	CATEGORY:Internal	ABILITY:Special Ability|AUTOMATIC|Scent
Racial Traits ~ Nothosaurus	CATEGORY:Internal	ABILITY:Special Ability|AUTOMATIC|Scent|Grab
Racial Traits ~ Old Gray Dragon	CATEGORY:Internal	ABILITY:Special Ability|AUTOMATIC|Immunity to Paralysis|Immunity to Sleep
Racial Traits ~ Ommoth	CATEGORY:Internal	ABILITY:Special Ability|AUTOMATIC|Grab|Poison
Racial Traits ~ Onyst	CATEGORY:Internal
Racial Traits ~ Oozeanderthal	CATEGORY:Internal	ABILITY:Special Ability|AUTOMATIC|Immunity to Electricity
Racial Traits ~ Ossuary Golem	CATEGORY:Internal
Racial Traits ~ Peg Powler	CATEGORY:Internal	ABILITY:Special Ability|AUTOMATIC|Immunity to Charm|Immunity to Sleep|Grab
Racial Traits ~ Pestilential Cadaver	CATEGORY:Internal
Racial Traits ~ Petrified Horror	CATEGORY:Internal
Racial Traits ~ Philosopher Golem	CATEGORY:Internal
Racial Traits ~ Plantoid	CATEGORY:Internal	ABILITY:Special Ability|AUTOMATIC|Grab|Can't Be Tripped
Racial Traits ~ Plantoid Servitor	CATEGORY:Internal	ABILITY:Special Ability|AUTOMATIC|Grab|Can't Be Tripped
Racial Traits ~ Podokesaurus	CATEGORY:Internal	ABILITY:Special Ability|AUTOMATIC|Scent
Racial Traits ~ Proto-Creature	CATEGORY:Internal	ABILITY:Special Ability|AUTOMATIC|Immunity to Acid|Immunity to Electricity|Grab
Racial Traits ~ Pyre Zombie	CATEGORY:Internal	ABILITY:Special Ability|AUTOMATIC|Immunity to Fire
Racial Traits ~ Rakewood	CATEGORY:Internal	ABILITY:Special Ability|AUTOMATIC|Grab|Can't Be Tripped
Racial Traits ~ Rat-Ghouls	CATEGORY:Internal	ABILITY:Special Ability|AUTOMATIC|Scent
Racial Traits ~ Ravager Beetle	CATEGORY:Internal	ABILITY:Special Ability|AUTOMATIC|Immunity to Mind-Affecting Effects|Poison|Grab
Racial Traits ~ Ravager Spawn	CATEGORY:Internal	ABILITY:Special Ability|AUTOMATIC|Immunity to Energy Drain|Scent
Racial Traits ~ Razor Treant	CATEGORY:Internal	ABILITY:Special Ability|AUTOMATIC|Can't Be Tripped
Racial Traits ~ River Troll	CATEGORY:Internal	ABILITY:Special Ability|AUTOMATIC|Scent
Racial Traits ~ Sciurian	CATEGORY:Internal
Racial Traits ~ Scorpionfolk	CATEGORY:Internal	ABILITY:Special Ability|AUTOMATIC|Poison
Racial Traits ~ Screamer	CATEGORY:Internal	ABILITY:Special Ability|AUTOMATIC|Incorporeal
Racial Traits ~ Seraph Genie	CATEGORY:Internal	ABILITY:Special Ability|AUTOMATIC|Immunity to Fire
Racial Traits ~ Serpent Creeper	CATEGORY:Internal	ABILITY:Special Ability|AUTOMATIC|Grab|Can't Be Tripped
Racial Traits ~ Sewer Sludge	CATEGORY:Internal	ABILITY:Special Ability|AUTOMATIC|Immunity to Cold|Immunity to Electricity|Grab|Can't Be Tripped
Racial Traits ~ Shadow Dire Bear	CATEGORY:Internal	ABILITY:Special Ability|AUTOMATIC|Incorporeal
Racial Traits ~ Shadow Hunter	CATEGORY:Internal	ABILITY:Special Ability|AUTOMATIC|Scent|Poison
Racial Traits ~ Shadow Hunter Hatchling	CATEGORY:Internal	ABILITY:Special Ability|AUTOMATIC|Scent|Poison
Racial Traits ~ Shadow Wing	CATEGORY:Internal	ABILITY:Special Ability|AUTOMATIC|Poison
Racial Traits ~ Shard Spider	CATEGORY:Internal	ABILITY:Special Ability|AUTOMATIC|Poison|Grab
Racial Traits ~ Shedu Stone Idol	CATEGORY:Internal
Racial Traits ~ Silverfish Swarm	CATEGORY:Internal	ABILITY:Special Ability|AUTOMATIC|Immunity to Mind-Affecting Effects|Scent
Racial Traits ~ Sirine Flower	CATEGORY:Internal	ABILITY:Special Ability|AUTOMATIC|Grab|Can't Be Tripped
Racial Traits ~ Skiff Golem	CATEGORY:Internal
Racial Traits ~ Skin Feaster	CATEGORY:Internal
Racial Traits ~ Skull Child	CATEGORY:Internal
Racial Traits ~ Slitherrat	CATEGORY:Internal	ABILITY:Special Ability|AUTOMATIC|Scent
Racial Traits ~ Small Salt Elemental	CATEGORY:Internal
Racial Traits ~ Small Smoke Elemental	CATEGORY:Internal	ABILITY:Special Ability|AUTOMATIC|Immunity to Fire
Racial Traits ~ Sojourner Of The Sea	CATEGORY:Internal
Racial Traits ~ Soul Knight	CATEGORY:Internal
Racial Traits ~ Sparksting Swarm	CATEGORY:Internal	ABILITY:Special Ability|AUTOMATIC|Immunity to Electricity
Racial Traits ~ Spawn Of Juiblex	CATEGORY:Internal	ABILITY:Special Ability|AUTOMATIC|Immunity to Acid|Can't Be Tripped
Racial Traits ~ Sphinx Stone Idol	CATEGORY:Internal
Racial Traits ~ Spider Lich	CATEGORY:Internal	ABILITY:Special Ability|AUTOMATIC|Immunity to Cold|Immunity to Electricity|Poison
Racial Traits ~ Spire Monkey	CATEGORY:Internal
Racial Traits ~ Spitting Gargoyle	CATEGORY:Internal
Racial Traits ~ Stench Beetle	CATEGORY:Internal	ABILITY:Special Ability|AUTOMATIC|Immunity to Mind-Affecting Effects
Racial Traits ~ Stirge Swarm	CATEGORY:Internal
Racial Traits ~ Stone Treant	CATEGORY:Internal
Racial Traits ~ Storm Drake	CATEGORY:Internal	ABILITY:Special Ability|AUTOMATIC|Immunity to Paralysis|Immunity to Sleep|Scent
Racial Traits ~ Stygian Spawn	CATEGORY:Internal	ABILITY:Special Ability|AUTOMATIC|Grab
Racial Traits ~ Susir	CATEGORY:Internal
Racial Traits ~ Sword Spider	CATEGORY:Internal	ABILITY:Special Ability|AUTOMATIC|Poison
Racial Traits ~ Sword Wight	CATEGORY:Internal
Racial Traits ~ Swordtooth Shark	CATEGORY:Internal	ABILITY:Special Ability|AUTOMATIC|Scent
Racial Traits ~ Talorani	CATEGORY:Internal
Racial Traits ~ The Ravager	CATEGORY:Internal	ABILITY:Special Ability|AUTOMATIC|Immunity to Energy Drain|Scent
Racial Traits ~ Tombotu	CATEGORY:Internal	ABILITY:Special Ability|AUTOMATIC|Scent|Grab
Racial Traits ~ Uggoth	CATEGORY:Internal	ABILITY:Special Ability|AUTOMATIC|Grab|Can't Be Tripped
Racial Traits ~ Undead Fire Elemental	CATEGORY:Internal	ABILITY:Special Ability|AUTOMATIC|Immunity to Cold|Immunity to Fire
Racial Traits ~ Undead Mimic	CATEGORY:Internal	ABILITY:Special Ability|AUTOMATIC|Immunity to Acid
Racial Traits ~ Undead Troll	CATEGORY:Internal	ABILITY:Special Ability|AUTOMATIC|Scent
Racial Traits ~ Valeany	CATEGORY:Internal
Racial Traits ~ Very Old Gray Dragon	CATEGORY:Internal	ABILITY:Special Ability|AUTOMATIC|Immunity to Paralysis|Immunity to Sleep
Racial Traits ~ Very Young Gray Dragon	CATEGORY:Internal	ABILITY:Special Ability|AUTOMATIC|Immunity to Paralysis|Immunity to Sleep
Racial Traits ~ Vile Drake	CATEGORY:Internal	ABILITY:Special Ability|AUTOMATIC|Immunity to Paralysis|Immunity to Sleep|Scent
Racial Traits ~ Voltar	CATEGORY:Internal	ABILITY:Special Ability|AUTOMATIC|Immunity to Cold|Immunity to Electricity|Immunity to Poison
Racial Traits ~ War Flower	CATEGORY:Internal	ABILITY:Special Ability|AUTOMATIC|Can't Be Tripped
Racial Traits ~ Water Leaper	CATEGORY:Internal
Racial Traits ~ Werewolverine	CATEGORY:Internal	ABILITY:Special Ability|AUTOMATIC|Scent
Racial Traits ~ Wichtlein	CATEGORY:Internal
Racial Traits ~ Wood Elemental	CATEGORY:Internal
Racial Traits ~ Wyrm Gray Dragon	CATEGORY:Internal	ABILITY:Special Ability|AUTOMATIC|Immunity to Paralysis|Immunity to Sleep
Racial Traits ~ Wyrmling Gray Dragon	CATEGORY:Internal	ABILITY:Special Ability|AUTOMATIC|Immunity to Paralysis|Immunity to Sleep
Racial Traits ~ Xacon	CATEGORY:Internal	ABILITY:Special Ability|AUTOMATIC|Can't Be Tripped
Racial Traits ~ Xothotak	CATEGORY:Internal
Racial Traits ~ Yhakkor	CATEGORY:Internal	ABILITY:Special Ability|AUTOMATIC|Scent
Racial Traits ~ Young Adult Gray Dragon	CATEGORY:Internal	ABILITY:Special Ability|AUTOMATIC|Immunity to Paralysis|Immunity to Sleep
Racial Traits ~ Young Gray Dragon	CATEGORY:Internal	ABILITY:Special Ability|AUTOMATIC|Immunity to Paralysis|Immunity to Sleep
Racial Traits ~ Zombie Horde	CATEGORY:Internal
Racial Traits ~ Zombyre	CATEGORY:Internal	ABILITY:Special Ability|AUTOMATIC|Grab
