SOURCELONG:Pathfinder Adventure Path #57	SOURCESHORT:AP57	SOURCEWEB:http://paizo.com	SOURCEDATE:2010-01

STARTPACK:Angustiden Default	TYPE:Default Monster.Animal	VISIBLE:QUALIFY	EQUIPBUY:0	PREMULT:1,[PRERACE:1,Angustiden],[!PRERACE:1,%]
ALIGN:TN
RACE:Angustiden	!PRERACE:1,%
NAME:Angustiden
STAT:STR=10|DEX=10|CON=10|INT=10|WIS=10|CHA=10
SKILL:Perception	RANK:10
SKILL:Swim	RANK:5
ABILITY:CATEGORY=FEAT|Endurance
ABILITY:CATEGORY=FEAT|Great Fortitude
ABILITY:CATEGORY=FEAT|Improved Sunder
ABILITY:CATEGORY=FEAT|Lunge
ABILITY:CATEGORY=FEAT|Skill Focus (Perception)

STARTPACK:Bottled Armada Default	TYPE:Default Monster.Construct	VISIBLE:QUALIFY	EQUIPBUY:0	PREMULT:1,[PRERACE:1,Bottled Armada],[!PRERACE:1,%]
ALIGN:TN
RACE:Bottled Armada	!PRERACE:1,%
NAME:Bottled Armada
STAT:STR=10|DEX=10|INT=10|WIS=10|CHA=10
SKILL:Fly	RANK:8
SKILL:Perception	RANK:8
SKILL:Sense Motive	RANK:1
ABILITY:CATEGORY=FEAT|Alertness
ABILITY:CATEGORY=FEAT|Improved Initiative
ABILITY:CATEGORY=FEAT|Lightning Reflexes
ABILITY:CATEGORY=FEAT|Skill Focus (Perception)

STARTPACK:Hammerhead Shark Default	TYPE:Default Monster.Animal	VISIBLE:QUALIFY	EQUIPBUY:0	PREMULT:1,[PRERACE:1,Hammerhead Shark],[!PRERACE:1,%]
ALIGN:TN
RACE:Hammerhead Shark	!PRERACE:1,%
NAME:Hammerhead Shark
STAT:STR=10|DEX=10|CON=10|INT=10|WIS=10|CHA=10
SKILL:Perception	RANK:4
SKILL:Swim	RANK:4
ABILITY:CATEGORY=FEAT|Great Fortitude
ABILITY:CATEGORY=FEAT|Improved Initiative

STARTPACK:Helicoprion Default	TYPE:Default Monster.Animal	VISIBLE:QUALIFY	EQUIPBUY:0	PREMULT:1,[PRERACE:1,Helicoprion],[!PRERACE:1,%]
ALIGN:TN
RACE:Helicoprion	!PRERACE:1,%
NAME:Helicoprion
STAT:STR=10|DEX=10|CON=10|INT=10|WIS=10|CHA=10
SKILL:Perception	RANK:8
SKILL:Swim	RANK:5
ABILITY:CATEGORY=FEAT|Endurance
ABILITY:CATEGORY=FEAT|Great Fortitude
ABILITY:CATEGORY=FEAT|Improved Initiative
ABILITY:CATEGORY=FEAT|Lightning Reflexes

STARTPACK:Jigsaw Shark Default	TYPE:Default Monster.Animal	VISIBLE:QUALIFY	EQUIPBUY:0	PREMULT:1,[PRERACE:1,Jigsaw Shark],[!PRERACE:1,%]
ALIGN:TN
RACE:Jigsaw Shark	!PRERACE:1,%
NAME:Jigsaw Shark
STAT:STR=10|DEX=10|CON=10|INT=10|WIS=10|CHA=10
SKILL:Perception	RANK:2
SKILL:Swim	RANK:2
ABILITY:CATEGORY=FEAT|Improved Initiative

STARTPACK:Ship In A Bottle Default	TYPE:Default Monster.Construct	VISIBLE:QUALIFY	EQUIPBUY:0	PREMULT:1,[PRERACE:1,Ship In A Bottle],[!PRERACE:1,%]
ALIGN:TN
RACE:Ship In A Bottle	!PRERACE:1,%
NAME:Ship In A Bottle
STAT:STR=10|DEX=10|INT=10|WIS=10|CHA=10
SKILL:Fly	RANK:3
ABILITY:CATEGORY=FEAT|Flyby Attack
ABILITY:CATEGORY=FEAT|Improved Initiative

STARTPACK:Ship Sentinel Default	TYPE:Default Monster.Construct	VISIBLE:QUALIFY	EQUIPBUY:0	PREMULT:1,[PRERACE:1,Ship Sentinel],[!PRERACE:1,%]
ALIGN:TN
RACE:Ship Sentinel	!PRERACE:1,%
NAME:Ship Sentinel
STAT:STR=10|DEX=10|WIS=10|CHA=10
ABILITY:CATEGORY=FEAT|Improved Initiative

STARTPACK:Voidstick Zombie Default	TYPE:Default Monster.Undead	VISIBLE:QUALIFY	EQUIPBUY:0	PREMULT:1,[PRERACE:1,Voidstick Zombie],[!PRERACE:1,%]
ALIGN:CE
RACE:Voidstick Zombie	!PRERACE:1,%
NAME:Voidstick Zombie
STAT:STR=10|DEX=10|INT=10|WIS=10|CHA=10
SKILL:Climb	RANK:1
SKILL:Perception	RANK:9
SKILL:Stealth	RANK:8
ABILITY:CATEGORY=FEAT|Channel Smite
ABILITY:CATEGORY=FEAT|Great Fortitude
ABILITY:CATEGORY=FEAT|Improved Channel
ABILITY:CATEGORY=FEAT|Improved Initiative
ABILITY:CATEGORY=FEAT|Iron Will
ABILITY:CATEGORY=FEAT|Lightning Reflexes
ABILITY:CATEGORY=FEAT|Skill Focus (Stealth)
ABILITY:CATEGORY=FEAT|Toughness

