SOURCELONG:Pathfinder Adventure Path #30	SOURCESHORT:AP30	SOURCEWEB:http://paizo.com	SOURCEDATE:2010-01

STARTPACK:Advodaza Devil Default	TYPE:Default Monster.Outsider	VISIBLE:QUALIFY	EQUIPBUY:0	PREMULT:1,[PRERACE:1,Advodaza Devil],[!PRERACE:1,%]
ALIGN:LE
RACE:Advodaza Devil	!PRERACE:1,%
NAME:Advodaza Devil
STAT:STR=10|DEX=10|CON=10|INT=10|WIS=10|CHA=10
SKILL:Bluff	RANK:18
SKILL:Diplomacy	RANK:18
SKILL:Escape Artist	RANK:15
SKILL:Fly	RANK:14
SKILL:Intimidate	RANK:18
SKILL:Knowledge (Arcana)	RANK:18
SKILL:Knowledge (Planes)	RANK:18
SKILL:Knowledge (Religion)	RANK:18
SKILL:Perception	RANK:18
SKILL:Sense Motive	RANK:18
SKILL:Spellcraft	RANK:15
SKILL:Stealth	RANK:10
ABILITY:CATEGORY=FEAT|Awesome Blow
ABILITY:CATEGORY=FEAT|Flyby Attack
ABILITY:CATEGORY=FEAT|Greater Bull Rush
ABILITY:CATEGORY=FEAT|Hover
ABILITY:CATEGORY=FEAT|Improved Bull Rush
ABILITY:CATEGORY=FEAT|Improved Initiative
ABILITY:CATEGORY=FEAT|Multiattack
ABILITY:CATEGORY=FEAT|Power Attack
ABILITY:CATEGORY=FEAT|Toughness

STARTPACK:Behemoth, Ravener Default	TYPE:Default Monster.Magical Beast	VISIBLE:QUALIFY	EQUIPBUY:0	PREMULT:1,[PRERACE:1,Behemoth, Ravener],[!PRERACE:1,%]
ALIGN:TN
RACE:Behemoth, Ravener	!PRERACE:1,%
NAME:Behemoth, Ravener
STAT:STR=10|DEX=10|CON=10|INT=10|WIS=10|CHA=10
SKILL:Perception	RANK:12
SKILL:Survival	RANK:9
SKILL:Swim	RANK:9
ABILITY:CATEGORY=FEAT|Awesome Blow
ABILITY:CATEGORY=FEAT|Cleave
ABILITY:CATEGORY=FEAT|Great Cleave
ABILITY:CATEGORY=FEAT|Greater Bull Rush
ABILITY:CATEGORY=FEAT|Greater Overrun
ABILITY:CATEGORY=FEAT|Greater Sunder
ABILITY:CATEGORY=FEAT|Improved Bull Rush
ABILITY:CATEGORY=FEAT|Improved Overrun
ABILITY:CATEGORY=FEAT|Improved Sunder
ABILITY:CATEGORY=FEAT|Iron Will
ABILITY:CATEGORY=FEAT|Lunge
ABILITY:CATEGORY=FEAT|Power Attack
ABILITY:CATEGORY=FEAT|Snatch

STARTPACK:Ebon Acolytus Default	TYPE:Default Monster.Construct	VISIBLE:QUALIFY	EQUIPBUY:0	PREMULT:1,[PRERACE:1,Ebon Acolytus],[!PRERACE:1,%]
ALIGN:TN
RACE:Ebon Acolytus	!PRERACE:1,%
NAME:Ebon Acolytus
STAT:STR=10|DEX=10|CON=10|INT=10|WIS=10|CHA=10

STARTPACK:Ephialtes Kyton Default	TYPE:Default Monster.Outsider	VISIBLE:QUALIFY	EQUIPBUY:0	PREMULT:1,[PRERACE:1,Ephialtes Kyton],[!PRERACE:1,%]
ALIGN:LE
RACE:Ephialtes Kyton	!PRERACE:1,%
NAME:Ephialtes Kyton
STAT:STR=10|DEX=10|CON=10|INT=10|WIS=10|CHA=10
SKILL:Bluff	RANK:6
SKILL:Climb	RANK:4
SKILL:Escape Artist	RANK:8
SKILL:Intimidate	RANK:18
SKILL:Knowledge (Planes)	RANK:10
SKILL:Perception	RANK:18
SKILL:Sense Motive	RANK:14
SKILL:Stealth	RANK:10
SKILL:Survival	RANK:18
ABILITY:CATEGORY=FEAT|Alertness
ABILITY:CATEGORY=FEAT|Bleeding Critical
ABILITY:CATEGORY=FEAT|Combat Reflexes
ABILITY:CATEGORY=FEAT|Critical Focus
ABILITY:CATEGORY=FEAT|Improved Critical (chains)
ABILITY:CATEGORY=FEAT|Improved Initiative
ABILITY:CATEGORY=FEAT|Iron Will
ABILITY:CATEGORY=FEAT|Stand Still
ABILITY:CATEGORY=FEAT|Weapon Focus (chains)

STARTPACK:Hell Gigas Default	TYPE:Default Monster.Humanoid	VISIBLE:QUALIFY	EQUIPBUY:0	PREMULT:1,[PRERACE:1,Hell Gigas],[!PRERACE:1,%]
ALIGN:LE
RACE:Hell Gigas	!PRERACE:1,%
NAME:Hell Gigas
STAT:STR=10|DEX=10|CON=10|INT=10|WIS=10|CHA=10
SKILL:Climb	RANK:19
SKILL:Knowledge (Planes)	RANK:13
SKILL:Perception	RANK:19
SKILL:Sense Motive	RANK:1
SKILL:Stealth	RANK:1
SKILL:Survival	RANK:19
ABILITY:CATEGORY=FEAT|Alertness
ABILITY:CATEGORY=FEAT|Awesome Blow
ABILITY:CATEGORY=FEAT|Catch Off-Guard
ABILITY:CATEGORY=FEAT|Combat Reflexes
ABILITY:CATEGORY=FEAT|Improved Bull Rush
ABILITY:CATEGORY=FEAT|Improved Initiative
ABILITY:CATEGORY=FEAT|Improvised Weapon Mastery
ABILITY:CATEGORY=FEAT|Lightning Reflexes
ABILITY:CATEGORY=FEAT|Power Attack
ABILITY:CATEGORY=FEAT|Throw Anything

