SOURCELONG:Pathfinder Adventure Path #30	SOURCESHORT:AP30	SOURCEWEB:http://paizo.com	SOURCEDATE:2010-01

Advodaza Devil	KEY:Advodaza Devil	STARTFEATS:1	SIZE:H	MOVE:Walk,40,Fly,80	REACH:15	BONUS:STAT|STR|24	BONUS:STAT|DEX|15	BONUS:STAT|CON|20	BONUS:STAT|INT|13	BONUS:STAT|WIS|15	BONUS:STAT|CHA|14	BONUS:VAR|AC_Natural_Armor|20|TYPE=Base	BONUS:VAR|DarkvisionRange|60|TYPE=Base	BONUS:VAR|Maneuverability|3	ABILITY:Internal|AUTOMATIC|Racial Traits ~ Advodaza Devil	LEGS:2	HANDS:2	NATURALATTACKS:Bite,Weapon.Natural.Weapon Group Natural.Melee.Finesseable.Bludgeoning.Piercing.Slashing,*1,2d6|Claw,Weapon.Natural.Weapon Group Natural.Melee.Finesseable.Slashing,*2,1d8,SPROP=plus infernal wound|Hoof,Weapon.Natural.Weapon Group Natural.Melee.Finesseable.Bludgeoning,*2,1d8|Tail,Weapon.Natural.Weapon Group Natural.Melee.Finesseable.Bludgeoning,*1,2d6	SR:29	DR:10/good and silver	MONSTERCLASS:Outsider (Fort/Ref):18	RACETYPE:Outsider	RACESUBTYPE:Devil|Evil|Extraplanar|Lawful	TYPE:Outsider	CR:18	KIT:1|LE	AUTO:LANG|Abyssal|Aklo|Celestial|Common|Draconic|Infernal;  telepathy 100 ft.	FACT:BaseSize|H
Behemoth, Ravener	KEY:Behemoth, Ravener	STARTFEATS:1	SIZE:C	MOVE:Walk,30,Swim,30	REACH:20	BONUS:STAT|STR|32	BONUS:STAT|DEX|-4	BONUS:STAT|CON|16	BONUS:STAT|INT|-4	BONUS:STAT|WIS|4	BONUS:STAT|CHA|4	BONUS:VAR|AC_Natural_Armor|35|TYPE=Base	BONUS:VAR|DarkvisionRange|60|TYPE=Base	BONUS:VAR|HasLowlightVision|1|TYPE=Base	BONUS:VAR|BlindsenseRange|60|TYPE=Base	ABILITY:Internal|AUTOMATIC|Racial Traits ~ Behemoth, Ravener	LEGS:4	HANDS:0	NATURALATTACKS:Bite,Weapon.Natural.Weapon Group Natural.Melee.Finesseable.Bludgeoning.Piercing.Slashing,*1,4d6,SPROP=plus snatch|Gore,Weapon.Natural.Weapon Group Natural.Melee.Finesseable.Piercing,*1,4d6	SR:29	DR:15/adamantine	MONSTERCLASS:Magical Beast:25	RACETYPE:Magical Beast	TYPE:Magical Beast	CR:18	KIT:1|TN	FACT:BaseSize|C
Ebon Acolytus	KEY:Ebon Acolytus	STARTFEATS:1	SIZE:L	MOVE:Walk,30	REACH:10	BONUS:STAT|STR|12	BONUS:STAT|DEX|-2	BONUS:STAT|WIS|1	BONUS:STAT|CHA|-9	BONUS:VAR|AC_Natural_Armor|12|TYPE=Base	BONUS:VAR|DarkvisionRange|60|TYPE=Base	BONUS:VAR|HasLowlightVision|1|TYPE=Base	ABILITY:Internal|AUTOMATIC|Racial Traits ~ Ebon Acolytus	LEGS:2	HANDS:2	MONSTERCLASS:Construct:9	RACETYPE:Construct	TYPE:Construct	CR:7	KIT:1|TN	FACT:BaseSize|L
Ephialtes Kyton	KEY:Ephialtes Kyton	STARTFEATS:1	SIZE:H	MOVE:Walk,30	REACH:15	BONUS:STAT|STR|16	BONUS:STAT|DEX|4	BONUS:STAT|CON|16	BONUS:STAT|WIS|2	BONUS:STAT|CHA|6	BONUS:VAR|AC_Natural_Armor|20|TYPE=Base	BONUS:VAR|DarkvisionRange|60|TYPE=Base	ABILITY:Internal|AUTOMATIC|Racial Traits ~ Ephialtes Kyton	LEGS:2	HANDS:2	NATURALATTACKS:Bite,Weapon.Natural.Weapon Group Natural.Melee.Finesseable.Bludgeoning.Piercing.Slashing,*1,2d6|Claw,Weapon.Natural.Weapon Group Natural.Melee.Finesseable.Slashing,*2,1d8|Tail,Weapon.Natural.Weapon Group Natural.Melee.Finesseable.Bludgeoning,*1,1d8	SR:27	DR:10/silver or good Immune cold, fear, poiso	MONSTERCLASS:Outsider (Ref/Will):18	RACETYPE:Outsider	RACESUBTYPE:Evil|Extraplanar|Kyton|Lawful	TYPE:Outsider	CR:16	KIT:1|LE	AUTO:LANG|Infernal	FACT:BaseSize|H
Hell Gigas	KEY:Hell Gigas	STARTFEATS:1	SIZE:G	MOVE:Walk,60	REACH:20	BONUS:STAT|STR|27	BONUS:STAT|DEX|6	BONUS:STAT|CON|16	BONUS:STAT|INT|10	BONUS:STAT|WIS|12	BONUS:STAT|CHA|5	BONUS:VAR|AC_Natural_Armor|20|TYPE=Base	BONUS:VAR|DarkvisionRange|60|TYPE=Base	ABILITY:Internal|AUTOMATIC|Racial Traits ~ Hell Gigas	LEGS:2	HANDS:2	DR:10/chaotic	MONSTERCLASS:Humanoid:19	RACETYPE:Humanoid	RACESUBTYPE:Evil|Extraplanar|Giant|Lawful	TYPE:Humanoid	CR:15	KIT:1|LE	AUTO:LANG|Common|Giant|Infernal	FACT:BaseSize|G
