SOURCELONG:Pathfinder Adventure Path #79	SOURCESHORT:AP79	SOURCEWEB:http://paizo.com	SOURCEDATE:2010-01

STARTPACK:Ahkhat Default	TYPE:Default Monster.Outsider	VISIBLE:QUALIFY	EQUIPBUY:0	PREMULT:1,[PRERACE:1,Ahkhat],[!PRERACE:1,%]
ALIGN:TN
RACE:Ahkhat	!PRERACE:1,%
NAME:Ahkhat
STAT:STR=10|DEX=10|CON=10|INT=10|WIS=10|CHA=10
SKILL:Craft (carpentry)	RANK:4
SKILL:Craft (stonemasonry)	RANK:4
SKILL:Knowledge (Engineering)	RANK:4
SKILL:Perception	RANK:4
SKILL:Stealth	RANK:4
ABILITY:CATEGORY=FEAT|Improved Initiative
ABILITY:CATEGORY=FEAT|Throw Anything

STARTPACK:Ground Wasp Swarm Default	TYPE:Default Monster.Vermin	VISIBLE:QUALIFY	EQUIPBUY:0	PREMULT:1,[PRERACE:1,Ground Wasp Swarm],[!PRERACE:1,%]
ALIGN:TN
RACE:Ground Wasp Swarm	!PRERACE:1,%
NAME:Ground Wasp Swarm
STAT:STR=10|DEX=10|CON=10|WIS=10|CHA=10
SKILL:Fly	RANK:3
SKILL:Perception	RANK:3

STARTPACK:Guardian Scroll Default	TYPE:Default Monster.Construct	VISIBLE:QUALIFY	EQUIPBUY:0	PREMULT:1,[PRERACE:1,Guardian Scroll],[!PRERACE:1,%]
ALIGN:TN
RACE:Guardian Scroll	!PRERACE:1,%
NAME:Guardian Scroll
STAT:STR=10|DEX=10|INT=10|WIS=10|CHA=10
SKILL:Acrobatics	RANK:1
SKILL:Fly	RANK:5
ABILITY:CATEGORY=FEAT|Dodge
ABILITY:CATEGORY=FEAT|Flyby Attack
ABILITY:CATEGORY=FEAT|Lightning Reflexes

STARTPACK:Plague Locust Swarm Default	TYPE:Default Monster.Vermin	VISIBLE:QUALIFY	EQUIPBUY:0	PREMULT:1,[PRERACE:1,Plague Locust Swarm],[!PRERACE:1,%]
ALIGN:TN
RACE:Plague Locust Swarm	!PRERACE:1,%
NAME:Plague Locust Swarm
STAT:STR=10|DEX=10|CON=10|WIS=10|CHA=10
SKILL:Climb	RANK:12
SKILL:Fly	RANK:5

STARTPACK:Scarab Swarm Default	TYPE:Default Monster.Vermin	VISIBLE:QUALIFY	EQUIPBUY:0	PREMULT:1,[PRERACE:1,Scarab Swarm],[!PRERACE:1,%]
ALIGN:TN
RACE:Scarab Swarm	!PRERACE:1,%
NAME:Scarab Swarm
STAT:STR=10|DEX=10|CON=10|WIS=10|CHA=10
SKILL:Climb	RANK:4
SKILL:Fly	RANK:1
SKILL:Perception	RANK:1

STARTPACK:Shasalqu Default	TYPE:Default Monster.Magical Beast	VISIBLE:QUALIFY	EQUIPBUY:0	PREMULT:1,[PRERACE:1,Shasalqu],[!PRERACE:1,%]
ALIGN:TN
RACE:Shasalqu	!PRERACE:1,%
NAME:Shasalqu
STAT:STR=10|DEX=10|CON=10|INT=10|WIS=10|CHA=10
SKILL:Climb	RANK:1
SKILL:Perception	RANK:2
SKILL:Stealth	RANK:4
ABILITY:CATEGORY=FEAT|Improved Initiative
ABILITY:CATEGORY=FEAT|Step Up

STARTPACK:Sun Falcon Default	TYPE:Default Monster.Magical Beast	VISIBLE:QUALIFY	EQUIPBUY:0	PREMULT:1,[PRERACE:1,Sun Falcon],[!PRERACE:1,%]
ALIGN:LN
RACE:Sun Falcon	!PRERACE:1,%
NAME:Sun Falcon
STAT:STR=10|DEX=10|CON=10|INT=10|WIS=10|CHA=10
SKILL:Fly	RANK:6
SKILL:Perception	RANK:6
SKILL:Survival	RANK:1
ABILITY:CATEGORY=FEAT|Flyby Attack
ABILITY:CATEGORY=FEAT|Iron Will
ABILITY:CATEGORY=FEAT|Weapon Finesse

