SOURCELONG:Lands of the Linnorm Kings	SOURCESHORT:LotLK	SOURCEWEB:http://paizo.com/products/btpy8ode	SOURCEDATE:2011-11

Berserker Cannibal	KEY:Berserker Cannibal	STARTFEATS:1	SIZE:M	MOVE:Walk,30	REACH:5	BONUS:STAT|STR|8	BONUS:STAT|DEX|3	BONUS:STAT|CON|12	BONUS:STAT|WIS|2	BONUS:STAT|CHA|-2	BONUS:VAR|AC_Natural_Armor|2|TYPE=Base	ABILITY:Internal|AUTOMATIC|Racial Traits ~ Berserker Cannibal	LEGS:2	HANDS:2	MONSTERCLASS:Humanoid:4	RACETYPE:Humanoid	RACESUBTYPE:Human	TYPE:Humanoid	CR:3	KIT:1|CE	AUTO:LANG|Skald	FACT:BaseSize|M
Blackraven Scout	KEY:Blackraven Scout	STARTFEATS:1	SIZE:M	MOVE:Walk,30	REACH:5	BONUS:COMBAT|AC|1|TYPE=Deflection	BONUS:STAT|STR|2	BONUS:STAT|DEX|8	BONUS:STAT|CON|4	BONUS:STAT|WIS|3	BONUS:STAT|CHA|-2	BONUS:VAR|AC_Natural_Armor|2|TYPE=Base	ABILITY:Internal|AUTOMATIC|Racial Traits ~ Blackraven Scout	LEGS:2	HANDS:2	MONSTERCLASS:Humanoid:6	RACETYPE:Humanoid	RACESUBTYPE:Human	TYPE:Humanoid	CR:5	KIT:1|CN	AUTO:LANG|Common|Skald	FACT:BaseSize|M
Fafnheir	KEY:Fafnheir	STARTFEATS:1	SIZE:C	MOVE:Walk,50,Burrow,30,Fly,100,Swim,50	REACH:30	BONUS:STAT|STR|35	BONUS:STAT|DEX|20	BONUS:STAT|CON|26	BONUS:STAT|INT|8	BONUS:STAT|WIS|17	BONUS:STAT|CHA|19	BONUS:VAR|AC_Natural_Armor|30|TYPE=Base	BONUS:VAR|DarkvisionRange|60|TYPE=Base	BONUS:VAR|HasLowlightVision|1|TYPE=Base	BONUS:VAR|Maneuverability|3	ABILITY:Internal|AUTOMATIC|Racial Traits ~ Fafnheir	LEGS:4	HANDS:0	NATURALATTACKS:Bite,Weapon.Natural.Weapon Group Natural.Melee.Finesseable.Bludgeoning.Piercing.Slashing,*1,6d6,SPROP=plus poison and poison|Claw,Weapon.Natural.Weapon Group Natural.Melee.Finesseable.Slashing,*2,2d8|Gore,Weapon.Natural.Weapon Group Natural.Melee.Finesseable.Piercing,*1,4d6|Tail Slap,Weapon.Natural.Weapon Group Natural.Melee.Finesseable.Bludgeoning,*1,4d6,SPROP=plus grab and grab	SR:35	DR:20/cold iron and epic	MONSTERCLASS:Dragon:27	RACETYPE:Dragon	TYPE:Dragon	CR:24	KIT:1|CE	AUTO:LANG|Aklo|Common|Draconic|Skald|Sylvan	FACT:BaseSize|C
Fey Wolverine	KEY:Fey Wolverine	STARTFEATS:1	SIZE:M	MOVE:Walk,40,Burrow,20,Climb,20	REACH:5	BONUS:STAT|STR|5	BONUS:STAT|DEX|9	BONUS:STAT|CON|5	BONUS:STAT|INT|2	BONUS:STAT|WIS|4	BONUS:STAT|CHA|4	BONUS:VAR|AC_Natural_Armor|3|TYPE=Base	BONUS:VAR|DarkvisionRange|60|TYPE=Base	BONUS:VAR|HasLowlightVision|1|TYPE=Base	ABILITY:Internal|AUTOMATIC|Racial Traits ~ Fey Wolverine	LEGS:2	HANDS:2	NATURALATTACKS:Bite,Weapon.Natural.Weapon Group Natural.Melee.Finesseable.Bludgeoning.Piercing.Slashing,*1,1d4|Claw,Weapon.Natural.Weapon Group Natural.Melee.Finesseable.Slashing,*2,1d6	SR:14	MONSTERCLASS:Fey:3	RACETYPE:Fey	RACESUBTYPE:Augmented Animal	TYPE:Fey	CR:3	KIT:1|CN	AUTO:LANG|Skald|Sylvan	FACT:BaseSize|M
Longboat Captain	KEY:Longboat Captain	STARTFEATS:1	SIZE:M	MOVE:Walk,30	REACH:5	BONUS:STAT|STR|2	BONUS:STAT|DEX|6	BONUS:STAT|CON|4	BONUS:STAT|INT|3	BONUS:STAT|WIS|-2	BONUS:STAT|CHA|2	BONUS:VAR|AC_Natural_Armor|4|TYPE=Base	ABILITY:Internal|AUTOMATIC|Racial Traits ~ Longboat Captain	LEGS:2	HANDS:2	MONSTERCLASS:Humanoid:5	RACETYPE:Humanoid	RACESUBTYPE:Human	TYPE:Humanoid	CR:4	KIT:1|CN	AUTO:LANG|Aquan|Common|Skald	FACT:BaseSize|M
Mountain Troll	KEY:Mountain Troll	STARTFEATS:1	SIZE:H	MOVE:Walk,40,Burrow,10,Climb,40	REACH:15	BONUS:STAT|STR|26	BONUS:STAT|DEX|3	BONUS:STAT|CON|15	BONUS:STAT|INT|-3	BONUS:STAT|WIS|6	BONUS:STAT|CHA|-2	BONUS:VAR|AC_Natural_Armor|20|TYPE=Base	BONUS:VAR|DarkvisionRange|60|TYPE=Base	BONUS:VAR|HasLowlightVision|1|TYPE=Base	ABILITY:Internal|AUTOMATIC|Racial Traits ~ Mountain Troll	LEGS:2	HANDS:2	NATURALATTACKS:Bite,Weapon.Natural.Weapon Group Natural.Melee.Finesseable.Bludgeoning.Piercing.Slashing,*1,2d10|Claw,Weapon.Natural.Weapon Group Natural.Melee.Finesseable.Slashing,*2,2d6	MONSTERCLASS:Humanoid:18	RACETYPE:Humanoid	RACESUBTYPE:Giant	TYPE:Humanoid	CR:14	KIT:1|CN	AUTO:LANG|Giant	FACT:BaseSize|H
Ulfen Raider	KEY:Ulfen Raider	STARTFEATS:1	SIZE:M	MOVE:Walk,30	REACH:5	BONUS:STAT|STR|9	BONUS:STAT|DEX|2	BONUS:STAT|CON|8	BONUS:STAT|WIS|3	BONUS:STAT|CHA|-2	BONUS:VAR|AC_Natural_Armor|6|TYPE=Base	ABILITY:Internal|AUTOMATIC|Racial Traits ~ Ulfen Raider	LEGS:2	HANDS:2	MONSTERCLASS:Humanoid:1	RACETYPE:Humanoid	RACESUBTYPE:Human	TYPE:Humanoid	CR:1/2	KIT:1|CN	AUTO:LANG|Common|Skald	FACT:BaseSize|M
