SOURCELONG:Candlestone	SOURCESHORT:CS	SOURCEDATE:2026-04

STARTPACK:Devil (Gelharoth) Default	TYPE:Default Monster.Outsider	VISIBLE:QUALIFY	EQUIPBUY:0	PREMULT:1,[PRERACE:1,Devil (Gelharoth)],[!PRERACE:1,%]	SOURCEPAGE:Candlestone
ALIGN:LE
RACE:Devil (Gelharoth)	!PRERACE:1,%
NAME:Gelharoth
SKILL:Bluff			RANK:24
SKILL:Climb			RANK:12
SKILL:Diplomacy		RANK:24
SKILL:Fly			RANK:6
SKILL:Intimidate		RANK:24
SKILL:Knowledge (Arcana)	RANK:24
SKILL:Knowledge (Planes)	RANK:24
SKILL:Perception		RANK:24
SKILL:Sense Motive		RANK:24
SKILL:Spellcraft		RANK:24
SKILL:Stealth		RANK:6
SKILL:Survival		RANK:24
ABILITY:CATEGORY=FEAT|Power Attack
ABILITY:CATEGORY=FEAT|Improved Initiative
ABILITY:CATEGORY=FEAT|Improved Bull Rush
ABILITY:CATEGORY=FEAT|Awesome Blow
ABILITY:CATEGORY=FEAT|Vital Strike
ABILITY:CATEGORY=FEAT|Improved Vital Strike
ABILITY:CATEGORY=FEAT|Multiattack
ABILITY:CATEGORY=FEAT|Combat Reflexes
ABILITY:CATEGORY=FEAT|Iron Will
ABILITY:CATEGORY=FEAT|Improved Critical (Claw)
ABILITY:CATEGORY=FEAT|Ability Focus (Breath Weapon)
ABILITY:CATEGORY=FEAT|Quicken Spell-Like Ability ~ Spell (Cone of Cold)
STAT:STR=11|DEX=11|CON=11|INT=10|WIS=10|CHA=10
