SOURCELONG:Pathfinder Adventure Path #73	SOURCESHORT:AP73	SOURCEWEB:http://paizo.com	SOURCEDATE:2010-01

STARTPACK:Herne Default	TYPE:Default Monster.Monstrous Humanoid	VISIBLE:QUALIFY	EQUIPBUY:0	PREMULT:1,[PRERACE:1,Herne],[!PRERACE:1,%]
ALIGN:CN
RACE:Herne	!PRERACE:1,%
NAME:Herne
STAT:STR=10|DEX=10|CON=10|INT=10|WIS=10|CHA=10
SKILL:Handle Animal	RANK:3
SKILL:Intimidate	RANK:7
SKILL:Knowledge (Geography)	RANK:3
SKILL:Perception	RANK:8
SKILL:Ride	RANK:1
SKILL:Stealth	RANK:6
SKILL:Survival	RANK:6
ABILITY:CATEGORY=FEAT|Deadly Aim
ABILITY:CATEGORY=FEAT|Point-Blank Shot
ABILITY:CATEGORY=FEAT|Precise Shot
ABILITY:CATEGORY=FEAT|Weapon Focus (composite longbow)

STARTPACK:Sin Seeker Default	TYPE:Default Monster.Magical Beast	VISIBLE:QUALIFY	EQUIPBUY:0	PREMULT:1,[PRERACE:1,Sin Seeker],[!PRERACE:1,%]
ALIGN:TN
RACE:Sin Seeker	!PRERACE:1,%
NAME:Sin Seeker
STAT:STR=10|DEX=10|CON=10|INT=10|WIS=10|CHA=10
SKILL:Fly	RANK:3
SKILL:Perception	RANK:3
SKILL:Sense Motive	RANK:3
SKILL:Survival	RANK:1
ABILITY:CATEGORY=FEAT|Alertness
ABILITY:CATEGORY=FEAT|Skill Focus (Sense Motive)

STARTPACK:Ulkreth Default	TYPE:Default Monster.Outsider	VISIBLE:QUALIFY	EQUIPBUY:0	PREMULT:1,[PRERACE:1,Ulkreth],[!PRERACE:1,%]
ALIGN:CE
RACE:Ulkreth	!PRERACE:1,%
NAME:Ulkreth
STAT:STR=10|DEX=10|CON=10|INT=10|WIS=10|CHA=10
SKILL:Climb	RANK:15
SKILL:Intimidate	RANK:17
SKILL:Knowledge (Engineering)	RANK:17
SKILL:Perception	RANK:17
SKILL:Swim	RANK:10
ABILITY:CATEGORY=FEAT|Charge ThroughAPG
ABILITY:CATEGORY=FEAT|Greater Overrun
ABILITY:CATEGORY=FEAT|Greater Sunder
ABILITY:CATEGORY=FEAT|Improved Critical (slams)
ABILITY:CATEGORY=FEAT|Improved Overrun
ABILITY:CATEGORY=FEAT|Improved Sunder
ABILITY:CATEGORY=FEAT|Power Attack
ABILITY:CATEGORY=FEAT|Sundering StrikeAPG
ABILITY:CATEGORY=FEAT|Weapon Focus (slams)

STARTPACK:Xoveron Default	TYPE:Default Monster.Outsider	VISIBLE:QUALIFY	EQUIPBUY:0	PREMULT:1,[PRERACE:1,Xoveron],[!PRERACE:1,%]
ALIGN:CE
RACE:Xoveron	!PRERACE:1,%
NAME:Xoveron
STAT:STR=10|DEX=10|CON=10|INT=10|WIS=10|CHA=10
SKILL:Acrobatics	RANK:30
SKILL:Disable Device	RANK:33
SKILL:Fly	RANK:33
SKILL:Intimidate	RANK:33
SKILL:Knowledge (Arcana)	RANK:30
SKILL:Knowledge (Engineering)	RANK:33
SKILL:Knowledge (Planes)	RANK:33
SKILL:Knowledge (Religion)	RANK:30
SKILL:Perception	RANK:33
SKILL:Sense Motive	RANK:33
SKILL:Spellcraft	RANK:33
SKILL:Stealth	RANK:25
SKILL:Use Magic Device	RANK:30
ABILITY:CATEGORY=FEAT|Awesome Blow
ABILITY:CATEGORY=FEAT|Bleeding Critical
ABILITY:CATEGORY=FEAT|Craft Construct
ABILITY:CATEGORY=FEAT|Craft Magic Arms and Armor
ABILITY:CATEGORY=FEAT|Craft Wondrous Item
ABILITY:CATEGORY=FEAT|Critical Focus
ABILITY:CATEGORY=FEAT|Greater Bull Rush
ABILITY:CATEGORY=FEAT|Greater Sunder
ABILITY:CATEGORY=FEAT|Improved Bull Rush
ABILITY:CATEGORY=FEAT|Improved Critical (claw)
ABILITY:CATEGORY=FEAT|Improved Critical (bite)
ABILITY:CATEGORY=FEAT|Improved Critical (sting)
ABILITY:CATEGORY=FEAT|Improved Lightning Reflexes
ABILITY:CATEGORY=FEAT|Improved Sunder
ABILITY:CATEGORY=FEAT|Lightning Reflexes
ABILITY:CATEGORY=FEAT|Power Attack
ABILITY:CATEGORY=FEAT|Quicken Spell-Like Ability (flesh to stone)

