SOURCELONG:Pathfinder Adventure Path #85	SOURCESHORT:AP85	SOURCEWEB:http://paizo.com	SOURCEDATE:2010-01

STARTPACK:Collector Robot Default	TYPE:Default Monster.Construct	VISIBLE:QUALIFY	EQUIPBUY:0	PREMULT:1,[PRERACE:1,Collector Robot],[!PRERACE:1,%]
ALIGN:TN
RACE:Collector Robot	!PRERACE:1,%
NAME:Collector Robot
STAT:STR=10|DEX=10|INT=10|WIS=10|CHA=10
SKILL:Fly	RANK:2
SKILL:Perception	RANK:2
SKILL:Stealth	RANK:1
SKILL:Survival	RANK:1
ABILITY:CATEGORY=FEAT|Improved Initiative

STARTPACK:Ghelarn Default	TYPE:Default Monster.Aberration	VISIBLE:QUALIFY	EQUIPBUY:0	PREMULT:1,[PRERACE:1,Ghelarn],[!PRERACE:1,%]
ALIGN:TN
RACE:Ghelarn	!PRERACE:1,%
NAME:Ghelarn
STAT:STR=10|DEX=10|CON=10|INT=10|WIS=10|CHA=10
SKILL:Perception	RANK:3
SKILL:Stealth	RANK:1
ABILITY:CATEGORY=FEAT|Combat Reflexes
ABILITY:CATEGORY=FEAT|Skill Focus (Perception)

STARTPACK:Petromin Default	TYPE:Default Monster.Animal	VISIBLE:QUALIFY	EQUIPBUY:0	PREMULT:1,[PRERACE:1,Petromin],[!PRERACE:1,%]
ALIGN:TN
RACE:Petromin	!PRERACE:1,%
NAME:Petromin
STAT:STR=10|DEX=10|CON=10|INT=10|WIS=10|CHA=10
SKILL:Climb	RANK:1
SKILL:Perception	RANK:1
SKILL:Stealth	RANK:1
ABILITY:CATEGORY=FEAT|Weapon Finesse

STARTPACK:Pilo Default	TYPE:Default Monster.Animal	VISIBLE:QUALIFY	EQUIPBUY:0	PREMULT:1,[PRERACE:1,Pilo],[!PRERACE:1,%]
ALIGN:TN
RACE:Pilo	!PRERACE:1,%
NAME:Pilo
STAT:STR=10|DEX=10|CON=10|INT=10|WIS=10|CHA=10
SKILL:Perception	RANK:3
ABILITY:CATEGORY=FEAT|Improved Bull Rush
ABILITY:CATEGORY=FEAT|Power Attack

STARTPACK:Sorico Default	TYPE:Default Monster.Animal	VISIBLE:QUALIFY	EQUIPBUY:0	PREMULT:1,[PRERACE:1,Sorico],[!PRERACE:1,%]
ALIGN:TN
RACE:Sorico	!PRERACE:1,%
NAME:Sorico
STAT:STR=10|DEX=10|CON=10|INT=10|WIS=10|CHA=10
SKILL:Perception	RANK:1
SKILL:Stealth	RANK:2
ABILITY:CATEGORY=FEAT|Great Fortitude

STARTPACK:Tsaalgrend Default	TYPE:Default Monster.Plant	VISIBLE:QUALIFY	EQUIPBUY:0	PREMULT:1,[PRERACE:1,Tsaalgrend],[!PRERACE:1,%]
ALIGN:TN
RACE:Tsaalgrend	!PRERACE:1,%
NAME:Tsaalgrend
STAT:STR=10|DEX=10|CON=10|INT=10|WIS=10|CHA=10
SKILL:Climb	RANK:3
SKILL:Fly	RANK:1
SKILL:Perception	RANK:1
ABILITY:CATEGORY=FEAT|Flyby Attack
ABILITY:CATEGORY=FEAT|Weapon Finesse

