SOURCELONG:Pathfinder Adventure Path #36	SOURCESHORT:AP36	SOURCEWEB:http://paizo.com	SOURCEDATE:2010-01

STARTPACK:Dweomercat Default	TYPE:Default Monster.Magical Beast	VISIBLE:QUALIFY	EQUIPBUY:0	PREMULT:1,[PRERACE:1,Dweomercat],[!PRERACE:1,%]
ALIGN:CN
RACE:Dweomercat	!PRERACE:1,%
NAME:Dweomercat
STAT:STR=10|DEX=10|CON=10|INT=10|WIS=10|CHA=10
SKILL:Climb	RANK:1
SKILL:Knowledge (Arcana)	RANK:7
SKILL:Perception	RANK:10
SKILL:Stealth	RANK:10
ABILITY:CATEGORY=FEAT|Dodge
ABILITY:CATEGORY=FEAT|Improved Initiative
ABILITY:CATEGORY=FEAT|Mobility
ABILITY:CATEGORY=FEAT|Spring Attack
ABILITY:CATEGORY=FEAT|Weapon Finesse

STARTPACK:Dweomercat Cub Default	TYPE:Default Monster.Magical Beast	VISIBLE:QUALIFY	EQUIPBUY:0	PREMULT:1,[PRERACE:1,Dweomercat Cub],[!PRERACE:1,%]
ALIGN:CN
RACE:Dweomercat Cub	!PRERACE:1,%
NAME:Dweomercat Cub
STAT:STR=10|DEX=10|CON=10|INT=10|WIS=10|CHA=10
SKILL:Climb	RANK:1
SKILL:Knowledge (Arcana)	RANK:1
SKILL:Perception	RANK:1
SKILL:Stealth	RANK:1
ABILITY:CATEGORY=FEAT|Dodge
ABILITY:CATEGORY=FEAT|Weapon Finesse

STARTPACK:Skrik Nettle Default	TYPE:Default Monster.Magical Beast	VISIBLE:QUALIFY	EQUIPBUY:0	PREMULT:1,[PRERACE:1,Skrik Nettle],[!PRERACE:1,%]
ALIGN:TN
RACE:Skrik Nettle	!PRERACE:1,%
NAME:Skrik Nettle
STAT:STR=10|DEX=10|CON=10|INT=10|WIS=10|CHA=10
SKILL:Fly	RANK:3
SKILL:Perception	RANK:8
SKILL:Stealth	RANK:1
ABILITY:CATEGORY=FEAT|Combat Reflexes
ABILITY:CATEGORY=FEAT|Flyby Attack
ABILITY:CATEGORY=FEAT|Improved Initiative
ABILITY:CATEGORY=FEAT|Lightning Reflexes

