SOURCELONG:Pathfinder Adventure Path #35	SOURCESHORT:AP35	SOURCEWEB:http://paizo.com	SOURCEDATE:2010-01

STARTPACK:First Blade Default	TYPE:Default Monster.Outsider	VISIBLE:QUALIFY	EQUIPBUY:0	PREMULT:1,[PRERACE:1,First Blade],[!PRERACE:1,%]
ALIGN:CN
RACE:First Blade	!PRERACE:1,%
NAME:First Blade
STAT:STR=10|DEX=10|CON=10|INT=10|WIS=10|CHA=10
SKILL:Acrobatics	RANK:18
SKILL:Climb	RANK:18
SKILL:Intimidate	RANK:18
SKILL:Knowledge (History)	RANK:18
SKILL:Perception	RANK:18
SKILL:Sense Motive	RANK:18
SKILL:Stealth	RANK:1
ABILITY:CATEGORY=FEAT|Blind-Fight
ABILITY:CATEGORY=FEAT|Cleave
ABILITY:CATEGORY=FEAT|Combat Reflexes
ABILITY:CATEGORY=FEAT|Great Cleave
ABILITY:CATEGORY=FEAT|Improved Bull Rush
ABILITY:CATEGORY=FEAT|Improved Initiative
ABILITY:CATEGORY=FEAT|Improved Overrun
ABILITY:CATEGORY=FEAT|Power Attack
ABILITY:CATEGORY=FEAT|Weapon Focus (slam)

STARTPACK:Greater Verduous Ooze Default	TYPE:Default Monster.Ooze	VISIBLE:QUALIFY	EQUIPBUY:0	PREMULT:1,[PRERACE:1,Greater Verduous Ooze],[!PRERACE:1,%]
ALIGN:TN
RACE:Greater Verduous Ooze	!PRERACE:1,%
NAME:Greater Verduous Ooze
STAT:STR=10|DEX=10|CON=10|WIS=10|CHA=10
SKILL:Stealth	RANK:1

STARTPACK:Irlgaunt Default	TYPE:Default Monster.Aberration	VISIBLE:QUALIFY	EQUIPBUY:0	PREMULT:1,[PRERACE:1,Irlgaunt],[!PRERACE:1,%]
ALIGN:NE
RACE:Irlgaunt	!PRERACE:1,%
NAME:Irlgaunt
STAT:STR=10|DEX=10|CON=10|INT=10|WIS=10|CHA=10
SKILL:Acrobatics	RANK:14
SKILL:Climb	RANK:14
SKILL:Disguise	RANK:11
SKILL:Fly	RANK:1
SKILL:Perception	RANK:14
SKILL:Stealth	RANK:10
SKILL:Survival	RANK:14
SKILL:Swim	RANK:14
ABILITY:CATEGORY=FEAT|Blind-Fight
ABILITY:CATEGORY=FEAT|Combat Reflexes
ABILITY:CATEGORY=FEAT|Deadly Aim
ABILITY:CATEGORY=FEAT|Improved Initiative
ABILITY:CATEGORY=FEAT|Improved Lightning Reflexes
ABILITY:CATEGORY=FEAT|Lightning Reflexes
ABILITY:CATEGORY=FEAT|Run

STARTPACK:Verdurous Ooze Default	TYPE:Default Monster.Ooze	VISIBLE:QUALIFY	EQUIPBUY:0	PREMULT:1,[PRERACE:1,Verdurous Ooze],[!PRERACE:1,%]
ALIGN:TN
RACE:Verdurous Ooze	!PRERACE:1,%
NAME:Verdurous Ooze
STAT:STR=10|DEX=10|CON=10|WIS=10|CHA=10
SKILL:Stealth	RANK:1

