SOURCELONG:Pathfinder Adventure Path #50	SOURCESHORT:AP50	SOURCEWEB:http://paizo.com	SOURCEDATE:2010-01

STARTPACK:Gare Linnorm Default	TYPE:Default Monster.Dragon	VISIBLE:QUALIFY	EQUIPBUY:0	PREMULT:1,[PRERACE:1,Gare Linnorm],[!PRERACE:1,%]
ALIGN:CE
RACE:Gare Linnorm	!PRERACE:1,%
NAME:Gare Linnorm
STAT:STR=10|DEX=10|CON=10|INT=10|WIS=10|CHA=10
SKILL:Climb	RANK:11
SKILL:Perception	RANK:17
SKILL:Stealth	RANK:1
SKILL:Swim	RANK:17
ABILITY:CATEGORY=FEAT|Critical Focus
ABILITY:CATEGORY=FEAT|Greater Vital Strike
ABILITY:CATEGORY=FEAT|Improved Critical (bite)
ABILITY:CATEGORY=FEAT|Improved Initiative
ABILITY:CATEGORY=FEAT|Improved Vital Strike
ABILITY:CATEGORY=FEAT|Power Attack
ABILITY:CATEGORY=FEAT|Snatch
ABILITY:CATEGORY=FEAT|Staggering Critical
ABILITY:CATEGORY=FEAT|Vital Strike

STARTPACK:Nogitsune Default	TYPE:Default Monster.Outsider	VISIBLE:QUALIFY	EQUIPBUY:0	PREMULT:1,[PRERACE:1,Nogitsune],[!PRERACE:1,%]
ALIGN:NE
RACE:Nogitsune	!PRERACE:1,%
NAME:Nogitsune
STAT:STR=10|DEX=10|CON=10|INT=10|WIS=10|CHA=10
SKILL:Acrobatics	RANK:7
SKILL:Appraise	RANK:1
SKILL:Bluff	RANK:7
SKILL:Climb	RANK:7
SKILL:Diplomacy	RANK:1
SKILL:Disable Device	RANK:6
SKILL:Disguise	RANK:6
SKILL:Escape Artist	RANK:7
SKILL:Knowledge (Arcana)	RANK:1
SKILL:Knowledge (Local)	RANK:1
SKILL:Perception	RANK:7
SKILL:Sense Motive	RANK:5
SKILL:Sleight of Hand	RANK:1
SKILL:Stealth	RANK:7
SKILL:Swim	RANK:1
ABILITY:CATEGORY=FEAT|Dodge
ABILITY:CATEGORY=FEAT|Mobility
ABILITY:CATEGORY=FEAT|Spring Attack
ABILITY:CATEGORY=FEAT|Weapon Finesse

STARTPACK:Spirit of Adoration Default	TYPE:Default Monster.Outsider	VISIBLE:QUALIFY	EQUIPBUY:0	PREMULT:1,[PRERACE:1,Spirit of Adoration],[!PRERACE:1,%]
ALIGN:NG
RACE:Spirit of Adoration	!PRERACE:1,%
NAME:Spirit of Adoration
STAT:STR=10|DEX=10|CON=10|INT=10|WIS=10|CHA=10
SKILL:Acrobatics	RANK:6
SKILL:Bluff	RANK:9
SKILL:Diplomacy	RANK:9
SKILL:Disguise	RANK:6
SKILL:Fly	RANK:11
SKILL:Handle Animal	RANK:6
SKILL:Heal	RANK:6
SKILL:Intimidate	RANK:9
SKILL:Knowledge (Religion)	RANK:6
SKILL:Perception	RANK:18
SKILL:Perform (dance)	RANK:18
SKILL:Sense Motive	RANK:18
SKILL:Spellcraft	RANK:15
SKILL:Stealth	RANK:14
SKILL:Use Magic Device	RANK:6
ABILITY:CATEGORY=FEAT|Blind-Fight
ABILITY:CATEGORY=FEAT|Dodge
ABILITY:CATEGORY=FEAT|Improved Iron Will
ABILITY:CATEGORY=FEAT|Improved Sunder
ABILITY:CATEGORY=FEAT|Iron Will
ABILITY:CATEGORY=FEAT|Mobility
ABILITY:CATEGORY=FEAT|Skill Focus (Perception)
ABILITY:CATEGORY=FEAT|Step Up
ABILITY:CATEGORY=FEAT|Weapon Focus (glaive)
ABILITY:CATEGORY=FEAT|Wind Stance

