SOURCELONG:Pathfinder Adventure Path #38	SOURCESHORT:AP38	SOURCEWEB:http://paizo.com	SOURCEDATE:2010-01

STARTPACK:Biloko Default	TYPE:Default Monster.Fey	VISIBLE:QUALIFY	EQUIPBUY:0	PREMULT:1,[PRERACE:1,Biloko],[!PRERACE:1,%]
ALIGN:NE
RACE:Biloko	!PRERACE:1,%
NAME:Biloko
STAT:STR=10|DEX=10|CON=10|INT=10|WIS=10|CHA=10
SKILL:Climb	RANK:2
SKILL:Craft (traps)	RANK:2
SKILL:Knowledge (Nature)	RANK:2
SKILL:Perception	RANK:2
SKILL:Stealth	RANK:2
SKILL:Survival	RANK:1
ABILITY:CATEGORY=FEAT|Improved Initiative

STARTPACK:Bloodhaze Mosquito Swarm Default	TYPE:Default Monster.Vermin	VISIBLE:QUALIFY	EQUIPBUY:0	PREMULT:1,[PRERACE:1,Bloodhaze Mosquito Swarm],[!PRERACE:1,%]
ALIGN:TN
RACE:Bloodhaze Mosquito Swarm	!PRERACE:1,%
NAME:Bloodhaze Mosquito Swarm
STAT:STR=10|DEX=10|CON=10|WIS=10|CHA=10
SKILL:Fly	RANK:5
SKILL:Perception	RANK:5

STARTPACK:Chemosit Default	TYPE:Default Monster.Magical Beast	VISIBLE:QUALIFY	EQUIPBUY:0	PREMULT:1,[PRERACE:1,Chemosit],[!PRERACE:1,%]
ALIGN:TN
RACE:Chemosit	!PRERACE:1,%
NAME:Chemosit
STAT:STR=10|DEX=10|CON=10|INT=10|WIS=10|CHA=10
SKILL:Climb	RANK:5
SKILL:Stealth	RANK:5
ABILITY:CATEGORY=FEAT|Improved Bull Rush
ABILITY:CATEGORY=FEAT|Improved Initiative
ABILITY:CATEGORY=FEAT|Power Attack

