SOURCELONG:Pathfinder Adventure Path #80	SOURCESHORT:AP80	SOURCEWEB:http://paizo.com	SOURCEDATE:2010-01

STARTPACK:Esobok Default	TYPE:Default Monster.Outsider	VISIBLE:QUALIFY	EQUIPBUY:0	PREMULT:1,[PRERACE:1,Esobok],[!PRERACE:1,%]
ALIGN:TN
RACE:Esobok	!PRERACE:1,%
NAME:Esobok
STAT:STR=10|DEX=10|CON=10|INT=10|WIS=10|CHA=10
SKILL:Climb	RANK:3
SKILL:Intimidate	RANK:3
SKILL:Stealth	RANK:3
SKILL:Survival	RANK:3
ABILITY:CATEGORY=FEAT|Combat Reflexes
ABILITY:CATEGORY=FEAT|Power Attack

STARTPACK:Sha Default	TYPE:Default Monster.Magical Beast	VISIBLE:QUALIFY	EQUIPBUY:0	PREMULT:1,[PRERACE:1,Sha],[!PRERACE:1,%]
ALIGN:LE
RACE:Sha	!PRERACE:1,%
NAME:Sha
STAT:STR=10|DEX=10|CON=10|INT=10|WIS=10|CHA=10
SKILL:Acrobatics	RANK:1
SKILL:Perception	RANK:2
SKILL:Stealth	RANK:3
ABILITY:CATEGORY=FEAT|Combat Reflexes
ABILITY:CATEGORY=FEAT|Following Step
ABILITY:CATEGORY=FEAT|Step Up

STARTPACK:Sunbaked Zombie Default	TYPE:Default Monster.Undead	VISIBLE:QUALIFY	EQUIPBUY:0	PREMULT:1,[PRERACE:1,Sunbaked Zombie],[!PRERACE:1,%]
ALIGN:NE
RACE:Sunbaked Zombie	!PRERACE:1,%
NAME:Sunbaked Zombie
STAT:STR=10|DEX=10|WIS=10|CHA=10
ABILITY:CATEGORY=FEAT|Toughness

STARTPACK:Tekenu Default	TYPE:Default Monster.Undead	VISIBLE:QUALIFY	EQUIPBUY:0	PREMULT:1,[PRERACE:1,Tekenu],[!PRERACE:1,%]
ALIGN:NE
RACE:Tekenu	!PRERACE:1,%
NAME:Tekenu
STAT:STR=10|DEX=10|INT=10|WIS=10|CHA=10
SKILL:Fly	RANK:1
SKILL:Perception	RANK:3
SKILL:Stealth	RANK:8
ABILITY:CATEGORY=FEAT|Dodge
ABILITY:CATEGORY=FEAT|Flyby Attack
ABILITY:CATEGORY=FEAT|Hover
ABILITY:CATEGORY=FEAT|Improved Initiative
ABILITY:CATEGORY=FEAT|Weapon Finesse

