SOURCELONG:Mythic Adventures	SOURCESHORT:MA	SOURCEWEB:http://paizo.com/products/btpy8ywe	SOURCEDATE:2013-08

STARTPACK:Mythic Elder Air Elemental Default	TYPE:Default Monster.Outsider	VISIBLE:QUALIFY	EQUIPBUY:0	PREMULT:1,[PRERACE:1,Mythic Elder Air Elemental],[!PRERACE:1,%]
ALIGN:TN
RACE:Mythic Elder Air Elemental	!PRERACE:1,%
NAME:Mythic Elder Air Elemental
STAT:STR=10|DEX=10|CON=10|INT=10|WIS=10|CHA=10
SKILL:Acrobatics	RANK:16
SKILL:Escape Artist	RANK:16
SKILL:Fly	RANK:16
SKILL:Knowledge (Planes)	RANK:16
SKILL:Perception	RANK:16
SKILL:Sense Motive	RANK:16
SKILL:Stealth	RANK:8
ABILITY:CATEGORY=FEAT|Blind-Fight
ABILITY:CATEGORY=FEAT|CleaveM
ABILITY:CATEGORY=FEAT|Combat Reflexes
ABILITY:CATEGORY=FEAT|Dodge
ABILITY:CATEGORY=FEAT|Flyby Attack
ABILITY:CATEGORY=FEAT|Improved Initiative
ABILITY:CATEGORY=FEAT|Iron WillM
ABILITY:CATEGORY=FEAT|Mobility
ABILITY:CATEGORY=FEAT|Power Attack
ABILITY:CATEGORY=FEAT|Weapon Finesse
ABILITY:CATEGORY=FEAT|M

STARTPACK:Mythic Elder Earth Elemental Default	TYPE:Default Monster.Outsider	VISIBLE:QUALIFY	EQUIPBUY:0	PREMULT:1,[PRERACE:1,Mythic Elder Earth Elemental],[!PRERACE:1,%]
ALIGN:TN
RACE:Mythic Elder Earth Elemental	!PRERACE:1,%
NAME:Mythic Elder Earth Elemental
STAT:STR=10|DEX=10|CON=10|INT=10|WIS=10|CHA=10
SKILL:Appraise	RANK:16
SKILL:Climb	RANK:16
SKILL:Knowledge (Dungeoneering)	RANK:16
SKILL:Knowledge (Planes)	RANK:16
SKILL:Perception	RANK:16
SKILL:Sense Motive	RANK:16
SKILL:Stealth	RANK:8
ABILITY:CATEGORY=FEAT|Awesome Blow
ABILITY:CATEGORY=FEAT|CleaveM
ABILITY:CATEGORY=FEAT|Greater Bull Rush
ABILITY:CATEGORY=FEAT|Greater Overrun
ABILITY:CATEGORY=FEAT|Improved Bull Rush
ABILITY:CATEGORY=FEAT|Improved Critical (slam)M
ABILITY:CATEGORY=FEAT|Improved Overrun
ABILITY:CATEGORY=FEAT|Improved Sunder
ABILITY:CATEGORY=FEAT|Power AttackM

STARTPACK:Mythic Elder Fire Elemental Default	TYPE:Default Monster.Outsider	VISIBLE:QUALIFY	EQUIPBUY:0	PREMULT:1,[PRERACE:1,Mythic Elder Fire Elemental],[!PRERACE:1,%]
ALIGN:TN
RACE:Mythic Elder Fire Elemental	!PRERACE:1,%
NAME:Mythic Elder Fire Elemental
STAT:STR=10|DEX=10|CON=10|INT=10|WIS=10|CHA=10
SKILL:Acrobatics	RANK:16
SKILL:Climb	RANK:16
SKILL:Escape Artist	RANK:16
SKILL:Intimidate	RANK:16
SKILL:Knowledge (Planes)	RANK:16
SKILL:Perception	RANK:16
SKILL:Sense Motive	RANK:16
ABILITY:CATEGORY=FEAT|Blind-Fight
ABILITY:CATEGORY=FEAT|Combat ReflexesM
ABILITY:CATEGORY=FEAT|DodgeM
ABILITY:CATEGORY=FEAT|Improved Initiative
ABILITY:CATEGORY=FEAT|Iron WillM
ABILITY:CATEGORY=FEAT|Lightning Stance
ABILITY:CATEGORY=FEAT|Mobility
ABILITY:CATEGORY=FEAT|Spring Attack
ABILITY:CATEGORY=FEAT|Weapon Finesse
ABILITY:CATEGORY=FEAT|Wind Stance

STARTPACK:Mythic Elder Water Elemental Default	TYPE:Default Monster.Outsider	VISIBLE:QUALIFY	EQUIPBUY:0	PREMULT:1,[PRERACE:1,Mythic Elder Water Elemental],[!PRERACE:1,%]
ALIGN:TN
RACE:Mythic Elder Water Elemental	!PRERACE:1,%
NAME:Mythic Elder Water Elemental
STAT:STR=10|DEX=10|CON=10|INT=10|WIS=10|CHA=10
SKILL:Acrobatics	RANK:16
SKILL:Escape Artist	RANK:16
SKILL:Knowledge (Planes)	RANK:16
SKILL:Perception	RANK:16
SKILL:Sense Motive	RANK:16
SKILL:Stealth	RANK:8
SKILL:Swim	RANK:16
ABILITY:CATEGORY=FEAT|Cleave
ABILITY:CATEGORY=FEAT|DodgeM
ABILITY:CATEGORY=FEAT|Great Cleave
ABILITY:CATEGORY=FEAT|Improved Bull Rush
ABILITY:CATEGORY=FEAT|Improved Critical (slam)M
ABILITY:CATEGORY=FEAT|Improved Sunder
ABILITY:CATEGORY=FEAT|Lightning Reflexes
ABILITY:CATEGORY=FEAT|Power AttackM

STARTPACK:Mythic Fire Giant Default	TYPE:Default Monster.Humanoid	VISIBLE:QUALIFY	EQUIPBUY:0	PREMULT:1,[PRERACE:1,Mythic Fire Giant],[!PRERACE:1,%]
ALIGN:LE
RACE:Mythic Fire Giant	!PRERACE:1,%
NAME:Mythic Fire Giant
STAT:STR=10|DEX=10|CON=10|INT=10|WIS=10|CHA=10
SKILL:Climb	RANK:1
SKILL:Craft (any one)	RANK:5
SKILL:Intimidate	RANK:8
SKILL:Perception	RANK:9
ABILITY:CATEGORY=FEAT|CleaveM
ABILITY:CATEGORY=FEAT|Great Cleave
ABILITY:CATEGORY=FEAT|Improved Overrun
ABILITY:CATEGORY=FEAT|Improved Sunder
ABILITY:CATEGORY=FEAT|Iron WillM
ABILITY:CATEGORY=FEAT|Martial Weapon Proficiency (greatsword)
ABILITY:CATEGORY=FEAT|Power AttackM
ABILITY:CATEGORY=FEAT|Weapon Focus (greatsword)

STARTPACK:Mythic Flesh Golem Default	TYPE:Default Monster.Construct	VISIBLE:QUALIFY	EQUIPBUY:0	PREMULT:1,[PRERACE:1,Mythic Flesh Golem],[!PRERACE:1,%]
ALIGN:TN
RACE:Mythic Flesh Golem	!PRERACE:1,%
NAME:Mythic Flesh Golem
STAT:STR=10|DEX=10|INT=10|WIS=10|CHA=10
SKILL:Perception	RANK:7
ABILITY:CATEGORY=FEAT|Blind-Fight
ABILITY:CATEGORY=FEAT|Cleave
ABILITY:CATEGORY=FEAT|Power AttackM
ABILITY:CATEGORY=FEAT|ToughnessM
ABILITY:CATEGORY=FEAT|Weapon Focus (slam)

STARTPACK:Mythic Great Cyclops Default	TYPE:Default Monster.Humanoid	VISIBLE:QUALIFY	EQUIPBUY:0	PREMULT:1,[PRERACE:1,Mythic Great Cyclops],[!PRERACE:1,%]
ALIGN:CE
RACE:Mythic Great Cyclops	!PRERACE:1,%
NAME:Mythic Great Cyclops
STAT:STR=10|DEX=10|CON=10|INT=10|WIS=10|CHA=10
SKILL:Perception	RANK:17
ABILITY:CATEGORY=FEAT|Awesome Blow
ABILITY:CATEGORY=FEAT|CleaveM
ABILITY:CATEGORY=FEAT|Critical FocusM
ABILITY:CATEGORY=FEAT|Diehard
ABILITY:CATEGORY=FEAT|Endurance
ABILITY:CATEGORY=FEAT|Improved Bull Rush
ABILITY:CATEGORY=FEAT|Improved Overrun
ABILITY:CATEGORY=FEAT|Iron WillM
ABILITY:CATEGORY=FEAT|Power Attack

STARTPACK:Mythic Greater Barghest Default	TYPE:Default Monster.Outsider	VISIBLE:QUALIFY	EQUIPBUY:0	PREMULT:1,[PRERACE:1,Mythic Greater Barghest],[!PRERACE:1,%]
ALIGN:LE
RACE:Mythic Greater Barghest	!PRERACE:1,%
NAME:Mythic Greater Barghest
STAT:STR=10|DEX=10|CON=10|INT=10|WIS=10|CHA=10
SKILL:Acrobatics	RANK:9
SKILL:Bluff	RANK:9
SKILL:Climb	RANK:6
SKILL:Diplomacy	RANK:9
SKILL:Intimidate	RANK:9
SKILL:Perception	RANK:9
SKILL:Sense Motive	RANK:9
SKILL:Stealth	RANK:5
SKILL:Survival	RANK:9
SKILL:Swim	RANK:6
ABILITY:CATEGORY=FEAT|Combat Casting
ABILITY:CATEGORY=FEAT|Combat Reflexes
ABILITY:CATEGORY=FEAT|Great FortitudeM
ABILITY:CATEGORY=FEAT|Improved Initiative
ABILITY:CATEGORY=FEAT|Lightning Reflexes

STARTPACK:Mythic Hill Giant Default	TYPE:Default Monster.Humanoid	VISIBLE:QUALIFY	EQUIPBUY:0	PREMULT:1,[PRERACE:1,Mythic Hill Giant],[!PRERACE:1,%]
ALIGN:CE
RACE:Mythic Hill Giant	!PRERACE:1,%
NAME:Mythic Hill Giant
STAT:STR=10|DEX=10|CON=10|INT=10|WIS=10|CHA=10
SKILL:Climb	RANK:1
SKILL:Intimidate	RANK:10
SKILL:Perception	RANK:3
ABILITY:CATEGORY=FEAT|CleaveM
ABILITY:CATEGORY=FEAT|Intimidating Prowess
ABILITY:CATEGORY=FEAT|Martial Weapon Proficiency (greatclub)
ABILITY:CATEGORY=FEAT|Power Attack
ABILITY:CATEGORY=FEAT|Weapon Focus (greatclub)M

STARTPACK:Mythic Human Skeleton Default	TYPE:Default Monster.Undead	VISIBLE:QUALIFY	EQUIPBUY:0	PREMULT:1,[PRERACE:1,Mythic Human Skeleton],[!PRERACE:1,%]
ALIGN:NE
RACE:Mythic Human Skeleton	!PRERACE:1,%
NAME:Mythic Human Skeleton
STAT:STR=10|DEX=10|WIS=10|CHA=10
ABILITY:CATEGORY=FEAT|Improved Initiative
ABILITY:CATEGORY=FEAT|M

STARTPACK:Mythic Juvenile White Dragon Default	TYPE:Default Monster.Dragon	VISIBLE:QUALIFY	EQUIPBUY:0	PREMULT:1,[PRERACE:1,Mythic Juvenile White Dragon],[!PRERACE:1,%]
ALIGN:CE
RACE:Mythic Juvenile White Dragon	!PRERACE:1,%
NAME:Mythic Juvenile White Dragon
STAT:STR=10|DEX=10|CON=10|INT=10|WIS=10|CHA=10
SKILL:Fly	RANK:9
SKILL:Intimidate	RANK:9
SKILL:Perception	RANK:9
SKILL:Sense Motive	RANK:9
SKILL:Stealth	RANK:9
SKILL:Swim	RANK:9
ABILITY:CATEGORY=FEAT|Alertness
ABILITY:CATEGORY=FEAT|Flyby Attack
ABILITY:CATEGORY=FEAT|Improved Initiative
ABILITY:CATEGORY=FEAT|Power AttackM
ABILITY:CATEGORY=FEAT|Vital StrikeM

STARTPACK:Mythic Marilith Default	TYPE:Default Monster.Outsider	VISIBLE:QUALIFY	EQUIPBUY:0	PREMULT:1,[PRERACE:1,Mythic Marilith],[!PRERACE:1,%]
ALIGN:CE
RACE:Mythic Marilith	!PRERACE:1,%
NAME:Mythic Marilith
STAT:STR=10|DEX=10|CON=10|INT=10|WIS=10|CHA=10
SKILL:Acrobatics	RANK:16
SKILL:Bluff	RANK:16
SKILL:Diplomacy	RANK:16
SKILL:Fly	RANK:11
SKILL:Intimidate	RANK:16
SKILL:Knowledge (Engineering)	RANK:13
SKILL:Perception	RANK:16
SKILL:Sense Motive	RANK:16
SKILL:Stealth	RANK:12
SKILL:Use Magic Device	RANK:16
ABILITY:CATEGORY=FEAT|Bleeding CriticalM
ABILITY:CATEGORY=FEAT|Combat ExpertiseM
ABILITY:CATEGORY=FEAT|Combat Reflexes
ABILITY:CATEGORY=FEAT|Critical FocusM
ABILITY:CATEGORY=FEAT|Improved Critical (longsword)M
ABILITY:CATEGORY=FEAT|Improved Disarm
ABILITY:CATEGORY=FEAT|Power Attack
ABILITY:CATEGORY=FEAT|Weapon Focus (longsword)

STARTPACK:Mythic Mature Adult Black Dragon Default	TYPE:Default Monster.Dragon	VISIBLE:QUALIFY	EQUIPBUY:0	PREMULT:1,[PRERACE:1,Mythic Mature Adult Black Dragon],[!PRERACE:1,%]
ALIGN:CE
RACE:Mythic Mature Adult Black Dragon	!PRERACE:1,%
NAME:Mythic Mature Adult Black Dragon
STAT:STR=10|DEX=10|CON=10|INT=10|WIS=10|CHA=10
SKILL:Fly	RANK:10
SKILL:Handle Animal	RANK:13
SKILL:Intimidate	RANK:16
SKILL:Knowledge (Arcana)	RANK:16
SKILL:Perception	RANK:16
SKILL:Sense Motive	RANK:1
SKILL:Spellcraft	RANK:16
SKILL:Stealth	RANK:16
SKILL:Swim	RANK:16
ABILITY:CATEGORY=FEAT|Alertness
ABILITY:CATEGORY=FEAT|Flyby Attack
ABILITY:CATEGORY=FEAT|Improved InitiativeM
ABILITY:CATEGORY=FEAT|Improved Vital Strike
ABILITY:CATEGORY=FEAT|Power AttackM
ABILITY:CATEGORY=FEAT|Skill Focus (Stealth)
ABILITY:CATEGORY=FEAT|Vital Strike
ABILITY:CATEGORY=FEAT|Weapon Focus (bite)M

STARTPACK:Mythic Mature Adult Blue Dragon Default	TYPE:Default Monster.Dragon	VISIBLE:QUALIFY	EQUIPBUY:0	PREMULT:1,[PRERACE:1,Mythic Mature Adult Blue Dragon],[!PRERACE:1,%]
ALIGN:LE
RACE:Mythic Mature Adult Blue Dragon	!PRERACE:1,%
NAME:Mythic Mature Adult Blue Dragon
STAT:STR=10|DEX=10|CON=10|INT=10|WIS=10|CHA=10
SKILL:Bluff	RANK:18
SKILL:Fly	RANK:10
SKILL:Intimidate	RANK:18
SKILL:Knowledge (Arcana)	RANK:9
SKILL:Knowledge (Geography)	RANK:18
SKILL:Knowledge (History)	RANK:9
SKILL:Knowledge (Local)	RANK:18
SKILL:Perception	RANK:18
SKILL:Spellcraft	RANK:9
SKILL:Stealth	RANK:10
SKILL:Survival	RANK:9
ABILITY:CATEGORY=FEAT|Combat Casting
ABILITY:CATEGORY=FEAT|Dazzling DisplayM
ABILITY:CATEGORY=FEAT|Deadly StrokeM
ABILITY:CATEGORY=FEAT|Hover
ABILITY:CATEGORY=FEAT|Improved Critical (bite)
ABILITY:CATEGORY=FEAT|Improved InitiativeM
ABILITY:CATEGORY=FEAT|Multiattack
ABILITY:CATEGORY=FEAT|Shatter Defenses
ABILITY:CATEGORY=FEAT|Weapon Focus (bite)M

STARTPACK:Mythic Nalfeshnee Default	TYPE:Default Monster.Outsider	VISIBLE:QUALIFY	EQUIPBUY:0	PREMULT:1,[PRERACE:1,Mythic Nalfeshnee],[!PRERACE:1,%]
ALIGN:CE
RACE:Mythic Nalfeshnee	!PRERACE:1,%
NAME:Mythic Nalfeshnee
STAT:STR=10|DEX=10|CON=10|INT=10|WIS=10|CHA=10
SKILL:Bluff	RANK:15
SKILL:Diplomacy	RANK:15
SKILL:Fly	RANK:7
SKILL:Intimidate	RANK:12
SKILL:Knowledge (Any One Other)	RANK:12
SKILL:Knowledge (Arcana)	RANK:15
SKILL:Knowledge (Planes)	RANK:15
SKILL:Perception	RANK:15
SKILL:Sense Motive	RANK:15
SKILL:Spellcraft	RANK:15
SKILL:Stealth	RANK:7
SKILL:Use Magic Device	RANK:15
ABILITY:CATEGORY=FEAT|Awesome Blow
ABILITY:CATEGORY=FEAT|Cleave
ABILITY:CATEGORY=FEAT|Improved Bull Rush
ABILITY:CATEGORY=FEAT|Improved Critical (bite)M
ABILITY:CATEGORY=FEAT|Improved Critical (claws)
ABILITY:CATEGORY=FEAT|Improved InitiativeM
ABILITY:CATEGORY=FEAT|Iron WillM
ABILITY:CATEGORY=FEAT|Power AttackM

STARTPACK:Mythic Nessian Warhound Default	TYPE:Default Monster.Outsider	VISIBLE:QUALIFY	EQUIPBUY:0	PREMULT:1,[PRERACE:1,Mythic Nessian Warhound],[!PRERACE:1,%]
ALIGN:LE
RACE:Mythic Nessian Warhound	!PRERACE:1,%
NAME:Mythic Nessian Warhound
STAT:STR=10|DEX=10|CON=10|INT=10|WIS=10|CHA=10
SKILL:Acrobatics	RANK:10
SKILL:Perception	RANK:9
SKILL:Sense Motive	RANK:1
SKILL:Stealth	RANK:12
SKILL:Survival	RANK:12
ABILITY:CATEGORY=FEAT|Alertness
ABILITY:CATEGORY=FEAT|Improved Critical (bite)M
ABILITY:CATEGORY=FEAT|Improved Initiative
ABILITY:CATEGORY=FEAT|Skill Focus (Stealth)
ABILITY:CATEGORY=FEAT|Skill Focus (Survival)
ABILITY:CATEGORY=FEAT|Weapon Focus (bite)M

STARTPACK:Mythic Rakshasa Default	TYPE:Default Monster.Outsider	VISIBLE:QUALIFY	EQUIPBUY:0	PREMULT:1,[PRERACE:1,Mythic Rakshasa],[!PRERACE:1,%]
ALIGN:LE
RACE:Mythic Rakshasa	!PRERACE:1,%
NAME:Mythic Rakshasa
STAT:STR=10|DEX=10|CON=10|INT=10|WIS=10|CHA=10
SKILL:Bluff	RANK:10
SKILL:Diplomacy	RANK:10
SKILL:Disguise	RANK:10
SKILL:Perception	RANK:10
SKILL:Perform (any one)	RANK:10
SKILL:Sense Motive	RANK:10
SKILL:Stealth	RANK:10
ABILITY:CATEGORY=FEAT|Combat ExpertiseM
ABILITY:CATEGORY=FEAT|Dodge
ABILITY:CATEGORY=FEAT|Improved Critical (kukri)
ABILITY:CATEGORY=FEAT|Improved InitiativeM
ABILITY:CATEGORY=FEAT|Weapon FinesseM

STARTPACK:Mythic Very Old Green Dragon Default	TYPE:Default Monster.Dragon	VISIBLE:QUALIFY	EQUIPBUY:0	PREMULT:1,[PRERACE:1,Mythic Very Old Green Dragon],[!PRERACE:1,%]
ALIGN:LE
RACE:Mythic Very Old Green Dragon	!PRERACE:1,%
NAME:Mythic Very Old Green Dragon
STAT:STR=10|DEX=10|CON=10|INT=10|WIS=10|CHA=10
SKILL:Fly	RANK:7
SKILL:Knowledge (Arcana)	RANK:21
SKILL:Knowledge (Local)	RANK:21
SKILL:Knowledge (And Naturel)	RANK:21
SKILL:Perception	RANK:21
SKILL:Sense Motive	RANK:1
SKILL:Spellcraft	RANK:21
SKILL:Stealth	RANK:9
SKILL:Survival	RANK:21
SKILL:Swim	RANK:21
SKILL:Use Magic Device	RANK:21
ABILITY:CATEGORY=FEAT|Alertness
ABILITY:CATEGORY=FEAT|Blinding Critical
ABILITY:CATEGORY=FEAT|Cleave
ABILITY:CATEGORY=FEAT|Critical FocusM
ABILITY:CATEGORY=FEAT|Flyby Attack
ABILITY:CATEGORY=FEAT|Great Cleave
ABILITY:CATEGORY=FEAT|Improved Critical (bite)M
ABILITY:CATEGORY=FEAT|Improved Critical (claws)M
ABILITY:CATEGORY=FEAT|Iron WillM
ABILITY:CATEGORY=FEAT|Multiattack
ABILITY:CATEGORY=FEAT|Power Attack

STARTPACK:Mythic Vrock Default	TYPE:Default Monster.Outsider	VISIBLE:QUALIFY	EQUIPBUY:0	PREMULT:1,[PRERACE:1,Mythic Vrock],[!PRERACE:1,%]
ALIGN:CE
RACE:Mythic Vrock	!PRERACE:1,%
NAME:Mythic Vrock
STAT:STR=10|DEX=10|CON=10|INT=10|WIS=10|CHA=10
SKILL:Fly	RANK:7
SKILL:Intimidate	RANK:9
SKILL:Knowledge (Planes)	RANK:9
SKILL:Perception	RANK:9
SKILL:Sense Motive	RANK:9
SKILL:Spellcraft	RANK:9
SKILL:Stealth	RANK:5
SKILL:Survival	RANK:9
ABILITY:CATEGORY=FEAT|CleaveM
ABILITY:CATEGORY=FEAT|Combat ReflexesM
ABILITY:CATEGORY=FEAT|Improved Initiative
ABILITY:CATEGORY=FEAT|Lightning Reflexes
ABILITY:CATEGORY=FEAT|Power Attack
ABILITY:CATEGORY=FEAT|Stand Still

STARTPACK:Mythic Winter Wolf Default	TYPE:Default Monster.Magical Beast	VISIBLE:QUALIFY	EQUIPBUY:0	PREMULT:1,[PRERACE:1,Mythic Winter Wolf],[!PRERACE:1,%]
ALIGN:NE
RACE:Mythic Winter Wolf	!PRERACE:1,%
NAME:Mythic Winter Wolf
STAT:STR=10|DEX=10|CON=10|INT=10|WIS=10|CHA=10
SKILL:Perception	RANK:6
SKILL:Stealth	RANK:1
SKILL:Survival	RANK:1
ABILITY:CATEGORY=FEAT|Improved Initiative
ABILITY:CATEGORY=FEAT|Run
ABILITY:CATEGORY=FEAT|Skill Focus (Perception)M

STARTPACK:Mythic Wyrm Red Dragon Default	TYPE:Default Monster.Dragon	VISIBLE:QUALIFY	EQUIPBUY:0	PREMULT:1,[PRERACE:1,Mythic Wyrm Red Dragon],[!PRERACE:1,%]
ALIGN:CE
RACE:Mythic Wyrm Red Dragon	!PRERACE:1,%
NAME:Mythic Wyrm Red Dragon
STAT:STR=10|DEX=10|CON=10|INT=10|WIS=10|CHA=10
SKILL:Appraise	RANK:27
SKILL:Bluff	RANK:27
SKILL:Diplomacy	RANK:27
SKILL:Fly	RANK:13
SKILL:Intimidate	RANK:27
SKILL:Knowledge (Arcana)	RANK:27
SKILL:Knowledge (History)	RANK:27
SKILL:Perception	RANK:27
SKILL:Sense Motive	RANK:27
SKILL:Spellcraft	RANK:27
SKILL:Stealth	RANK:15
ABILITY:CATEGORY=FEAT|Cleave
ABILITY:CATEGORY=FEAT|Critical FocusM
ABILITY:CATEGORY=FEAT|Greater Vital Strike
ABILITY:CATEGORY=FEAT|Improved Critical (bite)M
ABILITY:CATEGORY=FEAT|Improved Critical (claws)
ABILITY:CATEGORY=FEAT|Improved InitiativeM
ABILITY:CATEGORY=FEAT|Improved Iron Will
ABILITY:CATEGORY=FEAT|Improved Vital Strike
ABILITY:CATEGORY=FEAT|Iron WillM
ABILITY:CATEGORY=FEAT|Multiattack
ABILITY:CATEGORY=FEAT|Power AttackM
ABILITY:CATEGORY=FEAT|Quicken Spell
ABILITY:CATEGORY=FEAT|Staggering Critical
ABILITY:CATEGORY=FEAT|Vital Strike

STARTPACK:Mythic Young Red Dragon Default	TYPE:Default Monster.Dragon	VISIBLE:QUALIFY	EQUIPBUY:0	PREMULT:1,[PRERACE:1,Mythic Young Red Dragon],[!PRERACE:1,%]
ALIGN:CE
RACE:Mythic Young Red Dragon	!PRERACE:1,%
NAME:Mythic Young Red Dragon
STAT:STR=10|DEX=10|CON=10|INT=10|WIS=10|CHA=10
SKILL:Appraise	RANK:11
SKILL:Bluff	RANK:11
SKILL:Fly	RANK:5
SKILL:Intimidate	RANK:11
SKILL:Perception	RANK:11
SKILL:Sense Motive	RANK:11
SKILL:Stealth	RANK:7
ABILITY:CATEGORY=FEAT|Cleave
ABILITY:CATEGORY=FEAT|Improved InitiativeM
ABILITY:CATEGORY=FEAT|Improved Vital Strike
ABILITY:CATEGORY=FEAT|Iron WillM
ABILITY:CATEGORY=FEAT|Power AttackM
ABILITY:CATEGORY=FEAT|Vital Strike

STARTPACK:The First Owlbear Default	TYPE:Default Monster.Magical Beast	VISIBLE:QUALIFY	EQUIPBUY:0	PREMULT:1,[PRERACE:1,The First Owlbear],[!PRERACE:1,%]
ALIGN:TN
RACE:The First Owlbear	!PRERACE:1,%
NAME:The First Owlbear
STAT:STR=10|DEX=10|CON=10|INT=10|WIS=10|CHA=10
SKILL:Fly	RANK:1
SKILL:Perception	RANK:10
ABILITY:CATEGORY=FEAT|Great Fortitude
ABILITY:CATEGORY=FEAT|Improved InitiativeM
ABILITY:CATEGORY=FEAT|Iron WillM
ABILITY:CATEGORY=FEAT|Skill Focus (Perception)
ABILITY:CATEGORY=FEAT|Weapon Focus (claws)

