SOURCELONG:Pathfinder Adventure Path #39	SOURCESHORT:AP39	SOURCEWEB:http://paizo.com	SOURCEDATE:2010-01

STARTPACK:Camulatz Default	TYPE:Default Monster.Magical Beast	VISIBLE:QUALIFY	EQUIPBUY:0	PREMULT:1,[PRERACE:1,Camulatz],[!PRERACE:1,%]
ALIGN:CE
RACE:Camulatz	!PRERACE:1,%
NAME:Camulatz
STAT:STR=10|DEX=10|CON=10|INT=10|WIS=10|CHA=10
SKILL:Bluff	RANK:1
SKILL:Fly	RANK:1
SKILL:Perception	RANK:9
ABILITY:CATEGORY=FEAT|Bleeding Critical
ABILITY:CATEGORY=FEAT|Critical Focus
ABILITY:CATEGORY=FEAT|Flyby Attack
ABILITY:CATEGORY=FEAT|Improved Critical (bite)
ABILITY:CATEGORY=FEAT|Improved Natural Attack (bite)
ABILITY:CATEGORY=FEAT|Skill Focus (Perception)

STARTPACK:Megapiranha Swarm Default	TYPE:Default Monster.Animal	VISIBLE:QUALIFY	EQUIPBUY:0	PREMULT:1,[PRERACE:1,Megapiranha Swarm],[!PRERACE:1,%]
ALIGN:TN
RACE:Megapiranha Swarm	!PRERACE:1,%
NAME:Megapiranha Swarm
STAT:STR=10|DEX=10|CON=10|INT=10|WIS=10|CHA=10
SKILL:Perception	RANK:2
SKILL:Stealth	RANK:9
SKILL:Swim	RANK:9
ABILITY:CATEGORY=FEAT|Improved Initiative
ABILITY:CATEGORY=FEAT|Lightning Reflexes
ABILITY:CATEGORY=FEAT|Skill Focus (Stealth)
ABILITY:CATEGORY=FEAT|Step Up
ABILITY:CATEGORY=FEAT|Toughness

STARTPACK:Tribal Totem Default	TYPE:Default Monster.Construct	VISIBLE:QUALIFY	EQUIPBUY:0	PREMULT:1,[PRERACE:1,Tribal Totem],[!PRERACE:1,%]
ALIGN:TN
RACE:Tribal Totem	!PRERACE:1,%
NAME:Tribal Totem
STAT:STR=10|DEX=10|WIS=10|CHA=10

STARTPACK:Umasi Default	TYPE:Default Monster.Monstrous Humanoid	VISIBLE:QUALIFY	EQUIPBUY:0	PREMULT:1,[PRERACE:1,Umasi],[!PRERACE:1,%]
ALIGN:CN
RACE:Umasi	!PRERACE:1,%
NAME:Umasi
STAT:STR=10|DEX=10|CON=10|INT=10|WIS=10|CHA=10
SKILL:Heal	RANK:5
SKILL:Intimidate	RANK:4
SKILL:Perception	RANK:5
SKILL:Stealth	RANK:5
SKILL:Survival	RANK:4
ABILITY:CATEGORY=FEAT|Great Fortitude
ABILITY:CATEGORY=FEAT|Improved Initiative
ABILITY:CATEGORY=FEAT|Multiweapon Fighting

STARTPACK:Vireseed Swarm Default	TYPE:Default Monster.Plant	VISIBLE:QUALIFY	EQUIPBUY:0	PREMULT:1,[PRERACE:1,Vireseed Swarm],[!PRERACE:1,%]
ALIGN:TN
RACE:Vireseed Swarm	!PRERACE:1,%
NAME:Vireseed Swarm
STAT:STR=10|DEX=10|CON=10|WIS=10|CHA=10
SKILL:Climb	RANK:5
SKILL:Fly	RANK:5
SKILL:Perception	RANK:1

