SOURCELONG:Pathfinder Adventure Path #39	SOURCESHORT:AP39	SOURCEWEB:http://paizo.com	SOURCEDATE:2010-01

Camulatz	KEY:Camulatz	STARTFEATS:1	SIZE:L	MOVE:Walk,10,Fly,80	REACH:5	BONUS:STAT|STR|13	BONUS:STAT|DEX|7	BONUS:STAT|CON|8	BONUS:STAT|INT|-2	BONUS:STAT|WIS|5	BONUS:STAT|CHA|4	BONUS:VAR|AC_Natural_Armor|10|TYPE=Base	BONUS:VAR|DarkvisionRange|60|TYPE=Base	BONUS:VAR|HasLowlightVision|1|TYPE=Base	BONUS:VAR|Maneuverability|3	ABILITY:Internal|AUTOMATIC|Racial Traits ~ Camulatz	LEGS:4	HANDS:0	NATURALATTACKS:Bite,Weapon.Natural.Weapon Group Natural.Melee.Finesseable.Bludgeoning.Piercing.Slashing,*1,2d6,SPROP=plus 2d6 bleed|Talons,Weapon.Natural.Weapon Group Natural.Melee.Finesseable.Slashing,*2,1d6	MONSTERCLASS:Magical Beast:12	RACETYPE:Magical Beast	TYPE:Magical Beast	CR:9	KIT:1|CE	AUTO:LANG|Abyssal|Auran	FACT:BaseSize|L
Megapiranha Swarm	KEY:Megapiranha Swarm	STARTFEATS:1	SIZE:T	MOVE:Swim,40	REACH:0	BONUS:STAT|STR|2	BONUS:STAT|DEX|5	BONUS:STAT|CON|7	BONUS:STAT|INT|-9	BONUS:STAT|WIS|2	BONUS:STAT|CHA|-8	BONUS:VAR|AC_Natural_Armor|3|TYPE=Base	BONUS:VAR|BlindsenseRange|30|TYPE=Base	ABILITY:Internal|AUTOMATIC|Racial Traits ~ Megapiranha Swarm	LEGS:4	HANDS:0	MONSTERCLASS:Animal:9	RACETYPE:Animal	RACESUBTYPE:Aquatic|Swarm	TYPE:Animal	CR:6	KIT:1|TN	FACT:BaseSize|T
Tribal Totem	KEY:Tribal Totem	SIZE:M	MOVE:Walk,20	REACH:5	BONUS:STAT|STR|7	BONUS:STAT|DEX|4	BONUS:STAT|WIS|3	BONUS:STAT|CHA|4	BONUS:VAR|AC_Natural_Armor|7|TYPE=Base	BONUS:VAR|DarkvisionRange|60|TYPE=Base	BONUS:VAR|HasLowlightVision|1|TYPE=Base	ABILITY:Internal|AUTOMATIC|Racial Traits ~ Tribal Totem	LEGS:2	HANDS:2	NATURALATTACKS:Slam,Weapon.Natural.Weapon Group Natural.Melee.Finesseable.Bludgeoning,*2,1d10	DEFINESTAT:NONSTAT|CON	DEFINESTAT:NONSTAT|INT	DR:5/slashing	MONSTERCLASS:Construct:9	RACETYPE:Construct	TYPE:Construct	CR:6	KIT:1|TN	FACT:BaseSize|M
Umasi	KEY:Umasi	STARTFEATS:1	SIZE:M	MOVE:Walk,40	REACH:5	BONUS:STAT|STR|8	BONUS:STAT|DEX|5	BONUS:STAT|CON|7	BONUS:STAT|WIS|3	BONUS:STAT|CHA|-2	BONUS:VAR|AC_Natural_Armor|6|TYPE=Base	BONUS:VAR|DarkvisionRange|60|TYPE=Base	ABILITY:Internal|AUTOMATIC|Racial Traits ~ Umasi	LEGS:2	HANDS:2	MONSTERCLASS:Monstrous Humanoid:5	RACETYPE:Monstrous Humanoid	TYPE:Monstrous Humanoid	CR:4	KIT:1|CN	AUTO:LANG|Polyglot	FACT:BaseSize|M
Vireseed Swarm	KEY:Vireseed Swarm	SIZE:F	MOVE:Walk,5,Fly,30	REACH:0	BONUS:STAT|STR|-9	BONUS:STAT|DEX|3	BONUS:STAT|CON|8	BONUS:STAT|CHA|3	BONUS:VAR|BlindsenseRange|60|TYPE=Base	BONUS:VAR|Maneuverability|5	ABILITY:Internal|AUTOMATIC|Racial Traits ~ Vireseed Swarm	LEGS:0	HANDS:0	DEFINESTAT:NONSTAT|INT	MONSTERCLASS:Plant:7	RACETYPE:Plant	RACESUBTYPE:Swarm	TYPE:Plant	CR:5	KIT:1|TN	FACT:BaseSize|F
