SOURCELONG:Osirion, Legacy of Pharaohs	SOURCESHORT:OLoP	SOURCEWEB:http://paizo.com/products/btpy93n8	SOURCEDATE:2014-02

STARTPACK:Asp Default	TYPE:Default Monster.Animal	VISIBLE:QUALIFY	EQUIPBUY:0	PREMULT:1,[PRERACE:1,Asp],[!PRERACE:1,%]
ALIGN:TN
RACE:Asp	!PRERACE:1,%
NAME:Asp
STAT:STR=10|DEX=10|CON=10|INT=10|WIS=10|CHA=10
SKILL:Acrobatics	RANK:3
SKILL:Climb	RANK:3
SKILL:Perception	RANK:3
SKILL:Stealth	RANK:3
SKILL:Swim	RANK:3
ABILITY:CATEGORY=FEAT|Improved Initiative
ABILITY:CATEGORY=FEAT|Skill Focus (Stealth)
ABILITY:CATEGORY=FEAT|Weapon Finesse

STARTPACK:Desert Hermit Default	TYPE:Default Monster.Humanoid	VISIBLE:QUALIFY	EQUIPBUY:0	PREMULT:1,[PRERACE:1,Desert Hermit],[!PRERACE:1,%]
ALIGN:TN
RACE:Desert Hermit	!PRERACE:1,%
NAME:Desert Hermit
STAT:STR=10|DEX=10|CON=10|INT=10|WIS=10|CHA=10
SKILL:Fly	RANK:9
SKILL:Knowledge (Nature)	RANK:9
SKILL:Perception	RANK:9
SKILL:Stealth	RANK:6
SKILL:Survival	RANK:9
ABILITY:CATEGORY=FEAT|Combat Casting
ABILITY:CATEGORY=FEAT|Dodge
ABILITY:CATEGORY=FEAT|Iron Will
ABILITY:CATEGORY=FEAT|Natural Spell
ABILITY:CATEGORY=FEAT|Spell Focus (transmutation)
ABILITY:CATEGORY=FEAT|Toughness

STARTPACK:Hetkoshu Default	TYPE:Default Monster.Animal	VISIBLE:QUALIFY	EQUIPBUY:0	PREMULT:1,[PRERACE:1,Hetkoshu],[!PRERACE:1,%]
ALIGN:TN
RACE:Hetkoshu	!PRERACE:1,%
NAME:Hetkoshu
STAT:STR=10|DEX=10|CON=10|INT=10|WIS=10|CHA=10
SKILL:Perception	RANK:8
SKILL:Stealth	RANK:8
SKILL:Swim	RANK:5
ABILITY:CATEGORY=FEAT|Improved Critical (bite)
ABILITY:CATEGORY=FEAT|Improved Initiative
ABILITY:CATEGORY=FEAT|Iron Will
ABILITY:CATEGORY=FEAT|Power Attack
ABILITY:CATEGORY=FEAT|Run
ABILITY:CATEGORY=FEAT|Skill Focus (Perception)
ABILITY:CATEGORY=FEAT|Skill Focus (Stealth)
ABILITY:CATEGORY=FEAT|Weapon Focus (bite)

STARTPACK:Jackal Default	TYPE:Default Monster.Animal	VISIBLE:QUALIFY	EQUIPBUY:0	PREMULT:1,[PRERACE:1,Jackal],[!PRERACE:1,%]
ALIGN:TN
RACE:Jackal	!PRERACE:1,%
NAME:Jackal
STAT:STR=10|DEX=10|CON=10|INT=10|WIS=10|CHA=10
SKILL:Bluff	RANK:1
SKILL:Perception	RANK:1
SKILL:Survival	RANK:1
ABILITY:CATEGORY=FEAT|Toughness

STARTPACK:Living Mirage Default	TYPE:Default Monster.Ooze	VISIBLE:QUALIFY	EQUIPBUY:0	PREMULT:1,[PRERACE:1,Living Mirage],[!PRERACE:1,%]
ALIGN:TN
RACE:Living Mirage	!PRERACE:1,%
NAME:Living Mirage
STAT:DEX=10|CON=10|WIS=10|CHA=10
SKILL:Fly	RANK:1

STARTPACK:Osirionologist Default	TYPE:Default Monster.Humanoid	VISIBLE:QUALIFY	EQUIPBUY:0	PREMULT:1,[PRERACE:1,Osirionologist],[!PRERACE:1,%]
ALIGN:TN
RACE:Osirionologist	!PRERACE:1,%
NAME:Osirionologist
STAT:STR=10|DEX=10|CON=10|INT=10|WIS=10|CHA=10
SKILL:Acrobatics	RANK:8
SKILL:Appraise	RANK:2
SKILL:Climb	RANK:8
SKILL:Disable Device	RANK:8
SKILL:Knowledge (Arcana)	RANK:8
SKILL:Knowledge (Dungeoneering)	RANK:8
SKILL:Knowledge (History)	RANK:8
SKILL:Knowledge (Religion)	RANK:8
SKILL:Linguistics	RANK:2
SKILL:Perception	RANK:8
SKILL:Spellcraft	RANK:4
ABILITY:CATEGORY=FEAT|Combat Casting
ABILITY:CATEGORY=FEAT|Dodge
ABILITY:CATEGORY=FEAT|Great Fortitude
ABILITY:CATEGORY=FEAT|Toughness
ABILITY:CATEGORY=FEAT|Weapon Finesse
ABILITY:CATEGORY=FEAT|Weapon Focus (rapier)

STARTPACK:Ostrich Default	TYPE:Default Monster.Animal	VISIBLE:QUALIFY	EQUIPBUY:0	PREMULT:1,[PRERACE:1,Ostrich],[!PRERACE:1,%]
ALIGN:TN
RACE:Ostrich	!PRERACE:1,%
NAME:Ostrich
STAT:STR=10|DEX=10|CON=10|INT=10|WIS=10|CHA=10
SKILL:Acrobatics	RANK:1
SKILL:Perception	RANK:2
ABILITY:CATEGORY=FEAT|Endurance
ABILITY:CATEGORY=FEAT|Run
ABILITY:CATEGORY=FEAT|Skill Focus (Perception)

STARTPACK:Pharaonic Guardian Default	TYPE:Default Monster.Undead	VISIBLE:QUALIFY	EQUIPBUY:0	PREMULT:1,[PRERACE:1,Pharaonic Guardian],[!PRERACE:1,%]
ALIGN:LE
RACE:Pharaonic Guardian	!PRERACE:1,%
NAME:Pharaonic Guardian
STAT:DEX=10|INT=10|WIS=10|CHA=10
SKILL:Fly	RANK:3
SKILL:Intimidate	RANK:15
SKILL:Knowledge (History)	RANK:12
SKILL:Knowledge (Religion)	RANK:15
SKILL:Perception	RANK:15
SKILL:Sense Motive	RANK:15
ABILITY:CATEGORY=FEAT|Combat Expertise
ABILITY:CATEGORY=FEAT|Combat Reflexes
ABILITY:CATEGORY=FEAT|Improved Critical (longsword)
ABILITY:CATEGORY=FEAT|Improved Vital Strike
ABILITY:CATEGORY=FEAT|Stand Still
ABILITY:CATEGORY=FEAT|Step Up
ABILITY:CATEGORY=FEAT|Vital Strike
ABILITY:CATEGORY=FEAT|Weapon Focus (longsword)

STARTPACK:Risen Guard Default	TYPE:Default Monster.Humanoid	VISIBLE:QUALIFY	EQUIPBUY:0	PREMULT:1,[PRERACE:1,Risen Guard],[!PRERACE:1,%]
ALIGN:LN
RACE:Risen Guard	!PRERACE:1,%
NAME:Risen Guard
STAT:STR=10|DEX=10|CON=10|INT=10|WIS=10|CHA=10
SKILL:Heal	RANK:3
SKILL:Intimidate	RANK:6
SKILL:Knowledge (Local)	RANK:3
SKILL:Perception	RANK:3
SKILL:Sense Motive	RANK:3
ABILITY:CATEGORY=FEAT|BodyguardAPG
ABILITY:CATEGORY=FEAT|Combat Expertise
ABILITY:CATEGORY=FEAT|Combat Reflexes
ABILITY:CATEGORY=FEAT|Exotic Weapon Proficiency (khopesh)
ABILITY:CATEGORY=FEAT|Greater Trip
ABILITY:CATEGORY=FEAT|Improved Trip
ABILITY:CATEGORY=FEAT|In Harm's WayAPG
ABILITY:CATEGORY=FEAT|Iron Will

STARTPACK:River Cleric Default	TYPE:Default Monster.Humanoid	VISIBLE:QUALIFY	EQUIPBUY:0	PREMULT:1,[PRERACE:1,River Cleric],[!PRERACE:1,%]
ALIGN:LG
RACE:River Cleric	!PRERACE:1,%
NAME:River Cleric
STAT:STR=10|DEX=10|CON=10|INT=10|WIS=10|CHA=10
SKILL:Knowledge (Local)	RANK:1
SKILL:Knowledge (Religion)	RANK:1
SKILL:Perception	RANK:1
SKILL:Profession (sailor)	RANK:4
SKILL:Sense Motive	RANK:4
SKILL:Survival	RANK:4
SKILL:Swim	RANK:1
ABILITY:CATEGORY=FEAT|Alertness
ABILITY:CATEGORY=FEAT|Skill Focus (Survival)
ABILITY:CATEGORY=FEAT|Toughness

STARTPACK:Sphinx Colossus Default	TYPE:Default Monster.Construct	VISIBLE:QUALIFY	EQUIPBUY:0	PREMULT:1,[PRERACE:1,Sphinx Colossus],[!PRERACE:1,%]
ALIGN:TN
RACE:Sphinx Colossus	!PRERACE:1,%
NAME:Sphinx Colossus
STAT:STR=10|DEX=10|INT=10|WIS=10|CHA=10
SKILL:Knowledge (Arcana)	RANK:6
SKILL:Knowledge (Religion)	RANK:6
SKILL:Perception	RANK:8
SKILL:Sense Motive	RANK:8
ABILITY:CATEGORY=FEAT|AlertnessM
ABILITY:CATEGORY=FEAT|Cleave
ABILITY:CATEGORY=FEAT|Great Cleave
ABILITY:CATEGORY=FEAT|Improved Initiative
ABILITY:CATEGORY=FEAT|Improved Vital Strike
ABILITY:CATEGORY=FEAT|Iron Will
ABILITY:CATEGORY=FEAT|Lightning Reflexes
ABILITY:CATEGORY=FEAT|Power AttackM
ABILITY:CATEGORY=FEAT|Vital Strike

STARTPACK:Uraeus Default	TYPE:Default Monster.Magical Beast	VISIBLE:QUALIFY	EQUIPBUY:0	PREMULT:1,[PRERACE:1,Uraeus],[!PRERACE:1,%]
ALIGN:LG
RACE:Uraeus	!PRERACE:1,%
NAME:Uraeus
STAT:STR=10|DEX=10|CON=10|INT=10|WIS=10|CHA=10
SKILL:Acrobatics	RANK:7
SKILL:Climb	RANK:7
SKILL:Fly	RANK:5
SKILL:Knowledge (Religion)	RANK:1
SKILL:Perception	RANK:7
SKILL:Sense Motive	RANK:4
SKILL:Stealth	RANK:3
SKILL:Swim	RANK:7
ABILITY:CATEGORY=FEAT|Acrobatic
ABILITY:CATEGORY=FEAT|Combat Expertise
ABILITY:CATEGORY=FEAT|Flyby Attack
ABILITY:CATEGORY=FEAT|Improved Initiative

