SOURCELONG:Pathfinder Adventure Path #88	SOURCESHORT:AP88	SOURCEWEB:http://paizo.com	SOURCEDATE:2010-01

STARTPACK:Reclamation Robot Default	TYPE:Default Monster.Construct	VISIBLE:QUALIFY	EQUIPBUY:0	PREMULT:1,[PRERACE:1,Reclamation Robot],[!PRERACE:1,%]
ALIGN:TN
RACE:Reclamation Robot	!PRERACE:1,%
NAME:Reclamation Robot
STAT:STR=10|DEX=10|INT=10|WIS=10|CHA=10
SKILL:Climb	RANK:16
SKILL:Disable Device	RANK:13
SKILL:Knowledge (Engineering)	RANK:16
SKILL:Perception	RANK:13
ABILITY:CATEGORY=FEAT|Blinding Critical
ABILITY:CATEGORY=FEAT|Critical Focus
ABILITY:CATEGORY=FEAT|Great Fortitude
ABILITY:CATEGORY=FEAT|Greater Sunder
ABILITY:CATEGORY=FEAT|Improved Critical (claws)
ABILITY:CATEGORY=FEAT|Improved Initiative
ABILITY:CATEGORY=FEAT|Improved Sunder
ABILITY:CATEGORY=FEAT|Power Attack
ABILITY:CATEGORY=FEAT|Technologist

STARTPACK:Shipmind Default	TYPE:Default Monster.Ooze	VISIBLE:QUALIFY	EQUIPBUY:0	PREMULT:1,[PRERACE:1,Shipmind],[!PRERACE:1,%]
ALIGN:CE
RACE:Shipmind	!PRERACE:1,%
NAME:Shipmind
STAT:STR=10|DEX=10|CON=10|INT=10|WIS=10|CHA=10
SKILL:Knowledge (Engineering)	RANK:11
SKILL:Knowledge (Geography)	RANK:11
SKILL:Knowledge (Nature)	RANK:11
SKILL:Knowledge (Planes)	RANK:11
SKILL:Knowledge (Religion)	RANK:11
SKILL:Perception	RANK:11
SKILL:Sense Motive	RANK:11
ABILITY:CATEGORY=FEAT|Combat Casting
ABILITY:CATEGORY=FEAT|Combat Reflexes
ABILITY:CATEGORY=FEAT|Improved Critical (plasma bolt)
ABILITY:CATEGORY=FEAT|Improved Initiative
ABILITY:CATEGORY=FEAT|Iron Will
ABILITY:CATEGORY=FEAT|Power Attack
ABILITY:CATEGORY=FEAT|Quicken Spell-Like Ability (touch of idiocy)

STARTPACK:Ugothokra Default	TYPE:Default Monster.Aberration	VISIBLE:QUALIFY	EQUIPBUY:0	PREMULT:1,[PRERACE:1,Ugothokra],[!PRERACE:1,%]
ALIGN:CE
RACE:Ugothokra	!PRERACE:1,%
NAME:Ugothokra
STAT:STR=10|DEX=10|CON=10|INT=10|WIS=10|CHA=10
SKILL:Acrobatics	RANK:10
SKILL:Climb	RANK:10
SKILL:Perception	RANK:10
SKILL:Stealth	RANK:10
ABILITY:CATEGORY=FEAT|Dodge
ABILITY:CATEGORY=FEAT|Improved Initiative
ABILITY:CATEGORY=FEAT|Mobility
ABILITY:CATEGORY=FEAT|Point-Blank Shot
ABILITY:CATEGORY=FEAT|Shot on the Run

STARTPACK:Yah-Thelgaad Default	TYPE:Default Monster.Aberration	VISIBLE:QUALIFY	EQUIPBUY:0	PREMULT:1,[PRERACE:1,Yah-Thelgaad],[!PRERACE:1,%]
ALIGN:CE
RACE:Yah-Thelgaad	!PRERACE:1,%
NAME:Yah-Thelgaad
STAT:STR=10|DEX=10|CON=10|INT=10|WIS=10|CHA=10
SKILL:Bluff	RANK:13
SKILL:Diplomacy	RANK:5
SKILL:Fly	RANK:14
SKILL:Intimidate	RANK:16
SKILL:Knowledge (Arcana)	RANK:16
SKILL:Knowledge (Engineering)	RANK:16
SKILL:Knowledge (Geography)	RANK:16
SKILL:Knowledge (Planes)	RANK:16
SKILL:Perception	RANK:16
SKILL:Spellcraft	RANK:16
SKILL:Use Magic Device	RANK:13
ABILITY:CATEGORY=FEAT|Arcane Strike
ABILITY:CATEGORY=FEAT|Combat Casting
ABILITY:CATEGORY=FEAT|Combat Expertise
ABILITY:CATEGORY=FEAT|Eschew Materials
ABILITY:CATEGORY=FEAT|Greater Spell Focus (necromancy)
ABILITY:CATEGORY=FEAT|Improved Initiative
ABILITY:CATEGORY=FEAT|Lightning Reflexes
ABILITY:CATEGORY=FEAT|Spell Focus (necromancy)
ABILITY:CATEGORY=FEAT|Vital Strike

