SOURCELONG:Pathfinder Adventure Path #74	SOURCESHORT:AP74	SOURCEWEB:http://paizo.com	SOURCEDATE:2010-01

Demon Lord, Shax	KEY:Demon Lord, Shax	STARTFEATS:1	SIZE:M	MOVE:Walk,50	REACH:5	BONUS:COMBAT|AC|14|TYPE=Deflection	BONUS:STAT|STR|20	BONUS:STAT|DEX|29	BONUS:STAT|CON|30	BONUS:STAT|INT|20	BONUS:STAT|WIS|21	BONUS:STAT|CHA|21	BONUS:VAR|AC_Natural_Armor|8|TYPE=Base	BONUS:VAR|DarkvisionRange|60|TYPE=Base	ABILITY:Internal|AUTOMATIC|Racial Traits ~ Demon Lord, Shax	LEGS:2	HANDS:2	SR:39	MONSTERCLASS:Outsider (Fort/Ref):33	RACETYPE:Outsider	RACESUBTYPE:Chaotic|Demon|Evil|Extraplanar	TYPE:Outsider	CR:28	KIT:1|CE	AUTO:LANG|Abyssal|Celestial|Common|Draconic; telepathy 300 ft.	FACT:BaseSize|M
Man-Eating Aurochs	KEY:Man-Eating Aurochs	STARTFEATS:1	SIZE:L	MOVE:Walk,40	REACH:5	BONUS:STAT|STR|13	BONUS:STAT|CON|11	BONUS:STAT|INT|-6	BONUS:STAT|WIS|5	BONUS:STAT|CHA|-2	BONUS:VAR|AC_Natural_Armor|6|TYPE=Base	BONUS:VAR|DarkvisionRange|60|TYPE=Base	BONUS:VAR|HasLowlightVision|1|TYPE=Base	ABILITY:Internal|AUTOMATIC|Racial Traits ~ Man-Eating Aurochs	LEGS:4	HANDS:0	NATURALATTACKS:Bite,Weapon.Natural.Weapon Group Natural.Melee.Finesseable.Bludgeoning.Piercing.Slashing,*1,1d8|Gore,Weapon.Natural.Weapon Group Natural.Melee.Finesseable.Piercing,*1,1d8	DR:5/slashing	MONSTERCLASS:Magical Beast:3	RACETYPE:Magical Beast	TYPE:Magical Beast	CR:3	KIT:1|CE	AUTO:LANG|Abyssal|Common (can't speak)	FACT:BaseSize|L
Thoxel	KEY:Thoxel	STARTFEATS:1	SIZE:M	MOVE:Walk,20	REACH:5	BONUS:STAT|STR|9	BONUS:STAT|DEX|5	BONUS:STAT|CON|7	BONUS:STAT|INT|-2	BONUS:STAT|CHA|4	BONUS:VAR|AC_Natural_Armor|8|TYPE=Base	BONUS:VAR|DarkvisionRange|60|TYPE=Base	ABILITY:Internal|AUTOMATIC|Racial Traits ~ Thoxel	LEGS:2	HANDS:2	MONSTERCLASS:Outsider (Fort/Ref):6	RACETYPE:Outsider	RACESUBTYPE:Chaotic|Demon|Evil|Extraplanar	TYPE:Outsider	CR:5	KIT:1|CE	AUTO:LANG|Abyssal|Celestial|Common|Draconic; telepathy 100 ft.	FACT:BaseSize|M
Vescavor Queen	KEY:Vescavor Queen	STARTFEATS:1	SIZE:L	MOVE:Walk,20,Fly,50	REACH:5	BONUS:COMBAT|AC|1|TYPE=Deflection	BONUS:STAT|STR|7	BONUS:STAT|DEX|6	BONUS:STAT|CON|8	BONUS:STAT|INT|1	BONUS:STAT|WIS|4	BONUS:STAT|CHA|3	BONUS:VAR|AC_Natural_Armor|9|TYPE=Base	BONUS:VAR|DarkvisionRange|60|TYPE=Base	BONUS:VAR|Maneuverability|4	ABILITY:Internal|AUTOMATIC|Racial Traits ~ Vescavor Queen	LEGS:2	HANDS:2	NATURALATTACKS:Bite,Weapon.Natural.Weapon Group Natural.Melee.Finesseable.Bludgeoning.Piercing.Slashing,*1,1d8,SPROP=plus 3d6 acid|Claw,Weapon.Natural.Weapon Group Natural.Melee.Finesseable.Slashing,*2,1d6	SR:20	MONSTERCLASS:Outsider (Ref/Will):12	RACETYPE:Outsider	RACESUBTYPE:Chaotic|Evil|Extraplanar	TYPE:Outsider	CR:9	KIT:1|CE	AUTO:LANG|Abyssal	FACT:BaseSize|L
