

###Block: Monster Racial Traits (auto-generated)

Racial Traits ~ Aeon, Synesis	CATEGORY:Internal	ABILITY:Special Ability|AUTOMATIC|Immunity to Cold|Immunity to Poison
Racial Traits ~ Alghollthu, Omnipath	CATEGORY:Internal	ABILITY:Special Ability|AUTOMATIC|Immunity to Electricity|Immunity to Mind-Affecting Effects|Can't Be Tripped
Racial Traits ~ Animus Shade, Medusa Animus Shade	CATEGORY:Internal
Racial Traits ~ Asura, Vayuphak	CATEGORY:Internal	ABILITY:Special Ability|AUTOMATIC|Immunity to Disease|Immunity to Poison
Racial Traits ~ Baku Dreamweaver	CATEGORY:Internal	ABILITY:Special Ability|AUTOMATIC|Immunity to Mind-Affecting Effects|Immunity to Sleep
Racial Traits ~ Caulborn, Caulborn Thoughtkeeper	CATEGORY:Internal
Racial Traits ~ Cerebric Cyst	CATEGORY:Internal	ABILITY:Special Ability|AUTOMATIC|Can't Be Tripped
Racial Traits ~ Chyzaedu	CATEGORY:Internal	ABILITY:Special Ability|AUTOMATIC|Immunity to Acid|Grab|Can't Be Tripped
Racial Traits ~ Contemplative, Enlightened Contemplative	CATEGORY:Internal
Racial Traits ~ Dark Folk, Dark Empath	CATEGORY:Internal	ABILITY:Special Ability|AUTOMATIC|See in Darkness|Poison
Racial Traits ~ Demon, Painajai	CATEGORY:Internal	ABILITY:Special Ability|AUTOMATIC|Immunity to Electricity|Immunity to Poison|Immunity to Sleep
Racial Traits ~ Devil, Mnemor	CATEGORY:Internal	ABILITY:Special Ability|AUTOMATIC|Immunity to Fire|Immunity to Poison|See in Darkness
Racial Traits ~ Dragon (Other), Prism Dragon	CATEGORY:Internal	ABILITY:Special Ability|AUTOMATIC|Immunity to Acid|Immunity to Electricity|Immunity to Paralysis|Immunity to Sleep
Racial Traits ~ Duergar, Duergar Tyrant	CATEGORY:Internal	ABILITY:Special Ability|AUTOMATIC|Immunity to Paralysis|Immunity to Poison
Racial Traits ~ Echohusk, Bugbear Echohusk	CATEGORY:Internal
Racial Traits ~ Egophage	CATEGORY:Internal	ABILITY:Special Ability|AUTOMATIC|Immunity to Fire|Immunity to Mind-Affecting Effects|Can't Be Tripped
Racial Traits ~ Fear Eater	CATEGORY:Internal	ABILITY:Special Ability|AUTOMATIC|Immunity to Disease|Immunity to Fear
Racial Traits ~ Feargaunt	CATEGORY:Internal	ABILITY:Special Ability|AUTOMATIC|Incorporeal
Racial Traits ~ Hag, Dreamthief Hag	CATEGORY:Internal	ABILITY:Special Ability|AUTOMATIC|Immunity to Cold|Immunity to Fire|Immunity to Mind-Affecting Effects
Racial Traits ~ Hive Mind Beetle Swarm	CATEGORY:Internal	ABILITY:Special Ability|AUTOMATIC|Immunity to Electricity
Racial Traits ~ Kyton, Cantor	CATEGORY:Internal	ABILITY:Special Ability|AUTOMATIC|Immunity to Cold|Grab
Racial Traits ~ Liavaran Dreamer	CATEGORY:Internal	ABILITY:Special Ability|AUTOMATIC|Grab|Can't Be Tripped
Racial Traits ~ Lich, Psychic Lich	CATEGORY:Internal	ABILITY:Special Ability|AUTOMATIC|Immunity to Cold|Immunity to Electricity
Racial Traits ~ Neothelid Overlord	CATEGORY:Internal	ABILITY:Special Ability|AUTOMATIC|Grab|Can't Be Tripped
Racial Traits ~ Prana Ghost	CATEGORY:Internal	ABILITY:Special Ability|AUTOMATIC|Immunity to Disease|Immunity to Exhaustion|Immunity to Fatigue|Immunity to Paralysis|Immunity to Poison|Immunity to Stunning
Racial Traits ~ Psyche Serpent	CATEGORY:Internal	ABILITY:Special Ability|AUTOMATIC|Poison
Racial Traits ~ Psychoplasmic Creature, Psychoplasmic Behir	CATEGORY:Internal	ABILITY:Special Ability|AUTOMATIC|Immunity to Electricity|Grab
Racial Traits ~ Rakshasa, Amanusya	CATEGORY:Internal
Racial Traits ~ Rakshasa, Avatarana	CATEGORY:Internal	ABILITY:Special Ability|AUTOMATIC|Grab
Racial Traits ~ Samsaran, Reborn Samsaran	CATEGORY:Internal
Racial Traits ~ Serpentfolk, Serpentfolk Reclaimer	CATEGORY:Internal	ABILITY:Special Ability|AUTOMATIC|Immunity to Mind-Affecting Effects|Immunity to Poison|Immunity to Paralysis|Scent|Poison
Racial Traits ~ Seugathi, Seugathi Savant	CATEGORY:Internal	ABILITY:Special Ability|AUTOMATIC|Immunity to Mind-Affecting Effects|Immunity to Poison|Can't Be Tripped
Racial Traits ~ Shotalashu	CATEGORY:Internal
Racial Traits ~ Tattoo Guardian	CATEGORY:Internal
Racial Traits ~ Tenebrous Blight	CATEGORY:Internal	ABILITY:Special Ability|AUTOMATIC|Immunity to Fire|See in Darkness|Can't Be Tripped
Racial Traits ~ Tychilarius	CATEGORY:Internal	ABILITY:Special Ability|AUTOMATIC|Immunity to Cold|Immunity to Disease|Immunity to Poison|Grab|Can't Be Tripped
Racial Traits ~ Vampire, Psychic Vampire	CATEGORY:Internal
Racial Traits ~ Xill, Xill Matriarch	CATEGORY:Internal	ABILITY:Special Ability|AUTOMATIC|Grab
Racial Traits ~ Xulgath	CATEGORY:Internal
Racial Traits ~ Yithian Elder	CATEGORY:Internal	ABILITY:Special Ability|AUTOMATIC|All-Around Vision|Can't Be Tripped
