SOURCELONG:Occult Bestiary	SOURCESHORT:OB	SOURCEWEB:http://paizo.com/products/btpy9toq	SOURCEDATE:2015-12

STARTPACK:Aeon, Synesis Default	TYPE:Default Monster.Outsider	VISIBLE:QUALIFY	EQUIPBUY:0	PREMULT:1,[PRERACE:1,Aeon, Synesis],[!PRERACE:1,%]	SOURCEPAGE:p.3
ALIGN:TN
RACE:Aeon, Synesis	!PRERACE:1,%
NAME:Aeon, Synesis
STAT:STR=10|DEX=10|CON=10|INT=10|WIS=10|CHA=10

STARTPACK:Alghollthu, Omnipath Default	TYPE:Default Monster.Aberration	VISIBLE:QUALIFY	EQUIPBUY:0	PREMULT:1,[PRERACE:1,Alghollthu, Omnipath],[!PRERACE:1,%]	SOURCEPAGE:p.38
ALIGN:LE
RACE:Alghollthu, Omnipath	!PRERACE:1,%
NAME:Alghollthu, Omnipath
STAT:STR=10|DEX=10|CON=10|INT=10|WIS=10|CHA=10

STARTPACK:Animus Shade, Medusa Animus Shade Default	TYPE:Default Monster.Undead	VISIBLE:QUALIFY	EQUIPBUY:0	PREMULT:1,[PRERACE:1,Animus Shade, Medusa Animus Shade],[!PRERACE:1,%]	SOURCEPAGE:p.6
ALIGN:CE
RACE:Animus Shade, Medusa Animus Shade	!PRERACE:1,%
NAME:Animus Shade, Medusa Animus Shade
STAT:DEX=10|INT=10|WIS=10|CHA=10

STARTPACK:Asura, Vayuphak Default	TYPE:Default Monster.Outsider	VISIBLE:QUALIFY	EQUIPBUY:0	PREMULT:1,[PRERACE:1,Asura, Vayuphak],[!PRERACE:1,%]	SOURCEPAGE:p.8
ALIGN:LE
RACE:Asura, Vayuphak	!PRERACE:1,%
NAME:Asura, Vayuphak
STAT:STR=10|DEX=10|CON=10|INT=10|WIS=10|CHA=10

STARTPACK:Baku Dreamweaver Default	TYPE:Default Monster.Magical Beast	VISIBLE:QUALIFY	EQUIPBUY:0	PREMULT:1,[PRERACE:1,Baku Dreamweaver],[!PRERACE:1,%]	SOURCEPAGE:p.10
ALIGN:TN
RACE:Baku Dreamweaver	!PRERACE:1,%
NAME:Baku Dreamweaver
STAT:STR=10|DEX=10|CON=10|INT=10|WIS=10|CHA=10

STARTPACK:Caulborn, Caulborn Thoughtkeeper Default	TYPE:Default Monster.Outsider	VISIBLE:QUALIFY	EQUIPBUY:0	PREMULT:1,[PRERACE:1,Caulborn, Caulborn Thoughtkeeper],[!PRERACE:1,%]	SOURCEPAGE:p.12
ALIGN:TN
RACE:Caulborn, Caulborn Thoughtkeeper	!PRERACE:1,%
NAME:Caulborn, Caulborn Thoughtkeeper
STAT:STR=10|DEX=10|CON=10|INT=10|WIS=10|CHA=10

STARTPACK:Cerebric Cyst Default	TYPE:Default Monster.Ooze	VISIBLE:QUALIFY	EQUIPBUY:0	PREMULT:1,[PRERACE:1,Cerebric Cyst],[!PRERACE:1,%]	SOURCEPAGE:p.13
ALIGN:NE
RACE:Cerebric Cyst	!PRERACE:1,%
NAME:Cerebric Cyst
STAT:STR=10|DEX=10|CON=10|INT=10|WIS=10|CHA=10

STARTPACK:Chyzaedu Default	TYPE:Default Monster.Aberration	VISIBLE:QUALIFY	EQUIPBUY:0	PREMULT:1,[PRERACE:1,Chyzaedu],[!PRERACE:1,%]	SOURCEPAGE:p.14
ALIGN:LE
RACE:Chyzaedu	!PRERACE:1,%
NAME:Chyzaedu
STAT:STR=10|DEX=10|CON=10|INT=10|WIS=10|CHA=10

STARTPACK:Contemplative, Enlightened Contemplative Default	TYPE:Default Monster.Monstrous Humanoid	VISIBLE:QUALIFY	EQUIPBUY:0	PREMULT:1,[PRERACE:1,Contemplative, Enlightened Contemplative],[!PRERACE:1,%]	SOURCEPAGE:p.17
ALIGN:TN
RACE:Contemplative, Enlightened Contemplative	!PRERACE:1,%
NAME:Contemplative, Enlightened Contemplative
STAT:STR=10|DEX=10|CON=10|INT=10|WIS=10|CHA=10

STARTPACK:Dark Folk, Dark Empath Default	TYPE:Default Monster.Humanoid	VISIBLE:QUALIFY	EQUIPBUY:0	PREMULT:1,[PRERACE:1,Dark Folk, Dark Empath],[!PRERACE:1,%]	SOURCEPAGE:p.18
ALIGN:CN
RACE:Dark Folk, Dark Empath	!PRERACE:1,%
NAME:Dark Folk, Dark Empath
STAT:STR=10|DEX=10|CON=10|INT=10|WIS=10|CHA=10

STARTPACK:Demon, Painajai Default	TYPE:Default Monster.Outsider	VISIBLE:QUALIFY	EQUIPBUY:0	PREMULT:1,[PRERACE:1,Demon, Painajai],[!PRERACE:1,%]	SOURCEPAGE:p.19
ALIGN:CE
RACE:Demon, Painajai	!PRERACE:1,%
NAME:Demon, Painajai
STAT:STR=10|DEX=10|CON=10|INT=10|WIS=10|CHA=10

STARTPACK:Devil, Mnemor Default	TYPE:Default Monster.Outsider	VISIBLE:QUALIFY	EQUIPBUY:0	PREMULT:1,[PRERACE:1,Devil, Mnemor],[!PRERACE:1,%]	SOURCEPAGE:p.21
ALIGN:LE
RACE:Devil, Mnemor	!PRERACE:1,%
NAME:Devil, Mnemor
STAT:STR=10|DEX=10|CON=10|INT=10|WIS=10|CHA=10

STARTPACK:Dragon (Other), Prism Dragon Default	TYPE:Default Monster.Dragon	VISIBLE:QUALIFY	EQUIPBUY:0	PREMULT:1,[PRERACE:1,Dragon (Other), Prism Dragon],[!PRERACE:1,%]	SOURCEPAGE:p.42
ALIGN:CN
RACE:Dragon (Other), Prism Dragon	!PRERACE:1,%
NAME:Dragon (Other), Prism Dragon
STAT:STR=10|DEX=10|CON=10|INT=10|WIS=10|CHA=10

STARTPACK:Duergar, Duergar Tyrant Default	TYPE:Default Monster.Humanoid	VISIBLE:QUALIFY	EQUIPBUY:0	PREMULT:1,[PRERACE:1,Duergar, Duergar Tyrant],[!PRERACE:1,%]	SOURCEPAGE:p.23
ALIGN:LE
RACE:Duergar, Duergar Tyrant	!PRERACE:1,%
NAME:Duergar, Duergar Tyrant
STAT:STR=10|DEX=10|CON=10|INT=10|WIS=10|CHA=10

STARTPACK:Echohusk, Bugbear Echohusk Default	TYPE:Default Monster.Undead	VISIBLE:QUALIFY	EQUIPBUY:0	PREMULT:1,[PRERACE:1,Echohusk, Bugbear Echohusk],[!PRERACE:1,%]	SOURCEPAGE:p.24
ALIGN:NE
RACE:Echohusk, Bugbear Echohusk	!PRERACE:1,%
NAME:Echohusk, Bugbear Echohusk
STAT:STR=10|DEX=10|WIS=10|CHA=10

STARTPACK:Egophage Default	TYPE:Default Monster.Aberration	VISIBLE:QUALIFY	EQUIPBUY:0	PREMULT:1,[PRERACE:1,Egophage],[!PRERACE:1,%]	SOURCEPAGE:p.26
ALIGN:CE
RACE:Egophage	!PRERACE:1,%
NAME:Egophage
STAT:STR=10|DEX=10|CON=10|INT=10|WIS=10|CHA=10

STARTPACK:Fear Eater Default	TYPE:Default Monster.Fey	VISIBLE:QUALIFY	EQUIPBUY:0	PREMULT:1,[PRERACE:1,Fear Eater],[!PRERACE:1,%]	SOURCEPAGE:p.27
ALIGN:NE
RACE:Fear Eater	!PRERACE:1,%
NAME:Fear Eater
STAT:STR=10|DEX=10|CON=10|INT=10|WIS=10|CHA=10

STARTPACK:Feargaunt Default	TYPE:Default Monster.Outsider	VISIBLE:QUALIFY	EQUIPBUY:0	PREMULT:1,[PRERACE:1,Feargaunt],[!PRERACE:1,%]	SOURCEPAGE:p.28
ALIGN:CE
RACE:Feargaunt	!PRERACE:1,%
NAME:Feargaunt
STAT:DEX=10|CON=10|INT=10|WIS=10|CHA=10

STARTPACK:Hag, Dreamthief Hag Default	TYPE:Default Monster.Outsider	VISIBLE:QUALIFY	EQUIPBUY:0	PREMULT:1,[PRERACE:1,Hag, Dreamthief Hag],[!PRERACE:1,%]	SOURCEPAGE:p.22
ALIGN:NE
RACE:Hag, Dreamthief Hag	!PRERACE:1,%
NAME:Hag, Dreamthief Hag
STAT:STR=10|DEX=10|CON=10|INT=10|WIS=10|CHA=10

STARTPACK:Hive Mind Beetle Swarm Default	TYPE:Default Monster.Magical Beast	VISIBLE:QUALIFY	EQUIPBUY:0	PREMULT:1,[PRERACE:1,Hive Mind Beetle Swarm],[!PRERACE:1,%]	SOURCEPAGE:p.29
ALIGN:LN
RACE:Hive Mind Beetle Swarm	!PRERACE:1,%
NAME:Hive Mind Beetle Swarm
STAT:STR=10|DEX=10|CON=10|INT=10|WIS=10|CHA=10

STARTPACK:Kyton, Cantor Default	TYPE:Default Monster.Outsider	VISIBLE:QUALIFY	EQUIPBUY:0	PREMULT:1,[PRERACE:1,Kyton, Cantor],[!PRERACE:1,%]	SOURCEPAGE:p.30
ALIGN:LE
RACE:Kyton, Cantor	!PRERACE:1,%
NAME:Kyton, Cantor
STAT:STR=10|DEX=10|CON=10|INT=10|WIS=10|CHA=10
SKILL:Bluff	RANK:10
SKILL:Intimidate	RANK:10
SKILL:Knowledge (Planes)	RANK:10
SKILL:Perception	RANK:10
SKILL:Perform (sing)	RANK:10
SKILL:Sense Motive	RANK:10
SKILL:Stealth	RANK:10
ABILITY:CATEGORY=FEAT|Improved Initiative
ABILITY:CATEGORY=FEAT|Iron Will
ABILITY:CATEGORY=FEAT|Skill Focus (Perception)
ABILITY:CATEGORY=FEAT|Weapon Finesse
ABILITY:CATEGORY=FEAT|Weapon Focus (claw)

STARTPACK:Liavaran Dreamer Default	TYPE:Default Monster.Aberration	VISIBLE:QUALIFY	EQUIPBUY:0	PREMULT:1,[PRERACE:1,Liavaran Dreamer],[!PRERACE:1,%]	SOURCEPAGE:p.31
ALIGN:TN
RACE:Liavaran Dreamer	!PRERACE:1,%
NAME:Liavaran Dreamer
STAT:STR=10|DEX=10|CON=10|INT=10|WIS=10|CHA=10

STARTPACK:Lich, Psychic Lich Default	TYPE:Default Monster.Undead	VISIBLE:QUALIFY	EQUIPBUY:0	PREMULT:1,[PRERACE:1,Lich, Psychic Lich],[!PRERACE:1,%]	SOURCEPAGE:p.33
ALIGN:LE
RACE:Lich, Psychic Lich	!PRERACE:1,%
NAME:Lich, Psychic Lich
STAT:STR=10|DEX=10|INT=10|WIS=10|CHA=10

STARTPACK:Neothelid Overlord Default	TYPE:Default Monster.Aberration	VISIBLE:QUALIFY	EQUIPBUY:0	PREMULT:1,[PRERACE:1,Neothelid Overlord],[!PRERACE:1,%]	SOURCEPAGE:p.36
ALIGN:CE
RACE:Neothelid Overlord	!PRERACE:1,%
NAME:Neothelid Overlord
STAT:STR=10|DEX=10|CON=10|INT=10|WIS=10|CHA=10

STARTPACK:Prana Ghost Default	TYPE:Default Monster.Outsider	VISIBLE:QUALIFY	EQUIPBUY:0	PREMULT:1,[PRERACE:1,Prana Ghost],[!PRERACE:1,%]	SOURCEPAGE:p.40
ALIGN:NG
RACE:Prana Ghost	!PRERACE:1,%
NAME:Prana Ghost
STAT:DEX=10|CON=10|INT=10|WIS=10|CHA=10

STARTPACK:Psyche Serpent Default	TYPE:Default Monster.Magical Beast	VISIBLE:QUALIFY	EQUIPBUY:0	PREMULT:1,[PRERACE:1,Psyche Serpent],[!PRERACE:1,%]	SOURCEPAGE:p.44
ALIGN:TN
RACE:Psyche Serpent	!PRERACE:1,%
NAME:Psyche Serpent
STAT:STR=10|DEX=10|CON=10|INT=10|WIS=10|CHA=10

STARTPACK:Psychoplasmic Creature, Psychoplasmic Behir Default	TYPE:Default Monster.Outsider	VISIBLE:QUALIFY	EQUIPBUY:0	PREMULT:1,[PRERACE:1,Psychoplasmic Creature, Psychoplasmic Behir],[!PRERACE:1,%]	SOURCEPAGE:p.46
ALIGN:TN
RACE:Psychoplasmic Creature, Psychoplasmic Behir	!PRERACE:1,%
NAME:Psychoplasmic Creature, Psychoplasmic Behir
STAT:STR=10|DEX=10|CON=10|INT=10|WIS=10|CHA=10

STARTPACK:Rakshasa, Amanusya Default	TYPE:Default Monster.Outsider	VISIBLE:QUALIFY	EQUIPBUY:0	PREMULT:1,[PRERACE:1,Rakshasa, Amanusya],[!PRERACE:1,%]	SOURCEPAGE:p.48
ALIGN:LE
RACE:Rakshasa, Amanusya	!PRERACE:1,%
NAME:Rakshasa, Amanusya
STAT:STR=10|DEX=10|CON=10|INT=10|WIS=10|CHA=10

STARTPACK:Rakshasa, Avatarana Default	TYPE:Default Monster.Outsider	VISIBLE:QUALIFY	EQUIPBUY:0	PREMULT:1,[PRERACE:1,Rakshasa, Avatarana],[!PRERACE:1,%]	SOURCEPAGE:p.49
ALIGN:LE
RACE:Rakshasa, Avatarana	!PRERACE:1,%
NAME:Rakshasa, Avatarana
STAT:STR=10|DEX=10|CON=10|INT=10|WIS=10|CHA=10

STARTPACK:Samsaran, Reborn Samsaran Default	TYPE:Default Monster.Humanoid	VISIBLE:QUALIFY	EQUIPBUY:0	PREMULT:1,[PRERACE:1,Samsaran, Reborn Samsaran],[!PRERACE:1,%]	SOURCEPAGE:p.50
ALIGN:TN
RACE:Samsaran, Reborn Samsaran	!PRERACE:1,%
NAME:Samsaran, Reborn Samsaran
STAT:STR=10|DEX=10|CON=10|INT=10|WIS=10|CHA=10

STARTPACK:Serpentfolk, Serpentfolk Reclaimer Default	TYPE:Default Monster.Monstrous Humanoid	VISIBLE:QUALIFY	EQUIPBUY:0	PREMULT:1,[PRERACE:1,Serpentfolk, Serpentfolk Reclaimer],[!PRERACE:1,%]	SOURCEPAGE:p.51
ALIGN:NE
RACE:Serpentfolk, Serpentfolk Reclaimer	!PRERACE:1,%
NAME:Serpentfolk, Serpentfolk Reclaimer
STAT:STR=10|DEX=10|CON=10|INT=10|WIS=10|CHA=10

STARTPACK:Seugathi, Seugathi Savant Default	TYPE:Default Monster.Aberration	VISIBLE:QUALIFY	EQUIPBUY:0	PREMULT:1,[PRERACE:1,Seugathi, Seugathi Savant],[!PRERACE:1,%]	SOURCEPAGE:p.52
ALIGN:CE
RACE:Seugathi, Seugathi Savant	!PRERACE:1,%
NAME:Seugathi, Seugathi Savant
STAT:STR=10|DEX=10|CON=10|INT=10|WIS=10|CHA=10

STARTPACK:Shotalashu Default	TYPE:Default Monster.Magical Beast	VISIBLE:QUALIFY	EQUIPBUY:0	PREMULT:1,[PRERACE:1,Shotalashu],[!PRERACE:1,%]	SOURCEPAGE:p.53
ALIGN:TN
RACE:Shotalashu	!PRERACE:1,%
NAME:Shotalashu
STAT:STR=10|DEX=10|CON=10|INT=10|WIS=10|CHA=10

STARTPACK:Tattoo Guardian Default	TYPE:Default Monster.Construct	VISIBLE:QUALIFY	EQUIPBUY:0	PREMULT:1,[PRERACE:1,Tattoo Guardian],[!PRERACE:1,%]	SOURCEPAGE:p.54
ALIGN:TN
RACE:Tattoo Guardian	!PRERACE:1,%
NAME:Tattoo Guardian
STAT:STR=10|DEX=10|WIS=10|CHA=10

STARTPACK:Tenebrous Blight Default	TYPE:Default Monster.Plant	VISIBLE:QUALIFY	EQUIPBUY:0	PREMULT:1,[PRERACE:1,Tenebrous Blight],[!PRERACE:1,%]	SOURCEPAGE:p.55
ALIGN:TN
RACE:Tenebrous Blight	!PRERACE:1,%
NAME:Tenebrous Blight
STAT:STR=10|DEX=10|CON=10|WIS=10|CHA=10

STARTPACK:Tychilarius Default	TYPE:Default Monster.Aberration	VISIBLE:QUALIFY	EQUIPBUY:0	PREMULT:1,[PRERACE:1,Tychilarius],[!PRERACE:1,%]	SOURCEPAGE:p.56
ALIGN:CE
RACE:Tychilarius	!PRERACE:1,%
NAME:Tychilarius
STAT:STR=10|DEX=10|CON=10|INT=10|WIS=10|CHA=10

STARTPACK:Vampire, Psychic Vampire Default	TYPE:Default Monster.Undead	VISIBLE:QUALIFY	EQUIPBUY:0	PREMULT:1,[PRERACE:1,Vampire, Psychic Vampire],[!PRERACE:1,%]	SOURCEPAGE:p.58
ALIGN:LE
RACE:Vampire, Psychic Vampire	!PRERACE:1,%
NAME:Vampire, Psychic Vampire
STAT:STR=10|DEX=10|INT=10|WIS=10|CHA=10

STARTPACK:Xill, Xill Matriarch Default	TYPE:Default Monster.Outsider	VISIBLE:QUALIFY	EQUIPBUY:0	PREMULT:1,[PRERACE:1,Xill, Xill Matriarch],[!PRERACE:1,%]	SOURCEPAGE:p.60
ALIGN:LE
RACE:Xill, Xill Matriarch	!PRERACE:1,%
NAME:Xill, Xill Matriarch
STAT:STR=10|DEX=10|CON=10|INT=10|WIS=10|CHA=10

STARTPACK:Xulgath Default	TYPE:Default Monster.Humanoid	VISIBLE:QUALIFY	EQUIPBUY:0	PREMULT:1,[PRERACE:1,Xulgath],[!PRERACE:1,%]	SOURCEPAGE:p.61
ALIGN:CE
RACE:Xulgath	!PRERACE:1,%
NAME:Xulgath
STAT:STR=10|DEX=10|CON=10|INT=10|WIS=10|CHA=10

STARTPACK:Yithian Elder Default	TYPE:Default Monster.Aberration	VISIBLE:QUALIFY	EQUIPBUY:0	PREMULT:1,[PRERACE:1,Yithian Elder],[!PRERACE:1,%]	SOURCEPAGE:p.62
ALIGN:LN
RACE:Yithian Elder	!PRERACE:1,%
NAME:Yithian Elder
STAT:STR=10|DEX=10|CON=10|INT=10|WIS=10|CHA=10

