SOURCELONG:Pathfinder Adventure Path #90	SOURCESHORT:AP90	SOURCEWEB:http://paizo.com	SOURCEDATE:2010-01

STARTPACK:Director Robot Default	TYPE:Default Monster.Construct	VISIBLE:QUALIFY	EQUIPBUY:0	PREMULT:1,[PRERACE:1,Director Robot],[!PRERACE:1,%]
ALIGN:TN
RACE:Director Robot	!PRERACE:1,%
NAME:Director Robot
STAT:STR=10|DEX=10|INT=10|WIS=10|CHA=10
SKILL:Acrobatics	RANK:4
SKILL:Climb	RANK:6
SKILL:Craft (mechanical)	RANK:9
SKILL:Disable Device	RANK:9
SKILL:Knowledge (Engineering)	RANK:9
SKILL:Perception	RANK:10
SKILL:Sense Motive	RANK:10
ABILITY:CATEGORY=FEAT|Dodge
ABILITY:CATEGORY=FEAT|Mobility
ABILITY:CATEGORY=FEAT|Point-Blank Shot
ABILITY:CATEGORY=FEAT|Power Attack
ABILITY:CATEGORY=FEAT|Precise Shot
ABILITY:CATEGORY=FEAT|Spring Attack
ABILITY:CATEGORY=FEAT|Toughness

STARTPACK:Evaluator Robot Default	TYPE:Default Monster.Construct	VISIBLE:QUALIFY	EQUIPBUY:0	PREMULT:1,[PRERACE:1,Evaluator Robot],[!PRERACE:1,%]
ALIGN:TN
RACE:Evaluator Robot	!PRERACE:1,%
NAME:Evaluator Robot
STAT:STR=10|DEX=10|INT=10|WIS=10|CHA=10
SKILL:Fly	RANK:9
SKILL:Knowledge (Local)	RANK:8
SKILL:Perception	RANK:12
SKILL:Sense Motive	RANK:16
SKILL:Stealth	RANK:2
ABILITY:CATEGORY=FEAT|Blind-Fight
ABILITY:CATEGORY=FEAT|Cleave
ABILITY:CATEGORY=FEAT|Flyby Attack
ABILITY:CATEGORY=FEAT|Improved Initiative
ABILITY:CATEGORY=FEAT|Iron Will
ABILITY:CATEGORY=FEAT|Power Attack
ABILITY:CATEGORY=FEAT|Skill Focus (Sense Motive)
ABILITY:CATEGORY=FEAT|Vital Strike

STARTPACK:Feranth Default	TYPE:Default Monster.Magical Beast	VISIBLE:QUALIFY	EQUIPBUY:0	PREMULT:1,[PRERACE:1,Feranth],[!PRERACE:1,%]
ALIGN:CE
RACE:Feranth	!PRERACE:1,%
NAME:Feranth
STAT:STR=10|DEX=10|CON=10|INT=10|WIS=10|CHA=10
SKILL:Acrobatics	RANK:9
SKILL:Climb	RANK:4
SKILL:Perception	RANK:10
ABILITY:CATEGORY=FEAT|Awesome Blow
ABILITY:CATEGORY=FEAT|Cleave
ABILITY:CATEGORY=FEAT|Great Cleave
ABILITY:CATEGORY=FEAT|Improved Bull Rush
ABILITY:CATEGORY=FEAT|Improved Iron Will
ABILITY:CATEGORY=FEAT|Iron Will
ABILITY:CATEGORY=FEAT|Power Attack
ABILITY:CATEGORY=FEAT|Run
ABILITY:CATEGORY=FEAT|Stunning Assault
ABILITY:CATEGORY=FEAT|Toughness

STARTPACK:Marax Default	TYPE:Default Monster.Animal	VISIBLE:QUALIFY	EQUIPBUY:0	PREMULT:1,[PRERACE:1,Marax],[!PRERACE:1,%]
ALIGN:TN
RACE:Marax	!PRERACE:1,%
NAME:Marax
STAT:STR=10|DEX=10|CON=10|INT=10|WIS=10|CHA=10
SKILL:Perception	RANK:15
SKILL:Stealth	RANK:5
ABILITY:CATEGORY=FEAT|Bleeding Critical
ABILITY:CATEGORY=FEAT|Combat Reflexes
ABILITY:CATEGORY=FEAT|Critical Focus
ABILITY:CATEGORY=FEAT|Endurance
ABILITY:CATEGORY=FEAT|Great Fortitude
ABILITY:CATEGORY=FEAT|Improved Critical (bite)
ABILITY:CATEGORY=FEAT|Improved Initiative
ABILITY:CATEGORY=FEAT|Multiattack

STARTPACK:Yarahkut Default	TYPE:Default Monster.Outsider	VISIBLE:QUALIFY	EQUIPBUY:0	PREMULT:1,[PRERACE:1,Yarahkut],[!PRERACE:1,%]
ALIGN:LN
RACE:Yarahkut	!PRERACE:1,%
NAME:Yarahkut
STAT:STR=10|DEX=10|CON=10|INT=10|WIS=10|CHA=10
SKILL:Diplomacy	RANK:9
SKILL:Disable Device	RANK:7
SKILL:Fly	RANK:7
SKILL:Intimidate	RANK:9
SKILL:Knowledge (Engineering)	RANK:11
SKILL:Knowledge (Planes)	RANK:6
SKILL:Perception	RANK:10
SKILL:Sense Motive	RANK:8
SKILL:Sleight of Hand	RANK:11
SKILL:Survival	RANK:6
SKILL:Use Magic Device	RANK:7
ABILITY:CATEGORY=FEAT|Combat Expertise
ABILITY:CATEGORY=FEAT|Combat Reflexes
ABILITY:CATEGORY=FEAT|Flyby Attack
ABILITY:CATEGORY=FEAT|Greater Disarm
ABILITY:CATEGORY=FEAT|Greater Steal
ABILITY:CATEGORY=FEAT|Improved Disarm
ABILITY:CATEGORY=FEAT|Improved Steal
ABILITY:CATEGORY=FEAT|Quick Steal

