SOURCELONG:Lands of the Linnorm Kings	SOURCESHORT:LotLK	SOURCEWEB:http://paizo.com/products/btpy8ode	SOURCEDATE:2011-11

STARTPACK:Berserker Cannibal Default	TYPE:Default Monster.Humanoid	VISIBLE:QUALIFY	EQUIPBUY:0	PREMULT:1,[PRERACE:1,Berserker Cannibal],[!PRERACE:1,%]
ALIGN:CE
RACE:Berserker Cannibal	!PRERACE:1,%
NAME:Berserker Cannibal
STAT:STR=10|DEX=10|CON=10|INT=10|WIS=10|CHA=10
SKILL:Climb	RANK:2
SKILL:Intimidate	RANK:4
SKILL:Perception	RANK:4
SKILL:Stealth	RANK:1
SKILL:Survival	RANK:4
SKILL:Swim	RANK:2
ABILITY:CATEGORY=FEAT|Iron Will
ABILITY:CATEGORY=FEAT|Power Attack
ABILITY:CATEGORY=FEAT|Skill Focus (Perception)

STARTPACK:Blackraven Scout Default	TYPE:Default Monster.Humanoid	VISIBLE:QUALIFY	EQUIPBUY:0	PREMULT:1,[PRERACE:1,Blackraven Scout],[!PRERACE:1,%]
ALIGN:CN
RACE:Blackraven Scout	!PRERACE:1,%
NAME:Blackraven Scout
STAT:STR=10|DEX=10|CON=10|INT=10|WIS=10|CHA=10
SKILL:Climb	RANK:6
SKILL:Heal	RANK:6
SKILL:Knowledge (Local)	RANK:3
SKILL:Knowledge (Nature)	RANK:6
SKILL:Perception	RANK:6
SKILL:Stealth	RANK:6
SKILL:Survival	RANK:6
ABILITY:CATEGORY=FEAT|Deadly Aim
ABILITY:CATEGORY=FEAT|Dodge
ABILITY:CATEGORY=FEAT|Endurance
ABILITY:CATEGORY=FEAT|Improved Precise Shot
ABILITY:CATEGORY=FEAT|Point-Blank Shot
ABILITY:CATEGORY=FEAT|Precise Shot
ABILITY:CATEGORY=FEAT|Weapon Focus (composite longbow)

STARTPACK:Fafnheir Default	TYPE:Default Monster.Dragon	VISIBLE:QUALIFY	EQUIPBUY:0	PREMULT:1,[PRERACE:1,Fafnheir],[!PRERACE:1,%]
ALIGN:CE
RACE:Fafnheir	!PRERACE:1,%
NAME:Fafnheir
STAT:STR=10|DEX=10|CON=10|INT=10|WIS=10|CHA=10
SKILL:Fly	RANK:19
SKILL:Intimidate	RANK:27
SKILL:Knowledge (Arcana)	RANK:27
SKILL:Knowledge (Geography)	RANK:27
SKILL:Knowledge (History)	RANK:27
SKILL:Knowledge (Nature)	RANK:27
SKILL:Perception	RANK:27
SKILL:Stealth	RANK:11
SKILL:Swim	RANK:27
SKILL:Use Magic Device	RANK:27
ABILITY:CATEGORY=FEAT|Awesome Blow
ABILITY:CATEGORY=FEAT|Combat Reflexes
ABILITY:CATEGORY=FEAT|Critical Focus
ABILITY:CATEGORY=FEAT|Greater Vital Strike
ABILITY:CATEGORY=FEAT|Improved Bull Rush
ABILITY:CATEGORY=FEAT|Improved Critical (bite)
ABILITY:CATEGORY=FEAT|Improved Critical (claws)
ABILITY:CATEGORY=FEAT|Improved Critical (gore)
ABILITY:CATEGORY=FEAT|Improved Initiative
ABILITY:CATEGORY=FEAT|Improved Vital Strike
ABILITY:CATEGORY=FEAT|Power Attack
ABILITY:CATEGORY=FEAT|Quicken Spell-Like Ability (greater dispel magic)
ABILITY:CATEGORY=FEAT|Staggering Critical
ABILITY:CATEGORY=FEAT|Vital Strike

STARTPACK:Fey Wolverine Default	TYPE:Default Monster.Fey	VISIBLE:QUALIFY	EQUIPBUY:0	PREMULT:1,[PRERACE:1,Fey Wolverine],[!PRERACE:1,%]
ALIGN:CN
RACE:Fey Wolverine	!PRERACE:1,%
NAME:Fey Wolverine
STAT:STR=10|DEX=10|CON=10|INT=10|WIS=10|CHA=10
SKILL:Acrobatics	RANK:3
SKILL:Bluff	RANK:3
SKILL:Climb	RANK:3
SKILL:Knowledge (Nature)	RANK:3
SKILL:Perception	RANK:3
SKILL:Sense Motive	RANK:3
SKILL:Stealth	RANK:3
ABILITY:CATEGORY=FEAT|Skill Focus (Bluff)
ABILITY:CATEGORY=FEAT|Toughness

STARTPACK:Longboat Captain Default	TYPE:Default Monster.Humanoid	VISIBLE:QUALIFY	EQUIPBUY:0	PREMULT:1,[PRERACE:1,Longboat Captain],[!PRERACE:1,%]
ALIGN:CN
RACE:Longboat Captain	!PRERACE:1,%
NAME:Longboat Captain
STAT:STR=10|DEX=10|CON=10|INT=10|WIS=10|CHA=10
SKILL:Craft (carpentry)	RANK:5
SKILL:Intimidate	RANK:5
SKILL:Profession (sailor)	RANK:5
SKILL:Sense Motive	RANK:2
SKILL:Swim	RANK:5
ABILITY:CATEGORY=FEAT|Deadly Aim
ABILITY:CATEGORY=FEAT|Iron Will
ABILITY:CATEGORY=FEAT|Persuasive
ABILITY:CATEGORY=FEAT|Point-Blank Shot
ABILITY:CATEGORY=FEAT|Precise Shot
ABILITY:CATEGORY=FEAT|Weapon Focus (composite longbow)
ABILITY:CATEGORY=FEAT|Weapon Specialization (composite longbow)

STARTPACK:Mountain Troll Default	TYPE:Default Monster.Humanoid	VISIBLE:QUALIFY	EQUIPBUY:0	PREMULT:1,[PRERACE:1,Mountain Troll],[!PRERACE:1,%]
ALIGN:CN
RACE:Mountain Troll	!PRERACE:1,%
NAME:Mountain Troll
STAT:STR=10|DEX=10|CON=10|INT=10|WIS=10|CHA=10
SKILL:Climb	RANK:17
SKILL:Perception	RANK:9
ABILITY:CATEGORY=FEAT|Awesome Blow
ABILITY:CATEGORY=FEAT|Deadly Aim
ABILITY:CATEGORY=FEAT|Improved Bull Rush
ABILITY:CATEGORY=FEAT|Improved Iron Will
ABILITY:CATEGORY=FEAT|Improved Vital Strike
ABILITY:CATEGORY=FEAT|Iron Will
ABILITY:CATEGORY=FEAT|Power Attack
ABILITY:CATEGORY=FEAT|Quick Draw
ABILITY:CATEGORY=FEAT|Vital Strike

STARTPACK:Ulfen Raider Default	TYPE:Default Monster.Humanoid	VISIBLE:QUALIFY	EQUIPBUY:0	PREMULT:1,[PRERACE:1,Ulfen Raider],[!PRERACE:1,%]
ALIGN:CN
RACE:Ulfen Raider	!PRERACE:1,%
NAME:Ulfen Raider
STAT:STR=10|DEX=10|CON=10|INT=10|WIS=10|CHA=10
SKILL:Intimidate	RANK:1
SKILL:Perception	RANK:1
SKILL:Profession (sailor)	RANK:1
SKILL:Survival	RANK:1
SKILL:Swim	RANK:1
ABILITY:CATEGORY=FEAT|Power Attack
ABILITY:CATEGORY=FEAT|Weapon Focus (battleaxe)

