SOURCELONG:Pathfinder Adventure Path #82	SOURCESHORT:AP82	SOURCEWEB:http://paizo.com	SOURCEDATE:2010-01

STARTPACK:Cynosphinx Default	TYPE:Default Monster.Magical Beast	VISIBLE:QUALIFY	EQUIPBUY:0	PREMULT:1,[PRERACE:1,Cynosphinx],[!PRERACE:1,%]
ALIGN:NE
RACE:Cynosphinx	!PRERACE:1,%
NAME:Cynosphinx
STAT:STR=10|DEX=10|CON=10|INT=10|WIS=10|CHA=10
SKILL:Fly	RANK:1
SKILL:Intimidate	RANK:3
SKILL:Knowledge (Any One)	RANK:6
SKILL:Perception	RANK:3
SKILL:Sense Motive	RANK:3
SKILL:Survival	RANK:3
ABILITY:CATEGORY=FEAT|Cleave
ABILITY:CATEGORY=FEAT|Combat Expertise
ABILITY:CATEGORY=FEAT|Flyby Attack
ABILITY:CATEGORY=FEAT|Improved Trip
ABILITY:CATEGORY=FEAT|Power Attack

STARTPACK:Estuarine Worm Default	TYPE:Default Monster.Magical Beast	VISIBLE:QUALIFY	EQUIPBUY:0	PREMULT:1,[PRERACE:1,Estuarine Worm],[!PRERACE:1,%]
ALIGN:TN
RACE:Estuarine Worm	!PRERACE:1,%
NAME:Estuarine Worm
STAT:STR=10|DEX=10|CON=10|INT=10|WIS=10|CHA=10
SKILL:Perception	RANK:7
SKILL:Stealth	RANK:2
SKILL:Swim	RANK:5
ABILITY:CATEGORY=FEAT|Improved Critical (bite)
ABILITY:CATEGORY=FEAT|Improved Initiative
ABILITY:CATEGORY=FEAT|Iron Will
ABILITY:CATEGORY=FEAT|Power Attack
ABILITY:CATEGORY=FEAT|Skill Focus (Perception)
ABILITY:CATEGORY=FEAT|Skill Focus (Stealth)

STARTPACK:Panthereon Default	TYPE:Default Monster.Construct	VISIBLE:QUALIFY	EQUIPBUY:0	PREMULT:1,[PRERACE:1,Panthereon],[!PRERACE:1,%]
ALIGN:TN
RACE:Panthereon	!PRERACE:1,%
NAME:Panthereon
STAT:STR=10|DEX=10|WIS=10|CHA=10
ABILITY:CATEGORY=FEAT|Improved Initiative

STARTPACK:Stranglereed Default	TYPE:Default Monster.Plant	VISIBLE:QUALIFY	EQUIPBUY:0	PREMULT:1,[PRERACE:1,Stranglereed],[!PRERACE:1,%]
ALIGN:TN
RACE:Stranglereed	!PRERACE:1,%
NAME:Stranglereed
STAT:STR=10|DEX=10|CON=10|INT=10|WIS=10|CHA=10
SKILL:Climb	RANK:5
SKILL:Escape Artist	RANK:1
SKILL:Perception	RANK:6
SKILL:Stealth	RANK:7
SKILL:Swim	RANK:5
ABILITY:CATEGORY=FEAT|Improved Initiative
ABILITY:CATEGORY=FEAT|Lightning Reflexes
ABILITY:CATEGORY=FEAT|Lunge
ABILITY:CATEGORY=FEAT|Skill Focus (Stealth)
ABILITY:CATEGORY=FEAT|Stealthy
ABILITY:CATEGORY=FEAT|Weapon Focus (tendrils)

