SOURCELONG:Pathfinder Adventure Path #95	SOURCESHORT:AP95	SOURCEWEB:http://paizo.com	SOURCEDATE:2010-01

Calpina	KEY:Calpina	STARTFEATS:1	SIZE:S	MOVE:Walk,20,Fly,40	REACH:5	BONUS:STAT|DEX|7	BONUS:STAT|CON|4	BONUS:STAT|INT|1	BONUS:STAT|WIS|2	BONUS:STAT|CHA|5	BONUS:VAR|AC_Natural_Armor|2|TYPE=Base	BONUS:VAR|HasLowlightVision|1|TYPE=Base	BONUS:VAR|Maneuverability|4	ABILITY:Internal|AUTOMATIC|Racial Traits ~ Calpina	LEGS:2	HANDS:2	NATURALATTACKS:Bite,Weapon.Natural.Weapon Group Natural.Melee.Finesseable.Bludgeoning.Piercing.Slashing,*1,1d4,SPROP=plus grab and grab	MONSTERCLASS:Fey:5	RACETYPE:Fey	TYPE:Fey	CR:3	KIT:1|CN	AUTO:LANG|Common|Sylvan	FACT:BaseSize|S
Ikelos	KEY:Ikelos	STARTFEATS:1	SIZE:M	MOVE:Fly,30	REACH:5	BONUS:COMBAT|AC|4|TYPE=Deflection	BONUS:STAT|DEX|9	BONUS:STAT|CON|2	BONUS:STAT|INT|5	BONUS:STAT|WIS|6	BONUS:STAT|CHA|7	BONUS:VAR|DarkvisionRange|60|TYPE=Base	BONUS:VAR|Maneuverability|5	ABILITY:Internal|AUTOMATIC|Racial Traits ~ Ikelos	LEGS:2	HANDS:2	NATURALATTACKS:Incorporeal Claw,Weapon.Natural.Weapon Group Natural.Melee.Finesseable.Incorporeal.Touch.Slashing,*2,2d6	DEFINESTAT:NONSTAT|STR	MONSTERCLASS:Outsider (Fort/Will):9	RACETYPE:Outsider	RACESUBTYPE:Extraplanar|Incorporeal	TYPE:Outsider	CR:7	KIT:1|CE	AUTO:LANG|Aklo|Common; telepathy 100 ft.	FACT:BaseSize|M
Iron Rhinoceros	KEY:Iron Rhinoceros	STARTFEATS:1	SIZE:H	MOVE:Walk,40	REACH:10	BONUS:STAT|STR|18	BONUS:STAT|DEX|2	BONUS:STAT|INT|-9	BONUS:STAT|WIS|1	BONUS:STAT|CHA|-5	BONUS:VAR|AC_Natural_Armor|16|TYPE=Base	BONUS:VAR|DarkvisionRange|60|TYPE=Base	BONUS:VAR|HasLowlightVision|1|TYPE=Base	ABILITY:Internal|AUTOMATIC|Racial Traits ~ Iron Rhinoceros	LEGS:2	HANDS:2	NATURALATTACKS:Gore,Weapon.Natural.Weapon Group Natural.Melee.Finesseable.Piercing,*1,3d8	DEFINESTAT:NONSTAT|CON	DR:10/adamantine	MONSTERCLASS:Construct:14	RACETYPE:Construct	TYPE:Construct	CR:11	KIT:1|TN	FACT:BaseSize|H
Magnetite Golem	KEY:Magnetite Golem	SIZE:L	MOVE:Walk,20	REACH:10	BONUS:STAT|STR|17	BONUS:STAT|DEX|-1	BONUS:STAT|WIS|2	BONUS:STAT|CHA|-9	BONUS:VAR|AC_Natural_Armor|16|TYPE=Base	BONUS:VAR|DarkvisionRange|60|TYPE=Base	BONUS:VAR|HasLowlightVision|1|TYPE=Base	ABILITY:Internal|AUTOMATIC|Racial Traits ~ Magnetite Golem	LEGS:2	HANDS:2	NATURALATTACKS:Slam,Weapon.Natural.Weapon Group Natural.Melee.Finesseable.Bludgeoning,*2,2d10,SPROP=plus inescapable grip and magnetic disarm	DEFINESTAT:NONSTAT|CON	DEFINESTAT:NONSTAT|INT	DR:10/adamantine	MONSTERCLASS:Construct:13	RACETYPE:Construct	TYPE:Construct	CR:10	KIT:1|TN	FACT:BaseSize|L
Pyropiscis	KEY:Pyropiscis	STARTFEATS:1	SIZE:L	MOVE:Walk,10,Burrow,60	REACH:10	BONUS:STAT|STR|14	BONUS:STAT|DEX|4	BONUS:STAT|CON|8	BONUS:STAT|INT|-8	BONUS:STAT|WIS|5	BONUS:STAT|CHA|-4	BONUS:VAR|AC_Natural_Armor|11|TYPE=Base	BONUS:VAR|DarkvisionRange|60|TYPE=Base	BONUS:VAR|HasLowlightVision|1|TYPE=Base	BONUS:VAR|TremorsenseRange|60|TYPE=Base	ABILITY:Internal|AUTOMATIC|Racial Traits ~ Pyropiscis	LEGS:4	HANDS:0	NATURALATTACKS:Bite,Weapon.Natural.Weapon Group Natural.Melee.Finesseable.Bludgeoning.Piercing.Slashing,*1,2d8,SPROP=plus burn and burn and grab and grab	DR:5/adamantine	MONSTERCLASS:Magical Beast:10	RACETYPE:Magical Beast	RACESUBTYPE:Fire	TYPE:Magical Beast	CR:8	KIT:1|TN	FACT:BaseSize|L
