SOURCELONG:Pathfinder Adventure Path #60	SOURCESHORT:AP60	SOURCEWEB:http://paizo.com	SOURCEDATE:2010-01

STARTPACK:Addu Default	TYPE:Default Monster.Magical Beast	VISIBLE:QUALIFY	EQUIPBUY:0	PREMULT:1,[PRERACE:1,Addu],[!PRERACE:1,%]
ALIGN:TN
RACE:Addu	!PRERACE:1,%
NAME:Addu
STAT:STR=10|DEX=10|CON=10|INT=10|WIS=10|CHA=10
SKILL:Perception	RANK:16
SKILL:Swim	RANK:9
ABILITY:CATEGORY=FEAT|Critical Focus
ABILITY:CATEGORY=FEAT|Endurance
ABILITY:CATEGORY=FEAT|Improved Critical (bite)
ABILITY:CATEGORY=FEAT|Improved Critical (claw)
ABILITY:CATEGORY=FEAT|Improved Iron Will
ABILITY:CATEGORY=FEAT|Iron Will
ABILITY:CATEGORY=FEAT|Power Attack
ABILITY:CATEGORY=FEAT|Sickening Critical
ABILITY:CATEGORY=FEAT|Vital Strike

STARTPACK:Faceless Whale Default	TYPE:Default Monster.Magical Beast	VISIBLE:QUALIFY	EQUIPBUY:0	PREMULT:1,[PRERACE:1,Faceless Whale],[!PRERACE:1,%]
ALIGN:TN
RACE:Faceless Whale	!PRERACE:1,%
NAME:Faceless Whale
STAT:STR=10|DEX=10|CON=10|INT=10|WIS=10|CHA=10
SKILL:Perception	RANK:16
SKILL:Swim	RANK:5
ABILITY:CATEGORY=FEAT|Awesome Blow
ABILITY:CATEGORY=FEAT|Diehard
ABILITY:CATEGORY=FEAT|Endurance
ABILITY:CATEGORY=FEAT|Great Fortitude
ABILITY:CATEGORY=FEAT|Improved Bull Rush
ABILITY:CATEGORY=FEAT|Improved Overrun
ABILITY:CATEGORY=FEAT|Iron Will
ABILITY:CATEGORY=FEAT|Power Attack

STARTPACK:Gargiya Default	TYPE:Default Monster.Magical Beast	VISIBLE:QUALIFY	EQUIPBUY:0	PREMULT:1,[PRERACE:1,Gargiya],[!PRERACE:1,%]
ALIGN:TN
RACE:Gargiya	!PRERACE:1,%
NAME:Gargiya
STAT:STR=10|DEX=10|CON=10|INT=10|WIS=10|CHA=10
SKILL:Perception	RANK:3
SKILL:Stealth	RANK:1
SKILL:Swim	RANK:9
ABILITY:CATEGORY=FEAT|Awesome Blow
ABILITY:CATEGORY=FEAT|Critical Focus
ABILITY:CATEGORY=FEAT|Improved Bull Rush
ABILITY:CATEGORY=FEAT|Improved Critical (bite)
ABILITY:CATEGORY=FEAT|Lightning Reflexes
ABILITY:CATEGORY=FEAT|Power Attack

STARTPACK:Gigas Clam Default	TYPE:Default Monster.Magical Beast	VISIBLE:QUALIFY	EQUIPBUY:0	PREMULT:1,[PRERACE:1,Gigas Clam],[!PRERACE:1,%]
ALIGN:CN
RACE:Gigas Clam	!PRERACE:1,%
NAME:Gigas Clam
STAT:STR=10|DEX=10|CON=10|INT=10|WIS=10|CHA=10
SKILL:Perception	RANK:6
SKILL:Swim	RANK:13
ABILITY:CATEGORY=FEAT|Combat Reflexes
ABILITY:CATEGORY=FEAT|Improved Critical (siphon dart)
ABILITY:CATEGORY=FEAT|Improved Lightning Reflexes
ABILITY:CATEGORY=FEAT|Lightning Reflexes
ABILITY:CATEGORY=FEAT|Point- Blank Shot
ABILITY:CATEGORY=FEAT|Precise Shot
ABILITY:CATEGORY=FEAT|Vital Strike

STARTPACK:Ifestus Default	TYPE:Default Monster.Outsider	VISIBLE:QUALIFY	EQUIPBUY:0	PREMULT:1,[PRERACE:1,Ifestus],[!PRERACE:1,%]
ALIGN:CE
RACE:Ifestus	!PRERACE:1,%
NAME:Ifestus
STAT:STR=10|DEX=10|CON=10|INT=10|WIS=10|CHA=10
SKILL:Bluff	RANK:10
SKILL:Craft (any)	RANK:16
SKILL:Diplomacy	RANK:11
SKILL:Disable Device	RANK:15
SKILL:Intimidate	RANK:23
SKILL:Knowledge (Engineering)	RANK:17
SKILL:Knowledge (Geography)	RANK:13
SKILL:Knowledge (Planes)	RANK:18
SKILL:Perception	RANK:23
SKILL:Sense Motive	RANK:20
SKILL:Survival	RANK:17
SKILL:Swim	RANK:9
SKILL:Use Magic Device	RANK:20
ABILITY:CATEGORY=FEAT|Awesome Blow
ABILITY:CATEGORY=FEAT|Cleave
ABILITY:CATEGORY=FEAT|Critical Focus
ABILITY:CATEGORY=FEAT|Greater Vital Strike
ABILITY:CATEGORY=FEAT|Improved Bull Rush
ABILITY:CATEGORY=FEAT|Improved Initiative
ABILITY:CATEGORY=FEAT|Improved Sunder
ABILITY:CATEGORY=FEAT|Improved Vital Strike
ABILITY:CATEGORY=FEAT|Lightning Reflexes
ABILITY:CATEGORY=FEAT|Power Attack
ABILITY:CATEGORY=FEAT|Staggering Critical
ABILITY:CATEGORY=FEAT|Vital Strike

STARTPACK:Kronosaurus Default	TYPE:Default Monster.Animal	VISIBLE:QUALIFY	EQUIPBUY:0	PREMULT:1,[PRERACE:1,Kronosaurus],[!PRERACE:1,%]
ALIGN:TN
RACE:Kronosaurus	!PRERACE:1,%
NAME:Kronosaurus
STAT:STR=10|DEX=10|CON=10|INT=10|WIS=10|CHA=10
SKILL:Perception	RANK:12
SKILL:Swim	RANK:10
ABILITY:CATEGORY=FEAT|Endurance
ABILITY:CATEGORY=FEAT|Improved Critical (bite)
ABILITY:CATEGORY=FEAT|Iron Will
ABILITY:CATEGORY=FEAT|Power Attack
ABILITY:CATEGORY=FEAT|Skill Focus (Perception)
ABILITY:CATEGORY=FEAT|Weapon Focus (bite)

STARTPACK:Nothosaur Default	TYPE:Default Monster.Animal	VISIBLE:QUALIFY	EQUIPBUY:0	PREMULT:1,[PRERACE:1,Nothosaur],[!PRERACE:1,%]
ALIGN:TN
RACE:Nothosaur	!PRERACE:1,%
NAME:Nothosaur
STAT:STR=10|DEX=10|CON=10|INT=10|WIS=10|CHA=10
SKILL:Perception	RANK:6
SKILL:Swim	RANK:5
ABILITY:CATEGORY=FEAT|Multiattack
ABILITY:CATEGORY=FEAT|Toughness
ABILITY:CATEGORY=FEAT|Weapon Focus (bite)

STARTPACK:Ugash-iram Default	TYPE:Default Monster.Magical Beast	VISIBLE:QUALIFY	EQUIPBUY:0	PREMULT:1,[PRERACE:1,Ugash-iram],[!PRERACE:1,%]
ALIGN:NE
RACE:Ugash-iram	!PRERACE:1,%
NAME:Ugash-iram
STAT:STR=10|DEX=10|CON=10|INT=10|WIS=10|CHA=10
SKILL:Bluff	RANK:7
SKILL:Knowledge (Geography)	RANK:6
SKILL:Knowledge (Planes)	RANK:7
SKILL:Perception	RANK:12
SKILL:Sense Motive	RANK:5
SKILL:Stealth	RANK:1
SKILL:Swim	RANK:9
ABILITY:CATEGORY=FEAT|Cleave
ABILITY:CATEGORY=FEAT|Combat Expertise
ABILITY:CATEGORY=FEAT|Combat Reflexes
ABILITY:CATEGORY=FEAT|Deadly Finish**
ABILITY:CATEGORY=FEAT|Greater Disarm
ABILITY:CATEGORY=FEAT|Improved Disarm
ABILITY:CATEGORY=FEAT|Improved Initiative
ABILITY:CATEGORY=FEAT|Power Attack
ABILITY:CATEGORY=FEAT|Stand Still

STARTPACK:Zeuglodon Default	TYPE:Default Monster.Animal	VISIBLE:QUALIFY	EQUIPBUY:0	PREMULT:1,[PRERACE:1,Zeuglodon],[!PRERACE:1,%]
ALIGN:TN
RACE:Zeuglodon	!PRERACE:1,%
NAME:Zeuglodon
STAT:STR=10|DEX=10|CON=10|INT=10|WIS=10|CHA=10
SKILL:Perception	RANK:11
SKILL:Swim	RANK:11
ABILITY:CATEGORY=FEAT|Dodge
ABILITY:CATEGORY=FEAT|Improved Initiative
ABILITY:CATEGORY=FEAT|Iron Will
ABILITY:CATEGORY=FEAT|Lunge
ABILITY:CATEGORY=FEAT|Power Attack
ABILITY:CATEGORY=FEAT|Run

