SOURCELONG:Pathfinder Adventure Path #74	SOURCESHORT:AP74	SOURCEWEB:http://paizo.com	SOURCEDATE:2010-01

STARTPACK:Demon Lord, Shax Default	TYPE:Default Monster.Outsider	VISIBLE:QUALIFY	EQUIPBUY:0	PREMULT:1,[PRERACE:1,Demon Lord, Shax],[!PRERACE:1,%]
ALIGN:CE
RACE:Demon Lord, Shax	!PRERACE:1,%
NAME:Demon Lord, Shax
STAT:STR=10|DEX=10|CON=10|INT=10|WIS=10|CHA=10
SKILL:Acrobatics	RANK:33
SKILL:Bluff	RANK:33
SKILL:Craft (alchemy)	RANK:33
SKILL:Disable Device	RANK:33
SKILL:Fly	RANK:30
SKILL:Heal	RANK:30
SKILL:Intimidate	RANK:33
SKILL:Knowledge (Arcana)	RANK:30
SKILL:Knowledge (Engineering)	RANK:8
SKILL:Knowledge (Planes)	RANK:33
SKILL:Knowledge (Religion)	RANK:30
SKILL:Perception	RANK:33
SKILL:Sense Motive	RANK:33
SKILL:Sleight of Hand	RANK:30
SKILL:Spellcraft	RANK:30
SKILL:Stealth	RANK:33
SKILL:Use Magic Device	RANK:33
ABILITY:CATEGORY=FEAT|Blinding Critical
ABILITY:CATEGORY=FEAT|Combat Expertise
ABILITY:CATEGORY=FEAT|Combat Reflexes
ABILITY:CATEGORY=FEAT|Craft Magic Arms and Armor
ABILITY:CATEGORY=FEAT|Critical Focus
ABILITY:CATEGORY=FEAT|Double Slice
ABILITY:CATEGORY=FEAT|Greater Disarm
ABILITY:CATEGORY=FEAT|Greater Two-Weapon Fighting
ABILITY:CATEGORY=FEAT|Improved Critical (dagger)
ABILITY:CATEGORY=FEAT|Improved Disarm
ABILITY:CATEGORY=FEAT|Improved Initiative
ABILITY:CATEGORY=FEAT|Improved Two-Weapon Fighting
ABILITY:CATEGORY=FEAT|Improvised Weapon Mastery
ABILITY:CATEGORY=FEAT|Quick Draw
ABILITY:CATEGORY=FEAT|Throw Anything
ABILITY:CATEGORY=FEAT|Two-Weapon Fighting
ABILITY:CATEGORY=FEAT|Two-Weapon Rend

STARTPACK:Man-Eating Aurochs Default	TYPE:Default Monster.Magical Beast	VISIBLE:QUALIFY	EQUIPBUY:0	PREMULT:1,[PRERACE:1,Man-Eating Aurochs],[!PRERACE:1,%]
ALIGN:CE
RACE:Man-Eating Aurochs	!PRERACE:1,%
NAME:Man-Eating Aurochs
STAT:STR=10|DEX=10|CON=10|INT=10|WIS=10|CHA=10
SKILL:Perception	RANK:3
SKILL:Survival	RANK:1
ABILITY:CATEGORY=FEAT|Endurance
ABILITY:CATEGORY=FEAT|Skill Focus (Perception)

STARTPACK:Thoxel Default	TYPE:Default Monster.Outsider	VISIBLE:QUALIFY	EQUIPBUY:0	PREMULT:1,[PRERACE:1,Thoxel],[!PRERACE:1,%]
ALIGN:CE
RACE:Thoxel	!PRERACE:1,%
NAME:Thoxel
STAT:STR=10|DEX=10|CON=10|INT=10|WIS=10|CHA=10
SKILL:Bluff	RANK:6
SKILL:Craft (armor)	RANK:2
SKILL:Craft (weapons)	RANK:2
SKILL:Disguise	RANK:3
SKILL:Intimidate	RANK:3
SKILL:Perception	RANK:6
SKILL:Profession (soldier)	RANK:6
ABILITY:CATEGORY=FEAT|Double Slice
ABILITY:CATEGORY=FEAT|Two-Weapon Fighting
ABILITY:CATEGORY=FEAT|Weapon Focus (two-bladed sword)

STARTPACK:Vescavor Queen Default	TYPE:Default Monster.Outsider	VISIBLE:QUALIFY	EQUIPBUY:0	PREMULT:1,[PRERACE:1,Vescavor Queen],[!PRERACE:1,%]
ALIGN:CE
RACE:Vescavor Queen	!PRERACE:1,%
NAME:Vescavor Queen
STAT:STR=10|DEX=10|CON=10|INT=10|WIS=10|CHA=10
SKILL:Acrobatics	RANK:6
SKILL:Climb	RANK:6
SKILL:Fly	RANK:12
SKILL:Knowledge (Dungeoneering)	RANK:7
SKILL:Knowledge (Planes)	RANK:7
SKILL:Perception	RANK:12
SKILL:Stealth	RANK:8
SKILL:Survival	RANK:10
ABILITY:CATEGORY=FEAT|Blind-Fight
ABILITY:CATEGORY=FEAT|Dodge
ABILITY:CATEGORY=FEAT|Flyby Attack
ABILITY:CATEGORY=FEAT|Hover
ABILITY:CATEGORY=FEAT|Power Attack
ABILITY:CATEGORY=FEAT|Weapon Focus (bite)

