SOURCELONG:Pathfinder Adventure Path #72	SOURCESHORT:AP72	SOURCEWEB:http://paizo.com	SOURCEDATE:2010-01

STARTPACK:Coven Ooze Default	TYPE:Default Monster.Ooze	VISIBLE:QUALIFY	EQUIPBUY:0	PREMULT:1,[PRERACE:1,Coven Ooze],[!PRERACE:1,%]
ALIGN:TN
RACE:Coven Ooze	!PRERACE:1,%
NAME:Coven Ooze
STAT:STR=10|DEX=10|CON=10|INT=10|WIS=10|CHA=10
SKILL:Climb	RANK:6
SKILL:Perception	RANK:8
SKILL:Swim	RANK:1
ABILITY:CATEGORY=FEAT|Cleave
ABILITY:CATEGORY=FEAT|Great Cleave
ABILITY:CATEGORY=FEAT|Improved Critical (slam)
ABILITY:CATEGORY=FEAT|Power Attack
ABILITY:CATEGORY=FEAT|Skill Focus (Perception)
ABILITY:CATEGORY=FEAT|Weapon Focus (slam)

STARTPACK:Crone Queen Default	TYPE:Default Monster.Undead	VISIBLE:QUALIFY	EQUIPBUY:0	PREMULT:1,[PRERACE:1,Crone Queen],[!PRERACE:1,%]
ALIGN:NE
RACE:Crone Queen	!PRERACE:1,%
NAME:Crone Queen
STAT:STR=10|DEX=10|INT=10|WIS=10|CHA=10
SKILL:Intimidate	RANK:22
SKILL:Knowledge (Arcana)	RANK:22
SKILL:Knowledge (History)	RANK:19
SKILL:Knowledge (Nobility)	RANK:19
SKILL:Perception	RANK:22
SKILL:Sense Motive	RANK:22
SKILL:Spellcraft	RANK:22
SKILL:Stealth	RANK:22
ABILITY:CATEGORY=FEAT|Alertness
ABILITY:CATEGORY=FEAT|Combat Casting
ABILITY:CATEGORY=FEAT|Dodge
ABILITY:CATEGORY=FEAT|Great Fortitude
ABILITY:CATEGORY=FEAT|Improved Initiative
ABILITY:CATEGORY=FEAT|Iron Will
ABILITY:CATEGORY=FEAT|Lightning Reflexes
ABILITY:CATEGORY=FEAT|Lunge
ABILITY:CATEGORY=FEAT|Mobility
ABILITY:CATEGORY=FEAT|Power Attack
ABILITY:CATEGORY=FEAT|Toughness

STARTPACK:Hag Ooze Default	TYPE:Default Monster.Ooze	VISIBLE:QUALIFY	EQUIPBUY:0	PREMULT:1,[PRERACE:1,Hag Ooze],[!PRERACE:1,%]
ALIGN:TN
RACE:Hag Ooze	!PRERACE:1,%
NAME:Hag Ooze
STAT:STR=10|DEX=10|CON=10|WIS=10|CHA=10
SKILL:Climb	RANK:4

STARTPACK:Poludnica Default	TYPE:Default Monster.Fey	VISIBLE:QUALIFY	EQUIPBUY:0	PREMULT:1,[PRERACE:1,Poludnica],[!PRERACE:1,%]
ALIGN:CN
RACE:Poludnica	!PRERACE:1,%
NAME:Poludnica
STAT:STR=10|DEX=10|CON=10|INT=10|WIS=10|CHA=10
SKILL:Bluff	RANK:5
SKILL:Diplomacy	RANK:6
SKILL:Intimidate	RANK:2
SKILL:Knowledge (Local)	RANK:14
SKILL:Perception	RANK:14
SKILL:Sense Motive	RANK:10
SKILL:Spellcraft	RANK:7
SKILL:Stealth	RANK:12
SKILL:Survival	RANK:5
ABILITY:CATEGORY=FEAT|Cleave
ABILITY:CATEGORY=FEAT|Combat Reflexes
ABILITY:CATEGORY=FEAT|Dodge
ABILITY:CATEGORY=FEAT|Great Fortitude
ABILITY:CATEGORY=FEAT|Power Attack
ABILITY:CATEGORY=FEAT|Stand Still
ABILITY:CATEGORY=FEAT|Weapon Focus (scythe)

STARTPACK:Storm Hag Default	TYPE:Default Monster.Monstrous Humanoid	VISIBLE:QUALIFY	EQUIPBUY:0	PREMULT:1,[PRERACE:1,Storm Hag],[!PRERACE:1,%]
ALIGN:CE
RACE:Storm Hag	!PRERACE:1,%
NAME:Storm Hag
STAT:STR=10|DEX=10|CON=10|INT=10|WIS=10|CHA=10
SKILL:Bluff	RANK:4
SKILL:Fly	RANK:10
SKILL:Intimidate	RANK:9
SKILL:Perception	RANK:10
SKILL:Spellcraft	RANK:3
SKILL:Stealth	RANK:10
ABILITY:CATEGORY=FEAT|Combat Casting
ABILITY:CATEGORY=FEAT|Dodge
ABILITY:CATEGORY=FEAT|Flyby Attack
ABILITY:CATEGORY=FEAT|Hover
ABILITY:CATEGORY=FEAT|Vital Strike

