SOURCELONG:Tomb Of The Iron Medusa	SOURCESHORT:TOTIM	SOURCEWEB:http://paizo.com	SOURCEDATE:2010-01

STARTPACK:Nemhain Default	TYPE:Default Monster.Undead	VISIBLE:QUALIFY	EQUIPBUY:0	PREMULT:1,[PRERACE:1,Nemhain],[!PRERACE:1,%]
ALIGN:NE
RACE:Nemhain	!PRERACE:1,%
NAME:Nemhain
STAT:DEX=10|INT=10|WIS=10|CHA=10
SKILL:Bluff	RANK:15
SKILL:Diplomacy	RANK:15
SKILL:Fly	RANK:18
SKILL:Intimidate	RANK:18
SKILL:Knowledge (Arcana)	RANK:18
SKILL:Knowledge (Religion)	RANK:18
SKILL:Sense Motive	RANK:18
SKILL:Spellcraft	RANK:18
SKILL:Stealth	RANK:18
ABILITY:CATEGORY=FEAT|Agile Maneuvers
ABILITY:CATEGORY=FEAT|Combat Reflexes
ABILITY:CATEGORY=FEAT|Dodge
ABILITY:CATEGORY=FEAT|Flyby Attack
ABILITY:CATEGORY=FEAT|Improved Initiative
ABILITY:CATEGORY=FEAT|Iron Will
ABILITY:CATEGORY=FEAT|Lunge
ABILITY:CATEGORY=FEAT|Mobility
ABILITY:CATEGORY=FEAT|Toughness

