SOURCELONG:Pathfinder Adventure Path #46	SOURCESHORT:AP46	SOURCEWEB:http://paizo.com	SOURCEDATE:2010-01

STARTPACK:Dark Young of Shub-Niggurath Default	TYPE:Default Monster.Aberration	VISIBLE:QUALIFY	EQUIPBUY:0	PREMULT:1,[PRERACE:1,Dark Young of Shub-Niggurath],[!PRERACE:1,%]
ALIGN:CE
RACE:Dark Young of Shub-Niggurath	!PRERACE:1,%
NAME:Dark Young of Shub-Niggurath
STAT:STR=10|DEX=10|CON=10|INT=10|WIS=10|CHA=10
SKILL:Knowledge (Arcana)	RANK:11
SKILL:Knowledge (Nature)	RANK:11
SKILL:Knowledge (Religion)	RANK:11
SKILL:Perception	RANK:14
SKILL:Sense Motive	RANK:11
SKILL:Spellcraft	RANK:14
SKILL:Stealth	RANK:6
ABILITY:CATEGORY=FEAT|Combat Reflexes
ABILITY:CATEGORY=FEAT|Improved Critical (tentacles)
ABILITY:CATEGORY=FEAT|Improved Initiative
ABILITY:CATEGORY=FEAT|Lightning Reflexes
ABILITY:CATEGORY=FEAT|Power Attack
ABILITY:CATEGORY=FEAT|Vital Strike
ABILITY:CATEGORY=FEAT|Weapon Focus (tentacles)

STARTPACK:Dimensional Shambler Default	TYPE:Default Monster.Outsider	VISIBLE:QUALIFY	EQUIPBUY:0	PREMULT:1,[PRERACE:1,Dimensional Shambler],[!PRERACE:1,%]
ALIGN:CE
RACE:Dimensional Shambler	!PRERACE:1,%
NAME:Dimensional Shambler
STAT:STR=10|DEX=10|CON=10|INT=10|WIS=10|CHA=10
SKILL:Knowledge (Planes)	RANK:9
SKILL:Perception	RANK:9
SKILL:Sense Motive	RANK:9
SKILL:Stealth	RANK:9
ABILITY:CATEGORY=FEAT|Improved Initiative
ABILITY:CATEGORY=FEAT|Iron Will
ABILITY:CATEGORY=FEAT|Lightning Reflexes
ABILITY:CATEGORY=FEAT|Lunge
ABILITY:CATEGORY=FEAT|Vital Strike

STARTPACK:Gnoph-Keh Default	TYPE:Default Monster.Magical Beast	VISIBLE:QUALIFY	EQUIPBUY:0	PREMULT:1,[PRERACE:1,Gnoph-Keh],[!PRERACE:1,%]
ALIGN:CE
RACE:Gnoph-Keh	!PRERACE:1,%
NAME:Gnoph-Keh
STAT:STR=10|DEX=10|CON=10|INT=10|WIS=10|CHA=10
SKILL:Climb	RANK:14
SKILL:Perception	RANK:14
SKILL:Stealth	RANK:10
ABILITY:CATEGORY=FEAT|Bleeding Critical
ABILITY:CATEGORY=FEAT|Critical Focus
ABILITY:CATEGORY=FEAT|Improved Bull Rush
ABILITY:CATEGORY=FEAT|Improved Critical (gore)
ABILITY:CATEGORY=FEAT|Iron Will
ABILITY:CATEGORY=FEAT|Lightning Reflexes
ABILITY:CATEGORY=FEAT|Power Attack

STARTPACK:Spawning Canker Default	TYPE:Default Monster.Aberration	VISIBLE:QUALIFY	EQUIPBUY:0	PREMULT:1,[PRERACE:1,Spawning Canker],[!PRERACE:1,%]
ALIGN:CE
RACE:Spawning Canker	!PRERACE:1,%
NAME:Spawning Canker
STAT:STR=10|DEX=10|CON=10|INT=10|WIS=10|CHA=10
SKILL:Perception	RANK:10
SKILL:Stealth	RANK:10
ABILITY:CATEGORY=FEAT|Dodge
ABILITY:CATEGORY=FEAT|Great Fortitude
ABILITY:CATEGORY=FEAT|Lightning Reflexes
ABILITY:CATEGORY=FEAT|Mobility
ABILITY:CATEGORY=FEAT|Power Attack

