SOURCELONG:Pathfinder Adventure Path #37	SOURCESHORT:AP37	SOURCEWEB:http://paizo.com	SOURCEDATE:2010-01

Bluetip Eurypterid	KEY:Bluetip Eurypterid	SIZE:L	MOVE:Walk,20,Swim,60	REACH:10	BONUS:STAT|STR|8	BONUS:STAT|DEX|7	BONUS:STAT|CON|6	BONUS:STAT|WIS|3	BONUS:STAT|CHA|-8	BONUS:VAR|AC_Natural_Armor|7|TYPE=Base	BONUS:VAR|HasLowlightVision|1|TYPE=Base	BONUS:VAR|TremorsenseRange|30|TYPE=Base	ABILITY:Internal|AUTOMATIC|Racial Traits ~ Bluetip Eurypterid	LEGS:6	HANDS:0	NATURALATTACKS:Claw,Weapon.Natural.Weapon Group Natural.Melee.Finesseable.Slashing,*2,1d6|Sting,Weapon.Natural.Weapon Group Natural.Melee.Finesseable.Piercing,*1,1d4,SPROP=plus poison and poison	DEFINESTAT:NONSTAT|INT	MONSTERCLASS:Vermin:7	RACETYPE:Vermin	RACESUBTYPE:Aquatic	TYPE:Vermin	CR:5	KIT:1|TN	FACT:BaseSize|L
Common Eurypterid	KEY:Common Eurypterid	SIZE:M	MOVE:Walk,20,Swim,40	REACH:5	BONUS:STAT|DEX|1	BONUS:STAT|CON|2	BONUS:STAT|WIS|3	BONUS:STAT|CHA|-8	BONUS:VAR|AC_Natural_Armor|4|TYPE=Base	BONUS:VAR|HasLowlightVision|1|TYPE=Base	BONUS:VAR|TremorsenseRange|30|TYPE=Base	ABILITY:Internal|AUTOMATIC|Racial Traits ~ Common Eurypterid	LEGS:6	HANDS:0	NATURALATTACKS:Claw,Weapon.Natural.Weapon Group Natural.Melee.Finesseable.Slashing,*2,1d3|Sting,Weapon.Natural.Weapon Group Natural.Melee.Finesseable.Piercing,*1,1d3,SPROP=plus poison and poison	DEFINESTAT:NONSTAT|INT	MONSTERCLASS:Vermin:2	RACETYPE:Vermin	RACESUBTYPE:Aquatic	TYPE:Vermin	CR:1	KIT:1|TN	FACT:BaseSize|M
Glass Urchin	KEY:Glass Urchin	SIZE:H	MOVE:Walk,5	REACH:15	BONUS:STAT|STR|21	BONUS:STAT|DEX|-7	BONUS:STAT|CON|12	BONUS:STAT|WIS|5	BONUS:STAT|CHA|-8	BONUS:VAR|AC_Natural_Armor|18|TYPE=Base	BONUS:VAR|HasLowlightVision|1|TYPE=Base	BONUS:VAR|TremorsenseRange|30|TYPE=Base	ABILITY:Internal|AUTOMATIC|Racial Traits ~ Glass Urchin	LEGS:6	HANDS:0	DEFINESTAT:NONSTAT|INT	MONSTERCLASS:Vermin:12	RACETYPE:Vermin	RACESUBTYPE:Aquatic	TYPE:Vermin	CR:9	KIT:1|TN	FACT:BaseSize|H
Hunter Urchin	KEY:Hunter Urchin	SIZE:M	MOVE:Walk,15	REACH:5	BONUS:STAT|STR|5	BONUS:STAT|DEX|-7	BONUS:STAT|CON|4	BONUS:STAT|WIS|1	BONUS:STAT|CHA|-8	BONUS:VAR|AC_Natural_Armor|6|TYPE=Base	BONUS:VAR|HasLowlightVision|1|TYPE=Base	BONUS:VAR|TremorsenseRange|30|TYPE=Base	ABILITY:Internal|AUTOMATIC|Racial Traits ~ Hunter Urchin	LEGS:6	HANDS:0	NATURALATTACKS:Tongue,Weapon.Natural.Weapon Group Natural.Melee.Finesseable.Bludgeoning,*1,1d3,SPROP=plus pull and pull	DEFINESTAT:NONSTAT|INT	MONSTERCLASS:Vermin:2	RACETYPE:Vermin	RACESUBTYPE:Aquatic	TYPE:Vermin	CR:1	KIT:1|TN	FACT:BaseSize|M
Ochre Eurypterid	KEY:Ochre Eurypterid	SIZE:S	MOVE:Walk,20,Swim,40	REACH:5	BONUS:STAT|STR|-2	BONUS:STAT|DEX|3	BONUS:STAT|WIS|3	BONUS:STAT|CHA|-8	BONUS:VAR|AC_Natural_Armor|2|TYPE=Base	BONUS:VAR|HasLowlightVision|1|TYPE=Base	BONUS:VAR|TremorsenseRange|30|TYPE=Base	ABILITY:Internal|AUTOMATIC|Racial Traits ~ Ochre Eurypterid	LEGS:6	HANDS:0	NATURALATTACKS:Claw,Weapon.Natural.Weapon Group Natural.Melee.Finesseable.Slashing,*2,1d2|Sting,Weapon.Natural.Weapon Group Natural.Melee.Finesseable.Piercing,*1,1d2,SPROP=plus poison and poison	DEFINESTAT:NONSTAT|INT	MONSTERCLASS:Vermin:1	RACETYPE:Vermin	RACESUBTYPE:Aquatic	TYPE:Vermin	CR:1/3	KIT:1|TN	FACT:BaseSize|S
Quetzalcoatlus	KEY:Quetzalcoatlus	STARTFEATS:1	SIZE:H	MOVE:Walk,30,Fly,50	REACH:15	BONUS:COMBAT|AC|1|TYPE=Deflection	BONUS:STAT|STR|15	BONUS:STAT|DEX|7	BONUS:STAT|CON|7	BONUS:STAT|INT|-8	BONUS:STAT|WIS|4	BONUS:STAT|CHA|2	BONUS:VAR|AC_Natural_Armor|7|TYPE=Base	BONUS:VAR|HasLowlightVision|1|TYPE=Base	BONUS:VAR|Maneuverability|1	ABILITY:Internal|AUTOMATIC|Racial Traits ~ Quetzalcoatlus	LEGS:4	HANDS:0	NATURALATTACKS:Bite,Weapon.Natural.Weapon Group Natural.Melee.Finesseable.Bludgeoning.Piercing.Slashing,*1,2d8|Wing,Weapon.Natural.Weapon Group Natural.Melee.Finesseable.Bludgeoning,*2,1d6	MONSTERCLASS:Animal:11	RACETYPE:Animal	TYPE:Animal	CR:7	KIT:1|TN	FACT:BaseSize|H
Spear Urchin	KEY:Spear Urchin	SIZE:L	MOVE:Walk,5	REACH:5	BONUS:STAT|STR|13	BONUS:STAT|DEX|-7	BONUS:STAT|CON|8	BONUS:STAT|WIS|1	BONUS:STAT|CHA|-8	BONUS:VAR|AC_Natural_Armor|12|TYPE=Base	BONUS:VAR|HasLowlightVision|1|TYPE=Base	BONUS:VAR|TremorsenseRange|30|TYPE=Base	ABILITY:Internal|AUTOMATIC|Racial Traits ~ Spear Urchin	LEGS:6	HANDS:0	DEFINESTAT:NONSTAT|INT	MONSTERCLASS:Vermin:5	RACETYPE:Vermin	RACESUBTYPE:Aquatic	TYPE:Vermin	CR:4	KIT:1|TN	FACT:BaseSize|L
Spiny Eurypterid	KEY:Spiny Eurypterid	SIZE:H	MOVE:Walk,10,Swim,40	REACH:15	BONUS:STAT|STR|16	BONUS:STAT|DEX|-1	BONUS:STAT|CON|10	BONUS:STAT|WIS|3	BONUS:STAT|CHA|-8	BONUS:VAR|AC_Natural_Armor|15|TYPE=Base	BONUS:VAR|HasLowlightVision|1|TYPE=Base	BONUS:VAR|TremorsenseRange|30|TYPE=Base	ABILITY:Internal|AUTOMATIC|Racial Traits ~ Spiny Eurypterid	LEGS:6	HANDS:0	NATURALATTACKS:Claw,Weapon.Natural.Weapon Group Natural.Melee.Finesseable.Slashing,*2,1d8|Sting,Weapon.Natural.Weapon Group Natural.Melee.Finesseable.Piercing,*1,1d6,SPROP=plus poison and poison	DEFINESTAT:NONSTAT|INT	MONSTERCLASS:Vermin:12	RACETYPE:Vermin	RACESUBTYPE:Aquatic	TYPE:Vermin	CR:9	KIT:1|TN	FACT:BaseSize|H
Spitting Eurypterid	KEY:Spitting Eurypterid	SIZE:G	MOVE:Walk,10,Swim,40	REACH:20	BONUS:STAT|STR|24	BONUS:STAT|CON|14	BONUS:STAT|WIS|3	BONUS:STAT|CHA|-8	BONUS:VAR|AC_Natural_Armor|20|TYPE=Base	BONUS:VAR|HasLowlightVision|1|TYPE=Base	BONUS:VAR|TremorsenseRange|30|TYPE=Base	ABILITY:Internal|AUTOMATIC|Racial Traits ~ Spitting Eurypterid	LEGS:6	HANDS:0	NATURALATTACKS:Claw,Weapon.Natural.Weapon Group Natural.Melee.Finesseable.Slashing,*2,1d8|Sting,Weapon.Natural.Weapon Group Natural.Melee.Finesseable.Piercing,*1,2d6,SPROP=plus poison and poison	DEFINESTAT:NONSTAT|INT	MONSTERCLASS:Vermin:16	RACETYPE:Vermin	RACESUBTYPE:Aquatic	TYPE:Vermin	CR:12	KIT:1|TN	FACT:BaseSize|G
Tuyewera	KEY:Tuyewera	STARTFEATS:1	SIZE:M	MOVE:Walk,20	REACH:5	BONUS:STAT|STR|7	BONUS:STAT|DEX|6	BONUS:STAT|INT|-2	BONUS:STAT|WIS|3	BONUS:STAT|CHA|5	BONUS:VAR|AC_Natural_Armor|3|TYPE=Base	BONUS:VAR|DarkvisionRange|60|TYPE=Base	ABILITY:Internal|AUTOMATIC|Racial Traits ~ Tuyewera	LEGS:2	HANDS:2	NATURALATTACKS:Slam,Weapon.Natural.Weapon Group Natural.Melee.Finesseable.Bludgeoning,*1,1d6|Tongue,Weapon.Natural.Weapon Group Natural.Melee.Finesseable.Bludgeoning,*1,1d4,SPROP=plus grab and grab	DEFINESTAT:NONSTAT|CON	DR:5/magic	MONSTERCLASS:Undead:6	RACETYPE:Undead	TYPE:Undead	CR:4	KIT:1|CE	AUTO:LANG|Common (but see steal tongue below)	FACT:BaseSize|M
Undead Ningyo	KEY:Undead Ningyo	STARTFEATS:1	SIZE:S	MOVE:Walk,10,Swim,20	REACH:5	BONUS:STAT|STR|2	BONUS:STAT|DEX|3	BONUS:STAT|INT|-5	BONUS:STAT|WIS|5	BONUS:STAT|CHA|6	BONUS:VAR|AC_Natural_Armor|2|TYPE=Base	ABILITY:Internal|AUTOMATIC|Racial Traits ~ Undead Ningyo	LEGS:2	HANDS:2	NATURALATTACKS:Claw,Weapon.Natural.Weapon Group Natural.Melee.Finesseable.Slashing,*2,1d3|Bite,Weapon.Natural.Weapon Group Natural.Melee.Finesseable.Bludgeoning.Piercing.Slashing,*1,1d4	DEFINESTAT:NONSTAT|CON	MONSTERCLASS:Undead:2	RACETYPE:Undead	RACESUBTYPE:Aquatic	TYPE:Undead	CR:1	KIT:1|NE	FACT:BaseSize|S
