SOURCELONG:Pathfinder Adventure Path #70	SOURCESHORT:AP70	SOURCEWEB:http://paizo.com	SOURCEDATE:2010-01

Stormghost	KEY:Stormghost	STARTFEATS:1	SIZE:L	MOVE:Walk,50,Climb,30	REACH:5	BONUS:COMBAT|AC|1|TYPE=Deflection	BONUS:STAT|STR|17	BONUS:STAT|DEX|13	BONUS:STAT|CON|14	BONUS:STAT|INT|1	BONUS:STAT|WIS|4	BONUS:STAT|CHA|6	BONUS:VAR|AC_Natural_Armor|12|TYPE=Base	BONUS:VAR|DarkvisionRange|90|TYPE=Base	BONUS:VAR|HasLowlightVision|1|TYPE=Base	ABILITY:Internal|AUTOMATIC|Racial Traits ~ Stormghost	LEGS:2	HANDS:2	NATURALATTACKS:Bite,Weapon.Natural.Weapon Group Natural.Melee.Finesseable.Bludgeoning.Piercing.Slashing,*1,1d8|Claw,Weapon.Natural.Weapon Group Natural.Melee.Finesseable.Slashing,*2,1d8,SPROP=plus 1d6 electricity	MONSTERCLASS:Monstrous Humanoid:17	RACETYPE:Monstrous Humanoid	TYPE:Monstrous Humanoid	CR:15	KIT:1|CE	AUTO:LANG|Triaxian	FACT:BaseSize|L
Ursikka	KEY:Ursikka	STARTFEATS:1	SIZE:H	MOVE:Walk,40,Burrow,20	REACH:15	BONUS:STAT|STR|22	BONUS:STAT|DEX|1	BONUS:STAT|CON|12	BONUS:STAT|INT|-8	BONUS:STAT|WIS|3	BONUS:STAT|CHA|-5	BONUS:VAR|AC_Natural_Armor|16|TYPE=Base	BONUS:VAR|DarkvisionRange|60|TYPE=Base	BONUS:VAR|HasLowlightVision|1|TYPE=Base	BONUS:VAR|TremorsenseRange|30|TYPE=Base	ABILITY:Internal|AUTOMATIC|Racial Traits ~ Ursikka	LEGS:4	HANDS:0	NATURALATTACKS:Bite,Weapon.Natural.Weapon Group Natural.Melee.Finesseable.Bludgeoning.Piercing.Slashing,*1,2d6,SPROP=plus freezing viscosity|Claw,Weapon.Natural.Weapon Group Natural.Melee.Finesseable.Slashing,*2,1d8	MONSTERCLASS:Magical Beast:12	RACETYPE:Magical Beast	TYPE:Magical Beast	CR:10	KIT:1|TN	FACT:BaseSize|H
Wolliped	KEY:Wolliped	STARTFEATS:1	SIZE:L	MOVE:Walk,50	REACH:5	BONUS:STAT|STR|8	BONUS:STAT|DEX|4	BONUS:STAT|CON|7	BONUS:STAT|INT|-8	BONUS:STAT|WIS|1	BONUS:STAT|CHA|-7	BONUS:VAR|AC_Natural_Armor|4|TYPE=Base	BONUS:VAR|HasLowlightVision|1|TYPE=Base	ABILITY:Internal|AUTOMATIC|Racial Traits ~ Wolliped	LEGS:4	HANDS:0	NATURALATTACKS:Gore,Weapon.Natural.Weapon Group Natural.Melee.Finesseable.Piercing,*1,1d8	MONSTERCLASS:Animal:4	RACETYPE:Animal	TYPE:Animal	CR:3	KIT:1|TN	FACT:BaseSize|L
