SOURCELONG:Pathfinder Adventure Path #33	SOURCESHORT:AP33	SOURCEWEB:http://paizo.com	SOURCEDATE:2010-01

STARTPACK:Blodeuwedd Default	TYPE:Default Monster.Fey	VISIBLE:QUALIFY	EQUIPBUY:0	PREMULT:1,[PRERACE:1,Blodeuwedd],[!PRERACE:1,%]
ALIGN:CN
RACE:Blodeuwedd	!PRERACE:1,%
NAME:Blodeuwedd
STAT:STR=10|DEX=10|CON=10|INT=10|WIS=10|CHA=10
SKILL:Diplomacy	RANK:7
SKILL:Escape Artist	RANK:2
SKILL:Handle Animal	RANK:2
SKILL:Heal	RANK:3
SKILL:Knowledge (Nature)	RANK:7
SKILL:Perception	RANK:5
SKILL:Perform (wind)	RANK:5
SKILL:Sense Motive	RANK:5
SKILL:Stealth	RANK:7
SKILL:Survival	RANK:4
ABILITY:CATEGORY=FEAT|Combat Casting
ABILITY:CATEGORY=FEAT|Dodge
ABILITY:CATEGORY=FEAT|Mobility
ABILITY:CATEGORY=FEAT|Weapon Finesse

STARTPACK:Clawbat Default	TYPE:Default Monster.Magical Beast	VISIBLE:QUALIFY	EQUIPBUY:0	PREMULT:1,[PRERACE:1,Clawbat],[!PRERACE:1,%]
ALIGN:TN
RACE:Clawbat	!PRERACE:1,%
NAME:Clawbat
STAT:STR=10|DEX=10|CON=10|INT=10|WIS=10|CHA=10
SKILL:Fly	RANK:1
SKILL:Stealth	RANK:2
ABILITY:CATEGORY=FEAT|Flyby Attack
ABILITY:CATEGORY=FEAT|Weapon Finesse

STARTPACK:Stygira Default	TYPE:Default Monster.Monstrous Humanoid	VISIBLE:QUALIFY	EQUIPBUY:0	PREMULT:1,[PRERACE:1,Stygira],[!PRERACE:1,%]
ALIGN:LE
RACE:Stygira	!PRERACE:1,%
NAME:Stygira
STAT:STR=10|DEX=10|CON=10|INT=10|WIS=10|CHA=10
SKILL:Bluff	RANK:5
SKILL:Knowledge (Arcana)	RANK:5
SKILL:Knowledge (Dungeoneering)	RANK:5
SKILL:Knowledge (Religion)	RANK:5
SKILL:Perception	RANK:8
SKILL:Sense Motive	RANK:7
SKILL:Spellcraft	RANK:5
ABILITY:CATEGORY=FEAT|Alertness
ABILITY:CATEGORY=FEAT|Blind-Fight
ABILITY:CATEGORY=FEAT|Improved Initiative
ABILITY:CATEGORY=FEAT|Iron Will

