SOURCELONG:Pathfinder Adventure Path #88	SOURCESHORT:AP88	SOURCEWEB:http://paizo.com	SOURCEDATE:2010-01

Reclamation Robot	KEY:Reclamation Robot	STARTFEATS:1	SIZE:L	MOVE:Walk,30,Climb,20	REACH:15	BONUS:STAT|STR|12	BONUS:STAT|DEX|15	BONUS:STAT|INT|4	BONUS:STAT|WIS|5	BONUS:STAT|CHA|-9	BONUS:VAR|AC_Natural_Armor|11|TYPE=Base	BONUS:VAR|DarkvisionRange|60|TYPE=Base	BONUS:VAR|HasLowlightVision|1|TYPE=Base	ABILITY:Internal|AUTOMATIC|Racial Traits ~ Reclamation Robot	LEGS:2	HANDS:2	NATURALATTACKS:Claw,Weapon.Natural.Weapon Group Natural.Melee.Finesseable.Slashing,*5,1d6,SPROP=plus grab and grab	DEFINESTAT:NONSTAT|CON	MONSTERCLASS:Construct:16	RACETYPE:Construct	RACESUBTYPE:Robot	TYPE:Construct	CR:12	KIT:1|TN	AUTO:LANG|Androffan|Common	FACT:BaseSize|L
Shipmind	KEY:Shipmind	STARTFEATS:1	SIZE:H	MOVE:Walk,0,Walk,10	REACH:15	BONUS:STAT|STR|24	BONUS:STAT|DEX|18	BONUS:STAT|CON|14	BONUS:STAT|INT|11	BONUS:STAT|WIS|13	BONUS:STAT|CHA|11	BONUS:VAR|AC_Natural_Armor|10|TYPE=Base	BONUS:VAR|BlindsightRange|60|TYPE=Base	ABILITY:Internal|AUTOMATIC|Racial Traits ~ Shipmind	LEGS:0	HANDS:0	NATURALATTACKS:Slam,Weapon.Natural.Weapon Group Natural.Melee.Finesseable.Bludgeoning,*3,1d8,SPROP=plus 1d4 int damage and grab and grab	SR:24	DR:10/-	MONSTERCLASS:Ooze:14	RACETYPE:Ooze	TYPE:Ooze	CR:13	KIT:1|CE	AUTO:LANG|Abyssal|Aklo|Common|Draconic|Infernal|Undercommon|Protean; telepathy 60 ft.	FACT:BaseSize|H
Ugothokra	KEY:Ugothokra	STARTFEATS:1	SIZE:S	MOVE:Walk,50,Climb,50	REACH:5	BONUS:COMBAT|AC|1|TYPE=Deflection	BONUS:STAT|STR|3	BONUS:STAT|DEX|10	BONUS:STAT|CON|8	BONUS:STAT|WIS|7	BONUS:STAT|CHA|3	BONUS:VAR|AC_Natural_Armor|3|TYPE=Base	BONUS:VAR|DarkvisionRange|60|TYPE=Base	ABILITY:Internal|AUTOMATIC|Racial Traits ~ Ugothokra	LEGS:0	HANDS:0	NATURALATTACKS:Bite,Weapon.Natural.Weapon Group Natural.Melee.Finesseable.Bludgeoning.Piercing.Slashing,*1,1d4,SPROP=plus poison and poison	MONSTERCLASS:Aberration:10	RACETYPE:Aberration	TYPE:Aberration	CR:7	KIT:1|CE	AUTO:LANG|Aklo (can't speak)	FACT:BaseSize|S
Yah-Thelgaad	KEY:Yah-Thelgaad	STARTFEATS:1	SIZE:L	MOVE:Walk,20,Fly,40	REACH:10	BONUS:COMBAT|AC|12|TYPE=Deflection	BONUS:STAT|STR|22	BONUS:STAT|DEX|8	BONUS:STAT|CON|16	BONUS:STAT|INT|13	BONUS:STAT|WIS|15	BONUS:STAT|CHA|11	BONUS:VAR|AC_Natural_Armor|5|TYPE=Base	BONUS:VAR|DarkvisionRange|60|TYPE=Base	BONUS:VAR|Maneuverability|5	ABILITY:Internal|AUTOMATIC|Racial Traits ~ Yah-Thelgaad	LEGS:0	HANDS:0	NATURALATTACKS:Claw,Weapon.Natural.Weapon Group Natural.Melee.Finesseable.Slashing,*1,3d6,SPROP=plus poison and poison|Tentacle,Weapon.Natural.Weapon Group Natural.Melee.Finesseable.Bludgeoning,*2,1d8,SPROP=plus grab and grab	SR:25	DR:10/magic and adamantine	MONSTERCLASS:Aberration:16	RACETYPE:Aberration	TYPE:Aberration	CR:14	KIT:1|CE	AUTO:LANG|Abyssal|Aklo|Common|Draconic|Infernal|Protean|Undercommon; telepathy 100 ft.	FACT:BaseSize|L
