SOURCELONG:Pathfinder Adventure Path #93	SOURCESHORT:AP93	SOURCEWEB:http://paizo.com	SOURCEDATE:2010-01

STARTPACK:Benaioh Default	TYPE:Default Monster.Construct	VISIBLE:QUALIFY	EQUIPBUY:0	PREMULT:1,[PRERACE:1,Benaioh],[!PRERACE:1,%]
ALIGN:TN
RACE:Benaioh	!PRERACE:1,%
NAME:Benaioh
STAT:STR=10|DEX=10|WIS=10|CHA=10

STARTPACK:Great Elder Iuu Default	TYPE:Default Monster.Outsider	VISIBLE:QUALIFY	EQUIPBUY:0	PREMULT:1,[PRERACE:1,Great Elder Iuu],[!PRERACE:1,%]
ALIGN:LE
RACE:Great Elder Iuu	!PRERACE:1,%
NAME:Great Elder Iuu
STAT:STR=10|DEX=10|CON=10|INT=10|WIS=10|CHA=10
SKILL:Climb	RANK:3
SKILL:Craft (stonemasonry, weapons)	RANK:10
SKILL:Diplomacy	RANK:9
SKILL:Intimidate	RANK:16
SKILL:Knowledge (Dungeoneering)	RANK:7
SKILL:Knowledge (History)	RANK:7
SKILL:Knowledge (Planes)	RANK:7
SKILL:Knowledge (Religion)	RANK:7
SKILL:Perception	RANK:15
SKILL:Perform (sing)	RANK:6
SKILL:Sense Motive	RANK:10
SKILL:Stealth	RANK:11
ABILITY:CATEGORY=FEAT|Blind-Fight
ABILITY:CATEGORY=FEAT|Cleave
ABILITY:CATEGORY=FEAT|Dodge
ABILITY:CATEGORY=FEAT|Iron Will
ABILITY:CATEGORY=FEAT|Point-Blank Shot
ABILITY:CATEGORY=FEAT|Power Attack
ABILITY:CATEGORY=FEAT|Precise Shot
ABILITY:CATEGORY=FEAT|Quick Draw

STARTPACK:Living Cave Painting Default	TYPE:Default Monster.Aberration	VISIBLE:QUALIFY	EQUIPBUY:0	PREMULT:1,[PRERACE:1,Living Cave Painting],[!PRERACE:1,%]
ALIGN:TN
RACE:Living Cave Painting	!PRERACE:1,%
NAME:Living Cave Painting
STAT:DEX=10|CON=10|INT=10|WIS=10|CHA=10
SKILL:Climb	RANK:5
SKILL:Perception	RANK:1
SKILL:Stealth	RANK:5
ABILITY:CATEGORY=FEAT|Dodge
ABILITY:CATEGORY=FEAT|Improved Initiative
ABILITY:CATEGORY=FEAT|Mobility

STARTPACK:Mongrel Cave Giant Default	TYPE:Default Monster.Humanoid	VISIBLE:QUALIFY	EQUIPBUY:0	PREMULT:1,[PRERACE:1,Mongrel Cave Giant],[!PRERACE:1,%]
ALIGN:CE
RACE:Mongrel Cave Giant	!PRERACE:1,%
NAME:Mongrel Cave Giant
STAT:STR=10|DEX=10|CON=10|INT=10|WIS=10|CHA=10
SKILL:Climb	RANK:1
SKILL:Intimidate	RANK:6
SKILL:Perception	RANK:2
SKILL:Stealth	RANK:1
ABILITY:CATEGORY=FEAT|Cleave
ABILITY:CATEGORY=FEAT|Improved Sunder
ABILITY:CATEGORY=FEAT|Power Attack
ABILITY:CATEGORY=FEAT|Vital Strike
ABILITY:CATEGORY=FEAT|Weapon Focus (battleaxe)

