SOURCELONG:Pathfinder Adventure Path #64	SOURCESHORT:AP64	SOURCEWEB:http://paizo.com	SOURCEDATE:2010-01

STARTPACK:End's Voice Default	TYPE:Default Monster.Outsider	VISIBLE:QUALIFY	EQUIPBUY:0	PREMULT:1,[PRERACE:1,End's Voice],[!PRERACE:1,%]
ALIGN:CN
RACE:End's Voice	!PRERACE:1,%
NAME:End's Voice
STAT:STR=10|DEX=10|CON=10|INT=10|WIS=10|CHA=10
SKILL:Disable Device	RANK:12
SKILL:Fly	RANK:10
SKILL:Intimidate	RANK:15
SKILL:Knowledge (Geography)	RANK:12
SKILL:Knowledge (History)	RANK:15
SKILL:Knowledge (Religion)	RANK:15
SKILL:Perception	RANK:15
SKILL:Sense Motive	RANK:15
SKILL:Spellcraft	RANK:12
SKILL:Stealth	RANK:11
SKILL:Use Magic Device	RANK:15
ABILITY:CATEGORY=FEAT|Combat Casting
ABILITY:CATEGORY=FEAT|Combat Expertise
ABILITY:CATEGORY=FEAT|Dodge
ABILITY:CATEGORY=FEAT|Improved Critical (heavy flail)
ABILITY:CATEGORY=FEAT|Improved Initiative
ABILITY:CATEGORY=FEAT|Improved Iron Will
ABILITY:CATEGORY=FEAT|Improved Sunder
ABILITY:CATEGORY=FEAT|Iron Will
ABILITY:CATEGORY=FEAT|Weapon Focus (heavy flail)

STARTPACK:Gongorinan Default	TYPE:Default Monster.Outsider	VISIBLE:QUALIFY	EQUIPBUY:0	PREMULT:1,[PRERACE:1,Gongorinan],[!PRERACE:1,%]
ALIGN:CE
RACE:Gongorinan	!PRERACE:1,%
NAME:Gongorinan
STAT:STR=10|DEX=10|CON=10|INT=10|WIS=10|CHA=10
SKILL:Acrobatics	RANK:11
SKILL:Climb	RANK:11
SKILL:Disguise	RANK:8
SKILL:Knowledge (Arcana)	RANK:11
SKILL:Perception	RANK:11
SKILL:Stealth	RANK:11
SKILL:Swim	RANK:8
ABILITY:CATEGORY=FEAT|Combat Reflexes
ABILITY:CATEGORY=FEAT|Dodge
ABILITY:CATEGORY=FEAT|Improved Critical (scimitar)
ABILITY:CATEGORY=FEAT|Improved Initiative
ABILITY:CATEGORY=FEAT|Multiattack
ABILITY:CATEGORY=FEAT|Power Attack
ABILITY:CATEGORY=FEAT|Weapon Focus (scimitar)

STARTPACK:Kere Default	TYPE:Default Monster.Outsider	VISIBLE:QUALIFY	EQUIPBUY:0	PREMULT:1,[PRERACE:1,Kere],[!PRERACE:1,%]
ALIGN:TN
RACE:Kere	!PRERACE:1,%
NAME:Kere
STAT:STR=10|DEX=10|CON=10|INT=10|WIS=10|CHA=10
SKILL:Escape Artist	RANK:1
SKILL:Fly	RANK:12
SKILL:Intimidate	RANK:12
SKILL:Knowledge (History)	RANK:12
SKILL:Knowledge (Religion)	RANK:12
SKILL:Perception	RANK:12
SKILL:Sense Motive	RANK:12
SKILL:Stealth	RANK:12
ABILITY:CATEGORY=FEAT|Alertness
ABILITY:CATEGORY=FEAT|Combat Reflexes
ABILITY:CATEGORY=FEAT|Improved Initiative
ABILITY:CATEGORY=FEAT|Lightning Reflexes
ABILITY:CATEGORY=FEAT|Stealthy
ABILITY:CATEGORY=FEAT|Weapon Finesse

STARTPACK:Yamasoth Default	TYPE:Default Monster.Outsider	VISIBLE:QUALIFY	EQUIPBUY:0	PREMULT:1,[PRERACE:1,Yamasoth],[!PRERACE:1,%]
ALIGN:CE
RACE:Yamasoth	!PRERACE:1,%
NAME:Yamasoth
STAT:STR=10|DEX=10|CON=10|INT=10|WIS=10|CHA=10
SKILL:Fly	RANK:27
SKILL:Intimidate	RANK:27
SKILL:Knowledge (Arcana)	RANK:27
SKILL:Knowledge (Dungeoneering)	RANK:24
SKILL:Knowledge (History)	RANK:24
SKILL:Knowledge (Nature)	RANK:24
SKILL:Knowledge (Planes)	RANK:27
SKILL:Knowledge (Religion)	RANK:24
SKILL:Perception	RANK:27
SKILL:Sense Motive	RANK:27
SKILL:Spellcraft	RANK:27
SKILL:Stealth	RANK:15
SKILL:Use Magic Device	RANK:27
ABILITY:CATEGORY=FEAT|Combat Reflexes
ABILITY:CATEGORY=FEAT|Critical Focus
ABILITY:CATEGORY=FEAT|Dodge
ABILITY:CATEGORY=FEAT|Greater Vital Strike
ABILITY:CATEGORY=FEAT|Improved Critical (bite)
ABILITY:CATEGORY=FEAT|Improved Critical (tentacle)
ABILITY:CATEGORY=FEAT|Improved Initiative
ABILITY:CATEGORY=FEAT|Improved Vital Strike
ABILITY:CATEGORY=FEAT|Lightning Reflexes
ABILITY:CATEGORY=FEAT|Multiattack
ABILITY:CATEGORY=FEAT|Power Attack
ABILITY:CATEGORY=FEAT|Quicken Spell-Like Ability (baleful polymorph)
ABILITY:CATEGORY=FEAT|Staggering Critical
ABILITY:CATEGORY=FEAT|Vital Strike

