

###Block: Monster Racial Traits (auto-generated)

Racial Traits ~ Abasheen Genie	CATEGORY:Internal
Racial Traits ~ Aberrant	CATEGORY:Internal
Racial Traits ~ Abyssal Harvester	CATEGORY:Internal	ABILITY:Special Ability|AUTOMATIC|Immunity to Poison|Grab|Can't Be Tripped
Racial Traits ~ Abyssal Larva	CATEGORY:Internal	ABILITY:Special Ability|AUTOMATIC|Immunity to Mind-Affecting Effects
Racial Traits ~ Abyssal Wolf	CATEGORY:Internal	ABILITY:Special Ability|AUTOMATIC|Scent|Trip
Racial Traits ~ Adamantine Wasp Swarm	CATEGORY:Internal
Racial Traits ~ Adult Cloud Dragon	CATEGORY:Internal	ABILITY:Special Ability|AUTOMATIC|Immunity to Electricity|Immunity to Paralysis|Immunity to Sleep
Racial Traits ~ Adult Dungeon Dragon	CATEGORY:Internal	ABILITY:Special Ability|AUTOMATIC|Immunity to Paralysis|Immunity to Sleep
Racial Traits ~ Adult Mist Dragon	CATEGORY:Internal	ABILITY:Special Ability|AUTOMATIC|Immunity to Fire|Immunity to Paralysis
Racial Traits ~ Aerial Servant	CATEGORY:Internal	ABILITY:Special Ability|AUTOMATIC|Grab
Racial Traits ~ Aeshma Demon	CATEGORY:Internal	ABILITY:Special Ability|AUTOMATIC|Immunity to Electricity|Immunity to Poison
Racial Traits ~ Afanc	CATEGORY:Internal	ABILITY:Special Ability|AUTOMATIC|Immunity to Poison
Racial Traits ~ Ahlinni	CATEGORY:Internal
Racial Traits ~ Air Elemental Construct	CATEGORY:Internal
Racial Traits ~ Al-mi'raj	CATEGORY:Internal	ABILITY:Special Ability|AUTOMATIC|Immunity to Poison|Scent
Racial Traits ~ Alastor	CATEGORY:Internal	ABILITY:Special Ability|AUTOMATIC|Immunity to Fire|Immunity to Poison
Racial Traits ~ Algoid	CATEGORY:Internal	ABILITY:Special Ability|AUTOMATIC|Immunity to Fire|Immunity to Electricity|Can't Be Tripped
Racial Traits ~ Alu-Demon	CATEGORY:Internal	ABILITY:Special Ability|AUTOMATIC|Immunity to Electricity|Immunity to Poison
Racial Traits ~ Amaimon Devil	CATEGORY:Internal	ABILITY:Special Ability|AUTOMATIC|Immunity to Fire|Immunity to Poison
Racial Traits ~ Amber Ooze	CATEGORY:Internal	ABILITY:Special Ability|AUTOMATIC|Can't Be Tripped
Racial Traits ~ Amon	CATEGORY:Internal	ABILITY:Special Ability|AUTOMATIC|Immunity to Fire|Immunity to Poison|See in Darkness
Racial Traits ~ Ancient Cloud Dragon	CATEGORY:Internal	ABILITY:Special Ability|AUTOMATIC|Immunity to Electricity|Immunity to Paralysis|Immunity to Sleep
Racial Traits ~ Ancient Dungeon Dragon	CATEGORY:Internal	ABILITY:Special Ability|AUTOMATIC|Immunity to Paralysis|Immunity to Sleep
Racial Traits ~ Ancient Mist Dragon	CATEGORY:Internal	ABILITY:Special Ability|AUTOMATIC|Immunity to Fire|Immunity to Paralysis
Racial Traits ~ Apparition	CATEGORY:Internal	ABILITY:Special Ability|AUTOMATIC|Incorporeal
Racial Traits ~ Arach	CATEGORY:Internal
Racial Traits ~ Arcanoplasm	CATEGORY:Internal	ABILITY:Special Ability|AUTOMATIC|Immunity to Paralysis|Immunity to Poison|Immunity to Stunning|Can't Be Tripped
Racial Traits ~ Archer Bush	CATEGORY:Internal	ABILITY:Special Ability|AUTOMATIC|Can't Be Tripped
Racial Traits ~ Asrai	CATEGORY:Internal	ABILITY:Special Ability|AUTOMATIC|Immunity to Cold
Racial Traits ~ Astral Shark	CATEGORY:Internal	ABILITY:Special Ability|AUTOMATIC|Scent|All-Around Vision
Racial Traits ~ Azizou Demon	CATEGORY:Internal	ABILITY:Special Ability|AUTOMATIC|Immunity to Electricity|Immunity to Poison
Racial Traits ~ Baal	CATEGORY:Internal	ABILITY:Special Ability|AUTOMATIC|Immunity to Fire|Immunity to Poison|See in Darkness
Racial Traits ~ Baaphel	CATEGORY:Internal	ABILITY:Special Ability|AUTOMATIC|Immunity to Fire|Immunity to Poison|See in Darkness
Racial Traits ~ Babbler	CATEGORY:Internal	ABILITY:Special Ability|AUTOMATIC|Scent
Racial Traits ~ Baccae	CATEGORY:Internal
Racial Traits ~ Balban Demon	CATEGORY:Internal	ABILITY:Special Ability|AUTOMATIC|Immunity to Electricity|Immunity to Poison
Racial Traits ~ Banderlog	CATEGORY:Internal
Racial Traits ~ Baobhan Sith	CATEGORY:Internal
Racial Traits ~ Baphomet	CATEGORY:Internal	ABILITY:Special Ability|AUTOMATIC|Immunity to Electricity|Immunity to Poison
Racial Traits ~ Barbegazi	CATEGORY:Internal	ABILITY:Special Ability|AUTOMATIC|Immunity to Cold
Racial Traits ~ Baric	CATEGORY:Internal	ABILITY:Special Ability|AUTOMATIC|Scent
Racial Traits ~ Barizou Demon	CATEGORY:Internal	ABILITY:Special Ability|AUTOMATIC|Immunity to Electricity|Immunity to Poison
Racial Traits ~ Barrow Rat	CATEGORY:Internal	ABILITY:Special Ability|AUTOMATIC|Scent
Racial Traits ~ Barrow Wight	CATEGORY:Internal
Racial Traits ~ Bedlam	CATEGORY:Internal	ABILITY:Special Ability|AUTOMATIC|Immunity to Petrification|Can't Be Tripped
Racial Traits ~ Belabra	CATEGORY:Internal	ABILITY:Special Ability|AUTOMATIC|Can't Be Tripped
Racial Traits ~ Beluiri	CATEGORY:Internal	ABILITY:Special Ability|AUTOMATIC|Immunity to Electricity|Immunity to Poison|Poison
Racial Traits ~ Biclops	CATEGORY:Internal
Racial Traits ~ Black Orc	CATEGORY:Internal
Racial Traits ~ Black Skeleton	CATEGORY:Internal
Racial Traits ~ Blood Bush	CATEGORY:Internal	ABILITY:Special Ability|AUTOMATIC|Immunity to Electricity|Can't Be Tripped
Racial Traits ~ Blood Hawk	CATEGORY:Internal	ABILITY:Special Ability|AUTOMATIC|Scent
Racial Traits ~ Blood Orc	CATEGORY:Internal	ABILITY:Special Ability|AUTOMATIC|Scent
Racial Traits ~ Blood Pudding	CATEGORY:Internal	ABILITY:Special Ability|AUTOMATIC|Immunity to Mind-Affecting Effects|Grab|Can't Be Tripped
Racial Traits ~ Blood Reaver Devil	CATEGORY:Internal	ABILITY:Special Ability|AUTOMATIC|Immunity to Fire|Immunity to Poison|See in Darkness
Racial Traits ~ Blood Weird	CATEGORY:Internal	ABILITY:Special Ability|AUTOMATIC|Grab
Racial Traits ~ Blood Wight	CATEGORY:Internal
Racial Traits ~ Bloodsuckle	CATEGORY:Internal	ABILITY:Special Ability|AUTOMATIC|Grab|Can't Be Tripped
Racial Traits ~ Bloody Bones	CATEGORY:Internal
Racial Traits ~ Boalisk	CATEGORY:Internal	ABILITY:Special Ability|AUTOMATIC|Scent|Grab
Racial Traits ~ Bog Beast	CATEGORY:Internal	ABILITY:Special Ability|AUTOMATIC|Scent
Racial Traits ~ Bog Creeper	CATEGORY:Internal	ABILITY:Special Ability|AUTOMATIC|Grab|Can't Be Tripped
Racial Traits ~ Bog Mummy	CATEGORY:Internal
Racial Traits ~ Boggart	CATEGORY:Internal	ABILITY:Special Ability|AUTOMATIC|Can't Be Tripped
Racial Traits ~ Bone Cobbler	CATEGORY:Internal	ABILITY:Special Ability|AUTOMATIC|Can't Be Tripped
Racial Traits ~ Bonesnapper	CATEGORY:Internal	ABILITY:Special Ability|AUTOMATIC|Grab
Racial Traits ~ Bonesucker	CATEGORY:Internal	ABILITY:Special Ability|AUTOMATIC|All-Around Vision|Grab|Can't Be Tripped
Racial Traits ~ Brass Man	CATEGORY:Internal	ABILITY:Special Ability|AUTOMATIC|Immunity to Fire
Racial Traits ~ Brine Zombie	CATEGORY:Internal
Racial Traits ~ Brontotherium	CATEGORY:Internal	ABILITY:Special Ability|AUTOMATIC|Scent
Racial Traits ~ Bronze Giant	CATEGORY:Internal
Racial Traits ~ Brown Pudding	CATEGORY:Internal	ABILITY:Special Ability|AUTOMATIC|Can't Be Tripped
Racial Traits ~ Brume	CATEGORY:Internal	ABILITY:Special Ability|AUTOMATIC|Immunity to Poison|Can't Be Tripped
Racial Traits ~ Brykolakas	CATEGORY:Internal
Racial Traits ~ Buckawn	CATEGORY:Internal	ABILITY:Special Ability|AUTOMATIC|Poison
Racial Traits ~ Burning Dervish	CATEGORY:Internal	ABILITY:Special Ability|AUTOMATIC|Immunity to Fire
Racial Traits ~ Caasimolar	CATEGORY:Internal	ABILITY:Special Ability|AUTOMATIC|Immunity to Fire|Immunity to Poison
Racial Traits ~ Cadaver	CATEGORY:Internal	ABILITY:Special Ability|AUTOMATIC|Immunity to Cold
Racial Traits ~ Caizel	CATEGORY:Internal	ABILITY:Special Ability|AUTOMATIC|Immunity to Electricity|Immunity to Poison
Racial Traits ~ Carrion Moth	CATEGORY:Internal	ABILITY:Special Ability|AUTOMATIC|Can't Be Tripped
Racial Traits ~ Caterprism	CATEGORY:Internal
Racial Traits ~ Caterwaul	CATEGORY:Internal	ABILITY:Special Ability|AUTOMATIC|Scent|Grab
Racial Traits ~ Cave Cricket	CATEGORY:Internal	ABILITY:Special Ability|AUTOMATIC|Immunity to Mind-Affecting Effects
Racial Traits ~ Cave Leech	CATEGORY:Internal	ABILITY:Special Ability|AUTOMATIC|Grab
Racial Traits ~ Cave Lion	CATEGORY:Internal	ABILITY:Special Ability|AUTOMATIC|Scent|Grab
Racial Traits ~ Cave Moray	CATEGORY:Internal
Racial Traits ~ Cave Troll	CATEGORY:Internal	ABILITY:Special Ability|AUTOMATIC|Scent
Racial Traits ~ Cavern Lizard	CATEGORY:Internal	ABILITY:Special Ability|AUTOMATIC|Scent|Grab
Racial Traits ~ Cerberus	CATEGORY:Internal	ABILITY:Special Ability|AUTOMATIC|Immunity to Death Effects|Scent
Racial Traits ~ Cerebral Stalker	CATEGORY:Internal	ABILITY:Special Ability|AUTOMATIC|Grab|Can't Be Tripped
Racial Traits ~ Chaaor Demon	CATEGORY:Internal	ABILITY:Special Ability|AUTOMATIC|Immunity to Electricity|Immunity to Poison|Grab
Racial Traits ~ Chain Worm	CATEGORY:Internal	ABILITY:Special Ability|AUTOMATIC|Immunity to Mind-Affecting Effects|Grab|Poison
Racial Traits ~ Chalkydri	CATEGORY:Internal	ABILITY:Special Ability|AUTOMATIC|Immunity to Acid|Immunity to Cold|Immunity to Petrification|Immunity to Death Effects
Racial Traits ~ Charon	CATEGORY:Internal	ABILITY:Special Ability|AUTOMATIC|Immunity to Acid|Immunity to Death Effects|Immunity to Disease|Immunity to Poison
Racial Traits ~ Charonodaemon	CATEGORY:Internal	ABILITY:Special Ability|AUTOMATIC|Immunity to Acid|Immunity to Death Effects|Immunity to Disease|Immunity to Poison
Racial Traits ~ Cherum	CATEGORY:Internal	ABILITY:Special Ability|AUTOMATIC|Immunity to Fire|Immunity to Poison|Can't Be Tripped
Racial Traits ~ Choronzon Demon	CATEGORY:Internal	ABILITY:Special Ability|AUTOMATIC|Immunity to Electricity|Immunity to Poison
Racial Traits ~ Chrystone	CATEGORY:Internal
Racial Traits ~ Church Grim	CATEGORY:Internal	ABILITY:Special Ability|AUTOMATIC|Incorporeal
Racial Traits ~ Churr	CATEGORY:Internal	ABILITY:Special Ability|AUTOMATIC|Scent|Grab
Racial Traits ~ Cinder Ghoul	CATEGORY:Internal	ABILITY:Special Ability|AUTOMATIC|Immunity to Fire
Racial Traits ~ Clamor	CATEGORY:Internal	ABILITY:Special Ability|AUTOMATIC|Incorporeal|Can't Be Tripped
Racial Traits ~ Clockwork Brain Gear	CATEGORY:Internal
Racial Traits ~ Clockwork Drone	CATEGORY:Internal
Racial Traits ~ Clockwork Overseer	CATEGORY:Internal
Racial Traits ~ Clockwork Parasite	CATEGORY:Internal
Racial Traits ~ Clockwork Scout	CATEGORY:Internal
Racial Traits ~ Clockwork Swarm	CATEGORY:Internal
Racial Traits ~ Clockwork Titan	CATEGORY:Internal
Racial Traits ~ Clockwork Warrior	CATEGORY:Internal
Racial Traits ~ Clubnek	CATEGORY:Internal
Racial Traits ~ Cobra Flower	CATEGORY:Internal	ABILITY:Special Ability|AUTOMATIC|Grab|Can't Be Tripped
Racial Traits ~ Cobra-back Inphidian	CATEGORY:Internal	ABILITY:Special Ability|AUTOMATIC|Poison
Racial Traits ~ Coffer Corpse	CATEGORY:Internal	ABILITY:Special Ability|AUTOMATIC|Grab
Racial Traits ~ Common Inphidian	CATEGORY:Internal	ABILITY:Special Ability|AUTOMATIC|Poison
Racial Traits ~ Common Time Elemental	CATEGORY:Internal
Racial Traits ~ Cooshee	CATEGORY:Internal	ABILITY:Special Ability|AUTOMATIC|Scent|Grab
Racial Traits ~ Corpse Candle	CATEGORY:Internal	ABILITY:Special Ability|AUTOMATIC|Incorporeal
Racial Traits ~ Corpse Orgy	CATEGORY:Internal	ABILITY:Special Ability|AUTOMATIC|All-Around Vision|Grab|Can't Be Tripped
Racial Traits ~ Corpse Rook	CATEGORY:Internal	ABILITY:Special Ability|AUTOMATIC|Scent|All-Around Vision
Racial Traits ~ Corpsespinner	CATEGORY:Internal	ABILITY:Special Ability|AUTOMATIC|Poison
Racial Traits ~ Crabman	CATEGORY:Internal	ABILITY:Special Ability|AUTOMATIC|Grab
Racial Traits ~ Crag Man	CATEGORY:Internal	ABILITY:Special Ability|AUTOMATIC|Can't Be Tripped
Racial Traits ~ Crimson Basilisk	CATEGORY:Internal
Racial Traits ~ Crucifixion Spirit	CATEGORY:Internal	ABILITY:Special Ability|AUTOMATIC|Incorporeal
Racial Traits ~ Crystal Ooze	CATEGORY:Internal	ABILITY:Special Ability|AUTOMATIC|Immunity to Cold|Immunity to Fire|Can't Be Tripped
Racial Traits ~ Crystalline Horror	CATEGORY:Internal	ABILITY:Special Ability|AUTOMATIC|Can't Be Tripped
Racial Traits ~ Crystallis	CATEGORY:Internal
Racial Traits ~ Dakon	CATEGORY:Internal
Racial Traits ~ Dancer Inphidian	CATEGORY:Internal	ABILITY:Special Ability|AUTOMATIC|Poison
Racial Traits ~ Daraka Demon	CATEGORY:Internal	ABILITY:Special Ability|AUTOMATIC|Immunity to Electricity|Immunity to Poison|Grab
Racial Traits ~ Dark Matter Entropic Ooze	CATEGORY:Internal	ABILITY:Special Ability|AUTOMATIC|Immunity to Negative Energy|Can't Be Tripped
Racial Traits ~ Darnoc	CATEGORY:Internal	ABILITY:Special Ability|AUTOMATIC|Incorporeal
Racial Traits ~ Deep Hunter Sea Serpent	CATEGORY:Internal	ABILITY:Special Ability|AUTOMATIC|Scent|Poison|Grab
Racial Traits ~ Deer	CATEGORY:Internal	ABILITY:Special Ability|AUTOMATIC|Scent
Racial Traits ~ Demi-lich	CATEGORY:Internal	ABILITY:Special Ability|AUTOMATIC|Immunity to Acid|Immunity to Cold|Immunity to Electricity
Racial Traits ~ Demiurge	CATEGORY:Internal	ABILITY:Special Ability|AUTOMATIC|Incorporeal
Racial Traits ~ Demonic Knight	CATEGORY:Internal
Racial Traits ~ Demoriel	CATEGORY:Internal	ABILITY:Special Ability|AUTOMATIC|Immunity to Fire|Immunity to Poison
Racial Traits ~ Derghodaemon	CATEGORY:Internal	ABILITY:Special Ability|AUTOMATIC|Immunity to Acid|Immunity to Poison
Racial Traits ~ Devil Dog	CATEGORY:Internal	ABILITY:Special Ability|AUTOMATIC|Immunity to Cold|Scent|Trip
Racial Traits ~ Diger	CATEGORY:Internal	ABILITY:Special Ability|AUTOMATIC|Can't Be Tripped
Racial Traits ~ Dire Racoon	CATEGORY:Internal
Racial Traits ~ Dire Shadow Rat	CATEGORY:Internal	ABILITY:Special Ability|AUTOMATIC|Scent
Racial Traits ~ Dire Smilodon	CATEGORY:Internal	ABILITY:Special Ability|AUTOMATIC|Grab
Racial Traits ~ Doombat Bat	CATEGORY:Internal
Racial Traits ~ Draconid	CATEGORY:Internal	ABILITY:Special Ability|AUTOMATIC|Poison|Can't Be Tripped
Racial Traits ~ Dragonfish	CATEGORY:Internal	ABILITY:Special Ability|AUTOMATIC|Scent
Racial Traits ~ Dragonnel	CATEGORY:Internal
Racial Traits ~ Dragonship	CATEGORY:Internal
Racial Traits ~ Draug	CATEGORY:Internal
Racial Traits ~ Dream Spectre	CATEGORY:Internal	ABILITY:Special Ability|AUTOMATIC|Incorporeal
Racial Traits ~ Drelb	CATEGORY:Internal	ABILITY:Special Ability|AUTOMATIC|Incorporeal
Racial Traits ~ Dun Pudding	CATEGORY:Internal	ABILITY:Special Ability|AUTOMATIC|Can't Be Tripped
Racial Traits ~ Dust Ghoul	CATEGORY:Internal
Racial Traits ~ Earth Elemental Construct	CATEGORY:Internal
Racial Traits ~ Eblis	CATEGORY:Internal
Racial Traits ~ Ectoplasm	CATEGORY:Internal	ABILITY:Special Ability|AUTOMATIC|Incorporeal|Can't Be Tripped
Racial Traits ~ Elder Acid Quasi-elemental	CATEGORY:Internal	ABILITY:Special Ability|AUTOMATIC|Immunity to Acid
Racial Traits ~ Elder Gravity Elemental	CATEGORY:Internal
Racial Traits ~ Elder Negative Energy Elemental	CATEGORY:Internal
Racial Traits ~ Elder Obsidian Quasi-elemental	CATEGORY:Internal
Racial Traits ~ Elder Positive Energy Elemental	CATEGORY:Internal
Racial Traits ~ Elemental Air Dragon	CATEGORY:Internal
Racial Traits ~ Elemental Earth Dragon	CATEGORY:Internal
Racial Traits ~ Elemental Fire Dragon	CATEGORY:Internal	ABILITY:Special Ability|AUTOMATIC|Immunity to Fire
Racial Traits ~ Elemental Water Dragon	CATEGORY:Internal
Racial Traits ~ Elusa Hound	CATEGORY:Internal	ABILITY:Special Ability|AUTOMATIC|Scent|Trip
Racial Traits ~ Empyreal	CATEGORY:Internal	ABILITY:Special Ability|AUTOMATIC|Immunity to Acid|Immunity to Cold|Immunity to Petrification|Immunity to Death Effects
Racial Traits ~ Encephalon Gorger	CATEGORY:Internal	ABILITY:Special Ability|AUTOMATIC|Grab|Can't Be Tripped
Racial Traits ~ Entropic Ooze	CATEGORY:Internal	ABILITY:Special Ability|AUTOMATIC|Immunity to Negative Energy|Can't Be Tripped
Racial Traits ~ Ethereal Rat	CATEGORY:Internal
Racial Traits ~ Euryale	CATEGORY:Internal	ABILITY:Special Ability|AUTOMATIC|Immunity to Paralysis|Immunity to Sleep|Immunity to Stunning|Grab|Poison
Racial Traits ~ Eye Killer	CATEGORY:Internal	ABILITY:Special Ability|AUTOMATIC|Grab
Racial Traits ~ Eye Of The Deep	CATEGORY:Internal	ABILITY:Special Ability|AUTOMATIC|All-Around Vision|Grab|Can't Be Tripped
Racial Traits ~ Fanged Sea Serpent	CATEGORY:Internal	ABILITY:Special Ability|AUTOMATIC|Scent|Poison
Racial Traits ~ Fear Guard	CATEGORY:Internal	ABILITY:Special Ability|AUTOMATIC|See in Darkness|Incorporeal
Racial Traits ~ Fen Witch	CATEGORY:Internal
Racial Traits ~ Ferrous Giant	CATEGORY:Internal	ABILITY:Special Ability|AUTOMATIC|Immunity to Fire|Immunity to Mind-Affecting Effects
Racial Traits ~ Fetch	CATEGORY:Internal	ABILITY:Special Ability|AUTOMATIC|Immunity to Cold
Racial Traits ~ Filcher Gremlin	CATEGORY:Internal
Racial Traits ~ Fire Drake	CATEGORY:Internal	ABILITY:Special Ability|AUTOMATIC|Immunity to Fire|Immunity to Paralysis|Immunity to Sleep
Racial Traits ~ Fire Elemental Construct	CATEGORY:Internal	ABILITY:Special Ability|AUTOMATIC|Immunity to Fire
Racial Traits ~ Fire Lizard	CATEGORY:Internal	ABILITY:Special Ability|AUTOMATIC|Immunity to Fire
Racial Traits ~ Fire Nymph	CATEGORY:Internal	ABILITY:Special Ability|AUTOMATIC|Immunity to Fire
Racial Traits ~ Fire Phantom	CATEGORY:Internal	ABILITY:Special Ability|AUTOMATIC|Immunity to Fire
Racial Traits ~ Fire Snake	CATEGORY:Internal	ABILITY:Special Ability|AUTOMATIC|Immunity to Fire
Racial Traits ~ Fire Whale	CATEGORY:Internal	ABILITY:Special Ability|AUTOMATIC|Immunity to Fire
Racial Traits ~ Flagstone Golem	CATEGORY:Internal
Racial Traits ~ Flayer Devil	CATEGORY:Internal	ABILITY:Special Ability|AUTOMATIC|Immunity to Fire|Immunity to Poison
Racial Traits ~ Flind	CATEGORY:Internal
Racial Traits ~ Floating Eye	CATEGORY:Internal
Racial Traits ~ Fogwarden	CATEGORY:Internal	ABILITY:Special Ability|AUTOMATIC|Immunity to Cold|Immunity to Electricity|Immunity to Poison|Can't Be Tripped
Racial Traits ~ Forester's Bane	CATEGORY:Internal	ABILITY:Special Ability|AUTOMATIC|Can't Be Tripped
Racial Traits ~ Forgotten One	CATEGORY:Internal	ABILITY:Special Ability|AUTOMATIC|Poison
Racial Traits ~ Four-armed Gargoyle	CATEGORY:Internal
Racial Traits ~ Fraz-urb'luu	CATEGORY:Internal	ABILITY:Special Ability|AUTOMATIC|Immunity to Electricity|Immunity to Mind-Affecting Effects|Immunity to Poison|Grab
Racial Traits ~ Frost Man	CATEGORY:Internal	ABILITY:Special Ability|AUTOMATIC|Immunity to Cold
Racial Traits ~ Fungoid	CATEGORY:Internal	ABILITY:Special Ability|AUTOMATIC|Can't Be Tripped
Racial Traits ~ Fungus Gargoyle	CATEGORY:Internal	ABILITY:Special Ability|AUTOMATIC|Can't Be Tripped
Racial Traits ~ Fungus Weird	CATEGORY:Internal	ABILITY:Special Ability|AUTOMATIC|Grab|Can't Be Tripped
Racial Traits ~ Furnace Golem	CATEGORY:Internal	ABILITY:Special Ability|AUTOMATIC|Immunity to Fire
Racial Traits ~ Fye	CATEGORY:Internal	ABILITY:Special Ability|AUTOMATIC|Incorporeal
Racial Traits ~ Fyr	CATEGORY:Internal
Racial Traits ~ Gallows Tree	CATEGORY:Internal	ABILITY:Special Ability|AUTOMATIC|Grab|Can't Be Tripped
Racial Traits ~ Gallows Tree Zombie	CATEGORY:Internal	ABILITY:Special Ability|AUTOMATIC|Can't Be Tripped
Racial Traits ~ Gallu-Demon	CATEGORY:Internal	ABILITY:Special Ability|AUTOMATIC|Immunity to Electricity|Immunity to Poison|Grab
Racial Traits ~ Gambado	CATEGORY:Internal	ABILITY:Special Ability|AUTOMATIC|Can't Be Tripped
Racial Traits ~ Gargantuan Monstrous Sea Wasp	CATEGORY:Internal	ABILITY:Special Ability|AUTOMATIC|Poison
Racial Traits ~ Gelatinous Golem	CATEGORY:Internal	ABILITY:Special Ability|AUTOMATIC|Immunity to Electricity
Racial Traits ~ Geon	CATEGORY:Internal
Racial Traits ~ Geruzou Demon	CATEGORY:Internal	ABILITY:Special Ability|AUTOMATIC|Immunity to Electricity|Immunity to Poison
Racial Traits ~ Geryon	CATEGORY:Internal	ABILITY:Special Ability|AUTOMATIC|Immunity to Fire|Immunity to Poison|See in Darkness|Grab|Poison
Racial Traits ~ Ghaddar Devil	CATEGORY:Internal	ABILITY:Special Ability|AUTOMATIC|Immunity to Fire|Immunity to Poison|See in Darkness|Grab
Racial Traits ~ Gharros Demon	CATEGORY:Internal	ABILITY:Special Ability|AUTOMATIC|Immunity to Electricity|Immunity to Poison
Racial Traits ~ Ghost-faced Orc	CATEGORY:Internal
Racial Traits ~ Ghoul Dire Wolf	CATEGORY:Internal	ABILITY:Special Ability|AUTOMATIC|Scent|Trip
Racial Traits ~ Ghoul Wolf	CATEGORY:Internal	ABILITY:Special Ability|AUTOMATIC|Scent
Racial Traits ~ Ghoul-stirge	CATEGORY:Internal	ABILITY:Special Ability|AUTOMATIC|Scent
Racial Traits ~ Giant Abyssal Dire Frog	CATEGORY:Internal	ABILITY:Special Ability|AUTOMATIC|Scent|Grab
Racial Traits ~ Giant Archerfish	CATEGORY:Internal	ABILITY:Special Ability|AUTOMATIC|Scent
Racial Traits ~ Giant Barracuda	CATEGORY:Internal
Racial Traits ~ Giant Blister Beetle	CATEGORY:Internal	ABILITY:Special Ability|AUTOMATIC|Immunity to Mind-Affecting Effects|Immunity to Poison
Racial Traits ~ Giant Bog Turtle	CATEGORY:Internal	ABILITY:Special Ability|AUTOMATIC|Scent|Grab
Racial Traits ~ Giant Boring Beetle	CATEGORY:Internal	ABILITY:Special Ability|AUTOMATIC|Immunity to Mind-Affecting Effects
Racial Traits ~ Giant Bumblebee, Queen	CATEGORY:Internal	ABILITY:Special Ability|AUTOMATIC|Immunity to Mind-Affecting Effects|Poison
Racial Traits ~ Giant Bumblebee, Worker	CATEGORY:Internal	ABILITY:Special Ability|AUTOMATIC|Immunity to Mind-Affecting Effects|Poison
Racial Traits ~ Giant Caribe	CATEGORY:Internal	ABILITY:Special Ability|AUTOMATIC|Scent
Racial Traits ~ Giant Clam	CATEGORY:Internal	ABILITY:Special Ability|AUTOMATIC|Immunity to Mind-Affecting Effects
Racial Traits ~ Giant Death Watch Beetle	CATEGORY:Internal	ABILITY:Special Ability|AUTOMATIC|Immunity to Death Effects|Immunity to Mind-Affecting Effects
Racial Traits ~ Giant Dire Frog	CATEGORY:Internal	ABILITY:Special Ability|AUTOMATIC|Scent|Grab
Racial Traits ~ Giant Electric Catfish	CATEGORY:Internal	ABILITY:Special Ability|AUTOMATIC|Grab
Racial Traits ~ Giant Falcon	CATEGORY:Internal	ABILITY:Special Ability|AUTOMATIC|Scent
Racial Traits ~ Giant Hamster	CATEGORY:Internal	ABILITY:Special Ability|AUTOMATIC|Immunity to Disease|Grab
Racial Traits ~ Giant Hornet	CATEGORY:Internal	ABILITY:Special Ability|AUTOMATIC|Poison
Racial Traits ~ Giant Horsefly	CATEGORY:Internal	ABILITY:Special Ability|AUTOMATIC|Immunity to Mind-Affecting Effects|Grab
Racial Traits ~ Giant Marmoset	CATEGORY:Internal	ABILITY:Special Ability|AUTOMATIC|Scent
Racial Traits ~ Giant Mosquito	CATEGORY:Internal	ABILITY:Special Ability|AUTOMATIC|Scent
Racial Traits ~ Giant Pike	CATEGORY:Internal	ABILITY:Special Ability|AUTOMATIC|Scent|Grab
Racial Traits ~ Giant Rhinoceros Beetle	CATEGORY:Internal
Racial Traits ~ Giant Rock-horned Lizard	CATEGORY:Internal
Racial Traits ~ Giant Saw-toothed Beetle	CATEGORY:Internal	ABILITY:Special Ability|AUTOMATIC|Immunity to Mind-Affecting Effects|Scent|Grab
Racial Traits ~ Giant Sea Slug	CATEGORY:Internal	ABILITY:Special Ability|AUTOMATIC|Grab
Racial Traits ~ Giant Slicer Beetle	CATEGORY:Internal	ABILITY:Special Ability|AUTOMATIC|Immunity to Mind-Affecting Effects
Racial Traits ~ Giant Tiger Barb	CATEGORY:Internal	ABILITY:Special Ability|AUTOMATIC|Scent
Racial Traits ~ Giant Tuatara	CATEGORY:Internal	ABILITY:Special Ability|AUTOMATIC|Scent
Racial Traits ~ Giant Water Beetle	CATEGORY:Internal	ABILITY:Special Ability|AUTOMATIC|Immunity to Mind-Affecting Effects
Racial Traits ~ Giant Yellowjacket	CATEGORY:Internal	ABILITY:Special Ability|AUTOMATIC|Immunity to Mind-Affecting Effects
Racial Traits ~ Gilded Sea Serpent	CATEGORY:Internal	ABILITY:Special Ability|AUTOMATIC|Scent|Poison
Racial Traits ~ Glacial Ooze	CATEGORY:Internal	ABILITY:Special Ability|AUTOMATIC|Immunity to Cold|Can't Be Tripped
Racial Traits ~ Glass Wyrm	CATEGORY:Internal	ABILITY:Special Ability|AUTOMATIC|Immunity to Paralysis|Immunity to Sleep
Racial Traits ~ Gloom Crawler	CATEGORY:Internal	ABILITY:Special Ability|AUTOMATIC|Grab
Racial Traits ~ Gnarlwood	CATEGORY:Internal	ABILITY:Special Ability|AUTOMATIC|Can't Be Tripped
Racial Traits ~ Gnasher Lizard	CATEGORY:Internal	ABILITY:Special Ability|AUTOMATIC|Scent|Grab
Racial Traits ~ Gohl	CATEGORY:Internal	ABILITY:Special Ability|AUTOMATIC|Grab|Can't Be Tripped
Racial Traits ~ Golden Cat	CATEGORY:Internal	ABILITY:Special Ability|AUTOMATIC|Scent
Racial Traits ~ Gorbel	CATEGORY:Internal	ABILITY:Special Ability|AUTOMATIC|Grab|Can't Be Tripped
Racial Traits ~ Gorgimera	CATEGORY:Internal	ABILITY:Special Ability|AUTOMATIC|Scent
Racial Traits ~ Gorilla Bear	CATEGORY:Internal	ABILITY:Special Ability|AUTOMATIC|Scent|Grab
Racial Traits ~ Gorson	CATEGORY:Internal	ABILITY:Special Ability|AUTOMATIC|Immunity to Fire|Immunity to Poison|See in Darkness
Racial Traits ~ Grave Risen	CATEGORY:Internal
Racial Traits ~ Gray Nisp	CATEGORY:Internal	ABILITY:Special Ability|AUTOMATIC|Scent
Racial Traits ~ Great Sea Anemone	CATEGORY:Internal	ABILITY:Special Ability|AUTOMATIC|Grab
Racial Traits ~ Greater Acid Quasi-elemental	CATEGORY:Internal	ABILITY:Special Ability|AUTOMATIC|Immunity to Acid
Racial Traits ~ Greater Basilisk	CATEGORY:Internal	ABILITY:Special Ability|AUTOMATIC|Poison
Racial Traits ~ Greater Boneneedle	CATEGORY:Internal	ABILITY:Special Ability|AUTOMATIC|Immunity to Mind-Affecting Effects|Poison
Racial Traits ~ Greater Fire Crab	CATEGORY:Internal	ABILITY:Special Ability|AUTOMATIC|Immunity to Fire
Racial Traits ~ Greater Gelid Beetle	CATEGORY:Internal	ABILITY:Special Ability|AUTOMATIC|Immunity to Cold
Racial Traits ~ Greater Gravity Elemental	CATEGORY:Internal
Racial Traits ~ Greater Medusa	CATEGORY:Internal
Racial Traits ~ Greater Negative Energy Elemental	CATEGORY:Internal
Racial Traits ~ Greater Obsidian Quasi-elemental	CATEGORY:Internal
Racial Traits ~ Greater Ooze Demon	CATEGORY:Internal	ABILITY:Special Ability|AUTOMATIC|Immunity to Acid|Immunity to Electricity
Racial Traits ~ Greater Positive Energy Elemental	CATEGORY:Internal
Racial Traits ~ Greater Shedu	CATEGORY:Internal
Racial Traits ~ Green Guardian Gargoyle	CATEGORY:Internal
Racial Traits ~ Greenskin Orc	CATEGORY:Internal	ABILITY:Special Ability|AUTOMATIC|Scent
Racial Traits ~ Greruor Demon	CATEGORY:Internal	ABILITY:Special Ability|AUTOMATIC|Immunity to Electricity|Immunity to Poison
Racial Traits ~ Grig Swarm	CATEGORY:Internal
Racial Traits ~ Grimm	CATEGORY:Internal
Racial Traits ~ Grimstalker	CATEGORY:Internal	ABILITY:Special Ability|AUTOMATIC|Poison
Racial Traits ~ Gronk	CATEGORY:Internal	ABILITY:Special Ability|AUTOMATIC|Scent
Racial Traits ~ Guardian Daemon	CATEGORY:Internal	ABILITY:Special Ability|AUTOMATIC|Immunity to Acid|Immunity to Mind-Affecting Effects|Immunity to Poison|Immunity to Sleep
Racial Traits ~ Gulper Eel	CATEGORY:Internal	ABILITY:Special Ability|AUTOMATIC|Scent|Grab
Racial Traits ~ Gutlslug	CATEGORY:Internal	ABILITY:Special Ability|AUTOMATIC|Grab|Can't Be Tripped
Racial Traits ~ Half-ogre	CATEGORY:Internal
Racial Traits ~ Hanged Man	CATEGORY:Internal
Racial Traits ~ Haunt	CATEGORY:Internal	ABILITY:Special Ability|AUTOMATIC|Incorporeal
Racial Traits ~ Hawanar Genie	CATEGORY:Internal	ABILITY:Special Ability|AUTOMATIC|Immunity to Acid|Immunity to Fire
Racial Traits ~ Heat Swarm	CATEGORY:Internal	ABILITY:Special Ability|AUTOMATIC|Immunity to Fire
Racial Traits ~ Hell Moth	CATEGORY:Internal	ABILITY:Special Ability|AUTOMATIC|Scent|Grab|Can't Be Tripped
Racial Traits ~ Hellstoker Devil	CATEGORY:Internal	ABILITY:Special Ability|AUTOMATIC|Immunity to Fire|Immunity to Poison
Racial Traits ~ Herald Of Tsathogga	CATEGORY:Internal	ABILITY:Special Ability|AUTOMATIC|Grab|Can't Be Tripped
Racial Traits ~ Hoar Fox	CATEGORY:Internal	ABILITY:Special Ability|AUTOMATIC|Immunity to Cold|Scent
Racial Traits ~ Hoar Spirit	CATEGORY:Internal	ABILITY:Special Ability|AUTOMATIC|Immunity to Cold
Racial Traits ~ Homotherium	CATEGORY:Internal	ABILITY:Special Ability|AUTOMATIC|Grab
Racial Traits ~ Huge Acid Quasi-elemental	CATEGORY:Internal	ABILITY:Special Ability|AUTOMATIC|Immunity to Acid
Racial Traits ~ Huge Gravity Elemental	CATEGORY:Internal
Racial Traits ~ Huge Monstrous Sea Wasp	CATEGORY:Internal	ABILITY:Special Ability|AUTOMATIC|Poison
Racial Traits ~ Huge Negative Energy Elemental	CATEGORY:Internal
Racial Traits ~ Huge Obsidian Quasi-elemental	CATEGORY:Internal
Racial Traits ~ Huge Positive Energy Elemental	CATEGORY:Internal
Racial Traits ~ Huggermugger	CATEGORY:Internal
Racial Traits ~ Hutijin	CATEGORY:Internal	ABILITY:Special Ability|AUTOMATIC|Immunity to Fire|Immunity to Poison|See in Darkness
Racial Traits ~ Hyaenodon	CATEGORY:Internal	ABILITY:Special Ability|AUTOMATIC|Scent|Trip
Racial Traits ~ Hydrodaemon	CATEGORY:Internal	ABILITY:Special Ability|AUTOMATIC|Immunity to Acid|Immunity to Death Effects|Immunity to Disease|Immunity to Poison|Grab
Racial Traits ~ Ice Drake	CATEGORY:Internal	ABILITY:Special Ability|AUTOMATIC|Immunity to Cold|Immunity to Paralysis|Immunity to Sleep
Racial Traits ~ Ice Troll	CATEGORY:Internal	ABILITY:Special Ability|AUTOMATIC|Immunity to Cold|Scent
Racial Traits ~ Iron Maiden Golem	CATEGORY:Internal	ABILITY:Special Ability|AUTOMATIC|Grab
Racial Traits ~ Jack-in-irons Giant	CATEGORY:Internal
Racial Traits ~ Jaculi	CATEGORY:Internal	ABILITY:Special Ability|AUTOMATIC|Scent
Racial Traits ~ Jade Colossus	CATEGORY:Internal	ABILITY:Special Ability|AUTOMATIC|Immunity to Fire
Racial Traits ~ Jaguar	CATEGORY:Internal	ABILITY:Special Ability|AUTOMATIC|Scent|Grab
Racial Traits ~ Jubilex	CATEGORY:Internal	ABILITY:Special Ability|AUTOMATIC|Immunity to Acid|Immunity to Cold|Immunity to Electricity
Racial Traits ~ Jubilex-touched Marsh Jelly	CATEGORY:Internal	ABILITY:Special Ability|AUTOMATIC|Scent|Poison|Can't Be Tripped
Racial Traits ~ Jupiter Bloodsucker	CATEGORY:Internal	ABILITY:Special Ability|AUTOMATIC|Grab|Can't Be Tripped
Racial Traits ~ Kampfult	CATEGORY:Internal	ABILITY:Special Ability|AUTOMATIC|Grab|Can't Be Tripped
Racial Traits ~ Kathlin	CATEGORY:Internal	ABILITY:Special Ability|AUTOMATIC|Scent
Racial Traits ~ Kelp Devil	CATEGORY:Internal	ABILITY:Special Ability|AUTOMATIC|Immunity to Electricity|Grab|Can't Be Tripped
Racial Traits ~ Khargra	CATEGORY:Internal	ABILITY:Special Ability|AUTOMATIC|Immunity to Cold|Immunity to Fire
Racial Traits ~ Killer Frog	CATEGORY:Internal	ABILITY:Special Ability|AUTOMATIC|Scent|Grab
Racial Traits ~ Killmoulis	CATEGORY:Internal
Racial Traits ~ Kuah-lij	CATEGORY:Internal
Racial Traits ~ Land Lamprey	CATEGORY:Internal
Racial Traits ~ Lantern Goat	CATEGORY:Internal
Racial Traits ~ Large Acid Quasi-elemental	CATEGORY:Internal	ABILITY:Special Ability|AUTOMATIC|Immunity to Acid
Racial Traits ~ Large Gravity Elemental	CATEGORY:Internal
Racial Traits ~ Large Lightning Quasi-elemental	CATEGORY:Internal	ABILITY:Special Ability|AUTOMATIC|Immunity to Electricity
Racial Traits ~ Large Monstrous Sea Wasp	CATEGORY:Internal	ABILITY:Special Ability|AUTOMATIC|Poison
Racial Traits ~ Large Negative Energy Elemental	CATEGORY:Internal
Racial Traits ~ Large Obsidian Quasi-elemental	CATEGORY:Internal
Racial Traits ~ Large Positive Energy Elemental	CATEGORY:Internal
Racial Traits ~ Large Stingray	CATEGORY:Internal	ABILITY:Special Ability|AUTOMATIC|Scent|Poison
Racial Traits ~ Larva Helix Moth	CATEGORY:Internal	ABILITY:Special Ability|AUTOMATIC|Grab
Racial Traits ~ Larval Slime Crawler	CATEGORY:Internal	ABILITY:Special Ability|AUTOMATIC|Scent|Can't Be Tripped
Racial Traits ~ Lava Weird	CATEGORY:Internal	ABILITY:Special Ability|AUTOMATIC|Grab
Racial Traits ~ Lead Skeleton	CATEGORY:Internal	ABILITY:Special Ability|AUTOMATIC|Immunity to Acid|Immunity to Cold|Immunity to Electricity|Immunity to Fire
Racial Traits ~ Lesser Boneneedle	CATEGORY:Internal	ABILITY:Special Ability|AUTOMATIC|Immunity to Mind-Affecting Effects|Poison
Racial Traits ~ Lesser Fire Crab	CATEGORY:Internal	ABILITY:Special Ability|AUTOMATIC|Immunity to Fire
Racial Traits ~ Lesser Gelid Beetle	CATEGORY:Internal	ABILITY:Special Ability|AUTOMATIC|Immunity to Cold
Racial Traits ~ Lesser Ooze Demon	CATEGORY:Internal	ABILITY:Special Ability|AUTOMATIC|Immunity to Acid|Immunity to Electricity|Immunity to Paralysis|Immunity to Poison|Immunity to Sleep|Immunity to Stunning
Racial Traits ~ Lesser Shadow	CATEGORY:Internal	ABILITY:Special Ability|AUTOMATIC|Incorporeal
Racial Traits ~ Lich Shade	CATEGORY:Internal
Racial Traits ~ Lightning Mephit	CATEGORY:Internal	ABILITY:Special Ability|AUTOMATIC|Immunity to Electricity
Racial Traits ~ Lightning Treant	CATEGORY:Internal	ABILITY:Special Ability|AUTOMATIC|Immunity to Electricity|Can't Be Tripped
Racial Traits ~ Lightning Weird	CATEGORY:Internal	ABILITY:Special Ability|AUTOMATIC|Immunity to Electricity
Racial Traits ~ Lilin Devil	CATEGORY:Internal	ABILITY:Special Ability|AUTOMATIC|Immunity to Fire|Immunity to Poison
Racial Traits ~ Lilith	CATEGORY:Internal	ABILITY:Special Ability|AUTOMATIC|Immunity to Fire|Immunity to Poison
Racial Traits ~ Livestone	CATEGORY:Internal	ABILITY:Special Ability|AUTOMATIC|Immunity to Petrification|Can't Be Tripped
Racial Traits ~ Living Lake	CATEGORY:Internal	ABILITY:Special Ability|AUTOMATIC|Immunity to Poison|Immunity to Sleep|Immunity to Paralysis|Immunity to Stunning|Grab|Can't Be Tripped
Racial Traits ~ Lucifer	CATEGORY:Internal	ABILITY:Special Ability|AUTOMATIC|Immunity to Fire|Immunity to Poison|See in Darkness|Poison
Racial Traits ~ Lynx	CATEGORY:Internal	ABILITY:Special Ability|AUTOMATIC|Scent|Grab
Racial Traits ~ Lythic	CATEGORY:Internal
Racial Traits ~ Magmoid	CATEGORY:Internal	ABILITY:Special Ability|AUTOMATIC|Immunity to Fire
Racial Traits ~ Magnesium Golem	CATEGORY:Internal
Racial Traits ~ Magnesium Spirit	CATEGORY:Internal	ABILITY:Special Ability|AUTOMATIC|Incorporeal
Racial Traits ~ Mallor Demon	CATEGORY:Internal	ABILITY:Special Ability|AUTOMATIC|Immunity to Electricity|Immunity to Poison
Racial Traits ~ Mammoth	CATEGORY:Internal	ABILITY:Special Ability|AUTOMATIC|Scent
Racial Traits ~ Mandrill	CATEGORY:Internal	ABILITY:Special Ability|AUTOMATIC|Scent
Racial Traits ~ Mantari	CATEGORY:Internal
Racial Traits ~ Mantidrake	CATEGORY:Internal	ABILITY:Special Ability|AUTOMATIC|Immunity to Paralysis|Immunity to Sleep|Scent
Racial Traits ~ Maphistal	CATEGORY:Internal	ABILITY:Special Ability|AUTOMATIC|Immunity to Electricity|Immunity to Poison
Racial Traits ~ Marble Snake	CATEGORY:Internal
Racial Traits ~ Margay	CATEGORY:Internal	ABILITY:Special Ability|AUTOMATIC|Scent|Grab
Racial Traits ~ Margoyle Gargoyle	CATEGORY:Internal
Racial Traits ~ Marid Genie	CATEGORY:Internal
Racial Traits ~ Marsh Jelly	CATEGORY:Internal	ABILITY:Special Ability|AUTOMATIC|Scent|Poison|Can't Be Tripped
Racial Traits ~ Mastodon	CATEGORY:Internal	ABILITY:Special Ability|AUTOMATIC|Scent
Racial Traits ~ Mature Helix Moth	CATEGORY:Internal	ABILITY:Special Ability|AUTOMATIC|Poison
Racial Traits ~ Mature Slime Crawler	CATEGORY:Internal	ABILITY:Special Ability|AUTOMATIC|Scent|Can't Be Tripped
Racial Traits ~ Mawler	CATEGORY:Internal	ABILITY:Special Ability|AUTOMATIC|Grab|Can't Be Tripped
Racial Traits ~ Medium Acid Quasi-elemental	CATEGORY:Internal	ABILITY:Special Ability|AUTOMATIC|Immunity to Acid
Racial Traits ~ Medium Barracuda	CATEGORY:Internal
Racial Traits ~ Medium Gravity Elemental	CATEGORY:Internal
Racial Traits ~ Medium Lightning Quasi-elemental	CATEGORY:Internal	ABILITY:Special Ability|AUTOMATIC|Immunity to Electricity
Racial Traits ~ Medium Monstrous Sea Wasp	CATEGORY:Internal	ABILITY:Special Ability|AUTOMATIC|Poison
Racial Traits ~ Medium Negative Energy Elemental	CATEGORY:Internal
Racial Traits ~ Medium Obsidian Quasi-elemental	CATEGORY:Internal
Racial Traits ~ Medium Positive Energy Elemental	CATEGORY:Internal
Racial Traits ~ Medium Stingray	CATEGORY:Internal	ABILITY:Special Ability|AUTOMATIC|Scent|Poison
Racial Traits ~ Mehrim Demon	CATEGORY:Internal	ABILITY:Special Ability|AUTOMATIC|Immunity to Electricity|Immunity to Poison|Scent
Racial Traits ~ Memory Child	CATEGORY:Internal
Racial Traits ~ Mercury Ooze	CATEGORY:Internal	ABILITY:Special Ability|AUTOMATIC|Grab|Can't Be Tripped
Racial Traits ~ Metallic Ooze	CATEGORY:Internal	ABILITY:Special Ability|AUTOMATIC|Can't Be Tripped
Racial Traits ~ Mezzalorn Demon	CATEGORY:Internal	ABILITY:Special Ability|AUTOMATIC|Immunity to Electricity|Immunity to Poison|Poison|Grab
Racial Traits ~ Midnight Peddler	CATEGORY:Internal
Racial Traits ~ Mimi	CATEGORY:Internal	ABILITY:Special Ability|AUTOMATIC|Immunity to Cold
Racial Traits ~ Mire Brute	CATEGORY:Internal	ABILITY:Special Ability|AUTOMATIC|Immunity to Fire|Grab
Racial Traits ~ Mobat Bat	CATEGORY:Internal
Racial Traits ~ Moloch	CATEGORY:Internal	ABILITY:Special Ability|AUTOMATIC|Immunity to Fire|Immunity to Poison|See in Darkness
Racial Traits ~ Monstrous Crab	CATEGORY:Internal	ABILITY:Special Ability|AUTOMATIC|Grab
Racial Traits ~ Monstrous Crayfish	CATEGORY:Internal	ABILITY:Special Ability|AUTOMATIC|Grab
Racial Traits ~ Monstrous Jellyfish	CATEGORY:Internal	ABILITY:Special Ability|AUTOMATIC|Poison|Grab
Racial Traits ~ Moon Dog	CATEGORY:Internal	ABILITY:Special Ability|AUTOMATIC|Immunity to Fear|Scent|Trip
Racial Traits ~ Mortuary Cyclone	CATEGORY:Internal
Racial Traits ~ Mountain Lion	CATEGORY:Internal	ABILITY:Special Ability|AUTOMATIC|Scent|Grab
Racial Traits ~ Mouse Lord	CATEGORY:Internal	ABILITY:Special Ability|AUTOMATIC|Immunity to Mind-Affecting Effects
Racial Traits ~ Muckdweller	CATEGORY:Internal
Racial Traits ~ Mudbog	CATEGORY:Internal	ABILITY:Special Ability|AUTOMATIC|Can't Be Tripped
Racial Traits ~ Mudman	CATEGORY:Internal
Racial Traits ~ Mummy Golem	CATEGORY:Internal	ABILITY:Special Ability|AUTOMATIC|Immunity to Cold|Grab
Racial Traits ~ Mummy Of The Deep	CATEGORY:Internal	ABILITY:Special Ability|AUTOMATIC|Grab
Racial Traits ~ Murder Crow	CATEGORY:Internal
Racial Traits ~ Murder-born	CATEGORY:Internal	ABILITY:Special Ability|AUTOMATIC|Incorporeal
Racial Traits ~ Mustard Jelly	CATEGORY:Internal	ABILITY:Special Ability|AUTOMATIC|Immunity to Paralysis|Immunity to Poison|Immunity to Sleep|Immunity to Stunning|Can't Be Tripped
Racial Traits ~ Nabasu Demon	CATEGORY:Internal	ABILITY:Special Ability|AUTOMATIC|Immunity to Death Effects|Immunity to Poison
Racial Traits ~ Nabasu Demonling	CATEGORY:Internal	ABILITY:Special Ability|AUTOMATIC|Immunity to Death Effects|Immunity to Poison
Racial Traits ~ Nazalor	CATEGORY:Internal	ABILITY:Special Ability|AUTOMATIC|Scent
Racial Traits ~ Nerizo Demon	CATEGORY:Internal	ABILITY:Special Ability|AUTOMATIC|Immunity to Electricity|Immunity to Poison|Poison
Racial Traits ~ Netherspark	CATEGORY:Internal	ABILITY:Special Ability|AUTOMATIC|Immunity to Negative Energy
Racial Traits ~ Night Adder Inphidian	CATEGORY:Internal	ABILITY:Special Ability|AUTOMATIC|Poison
Racial Traits ~ Nilbog	CATEGORY:Internal
Racial Traits ~ Niln	CATEGORY:Internal
Racial Traits ~ Noble Time Elemental	CATEGORY:Internal
Racial Traits ~ Normal Spriggan	CATEGORY:Internal
Racial Traits ~ Nuckalavee	CATEGORY:Internal	ABILITY:Special Ability|AUTOMATIC|Can't Be Tripped
Racial Traits ~ Nupperibo Devil	CATEGORY:Internal	ABILITY:Special Ability|AUTOMATIC|Immunity to Fire|Immunity to Mind-Affecting Effects|Immunity to Poison
Racial Traits ~ Nysrock Demon	CATEGORY:Internal	ABILITY:Special Ability|AUTOMATIC|Immunity to Electricity|Immunity to Poison|Grab|Poison
Racial Traits ~ Oakman	CATEGORY:Internal
Racial Traits ~ Obsidian Minotaur	CATEGORY:Internal
Racial Traits ~ Ogren	CATEGORY:Internal
Racial Traits ~ Ogrillon	CATEGORY:Internal
Racial Traits ~ Oil Shark	CATEGORY:Internal	ABILITY:Special Ability|AUTOMATIC|Immunity to Fire|Scent
Racial Traits ~ Oliphant	CATEGORY:Internal	ABILITY:Special Ability|AUTOMATIC|Scent
Racial Traits ~ Onyx Deer	CATEGORY:Internal	ABILITY:Special Ability|AUTOMATIC|Immunity to Petrification|Scent
Racial Traits ~ Ooze Golem	CATEGORY:Internal
Racial Traits ~ Orcus	CATEGORY:Internal	ABILITY:Special Ability|AUTOMATIC|Immunity to Electricity|Immunity to Poison
Racial Traits ~ Orog	CATEGORY:Internal
Racial Traits ~ Pedipalp	CATEGORY:Internal	ABILITY:Special Ability|AUTOMATIC|Grab
Racial Traits ~ Pelagos Sea Spider	CATEGORY:Internal	ABILITY:Special Ability|AUTOMATIC|Poison
Racial Traits ~ Pestie	CATEGORY:Internal	ABILITY:Special Ability|AUTOMATIC|Scent
Racial Traits ~ Phantasm	CATEGORY:Internal	ABILITY:Special Ability|AUTOMATIC|Incorporeal
Racial Traits ~ Phantom Stalker	CATEGORY:Internal	ABILITY:Special Ability|AUTOMATIC|Immunity to Fire|Grab
Racial Traits ~ Phasma	CATEGORY:Internal	ABILITY:Special Ability|AUTOMATIC|Incorporeal
Racial Traits ~ Phlogiston	CATEGORY:Internal	ABILITY:Special Ability|AUTOMATIC|Can't Be Tripped
Racial Traits ~ Phooka	CATEGORY:Internal
Racial Traits ~ Piranha Swarm	CATEGORY:Internal	ABILITY:Special Ability|AUTOMATIC|Scent
Racial Traits ~ Pit Hag	CATEGORY:Internal	ABILITY:Special Ability|AUTOMATIC|Immunity to Fire|Immunity to Poison
Racial Traits ~ Poisonous Frog Swarm	CATEGORY:Internal	ABILITY:Special Ability|AUTOMATIC|Scent
Racial Traits ~ Proscriber	CATEGORY:Internal	ABILITY:Special Ability|AUTOMATIC|Immunity to Poison
Racial Traits ~ Protector	CATEGORY:Internal
Racial Traits ~ Pyrolisk	CATEGORY:Internal	ABILITY:Special Ability|AUTOMATIC|Immunity to Fire
Racial Traits ~ Quantum	CATEGORY:Internal	ABILITY:Special Ability|AUTOMATIC|Can't Be Tripped
Racial Traits ~ Queen Thermite	CATEGORY:Internal	ABILITY:Special Ability|AUTOMATIC|Immunity to Fire|Immunity to Mind-Affecting Effects
Racial Traits ~ Quipper	CATEGORY:Internal	ABILITY:Special Ability|AUTOMATIC|Scent
Racial Traits ~ Racoon	CATEGORY:Internal
Racial Traits ~ Raggoth	CATEGORY:Internal	ABILITY:Special Ability|AUTOMATIC|Scent|Grab
Racial Traits ~ Rakklethorn Toad	CATEGORY:Internal	ABILITY:Special Ability|AUTOMATIC|Scent
Racial Traits ~ Rattler Inphidian	CATEGORY:Internal	ABILITY:Special Ability|AUTOMATIC|Poison
Racial Traits ~ Raven Swarm	CATEGORY:Internal	ABILITY:Special Ability|AUTOMATIC|Scent
Racial Traits ~ Rawbones	CATEGORY:Internal	ABILITY:Special Ability|AUTOMATIC|Immunity to Cold
Racial Traits ~ Red Jester	CATEGORY:Internal
Racial Traits ~ Reliquary Guardian	CATEGORY:Internal
Racial Traits ~ Renzer	CATEGORY:Internal	ABILITY:Special Ability|AUTOMATIC|Scent
Racial Traits ~ Requiem Beetle	CATEGORY:Internal	ABILITY:Special Ability|AUTOMATIC|Immunity to Acid|Immunity to Mind-Affecting Effects|Grab
Racial Traits ~ Retch Hound	CATEGORY:Internal	ABILITY:Special Ability|AUTOMATIC|Scent|Trip
Racial Traits ~ Riptide Horror	CATEGORY:Internal
Racial Traits ~ Rock Reptile	CATEGORY:Internal	ABILITY:Special Ability|AUTOMATIC|Scent
Racial Traits ~ Ronus	CATEGORY:Internal	ABILITY:Special Ability|AUTOMATIC|Scent
Racial Traits ~ Rope Golem	CATEGORY:Internal	ABILITY:Special Ability|AUTOMATIC|Grab
Racial Traits ~ Royal Time Elemental	CATEGORY:Internal
Racial Traits ~ Ryven	CATEGORY:Internal	ABILITY:Special Ability|AUTOMATIC|Scent
Racial Traits ~ Sabrewing	CATEGORY:Internal
Racial Traits ~ Salt Drake	CATEGORY:Internal	ABILITY:Special Ability|AUTOMATIC|Immunity to Paralysis|Immunity to Sleep
Racial Traits ~ Sand Giant	CATEGORY:Internal	ABILITY:Special Ability|AUTOMATIC|Scent
Racial Traits ~ Sand Kraken	CATEGORY:Internal	ABILITY:Special Ability|AUTOMATIC|Grab
Racial Traits ~ Sand Stalker	CATEGORY:Internal	ABILITY:Special Ability|AUTOMATIC|Poison
Racial Traits ~ Sandling	CATEGORY:Internal
Racial Traits ~ Scarlet Spider Swarm	CATEGORY:Internal	ABILITY:Special Ability|AUTOMATIC|Immunity to Mind-Affecting Effects
Racial Traits ~ Screaming Devilkin	CATEGORY:Internal
Racial Traits ~ Screaming Skull	CATEGORY:Internal
Racial Traits ~ Scythe Horn	CATEGORY:Internal	ABILITY:Special Ability|AUTOMATIC|Scent
Racial Traits ~ Scythe Tree	CATEGORY:Internal	ABILITY:Special Ability|AUTOMATIC|Can't Be Tripped
Racial Traits ~ Sea Giant	CATEGORY:Internal
Racial Traits ~ Sea Spider	CATEGORY:Internal
Racial Traits ~ Sepia Snake	CATEGORY:Internal	ABILITY:Special Ability|AUTOMATIC|Poison
Racial Traits ~ Sepulchral Guardian	CATEGORY:Internal	ABILITY:Special Ability|AUTOMATIC|Immunity to Cold|Immunity to Fire
Racial Traits ~ Shadow Rat	CATEGORY:Internal	ABILITY:Special Ability|AUTOMATIC|Scent
Racial Traits ~ Shadow Rat Swarm	CATEGORY:Internal	ABILITY:Special Ability|AUTOMATIC|Scent
Racial Traits ~ Shadow Wolf	CATEGORY:Internal	ABILITY:Special Ability|AUTOMATIC|Scent|Incorporeal
Racial Traits ~ Sheep	CATEGORY:Internal
Racial Traits ~ Sheet Fungus	CATEGORY:Internal	ABILITY:Special Ability|AUTOMATIC|Can't Be Tripped
Racial Traits ~ Shipbreaker Sea Serpent	CATEGORY:Internal	ABILITY:Special Ability|AUTOMATIC|Scent|Poison|Grab
Racial Traits ~ Shrroth Demon	CATEGORY:Internal	ABILITY:Special Ability|AUTOMATIC|Immunity to Electricity|Immunity to Poison
Racial Traits ~ Silid	CATEGORY:Internal
Racial Traits ~ Skin Stitcher	CATEGORY:Internal	ABILITY:Special Ability|AUTOMATIC|Scent|Can't Be Tripped
Racial Traits ~ Skitterdark Demon	CATEGORY:Internal	ABILITY:Special Ability|AUTOMATIC|Immunity to Electricity|Immunity to Poison
Racial Traits ~ Skull Spider	CATEGORY:Internal	ABILITY:Special Ability|AUTOMATIC|Immunity to Mind-Affecting Effects|Poison
Racial Traits ~ Skulleton	CATEGORY:Internal
Racial Traits ~ Slaad Lord Of Entropy	CATEGORY:Internal
Racial Traits ~ Slaad Lord Of The Insane	CATEGORY:Internal
Racial Traits ~ Slag Worm	CATEGORY:Internal	ABILITY:Special Ability|AUTOMATIC|Immunity to Fire|Grab
Racial Traits ~ Slaughterford	CATEGORY:Internal
Racial Traits ~ Sleeping Willow	CATEGORY:Internal	ABILITY:Special Ability|AUTOMATIC|Grab|Can't Be Tripped
Racial Traits ~ Slime Demodand	CATEGORY:Internal	ABILITY:Special Ability|AUTOMATIC|Immunity to Acid|Immunity to Poison
Racial Traits ~ Slinker	CATEGORY:Internal	ABILITY:Special Ability|AUTOMATIC|Scent
Racial Traits ~ Slorath	CATEGORY:Internal	ABILITY:Special Ability|AUTOMATIC|Immunity to Cold
Racial Traits ~ Sloth Viper	CATEGORY:Internal	ABILITY:Special Ability|AUTOMATIC|Poison
Racial Traits ~ Small Acid Quasi-elemental	CATEGORY:Internal	ABILITY:Special Ability|AUTOMATIC|Immunity to Acid
Racial Traits ~ Small Barracuda	CATEGORY:Internal
Racial Traits ~ Small Gravity Elemental	CATEGORY:Internal
Racial Traits ~ Small Lightning Quasi-elemental	CATEGORY:Internal	ABILITY:Special Ability|AUTOMATIC|Immunity to Electricity
Racial Traits ~ Small Monstrous Sea Wasp	CATEGORY:Internal	ABILITY:Special Ability|AUTOMATIC|Poison
Racial Traits ~ Small Negative Energy Elemental	CATEGORY:Internal
Racial Traits ~ Small Obsidian Quasi-elemental	CATEGORY:Internal
Racial Traits ~ Small Positive Energy Elemental	CATEGORY:Internal
Racial Traits ~ Small Stingray	CATEGORY:Internal	ABILITY:Special Ability|AUTOMATIC|Scent|Poison
Racial Traits ~ Smilodon	CATEGORY:Internal	ABILITY:Special Ability|AUTOMATIC|Grab
Racial Traits ~ Smoke Dragon	CATEGORY:Internal	ABILITY:Special Ability|AUTOMATIC|Immunity to Paralysis|Immunity to Sleep
Racial Traits ~ Smoke Mephit	CATEGORY:Internal	ABILITY:Special Ability|AUTOMATIC|Immunity to Fire
Racial Traits ~ Snow Leopard	CATEGORY:Internal	ABILITY:Special Ability|AUTOMATIC|Scent
Racial Traits ~ Soldier Thermite	CATEGORY:Internal	ABILITY:Special Ability|AUTOMATIC|Immunity to Fire|Immunity to Mind-Affecting Effects
Racial Traits ~ Sonechard	CATEGORY:Internal	ABILITY:Special Ability|AUTOMATIC|Immunity to Electricity|Immunity to Poison
Racial Traits ~ Soul Nibbler	CATEGORY:Internal	ABILITY:Special Ability|AUTOMATIC|Scent
Racial Traits ~ Soul Reaper	CATEGORY:Internal
Racial Traits ~ Spitting Sea Serpent	CATEGORY:Internal	ABILITY:Special Ability|AUTOMATIC|Scent|Poison
Racial Traits ~ Splinter Drake	CATEGORY:Internal	ABILITY:Special Ability|AUTOMATIC|Can't Be Tripped
Racial Traits ~ Spore Rat	CATEGORY:Internal	ABILITY:Special Ability|AUTOMATIC|Can't Be Tripped
Racial Traits ~ Squealer	CATEGORY:Internal	ABILITY:Special Ability|AUTOMATIC|Grab
Racial Traits ~ Stegocentipede	CATEGORY:Internal	ABILITY:Special Ability|AUTOMATIC|Immunity to Mind-Affecting Effects|Poison
Racial Traits ~ Stench Kow	CATEGORY:Internal	ABILITY:Special Ability|AUTOMATIC|Immunity to Cold|Immunity to Fire|Immunity to Poison
Racial Traits ~ Sthenno	CATEGORY:Internal	ABILITY:Special Ability|AUTOMATIC|Immunity to Paralysis|Immunity to Sleep|Immunity to Stunning|Grab|Poison
Racial Traits ~ Stirge Demon	CATEGORY:Internal
Racial Traits ~ Stone Guardian Golem	CATEGORY:Internal
Racial Traits ~ Stone Maiden	CATEGORY:Internal
Racial Traits ~ Stone Pudding	CATEGORY:Internal	ABILITY:Special Ability|AUTOMATIC|Immunity to Fire|Immunity to Mind-Affecting Effects|Grab|Can't Be Tripped
Racial Traits ~ Stone Roper	CATEGORY:Internal	ABILITY:Special Ability|AUTOMATIC|Can't Be Tripped
Racial Traits ~ Stormwarden	CATEGORY:Internal
Racial Traits ~ Strangle Weed	CATEGORY:Internal	ABILITY:Special Ability|AUTOMATIC|Grab|Can't Be Tripped
Racial Traits ~ Stroke Lad	CATEGORY:Internal
Racial Traits ~ Stunjelly	CATEGORY:Internal	ABILITY:Special Ability|AUTOMATIC|Can't Be Tripped
Racial Traits ~ Stygian Leviathan	CATEGORY:Internal	ABILITY:Special Ability|AUTOMATIC|Grab
Racial Traits ~ Stygian Turtle-shark	CATEGORY:Internal	ABILITY:Special Ability|AUTOMATIC|Grab
Racial Traits ~ Stymphalian Bird	CATEGORY:Internal
Racial Traits ~ Sudoth	CATEGORY:Internal	ABILITY:Special Ability|AUTOMATIC|All-Around Vision|Can't Be Tripped
Racial Traits ~ Swamp Troll	CATEGORY:Internal	ABILITY:Special Ability|AUTOMATIC|Scent
Racial Traits ~ T'shann	CATEGORY:Internal	ABILITY:Special Ability|AUTOMATIC|Can't Be Tripped
Racial Traits ~ Tabaxi	CATEGORY:Internal	ABILITY:Special Ability|AUTOMATIC|Scent|Grab
Racial Traits ~ Taer	CATEGORY:Internal	ABILITY:Special Ability|AUTOMATIC|Immunity to Cold|Scent
Racial Traits ~ Tallow Golem	CATEGORY:Internal	ABILITY:Special Ability|AUTOMATIC|Immunity to Cold|Grab
Racial Traits ~ Tangtal	CATEGORY:Internal	ABILITY:Special Ability|AUTOMATIC|Scent
Racial Traits ~ Tazelwurm	CATEGORY:Internal	ABILITY:Special Ability|AUTOMATIC|Scent
Racial Traits ~ Temporal Crawler	CATEGORY:Internal
Racial Traits ~ Tendrul	CATEGORY:Internal	ABILITY:Special Ability|AUTOMATIC|Scent|Grab|Can't Be Tripped
Racial Traits ~ Tentacled Horror	CATEGORY:Internal	ABILITY:Special Ability|AUTOMATIC|Grab|Can't Be Tripped
Racial Traits ~ Terry Demodand	CATEGORY:Internal	ABILITY:Special Ability|AUTOMATIC|Immunity to Acid|Immunity to Poison|Grab
Racial Traits ~ Tether	CATEGORY:Internal	ABILITY:Special Ability|AUTOMATIC|Scent
Racial Traits ~ The Oinodaemon	CATEGORY:Internal	ABILITY:Special Ability|AUTOMATIC|Immunity to Acid|Immunity to Death Effects|Immunity to Disease|Immunity to Poison
Racial Traits ~ Thorny	CATEGORY:Internal	ABILITY:Special Ability|AUTOMATIC|Trip|Can't Be Tripped
Racial Traits ~ Thunder Beast	CATEGORY:Internal	ABILITY:Special Ability|AUTOMATIC|Scent
Racial Traits ~ Thundershrike	CATEGORY:Internal
Racial Traits ~ Time Flayer	CATEGORY:Internal
Racial Traits ~ Tiny Monstrous Sea Wasp	CATEGORY:Internal	ABILITY:Special Ability|AUTOMATIC|Poison
Racial Traits ~ Titivilus	CATEGORY:Internal	ABILITY:Special Ability|AUTOMATIC|Immunity to Fire|Immunity to Poison|See in Darkness
Racial Traits ~ Tombstone Fairy	CATEGORY:Internal
Racial Traits ~ Tormentor Devil	CATEGORY:Internal	ABILITY:Special Ability|AUTOMATIC|Immunity to Fire|Immunity to Poison|See in Darkness
Racial Traits ~ Transposer	CATEGORY:Internal	ABILITY:Special Ability|AUTOMATIC|Can't Be Tripped
Racial Traits ~ Tri-flower Frond	CATEGORY:Internal	ABILITY:Special Ability|AUTOMATIC|Can't Be Tripped
Racial Traits ~ Troblin	CATEGORY:Internal
Racial Traits ~ Tsathar	CATEGORY:Internal	ABILITY:Special Ability|AUTOMATIC|Scent
Racial Traits ~ Tsathar Scourge	CATEGORY:Internal	ABILITY:Special Ability|AUTOMATIC|Scent
Racial Traits ~ Tsathogga	CATEGORY:Internal	ABILITY:Special Ability|AUTOMATIC|Immunity to Acid|Immunity to Electricity|Immunity to Poison
Racial Traits ~ Tunnel Worm	CATEGORY:Internal	ABILITY:Special Ability|AUTOMATIC|Grab
Racial Traits ~ Turtle-shark	CATEGORY:Internal	ABILITY:Special Ability|AUTOMATIC|Grab
Racial Traits ~ Two-headed Troll	CATEGORY:Internal	ABILITY:Special Ability|AUTOMATIC|Scent
Racial Traits ~ Ubue	CATEGORY:Internal
Racial Traits ~ Undead Ooze	CATEGORY:Internal	ABILITY:Special Ability|AUTOMATIC|Immunity to Cold
Racial Traits ~ Undead Raven Swarm	CATEGORY:Internal	ABILITY:Special Ability|AUTOMATIC|Scent
Racial Traits ~ Vampire Rose	CATEGORY:Internal	ABILITY:Special Ability|AUTOMATIC|Grab|Can't Be Tripped
Racial Traits ~ Vampiric Ooze	CATEGORY:Internal	ABILITY:Special Ability|AUTOMATIC|Immunity to Cold|Immunity to Electricity|Grab
Racial Traits ~ Vapor Dire Rat	CATEGORY:Internal	ABILITY:Special Ability|AUTOMATIC|Scent
Racial Traits ~ Vapor Wasp	CATEGORY:Internal	ABILITY:Special Ability|AUTOMATIC|Poison
Racial Traits ~ Vegepygmy Bodyguard	CATEGORY:Internal	ABILITY:Special Ability|AUTOMATIC|Immunity to Electricity|Can't Be Tripped
Racial Traits ~ Vegepygmy Chief	CATEGORY:Internal	ABILITY:Special Ability|AUTOMATIC|Immunity to Electricity|Can't Be Tripped
Racial Traits ~ Vegepygmy Commoner	CATEGORY:Internal	ABILITY:Special Ability|AUTOMATIC|Immunity to Electricity|Can't Be Tripped
Racial Traits ~ Vegepygmy Guard	CATEGORY:Internal	ABILITY:Special Ability|AUTOMATIC|Immunity to Electricity|Can't Be Tripped
Racial Traits ~ Vegepygmy Subchief	CATEGORY:Internal	ABILITY:Special Ability|AUTOMATIC|Immunity to Electricity|Can't Be Tripped
Racial Traits ~ Vegepygmy Worker	CATEGORY:Internal	ABILITY:Special Ability|AUTOMATIC|Immunity to Electricity|Can't Be Tripped
Racial Traits ~ Velvet Ant Swarm	CATEGORY:Internal	ABILITY:Special Ability|AUTOMATIC|Immunity to Mind-Affecting Effects
Racial Traits ~ Vepar	CATEGORY:Internal	ABILITY:Special Ability|AUTOMATIC|Immunity to Electricity|Immunity to Poison
Racial Traits ~ Vilstrak	CATEGORY:Internal	ABILITY:Special Ability|AUTOMATIC|Can't Be Tripped
Racial Traits ~ Volcano Giant	CATEGORY:Internal	ABILITY:Special Ability|AUTOMATIC|Immunity to Fire
Racial Traits ~ Volt	CATEGORY:Internal	ABILITY:Special Ability|AUTOMATIC|Immunity to Electricity|Can't Be Tripped
Racial Traits ~ Vorin	CATEGORY:Internal	ABILITY:Special Ability|AUTOMATIC|Immunity to Acid|Poison|Can't Be Tripped
Racial Traits ~ Vulchling	CATEGORY:Internal	ABILITY:Special Ability|AUTOMATIC|Scent
Racial Traits ~ Wang Liang	CATEGORY:Internal	ABILITY:Special Ability|AUTOMATIC|Immunity to Poison|Poison
Racial Traits ~ Warden Jack Swarm	CATEGORY:Internal
Racial Traits ~ Water Elemental Construct	CATEGORY:Internal
Racial Traits ~ Well Lurker	CATEGORY:Internal	ABILITY:Special Ability|AUTOMATIC|Grab|Can't Be Tripped
Racial Traits ~ Whip Jelly	CATEGORY:Internal	ABILITY:Special Ability|AUTOMATIC|Can't Be Tripped
Racial Traits ~ White Pudding	CATEGORY:Internal	ABILITY:Special Ability|AUTOMATIC|Can't Be Tripped
Racial Traits ~ Widow Creeper	CATEGORY:Internal	ABILITY:Special Ability|AUTOMATIC|Grab|Can't Be Tripped
Racial Traits ~ Willow Dusk	CATEGORY:Internal	ABILITY:Special Ability|AUTOMATIC|Grab|Can't Be Tripped
Racial Traits ~ Wind Walker	CATEGORY:Internal
Racial Traits ~ Witch Tree	CATEGORY:Internal	ABILITY:Special Ability|AUTOMATIC|Grab|Can't Be Tripped
Racial Traits ~ Witch-doll Golem	CATEGORY:Internal
Racial Traits ~ Witherstench	CATEGORY:Internal
Racial Traits ~ Witherweed	CATEGORY:Internal	ABILITY:Special Ability|AUTOMATIC|Can't Be Tripped
Racial Traits ~ Wizard's Shackle	CATEGORY:Internal
Racial Traits ~ Wolf-spider	CATEGORY:Internal	ABILITY:Special Ability|AUTOMATIC|Scent|Poison
Racial Traits ~ Wood Giant	CATEGORY:Internal
Racial Traits ~ Woodwose	CATEGORY:Internal
Racial Traits ~ Woolly Rhinoceros Elasmotherium	CATEGORY:Internal	ABILITY:Special Ability|AUTOMATIC|Scent
Racial Traits ~ Worker Thermite	CATEGORY:Internal	ABILITY:Special Ability|AUTOMATIC|Immunity to Fire|Immunity to Mind-Affecting Effects
Racial Traits ~ Wrath Dragon	CATEGORY:Internal	ABILITY:Special Ability|AUTOMATIC|Immunity to Fire|Immunity to Poison|Immunity to Paralysis|Immunity to Sleep|Scent
Racial Traits ~ Xaphan	CATEGORY:Internal	ABILITY:Special Ability|AUTOMATIC|Immunity to Fire|Immunity to Poison
Racial Traits ~ Young Cloud Dragon	CATEGORY:Internal
Racial Traits ~ Young Dungeon Dragon	CATEGORY:Internal	ABILITY:Special Ability|AUTOMATIC|Immunity to Paralysis|Immunity to Sleep
Racial Traits ~ Young Mist Dragon	CATEGORY:Internal	ABILITY:Special Ability|AUTOMATIC|Immunity to Fire|Immunity to Paralysis|Immunity to Sleep
