#  Fri Nov 16 19:52:40 2018 -- reformated by PCGen PrettyLST v6.08.00
SOURCELONG:Bestiary 5	SOURCESHORT:B5	SOURCEWEB:http://paizo.com/products/btpy9g9x	SOURCEDATE:2015-12

# Ability Name									Unique Key							Output Name			Category of Ability		Type											Define		Innate Spells																											Description																																																																																																								Ability																			Bonus Ability Pool								Source Page		Aspects
Racial Traits ~ Clockwork (Familiar)																		CATEGORY:Internal																																																																																																																																																							ABILITY:Special Ability|AUTOMATIC|TYPE=ClockworkFamiliarRacialAbility|Resistance to Cold|Resistance to Fire

Racial Traits ~ Liminal Sprite																			CATEGORY:Internal																																																																																																																																																							ABILITY:Special Ability|AUTOMATIC|TYPE=LiminalSpriteRacialTrait|Immunity to Sleep

Racial Traits ~ Sahkil (Esipil)																			CATEGORY:Internal																																																																																																																																																							ABILITY:Special Ability|AUTOMATIC|TYPE=EsipilRacialTrait|Grab

Racial Traits ~ Wysp (Aether)																			CATEGORY:Internal																																																																																																																																																							ABILITY:Special Ability|AUTOMATIC|TYPE=WyspRacialTrait|TYPE=AetherWyspRacialTrait|Can't Be Tripped
Racial Traits ~ Wysp (Air)																			CATEGORY:Internal																																																																																																																																																							ABILITY:Special Ability|AUTOMATIC|TYPE=WyspRacialTrait|Can't Be Tripped
Racial Traits ~ Wysp (Earth)																			CATEGORY:Internal																																																																																																																																																							ABILITY:Special Ability|AUTOMATIC|TYPE=WyspRacialTrait|Can't Be Tripped
Racial Traits ~ Wysp (Fire)																			CATEGORY:Internal																																																																																																																																																							ABILITY:Special Ability|AUTOMATIC|TYPE=WyspRacialTrait|Can't Be Tripped|Burn|Immunity to Fire|Vulnerability to Cold
Racial Traits ~ Wysp (Water)																			CATEGORY:Internal																																																																																																																																																							ABILITY:Special Ability|AUTOMATIC|TYPE=WyspRacialTrait|TYPE=WaterWyspRacialTrait|Can't Be Tripped

Racial Traits ~ Xiao																				CATEGORY:Internal																																																																																																																																																							ABILITY:Special Ability|AUTOMATIC|TYPE=XiaoRacialTrait|Scent|Sneak Attack

##############Racial Special Abilities##############

#Cameroceras
Pressure Adaptation								KEY:Cameroceras ~ Pressure Adaptation						CATEGORY:Special Ability	TYPE:SpecialQuality.Extraordinary.CamerocerasRacialTrait																																		DESC:A cameroceras suffers no pressure damage at depths less than 1 mile, even if it is instantaneously moved to a different pressure.																																																																																																																		SOURCEPAGE:p.49

#Clockwork Familiar - Copied from ISI
Electricity										KEY:Clockwork Familiar ~ Electricity						CATEGORY:Special Ability	TYPE:ClockworkFamiliarRacialAbility.SpecialAttack.Extraordinary																																	DESC:A clockwork familiar's bite does an additional 1d6 electricity damage.																																																																																																																												SOURCEPAGE:p.57
Item Installation									KEY:Clockwork Familiar ~ Item Installation					CATEGORY:Special Ability	TYPE:ClockworkFamiliarRacialAbility.SpecialQuality.Extraordinary																																	DESC:Each clockwork familiar possesses the ability to carry a magic item in its body. This specific item type is chosen at the time of the construct's creation, and cannot be changed. While the creature cannot activate or use the item, it gains certain constant abilities from the resonant magic fields, and can drain the item's magic as a free action in order to gain additional magical effects. In addition, any clockwork construct can drain a single charge or spell level from its installed item to heal itself for 1d6 hit points as a standard action. Removing a spent item and installing a new one is a full-round action.																					BONUS:ABILITYPOOL|Clockwork Familiar Installed Item Choice|1	SOURCEPAGE:p.57

Potion Installation								KEY:Clockwork Familiar ~ Potion Installation					CATEGORY:Special Ability	TYPE:ClockworkFamiliarInstalledItem																																						DESC:The clockwork familiar gains a constant protection from good/evil/law/chaos effect (one type only, chosen each time a new potion is installed). In addition, a clockwork familiar can drain the magic from the potion in order to grant this ability to a creature sharing its space. This ability to include others in the protection effect lasts for 1 minute per spell level of the potion drained.																																																																						SOURCEPAGE:p.57
Scroll Installation								KEY:Clockwork Familiar ~ Scroll Installation					CATEGORY:Special Ability	TYPE:ClockworkFamiliarInstalledItem																																						DESC:The clockwork familiar gains a constant detect magic effect as a spell-like ability. Draining magic from a scroll allows the familiar to cast a single identify spell on behalf of its master for each spell level of the spell inscribed on the scroll-these castings may be stored and saved, though a scroll used in this manner becomes instantly useless, even if not all spell levels have been drained.																																																																					SOURCEPAGE:p.57
Wand Installation									KEY:Clockwork Familiar ~ Wand Installation					CATEGORY:Special Ability	TYPE:ClockworkFamiliarInstalledItem																																						DESC:The clockwork familiar gains the ability to spit a glob of acid up to 30 feet as a ranged touch attack, dealing 1d4 points of damage. Draining a charge increases the damage to 2d4 points for a single attack. This charge is spent before the attack is rolled.																																																																																													SOURCEPAGE:p.57

#Digmaul
Ball Tail										KEY:Digmaul ~ Ball Tail									CATEGORY:Special Ability	TYPE:SpecialAttack.Extraordinary.DigmaulRacialTrait																																			DESC:A digmaul has a spiked ball at the end of its tail, which it can use as a secondary natural attack that deals 1d4 points of bludgeoning and piercing damage. The digmaul can substitute a trip or bull rush combat maneuver check for its normal tail attack. Such a combat maneuver check doesn't provoke attacks of opportunity and receives a +4 racial bonus; a digmaul that fails its trip attempt by 10 or more in this way is not tripped.																																																															SOURCEPAGE:p.82

#Dinosaur (Plesiosaurus)
Ambush Attack									KEY:Plesiosaurus ~ Ambush Attack							CATEGORY:Special Ability	TYPE:SpecialAttack.Extraordinary.PlesiosaurusRacialTrait																																		DESC:If a plesiosaurus successfully hits a foe with its bite attack in the surprise round, it inflicts an additional 1d6 points of damage and threatens a critical hit on an 18-20. The additional damage from the ambush attack itself is precision damage and is not multiplied on a successful critical hit.																																																																																						SOURCEPAGE:p.83

#Dinosaur (Therizinosaurus)
Sprint										KEY:Therizinosaurus ~ Sprint								CATEGORY:Special Ability	TYPE:SpecialQuality.Extraordinary.TherizinosaurusRacialTrait																																	DESC:Once per hour, a therizinosaurus can move at 10 times its normal speed (400 feet) when it makes a charge.																																																																																																																						SOURCEPAGE:p.84
Sweeping Strike									KEY:Therizinosaurus ~ Sweeping Strike						CATEGORY:Special Ability	TYPE:SpecialAttack.Extraordinary.TherizinosaurusRacialTrait																																		DESC:As a full-round action, a therizinosaurus can hunker down and make a great, sweeping attack with its claws against up to four adjacent foes. The dinosaur makes an attack roll against each target, inflicting claw damage on a successful hit.																																																																																																SOURCEPAGE:p.84

#Dinosaur (Troodon)
Easily Trained									KEY:Troodon ~ Easily Trained								CATEGORY:Special Ability	TYPE:SpecialQuality.Extraordinary.TroodonRacialTrait																																			DESC:A troodon is unusually quick to pick up tricks and animal training. All Handle Animal checks made to train a troodon gain a +2 bonus. A troodon can learn an additional 2 tricks beyond what an animal of its intelligence can normally be taught.																																																																																				BONUS:ABILITYPOOL|Animal Trick|2						SOURCEPAGE:p.84

#Kaprosuchus
Ramming Snout									KEY:Kaprosuchus ~ Ramming Snout							CATEGORY:Special Ability	TYPE:SpecialAttack.Extraordinary.KaprosuchusRacialTrait																																		DESC:When a kaprosuchus charges, it can ram an opponent with the calcified tip of its snout. This attack has the same attack bonus as the kaprosuchus's bite attack, and it deals an amount of bludgeoning damage equal to the kaprosuchus's bite damage. If the attack is successful, the kaprosuchus can attempt a trip combat maneuver against the target as a free action.																																																																											SOURCEPAGE:p.170

#Liminal Sprite
Repartee										KEY:Liminal Sprite ~ Repartee								CATEGORY:Special Ability	TYPE:SpecialAttack.Supernatural.LiminalSpriteRacialTrait																																		DESC:Three times per day, when a liminal sprite successfully aids another creature's Charisma-based skill check, the creature gains a +2d4 bonus on the skill check instead of the normal +2 bonus. A creature can receive this bonus from only one liminal sprite per skill check.																																																																																										SOURCEPAGE:p.158
Versatile Performance								KEY:Liminal Sprite ~ Versatile Performance					CATEGORY:Special Ability	TYPE:SpecialQuality.Extraordinary.LiminalSpriteRacialTrait																																		DESC:A liminal sprite can use its bonus for Perform (comedy) in place of its bonus for Bluff and Intimidate. When substituting in this way, the liminal sprite uses its total bonus for Perform (comedy), including any class skill bonus, in place of the associated skill's total bonus, whether or not it has ranks in Perform (comedy) or Perform (comedy) is a class skill for the sprite.																																																																								SOURCEPAGE:p.158
Spell-Like Abilities								KEY:Liminal Sprite ~ SLA								CATEGORY:Special Ability	TYPE:SpecialQuality.SpellLike.LiminalSpriteRacialTrait					SPELLS:Innate|TIMES=ATWILL|CASTERLEVEL=6|Daze,10+CHA|Prestidigitation	SPELLS:Innate|TIMES=3|CASTERLEVEL=6|Fumbletongue,11+CHA|Invisibility (self only)|Memory Lapse,11+CHA

#Sahkil (Esipil)
Bewildering Assault								KEY:Esipil ~ Bewildering Assault							CATEGORY:Special Ability	TYPE:SpecialAttack.Supernatural.EsipilRacialTrait																																			DESC:If an esipil makes a successful critical hit with one of its natural attacks, the target is confused for 1 round.																																																																																																																					SOURCEPAGE:p.213
Look of Fear									KEY:Esipil ~ Look of Fear								CATEGORY:Special Ability	TYPE:SpecialAttack.Supernatural.EsipilRacialTrait																																			DESC:A creature affected by an esipil's gaze is shaken for 1 round.																																																																																																																													SOURCEPAGE:p.213	ASPECT:Ability Benefit|(30 ft., DC 14)
Spell-Like Abilities								KEY:Esipil ~ SLA										CATEGORY:Special Ability	TYPE:SpecialQuality.SpellLike.EsipilRacialTrait							SPELLS:Innate|TIMES=ATWILL|CASTERLEVEL=3|Cause Fear,13+CHA|Mage Hand	SPELLS:Innate|TIMES=3|CASTERLEVEL=3|Mirror Image	SPELLS:Innate|CASTERLEVEL=3|Contact Other Plane
CATEGORY=Special Ability|Change Shape.COPY=Esipil ~ Change Shape									OUTPUTNAME:Change Shape						TYPE:EsipilRacialTrait																																																																																																																																																																																			ASPECT:Ability Benefit|(tiny cat or dog; beast shape II)

#Whale (Narwhal)
Hold Breath										KEY:Narwhal ~ Hold Breath								CATEGORY:Special Ability	TYPE:SpecialQuality.Extraordinary.NarwhalRacialTrait																																			DESC:Narwhals are expert deep divers, and a narwhal can hold its breath %1 minutes equal to 2 times its Constitution score.|2*CONSCORE																																																																																																																		SOURCEPAGE:p.276
Tusk											KEY:Narwhal ~ Tusk									CATEGORY:Special Ability	TYPE:SpecialAttack.Extraordinary.NarwhalRacialTrait																																			DESC:A charging narwhal can make a single gore attack with its tusk in place of its normal bite attack. If it hits, the tusk deals 2d6+14 points of damage with a x3 critical multiplier.																																																																																																									SOURCEPAGE:p.276

#Whale (Blue)
Hold Breath										KEY:Blue Whale ~ Hold Breath								CATEGORY:Special Ability	TYPE:SpecialQuality.Extraordinary.BlueWhaleRacialTrait																																		DESC:A blue whale can hold its breath for %1 minutes before it risks drowning.|10*CONSCORE																																																																																																																									SOURCEPAGE:p.276

#Wolliped
Spit											KEY:Wolliped ~ Spit									CATEGORY:Special Ability	TYPE:SpecialAttack.Extraordinary.WollipedRacialTrait																																			DESC:Once per hour, a wolliped can regurgitate the contents of its stomach, spitting the foul slurry at a single target within 10 feet as a ranged touch attack. On a successful hit, the target must succeed at a DC %1 Fortitude save or be sickened for 1d4 rounds.|12+CHA																																																																																												SOURCEPAGE:p.279

#Wysp
Living Battery									KEY:Wysp ~ Living Battery								CATEGORY:Special Ability	TYPE:SpecialQuality.Extraordinary.WyspRacialTrait																																			DESC:As an immediate action, a wysp can kill itself to cause a creature benefiting from its resonance to heal 2 hit points for each of that creature's HD. If the wysp uses this ability, its death can't be prevented, and its life can't be restored by any effect less than true resurrection, miracle, or wish, even if such an effect can normally revive an outsider.																																																																											SOURCEPAGE:p.282
Resonance										KEY:Wysp ~ Resonance									CATEGORY:Special Ability	TYPE:SpecialQuality.Extraordinary.WyspRacialTrait.Aura																																		DESC:A wysp's natural resonance strengthens the power of its element. The wysp grants a +2 competence bonus on attack rolls and damage rolls to all creatures within 30 feet with an elemental subtype that matches the wysp's, and to the DCs of all racial spell-like, supernatural, and extraordinary abilities of such creatures (as usual, this does not include creatures assuming an elemental form). Kineticists within 30 feet who share the wysp's element gain a +1 competence bonus on attack rolls and damage rolls. The wysp's statistics already include these bonuses.																																									SOURCEPAGE:p.282
Servitor										KEY:Wysp ~ Servitor									CATEGORY:Special Ability	TYPE:SpecialQuality.Extraordinary.WyspRacialTrait																																			DESC:A wysp is a natural servitor. When it uses the aid another action to assist a creature benefiting from its resonance, the wisp can grant that creature a +4 bonus instead of +2. No other effect can increase this bonus beyond +4.																																																																																																		SOURCEPAGE:p.282

#Wysp (Aether)
Lesser Telekinesis								KEY:Aether Wysp ~ Lesser Telekinesis						CATEGORY:Special Ability	TYPE:SpecialQuality.Extraordinary.AetherWyspRacialTrait																																		DESC:By extending its strands of aether, an aether wysp can move small objects at a distance, as per mage hand except that lesser telekinesis is a supernatural ability and can move magical or nonmagical objects weighing up to 10 pounds.																																																																																																	SOURCEPAGE:p.282

#Wysp (Water)
Drench										KEY:Water Wysp ~ Drench									CATEGORY:Special Ability	TYPE:SpecialAttack.Extraordinary.WaterWyspRacialTrait																																			DESC:A water wysp's touch puts out Large or smaller nonmagical flames. The creature can dispel magical fire it touches as per dispel magic (caster level = the wysp's HD).																																																																																																											SOURCEPAGE:p.283

#Xiao
Spell-Like Abilities								KEY:Xiao ~ SLA										CATEGORY:Special Ability	TYPE:SpecialQuality.SpellLike.XiaoRacialTrait							SPELLS:Innate|TIMES=3|CASTERLEVEL=3|Burning Hands,11+CHA|Spark

###########################Universal Rules###########################

Feather Fall									KEY:Feather Fall ~ Constant								CATEGORY:Special Ability	TYPE:SpecialQuality.SpellLike							DEFINE:SLA_CL|0	SPELLS:Innate|TIMES=ATWILL|CASTERLEVEL=SLA_CL|Feather Fall																				DESC:You can feather fall, as per the spell, as a constant ability.|!PRERULE:1,DisplayFullAbility	DESC:You can feather fall, as per the spell, as a constant ability. Constant spell-like abilities function at all times but can be dispelled. Constant spell-like abilities can be reactivated a as a swift action.|PRERULE:1,DisplayFullAbility


###Block: Creature Subtype Traits
# Ability Name			Unique Key				Category of Ability		Visible	Auto Language					Ability																																							Modify VAR																																									Spell Res.
CATEGORY=Internal|Default.MOD																				ABILITY:Special Ability|AUTOMATIC|Race Subtype ~ Sahkil|PRERACE:1,RACESUBTYPE=Sahkil|PRECHARACTERTYPE:1,NPC,Monster

Sahkil Traits			KEY:Race Subtype ~ Sahkil	CATEGORY:Special Ability	VISIBLE:NO	AUTO:LANG|Abyssal|Celestial|Infernal	ABILITY:Special Ability|AUTOMATIC|Traits Output ~ Sahkil|PRERULE:1,DISPLAYTYPETRAITS	ABILITY:Special Ability|AUTOMATIC|TYPE=SahkilSubtypeTrait|Immunity to Death Effects|Immunity to Fear|Immunity to Disease|Immunity to Poison|Telepathy	BONUS:VAR|HasLowlightVision|1|TYPE=Base	BONUS:VAR|DarkvisionRange|60|TYPE=Base	BONUS:VAR|ColdResistanceBonus|10|TYPE=Resistance	BONUS:VAR|ElectricityResistanceBonus|10|TYPE=Resistance	BONUS:VAR|SonicResistanceBonus|10|TYPE=Resistance	SR:11+CR

###Block: Export Display - Unless DisplayTypeTraits disabled
# Ability Name	Unique Key				Category of Ability		Type									Description
Sahkil Traits	KEY:Traits Output ~ Sahkil	CATEGORY:Special Ability	TYPE:SpecialQuality.Extraordinary.Supernatural		DESC:Sahkils count as having fewer Hit Dice (%1) for purposes of spells or effects that call outsiders, receive a +%2 bonus on Charisma checks to break free of planar binding spells and similar effects, and their SR counts as if it were 5 higher (%3) for the purpose of breaking free of planar binding spells and similar effects.|max(2,HD-4)|HD/2|SR+5	DESC:&nl; Whenever a sahkil casts a spell or uses a spell-like ability or effect with the emotion or fear descriptors that allows a saving throw, the DC is increased by 2.	DESC:&nl; All sahkils have a gaze attack that instills dread in those they look upon. This gaze attack has a range of 30 feet (though when a sahkil is on the Ethereal Plane, it functions against creatures on the Material Plane that can see ethereal creatures), and can be negated by a Will save-the exact effects caused by a particular sahkil's look of fear depend on the type of sahkil. This is a mind-affecting fear effect.	DESC:&nl; Many sahkils can shift between the Ethereal Plane and the Material Plane as a move action. This ability is otherwise identical to ethereal jaunt (CL 15th).	DESC:&nl; A sahkil's natural weapons, as well as any weapon it wields, are treated as though they had the ghost touch weapon special ability.

Easy to Call	KEY:Sahkil ~ Easy to Call	CATEGORY:Special Ability	TYPE:SpecialQuality.Extraordinary.SahkilSubtypeTrait	DESC:Sahkils count as having 4 fewer Hit Dice (minimum 2) for purposes of spells or effects that call outsiders, such as planar binding. However, they receive a racial bonus equal to 1/2 their Hit Dice on Charisma checks to break free of planar binding spells and similar effects, and their spell resistance counts as if it were 5 higher for the purpose of breaking free of planar binding spells and similar effects.
Emotional Focus	KEY:Sahkil ~ Emotional Focus	CATEGORY:Special Ability	TYPE:SpecialQuality.Extraordinary.SahkilSubtypeTrait	DESC:Whenever a sahkil casts a spell or uses a spell-like ability or effect with the emotion or fear descriptors that allows a saving throw, the DC is increased by 2.
Look of Fear	KEY:Sahkil ~ Look of Fear	CATEGORY:Special Ability	TYPE:SpecialAttack.Supernatural.SahkilSubtypeTrait	DESC:All sahkils have a gaze attack that instills dread in those they look upon. This gaze attack has a range of 30 feet (though when a sahkil is on the Ethereal Plane, it functions against creatures on the Material Plane that can see ethereal creatures), and can be negated by a Will save-the exact effects caused by a particular sahkil's look of fear depend on the type of sahkil. All sahkils are immune to their own look of fear and that of other sahkils. This is a mind-affecting fear effect. The save DC is Charisma-based and includes the +2 bonus from the sahkil's emotional focus ability.
Skip Between	KEY:Sahkil ~ Skip Between	CATEGORY:Special Ability	TYPE:SpecialQuality.Supernatural.SahkilSubtypeTrait	DESC:Many sahkils can shift between the Ethereal Plane and the Material Plane as a move action. This ability is otherwise identical to ethereal jaunt (CL 15th).
Spirit Touch	KEY:Sahkil ~ Spirit Touch	CATEGORY:Special Ability	TYPE:SpecialQuality.Extraordinary.SahkilSubtypeTrait	DESC:A sahkil's natural weapons, as well as any weapon it wields, are treated as though they had the ghost touch weapon special ability.

###Block: Monster Racial Traits (auto-generated)

Racial Traits ~ Aatheriexa	CATEGORY:Internal	SPELLS:Innate|TIMES=ATWILL|CASTERLEVEL=13|Calm Emotions,16|Charm Monster,18|Clairaudience/Clairvoyance|Daze Monster,16|Feather Fall	SPELLS:Innate|TIMES=3|CASTERLEVEL=13|Dispel Magic|Lightning Bolt,17	SPELLS:Innate|CASTERLEVEL=13|Dominate Monster,23	SPELLS:Innate|TIMES=1|TIMEUNIT=Month|CASTERLEVEL=13|Interplanetary Teleport	ABILITY:Special Ability|AUTOMATIC|Immunity to Cold|Immunity to Disease|Immunity to Poison|All-Around Vision|Grab|Can't Be Tripped
Racial Traits ~ Aeon (Lipika)	CATEGORY:Internal	SPELLS:Innate|TIMES=-1|CASTERLEVEL=20|Analyze Aura	SPELLS:Innate|TIMES=ATWILL|CASTERLEVEL=20|Plane Shift,23|Telekinesis,21	SPELLS:Innate|TIMES=3|CASTERLEVEL=20|Geas/Quest	SPELLS:Innate|CASTERLEVEL=20|Reincarnate	ABILITY:Special Ability|AUTOMATIC|Immunity to Cold|Immunity to Poison
Racial Traits ~ Aeon (Othaos)	CATEGORY:Internal	SPELLS:Innate|TIMES=ATWILL|CASTERLEVEL=6|Dancing Lights	SPELLS:Innate|TIMES=3|CASTERLEVEL=6|Darkness	SPELLS:Innate|CASTERLEVEL=6|Daylight|Deeper Darkness	ABILITY:Special Ability|AUTOMATIC|Immunity to Cold|Immunity to Poison|See in Darkness
Racial Traits ~ Agathion (Cervinal)	CATEGORY:Internal	SPELLS:Innate|TIMES=-1|CASTERLEVEL=20|Detect Scrying|See Invisibility|Speak With Animals	SPELLS:Innate|TIMES=ATWILL|CASTERLEVEL=20|Discern Lies|Freedom Of Movement|Teleport (Greater)|Invisibility Purge|Light|Message	SPELLS:Innate|TIMES=5|CASTERLEVEL=20|Clairaudience/Clairvoyance|Cure Critical Wounds|Dismissal,18|Dispel Magic	SPELLS:Innate|TIMES=3|CASTERLEVEL=20|Breath Of Life|Bull'S Strength (Mass)|Plane Shift,19	SPELLS:Innate|CASTERLEVEL=20|Discern Location|Scrying (Greater),21	ABILITY:Special Ability|AUTOMATIC|Immunity to Electricity|Immunity to Petrification
Racial Traits ~ Agathion (Reptial)	CATEGORY:Internal	SPELLS:Innate|TIMES=-1|CASTERLEVEL=5|Speak With Animals	SPELLS:Innate|TIMES=ATWILL|CASTERLEVEL=5|Faerie Fire	SPELLS:Innate|TIMES=3|CASTERLEVEL=5|Color Spray,15|Hypnotism,15|Protection From Evil,15|Object Reading	SPELLS:Innate|CASTERLEVEL=5|Hideous Laughter,16	ABILITY:Special Ability|AUTOMATIC|Immunity to Electricity|Immunity to Petrification|Scent
Racial Traits ~ Ahool	CATEGORY:Internal	ABILITY:Special Ability|AUTOMATIC|Scent|Grab
Racial Traits ~ Akaname	CATEGORY:Internal	ABILITY:Special Ability|AUTOMATIC|Immunity to Disease|Scent|Can't Be Tripped
Racial Traits ~ Amarok	CATEGORY:Internal	SPELLS:Innate|TIMES=-1|CASTERLEVEL=12|Discern Lies|True Seeing	SPELLS:Innate|TIMES=3|CASTERLEVEL=12|Remove Curse	ABILITY:Special Ability|AUTOMATIC|Scent|See in Darkness|Grab|Trip
Racial Traits ~ Amphiptere	CATEGORY:Internal	ABILITY:Special Ability|AUTOMATIC|Immunity to Paralysis|Immunity to Sleep|Scent|Grab
Racial Traits ~ Anemos	CATEGORY:Internal	SPELLS:Innate|TIMES=-1|CASTERLEVEL=20|Fickle Winds|Freedom Of Movement	SPELLS:Innate|TIMES=ATWILL|CASTERLEVEL=20|Control Weather|Control Winds	SPELLS:Innate|CASTERLEVEL=20|Storm Of Vengeance,29|Summon Monster Ix	ABILITY:Special Ability|AUTOMATIC|Immunity to Electricity
Racial Traits ~ Angel (Balisse)	CATEGORY:Internal	SPELLS:Innate|TIMES=-1|CASTERLEVEL=10|Detect Evil	SPELLS:Innate|TIMES=ATWILL|CASTERLEVEL=10|Aid|Dispel Evil,19|Dispel Magic|Holy Smite,18|Invisibility|Plane Shift|Remove Curse|Remove Disease|Remove Fear	SPELLS:Innate|TIMES=3|CASTERLEVEL=10|Cure Serious Wounds|Hold Person,16	SPELLS:Innate|CASTERLEVEL=10|Atonement|Mark Of Justice	ABILITY:Special Ability|AUTOMATIC|Immunity to Acid|Immunity to Cold|Immunity to Petrification
Racial Traits ~ Angel (Choral)	CATEGORY:Internal	SPELLS:Innate|TIMES=-1|CASTERLEVEL=8|Detect Evil	SPELLS:Innate|TIMES=ATWILL|CASTERLEVEL=8|Aid|Ghost Sound,13|Dispel Evil,18|Dispel Magic|Invisibility|Plane Shift|Remove Curse|Remove Disease|Remove Fear	SPELLS:Innate|TIMES=3|CASTERLEVEL=8|Cure Moderate Wounds|Sculpt Sound,16|Sound Burst,15	ABILITY:Special Ability|AUTOMATIC|Immunity to Acid|Immunity to Cold|Immunity to Petrification
Racial Traits ~ Angel (Empyrean)	CATEGORY:Internal	SPELLS:Innate|TIMES=-1|CASTERLEVEL=20|Detect Evil|Detect Snares And Pits|Discern Lies,21|True Seeing	SPELLS:Innate|TIMES=ATWILL|CASTERLEVEL=20|Aid|Atonement|Break Enchantment|Commune|Continual Flame|Dimensional Anchor|Dispel Magic (Greater)|Restoration (Lesser)|Mark Of Justice|Neutralize Poison|Remove Curse|Remove Disease|Remove Fear|Resist Energy|Speak With Dead	SPELLS:Innate|TIMES=3|CASTERLEVEL=20|Blade Barrier,23|Dispel Evil,22|Heal,23|Charm Monster (Mass),25|Permanency|Resurrection|Sympathy,25	SPELLS:Innate|CASTERLEVEL=20|Restoration (Greater)|Power Word Stun|Wish	SPELLS:Innate|TIMES=9|CASTERLEVEL=20|Gate|Heal (Mass),29|Miracle|Overwhelming Presence,29|Righteous Might	SPELLS:Innate|TIMES=8|CASTERLEVEL=20|Antimagic Field|Discern Location|Divine Power|Spell Immunity (Greater)|Holy Aura,28	SPELLS:Innate|TIMES=7|CASTERLEVEL=20|Control Weather|Holy Word,27|Scrying (Greater),27|Repulsion,27|Waves Of Ecstasy,27	SPELLS:Innate|TIMES=6|CASTERLEVEL=20|Heal,26|Heroes' Feast|Joyful Rapture|Silence,22|Wind Walk|Word Of Recall	SPELLS:Innate|TIMES=5|CASTERLEVEL=20|Breath Of Life|Divine Favor|Fickle Winds|Command (Greater),25|Plane Shift,25|Serenity,25	SPELLS:Innate|TIMES=4|CASTERLEVEL=20|Death Ward|Dismissal,24|Divine Power|Freedom Of Movement|Magic Weapon (Greater)	SPELLS:Innate|TIMES=3|CASTERLEVEL=20|Daylight|Invisibility Purge|Locate Object|Prayer|Stone Shape|Wind Wall	SPELLS:Innate|TIMES=2|CASTERLEVEL=20|Consecrate|Find Traps|Grace|Make Whole|Remove Paralysis|Silence,22	SPELLS:Innate|TIMES=1|CASTERLEVEL=20|Bless|Divine Favor|Endure Elements|Obscuring Mist|Remove Sickness|Shield Of Faith	SPELLS:Innate|TIMES=0|CASTERLEVEL=20|Create Water|Detect Magic|Guidance|Purify Food And Drink	ABILITY:Special Ability|AUTOMATIC|Immunity to Acid|Immunity to Cold|Immunity to Petrification
Racial Traits ~ Animate Hair	CATEGORY:Internal	ABILITY:Special Ability|AUTOMATIC|Can't Be Tripped
Racial Traits ~ Ant (Knight Ant)	CATEGORY:Internal	ABILITY:Special Ability|AUTOMATIC|Immunity to Mind-Affecting Effects|Scent|Grab|Poison
Racial Traits ~ Ant (Megapon Ant)	CATEGORY:Internal	ABILITY:Special Ability|AUTOMATIC|Immunity to Mind-Affecting Effects|Scent|Grab|Poison
Racial Traits ~ Apallie	CATEGORY:Internal	SPELLS:Innate|TIMES=ATWILL|CASTERLEVEL=4|Alter Self	ABILITY:Special Ability|AUTOMATIC|Can't Be Tripped
Racial Traits ~ Archon (Exscinder)	CATEGORY:Internal	SPELLS:Innate|TIMES=-1|CASTERLEVEL=15|Detect Evil|True Seeing	SPELLS:Innate|TIMES=ATWILL|CASTERLEVEL=15|Cure Light Wounds|Detect Thoughts,17|Discern Lies,19|Hold Monster,20|Holy Smite,19|Invisibility|Locate Creature|Locate Object|Modify Memory,19|Protection From Evil,16|Repress Memory,21|Stabilize|Zone Of Truth,17	SPELLS:Innate|TIMES=3|CASTERLEVEL=15|Dispel Evil,20|Fireball,18|Flame Strike,20|Plane Shift,20	SPELLS:Innate|CASTERLEVEL=15|Discern Location,23|Find The Path,21	ABILITY:Special Ability|AUTOMATIC|Immunity to Acid|Immunity to Cold|Immunity to Fire|Immunity to Electricity|Immunity to Petrification
Racial Traits ~ Archon (Gate Archon)	CATEGORY:Internal	ABILITY:Special Ability|AUTOMATIC|Immunity to Electricity|Immunity to Fear|Immunity to Petrification
Racial Traits ~ Assassin Bug (Giant Assassin Bug)	CATEGORY:Internal	ABILITY:Special Ability|AUTOMATIC|Immunity to Mind-Affecting Effects|Poison
Racial Traits ~ Assassin Bug (Great Assassin Bug)	CATEGORY:Internal	ABILITY:Special Ability|AUTOMATIC|Immunity to Mind-Affecting Effects|Poison
Racial Traits ~ Azata (Gancanagh)	CATEGORY:Internal	SPELLS:Innate|TIMES=ATWILL|CASTERLEVEL=5|Charm Person,16|Mirror Image|Suggestion,17	SPELLS:Innate|CASTERLEVEL=5|Cure Moderate Wounds|Good Hope	ABILITY:Special Ability|AUTOMATIC|Immunity to Electricity|Immunity to Petrification
Racial Traits ~ Azata (Raelis)	CATEGORY:Internal	SPELLS:Innate|TIMES=-1|CASTERLEVEL=12|Freedom Of Movement|Nondetection	SPELLS:Innate|TIMES=ATWILL|CASTERLEVEL=12|Arcane Mark|Dancing Lights|Detect Magic|Detect Poison|Light|Mage Hand|Message|Prestidigitation|Read Magic	SPELLS:Innate|TIMES=3|CASTERLEVEL=12|Dimension Door|Modify Memory,17	SPELLS:Innate|CASTERLEVEL=12|Teleport (Greater)|Plane Shift,21	SPELLS:Innate|TIMES=5|CASTERLEVEL=12|Seeming|Sending|Symbol Of Pain,20|Symbol Of Sleep,20	SPELLS:Innate|TIMES=4|CASTERLEVEL=12|Confusion,18|Invisibility (Greater)|Scrying,18	SPELLS:Innate|TIMES=3|CASTERLEVEL=12|Beast Shape I|Explosive Runes,18|Glyph Of Warding,18|Haste|Lightning Bolt,17|Sepia Snake Sigil,18|Suggestion,17	SPELLS:Innate|TIMES=2|CASTERLEVEL=12|Detect Thoughts,16|Hypnotic Pattern,16|Invisibility|Scorching Ray|See Invisibility	SPELLS:Innate|TIMES=1|CASTERLEVEL=12|Erase|Feather Fall|Hypnotism|Silent Image,15|Ventriloquism,15	ABILITY:Special Ability|AUTOMATIC|Immunity to Electricity|Immunity to Petrification
Racial Traits ~ Bagiennik	CATEGORY:Internal	SPELLS:Innate|TIMES=3|CASTERLEVEL=7|Cure Light Wounds|Remove Disease	SPELLS:Innate|CASTERLEVEL=7|Cure Moderate Wounds|Remove Blindness/Deafness	ABILITY:Special Ability|AUTOMATIC|Scent
Racial Traits ~ Bear (Dire Polar Bear)	CATEGORY:Internal	ABILITY:Special Ability|AUTOMATIC|Scent|Grab
Racial Traits ~ Bisha Ga Tsuku	CATEGORY:Internal	SPELLS:Innate|TIMES=3|CASTERLEVEL=12|Detonate	SPELLS:Innate|CASTERLEVEL=12|Cold Ice Strike,20|Freezing Sphere,20|Wall Of Ice,18	ABILITY:Special Ability|AUTOMATIC|Immunity to Cold
Racial Traits ~ Blightspawn	CATEGORY:Internal	SPELLS:Innate|TIMES=-1|CASTERLEVEL=5|Freedom Of Movement|Pass Without Trace	SPELLS:Innate|CASTERLEVEL=5|Bestow Curse,16|Blur|Contagion,16|Diminish Plants|Gust Of Wind|Hold Monster,17	ABILITY:Special Ability|AUTOMATIC|Immunity to Acid|Immunity to Cold|Immunity to Poison|Scent|Poison|Can't Be Tripped
Racial Traits ~ Bone Ship	CATEGORY:Internal
Racial Traits ~ Brain Mole	CATEGORY:Internal	ABILITY:Special Ability|AUTOMATIC|Scent
Racial Traits ~ Brain Mole (Brain Mole Monarch)	CATEGORY:Internal	ABILITY:Special Ability|AUTOMATIC|Scent
Racial Traits ~ Caller in Darkness	CATEGORY:Internal	ABILITY:Special Ability|AUTOMATIC|Incorporeal
Racial Traits ~ Caterpillar (Blood Caterpillar)	CATEGORY:Internal	ABILITY:Special Ability|AUTOMATIC|Immunity to Mind-Affecting Effects|Poison
Racial Traits ~ Caterpillar (Horn Caterpillar)	CATEGORY:Internal	ABILITY:Special Ability|AUTOMATIC|Immunity to Mind-Affecting Effects|Poison
Racial Traits ~ Celedon	CATEGORY:Internal
Racial Traits ~ Cerynitis	CATEGORY:Internal	SPELLS:Innate|TIMES=-1|CASTERLEVEL=9|See Invisibility|Speak With Animals	ABILITY:Special Ability|AUTOMATIC|Scent
Racial Traits ~ Cetus	CATEGORY:Internal	SPELLS:Innate|TIMES=ATWILL|CASTERLEVEL=15|Control Water|Control Winds	SPELLS:Innate|CASTERLEVEL=15|Control Weather	ABILITY:Special Ability|AUTOMATIC|Immunity to Paralysis|Immunity to Sleep|Grab
Racial Traits ~ Cherufe	CATEGORY:Internal	SPELLS:Innate|TIMES=1|TIMEUNIT=Month|CASTERLEVEL=18|Earthquake	ABILITY:Special Ability|AUTOMATIC|Immunity to Fire
Racial Traits ~ Chuspiki	CATEGORY:Internal	SPELLS:Innate|TIMES=5|CASTERLEVEL=3|Alter Winds|Gust Of Wind|Whispering Wind	SPELLS:Innate|TIMES=-1|CASTERLEVEL=3|Feather Fall	ABILITY:Special Ability|AUTOMATIC|Scent
Racial Traits ~ Cuero	CATEGORY:Internal	ABILITY:Special Ability|AUTOMATIC|Grab|Can't Be Tripped
Racial Traits ~ Cursed King	CATEGORY:Internal
Racial Traits ~ Cyclops (Kabandha)	CATEGORY:Internal	SPELLS:Innate|TIMES=-1|CASTERLEVEL=14|See Invisibility	SPELLS:Innate|TIMES=3|CASTERLEVEL=14|Alarm
Racial Traits ~ Death Coach	CATEGORY:Internal	SPELLS:Innate|TIMES=ATWILL|CASTERLEVEL=16|Ghost Sound,18|Scare,20|Distracting Cacophony,21	SPELLS:Innate|TIMES=3|CASTERLEVEL=16|Phantasmal Killer,22	ABILITY:Special Ability|AUTOMATIC|Incorporeal
Racial Traits ~ Deep Merfolk	CATEGORY:Internal
Racial Traits ~ Deep One	CATEGORY:Internal
Racial Traits ~ Deep One (Elder Deep One)	CATEGORY:Internal	ABILITY:Special Ability|AUTOMATIC|Immunity to Cold|Immunity to Disease
Racial Traits ~ Demodand (Gristly Demodand)	CATEGORY:Internal	ABILITY:Special Ability|AUTOMATIC|Immunity to Acid|Immunity to Poison
Racial Traits ~ Demodand (Stringy Demodand)	CATEGORY:Internal	ABILITY:Special Ability|AUTOMATIC|Immunity to Acid|Immunity to Poison
Racial Traits ~ Demon (Abrikandilu)	CATEGORY:Internal	SPELLS:Innate|TIMES=3|CASTERLEVEL=5|Cause Fear,12|Shatter,13	ABILITY:Special Ability|AUTOMATIC|Immunity to Electricity|Immunity to Poison
Racial Traits ~ Demon (Cambion)	CATEGORY:Internal	SPELLS:Innate|TIMES=3|CASTERLEVEL=3|Command,13	SPELLS:Innate|CASTERLEVEL=3|Charm Person,13|Death Knell,14|Enthrall,14	ABILITY:Special Ability|AUTOMATIC|Immunity to Electricity|Immunity to Poison
Racial Traits ~ Demon (Seraptis)	CATEGORY:Internal	SPELLS:Innate|TIMES=-1|CASTERLEVEL=15|Deathwatch|True Seeing|Unholy Aura,23	SPELLS:Innate|TIMES=ATWILL|CASTERLEVEL=15|Crushing Despair,18|Dispel Magic|Teleport (Greater)|Telekinesis,20	SPELLS:Innate|TIMES=3|CASTERLEVEL=15|Confusion,19|Demand,23|Dominate Person,19|Fly	SPELLS:Innate|CASTERLEVEL=15|Symbol Of Insanity,23	ABILITY:Special Ability|AUTOMATIC|Immunity to Bleed|Immunity to Electricity|Immunity to Poison
Racial Traits ~ Devil (Apostate Devil (Deimavigga))	CATEGORY:Internal	ABILITY:Special Ability|AUTOMATIC|Immunity to Fire|Immunity to Poison|See in Darkness
Racial Traits ~ Devil (Heresy Devil (Ayngavhaul))	CATEGORY:Internal	ABILITY:Special Ability|AUTOMATIC|Immunity to Fire|Immunity to Poison|See in Darkness
Racial Traits ~ Devil (Warmonger Devil (Levaloch))	CATEGORY:Internal	ABILITY:Special Ability|AUTOMATIC|Immunity to Fire|Immunity to Poison|See in Darkness
Racial Traits ~ Doppeldrek	CATEGORY:Internal	ABILITY:Special Ability|AUTOMATIC|Can't Be Tripped
Racial Traits ~ Dragon (Esoteric (Astral), Adult Astral Dragon)	CATEGORY:Internal	ABILITY:Special Ability|AUTOMATIC|Immunity to Paralysis|Immunity to Sleep
Racial Traits ~ Dragon (Esoteric (Astral), Ancient Astral Dragon)	CATEGORY:Internal	ABILITY:Special Ability|AUTOMATIC|Immunity to Paralysis|Immunity to Sleep
Racial Traits ~ Dragon (Esoteric (Astral), Young Astral Dragon)	CATEGORY:Internal	ABILITY:Special Ability|AUTOMATIC|Immunity to Paralysis|Immunity to Sleep
Racial Traits ~ Dragon (Esoteric (Dream), Adult Dream Dragon)	CATEGORY:Internal	ABILITY:Special Ability|AUTOMATIC|Immunity to Paralysis|Immunity to Sleep
Racial Traits ~ Dragon (Esoteric (Dream), Ancient Dream Dragon)	CATEGORY:Internal	ABILITY:Special Ability|AUTOMATIC|Immunity to Paralysis|Immunity to Sleep
Racial Traits ~ Dragon (Esoteric (Dream), Young Dream Dragon)	CATEGORY:Internal	ABILITY:Special Ability|AUTOMATIC|Immunity to Paralysis|Immunity to Sleep
Racial Traits ~ Dragon (Esoteric (Etheric), Adult Etheric Dragon)	CATEGORY:Internal	ABILITY:Special Ability|AUTOMATIC|Immunity to Paralysis|Immunity to Sleep|See in Darkness
Racial Traits ~ Dragon (Esoteric (Etheric), Ancient Etheric Dragon)	CATEGORY:Internal	ABILITY:Special Ability|AUTOMATIC|Immunity to Paralysis|Immunity to Sleep|See in Darkness
Racial Traits ~ Dragon (Esoteric (Etheric), Young Etheric Dragon)	CATEGORY:Internal	ABILITY:Special Ability|AUTOMATIC|Immunity to Paralysis|Immunity to Sleep|See in Darkness
Racial Traits ~ Dragon (Esoteric (Nightmare), Adult Nightmare Dragon)	CATEGORY:Internal	ABILITY:Special Ability|AUTOMATIC|Immunity to Mind-Affecting Effects|Immunity to Paralysis|Immunity to Sleep|See in Darkness
Racial Traits ~ Dragon (Esoteric (Nightmare), Ancient Nightmare Dragon)	CATEGORY:Internal	ABILITY:Special Ability|AUTOMATIC|Immunity to Mind-Affecting Effects|Immunity to Paralysis|Immunity to Sleep|See in Darkness
Racial Traits ~ Dragon (Esoteric (Nightmare), Young Nightmare Dragon)	CATEGORY:Internal	ABILITY:Special Ability|AUTOMATIC|Immunity to Mind-Affecting Effects|Immunity to Paralysis|Immunity to Sleep|See in Darkness
Racial Traits ~ Dragon (Esoteric (Occult), Adult Occult Dragon)	CATEGORY:Internal	ABILITY:Special Ability|AUTOMATIC|Immunity to Paralysis|Immunity to Sleep
Racial Traits ~ Dragon (Esoteric (Occult), Ancient Occult Dragon)	CATEGORY:Internal	ABILITY:Special Ability|AUTOMATIC|Immunity to Paralysis|Immunity to Sleep
Racial Traits ~ Dragon (Esoteric (Occult), Young Occult Dragon)	CATEGORY:Internal	ABILITY:Special Ability|AUTOMATIC|Immunity to Paralysis|Immunity to Sleep
Racial Traits ~ Drake (Ether Drake)	CATEGORY:Internal	ABILITY:Special Ability|AUTOMATIC|Immunity to Paralysis|Immunity to Sleep|Scent
Racial Traits ~ Drake (Jungle Drake)	CATEGORY:Internal	ABILITY:Special Ability|AUTOMATIC|Immunity to Disease|Immunity to Poison|Immunity to Paralysis|Immunity to Sleep|Scent|Grab|Poison
Racial Traits ~ Echeneis	CATEGORY:Internal
Racial Traits ~ Egregore	CATEGORY:Internal	SPELLS:Innate|TIMES=24|CASTERLEVEL=13|Heal|Bear'S Endurance (Mass)|Bull'S Strength (Mass)	SPELLS:Innate|TIMES=-1|CASTERLEVEL=13|Mage Armor|Mental Barrier I	SPELLS:Innate|TIMES=ATWILL|CASTERLEVEL=13|Cure Moderate Wounds	ABILITY:Special Ability|AUTOMATIC|Can't Be Tripped
Racial Traits ~ Elemental (Aether) (Elder Aether Elemental)	CATEGORY:Internal
Racial Traits ~ Elemental (Aether) (Greater Aether Elemental)	CATEGORY:Internal
Racial Traits ~ Elemental (Aether) (Huge Aether Elemental)	CATEGORY:Internal
Racial Traits ~ Elemental (Aether) (Large Aether Elemental)	CATEGORY:Internal
Racial Traits ~ Elemental (Aether) (Medium Aether Elemental)	CATEGORY:Internal
Racial Traits ~ Elemental (Aether) (Small Aether Elemental)	CATEGORY:Internal
Racial Traits ~ Emotion Ooze	CATEGORY:Internal	ABILITY:Special Ability|AUTOMATIC|Immunity to Mind-Affecting Effects|Can't Be Tripped
Racial Traits ~ Encantado	CATEGORY:Internal	SPELLS:Innate|TIMES=ATWILL|CASTERLEVEL=10|Charm Person,16|Suggestion,18|Unnatural Lust,17	SPELLS:Innate|TIMES=3|CASTERLEVEL=10|Charm Monster,18|Confusion,19|Daze Monster,17	SPELLS:Innate|TIMES=1|TIMEUNIT=Week|CASTERLEVEL=10|Control Weather
Racial Traits ~ Etiainen	CATEGORY:Internal	ABILITY:Special Ability|AUTOMATIC|Incorporeal
Racial Traits ~ Fastachee	CATEGORY:Internal	SPELLS:Innate|TIMES=ATWILL|CASTERLEVEL=11|Plant Growth|Speak With Plants,16|Transport Via Plants	SPELLS:Innate|TIMES=6|CASTERLEVEL=11|Dispel Magic (Greater)|Heal|Bear'S Endurance (Mass)	SPELLS:Innate|TIMES=5|CASTERLEVEL=11|Baleful Polymorph,21|Breath Of Life|Commune With Nature|Wall Of Thorns	SPELLS:Innate|TIMES=4|CASTERLEVEL=11|Command Plants,20|Cure Critical Wounds|Flame Strike,20|Freedom Of Movement|Spike Stones,20	SPELLS:Innate|TIMES=3|CASTERLEVEL=11|Aqueous Orb,20|Call Lightning,19|Cure Serious Wounds|Protection From Energy|Remove Disease|Spike Growth,19	SPELLS:Innate|TIMES=2|CASTERLEVEL=11|Barkskin|Cat'S Grace|Cure Moderate Wounds|Flaming Sphere,18|Restoration (Lesser)|Soften Earth And Stone|Tree Shape	SPELLS:Innate|TIMES=1|CASTERLEVEL=11|Ant Haul|Cure Light Wounds|Endure Elements|Faerie Fire|Goodberry|Longstrider|Obscuring Mist	SPELLS:Innate|TIMES=0|CASTERLEVEL=11|Create Water|Detect Magic|Purify Food And Drink|Stabilize
Racial Traits ~ Firbolg	CATEGORY:Internal	SPELLS:Innate|TIMES=ATWILL|CASTERLEVEL=6|Reduce Person,13	SPELLS:Innate|CASTERLEVEL=6|Alter Self|Confusion,16|Detect Magic|Know Direction
Racial Traits ~ Gegenees	CATEGORY:Internal	ABILITY:Special Ability|AUTOMATIC|Grab
Racial Traits ~ Ghoul (Leng Ghoul)	CATEGORY:Internal	ABILITY:Special Ability|AUTOMATIC|Immunity to Cold
Racial Traits ~ Giant Mantis Shrimp	CATEGORY:Internal	ABILITY:Special Ability|AUTOMATIC|Immunity to Mind-Affecting Effects|Grab
Racial Traits ~ Giant Muckdweller	CATEGORY:Internal
Racial Traits ~ Giant Scarab	CATEGORY:Internal	ABILITY:Special Ability|AUTOMATIC|Immunity to Mind-Affecting Effects
Racial Traits ~ Giant Termite	CATEGORY:Internal	ABILITY:Special Ability|AUTOMATIC|Immunity to Disease|Immunity to Mind-Affecting Effects|Scent
Racial Traits ~ Giant (Eclipse Giant)	CATEGORY:Internal	ABILITY:Special Ability|AUTOMATIC|Immunity to Death Effects|See in Darkness
Racial Traits ~ Giant (Moon Giant)	CATEGORY:Internal
Racial Traits ~ Giant (Sun Giant)	CATEGORY:Internal	ABILITY:Special Ability|AUTOMATIC|Immunity to Fire
Racial Traits ~ Golem (Crystal Golem)	CATEGORY:Internal
Racial Traits ~ Golem (Lead Golem)	CATEGORY:Internal	ABILITY:Special Ability|AUTOMATIC|Immunity to Acid|Immunity to Electricity
Racial Traits ~ Gravebound	CATEGORY:Internal
Racial Traits ~ Gray	CATEGORY:Internal	SPELLS:Innate|TIMES=7|CASTERLEVEL=5|Anticipate Thoughts|Mind Thrust Ii|Sleep	SPELLS:Innate|TIMES=-1|CASTERLEVEL=5|Blink
Racial Traits ~ Gremlin (Hobkins)	CATEGORY:Internal	SPELLS:Innate|TIMES=ATWILL|CASTERLEVEL=2|Dancing Lights|Ghost Sound,12|Silent Image,13
Racial Traits ~ Gremlin (Nuno)	CATEGORY:Internal
Racial Traits ~ Griefgall	CATEGORY:Internal	ABILITY:Special Ability|AUTOMATIC|All-Around Vision|Can't Be Tripped
Racial Traits ~ Grim Reaper (Grim Reaper (Bestiary 5))	CATEGORY:Internal	SPELLS:Innate|TIMES=-1|CASTERLEVEL=20|Haste|See Invisibility|True Seeing	SPELLS:Innate|TIMES=ATWILL|CASTERLEVEL=20|Call Spirit,23	SPELLS:Innate|TIMES=3|CASTERLEVEL=20|Finger Of Death,26|Power Word Kill	SPELLS:Innate|CASTERLEVEL=20|Plane Shift,23
Racial Traits ~ Grim Reaper (Lesser Death)	CATEGORY:Internal	SPELLS:Innate|TIMES=-1|CASTERLEVEL=20|Haste|See Invisibility|True Seeing	SPELLS:Innate|TIMES=ATWILL|CASTERLEVEL=20|Call Spirit,23	SPELLS:Innate|TIMES=3|CASTERLEVEL=20|Finger Of Death,26|Power Word Kill	SPELLS:Innate|CASTERLEVEL=20|Plane Shift,23
Racial Traits ~ Hag (Storm Hag)	CATEGORY:Internal	ABILITY:Special Ability|AUTOMATIC|Immunity to Electricity|Scent
Racial Traits ~ Heikegani	CATEGORY:Internal	ABILITY:Special Ability|AUTOMATIC|Grab|Can't Be Tripped
Racial Traits ~ House Spirit (Domovoi)	CATEGORY:Internal	SPELLS:Innate|TIMES=ATWILL|CASTERLEVEL=5|Invisibility|Lullaby,12|Mage Hand|Mending|Prestidigitation	SPELLS:Innate|TIMES=3|CASTERLEVEL=5|Reduce Person,13|Sleep,13	SPELLS:Innate|TIMES=1|TIMEUNIT=Week|CASTERLEVEL=5|Augury
Racial Traits ~ House Spirit (Dvorovoi)	CATEGORY:Internal	SPELLS:Innate|TIMES=-1|CASTERLEVEL=6|Speak With Animals	SPELLS:Innate|TIMES=ATWILL|CASTERLEVEL=6|Charm Animal,14|Hide From Animals|Invisibility	SPELLS:Innate|TIMES=3|CASTERLEVEL=6|Break,14|Reduce Person,14	SPELLS:Innate|CASTERLEVEL=6|Entangle,14	ABILITY:Special Ability|AUTOMATIC|Scent
Racial Traits ~ House Spirit (Ovinnik)	CATEGORY:Internal	SPELLS:Innate|TIMES=ATWILL|CASTERLEVEL=4|Daze,13|Produce Flame	SPELLS:Innate|TIMES=1|TIMEUNIT=Month|CASTERLEVEL=4|Divination	ABILITY:Special Ability|AUTOMATIC|Scent
Racial Traits ~ Hundun	CATEGORY:Internal	SPELLS:Innate|TIMES=-1|CASTERLEVEL=21|Air Walk|Detect Law	SPELLS:Innate|TIMES=ATWILL|CASTERLEVEL=21|Chaos Hammer,22|Dimension Door|Enervation|Dispel Magic (Greater)|Inflict Moderate Wounds (Mass),24|Plane Shift,23	SPELLS:Innate|TIMES=3|CASTERLEVEL=21|Dimension Door|Disintegrate,24|Inflict Moderate Wounds (Mass),24|Word Of Chaos,25	SPELLS:Innate|CASTERLEVEL=21|Orb Of The Void,26	ABILITY:Special Ability|AUTOMATIC|Immunity to Cold|Immunity to Disease|Immunity to Mind-Affecting Effects|Immunity to Petrification|Immunity to Poison|Can't Be Tripped
Racial Traits ~ Ichthyocentaur	CATEGORY:Internal
Racial Traits ~ Isonade	CATEGORY:Internal	ABILITY:Special Ability|AUTOMATIC|Scent|Grab
Racial Traits ~ Karkadann	CATEGORY:Internal	SPELLS:Innate|TIMES=-1|CASTERLEVEL=9|Detect Evil|Detect Good	SPELLS:Innate|TIMES=3|CASTERLEVEL=9|Cause Fear,16	SPELLS:Innate|CASTERLEVEL=9|Dimension Door|Neutralize Poison,19	ABILITY:Special Ability|AUTOMATIC|Immunity to Disease|Immunity to Poison|Scent
Racial Traits ~ Kawa Akago	CATEGORY:Internal	ABILITY:Special Ability|AUTOMATIC|Can't Be Tripped
Racial Traits ~ Ketesthius	CATEGORY:Internal	SPELLS:Innate|TIMES=3|CASTERLEVEL=13|Gust Of Wind|Obscuring Mist	SPELLS:Innate|CASTERLEVEL=13|Control Weather	ABILITY:Special Ability|AUTOMATIC|Grab
Racial Traits ~ Kikimora	CATEGORY:Internal	SPELLS:Innate|TIMES=ATWILL|CASTERLEVEL=7|Forced Quiet|Invisibility|Mending|Prestidigitation|Stone Call	SPELLS:Innate|TIMES=3|CASTERLEVEL=7|Break,16|Charm Animal,16|Deep Slumber,18|Pain Strike,16	SPELLS:Innate|CASTERLEVEL=7|Major Image,18|Make Whole|Summon Swarm
Racial Traits ~ Kurobozu	CATEGORY:Internal
Racial Traits ~ Leshy (Flytrap Leshy)	CATEGORY:Internal	ABILITY:Special Ability|AUTOMATIC|Immunity to Electricity|Immunity to Sonic|Can't Be Tripped
Racial Traits ~ Leshy (Lotus Leshy)	CATEGORY:Internal	ABILITY:Special Ability|AUTOMATIC|Immunity to Electricity|Immunity to Sonic|Can't Be Tripped
Racial Traits ~ Lotus Tree	CATEGORY:Internal	SPELLS:Innate|TIMES=40|CASTERLEVEL=23|Create Greater Mindscape|Dream Council|Dream Scan|Dream Voyage|Dispel Magic (Greater)|Id Insinuation Iv|Microcosm|Mind Probe|Nightmare|Psychic Image	SPELLS:Innate|TIMES=-1|CASTERLEVEL=23|Detect Thoughts,23	SPELLS:Innate|TIMES=ATWILL|CASTERLEVEL=23|Suggestion (Mass),25|Mind Thrust Vi,27	SPELLS:Innate|CASTERLEVEL=23|Animate Plants|Weird,28	ABILITY:Special Ability|AUTOMATIC|Can't Be Tripped
Racial Traits ~ Makara Vahana	CATEGORY:Internal	ABILITY:Special Ability|AUTOMATIC|Scent
Racial Traits ~ Manasaputra (Maharishi Manu)	CATEGORY:Internal	SPELLS:Innate|TIMES=27|CASTERLEVEL=16|Catatonia|Cognitive Block|Divide Mind|Mind Thrust Iv|Remote Viewing|Retrocognition|Unshakable Zeal	SPELLS:Innate|TIMES=ATWILL|CASTERLEVEL=16|Teleport (Greater)|Plane Shift	ABILITY:Special Ability|AUTOMATIC|Immunity to Disease|Immunity to Poison
Racial Traits ~ Manasaputra (Manu)	CATEGORY:Internal	SPELLS:Innate|TIMES=25|CASTERLEVEL=12|Analyze Aura|Aversion|Enshroud Thoughts|Mind Thrust Vi|Psychic Asylum|Psychic Crush I|Quintessence	SPELLS:Innate|TIMES=ATWILL|CASTERLEVEL=12|Teleport (Greater)|Plane Shift	ABILITY:Special Ability|AUTOMATIC|Immunity to Disease|Immunity to Poison
Racial Traits ~ Manasaputra (Rishi Manu)	CATEGORY:Internal	SPELLS:Innate|TIMES=19|CASTERLEVEL=14|Anticipate Thoughts|Burst Of Insight|Dream Council|Synapse Overload|Remote Viewing	SPELLS:Innate|TIMES=ATWILL|CASTERLEVEL=14|Teleport (Greater)|Plane Shift	ABILITY:Special Ability|AUTOMATIC|Immunity to Disease|Immunity to Poison
Racial Traits ~ Manasaputra (Twilight Pitri (Barhisad))	CATEGORY:Internal	SPELLS:Innate|TIMES=27|CASTERLEVEL=16|Catatonia|Cognitive Block|Divide Mind|Mind Thrust Iv|Remote Viewing|Retrocognition|Unshakable Zeal	SPELLS:Innate|TIMES=ATWILL|CASTERLEVEL=16|Teleport (Greater)|Plane Shift	ABILITY:Special Ability|AUTOMATIC|Immunity to Disease
Racial Traits ~ Mngwa	CATEGORY:Internal	SPELLS:Innate|TIMES=-1|CASTERLEVEL=9|Feather Step	SPELLS:Innate|TIMES=ATWILL|CASTERLEVEL=9|Chameleon Stride|Pass Without Trace	ABILITY:Special Ability|AUTOMATIC|Immunity to Disease|Immunity to Poison|Scent|Grab
Racial Traits ~ Muse	CATEGORY:Internal	ABILITY:Special Ability|AUTOMATIC|Immunity to Sonic
Racial Traits ~ Ningen	CATEGORY:Internal	SPELLS:Innate|TIMES=ATWILL|CASTERLEVEL=21|Hydraulic Torrent	SPELLS:Innate|TIMES=3|CASTERLEVEL=21|Freezing Sphere,19	SPELLS:Innate|CASTERLEVEL=21|Vortex,20	ABILITY:Special Ability|AUTOMATIC|Immunity to Cold
Racial Traits ~ Nulmind	CATEGORY:Internal	SPELLS:Innate|TIMES=10|CASTERLEVEL=11|Ego Whip I|Id Insinuation I|Mental Barrier I|Mind Thrust Iv	SPELLS:Innate|TIMES=-1|CASTERLEVEL=11|Mage Armor	ABILITY:Special Ability|AUTOMATIC|Can't Be Tripped
Racial Traits ~ Ostovite	CATEGORY:Internal	ABILITY:Special Ability|AUTOMATIC|Immunity to Cold
Racial Traits ~ Papinijuwari	CATEGORY:Internal	SPELLS:Innate|TIMES=3|CASTERLEVEL=10|Invisibility	ABILITY:Special Ability|AUTOMATIC|Immunity to Disease|Immunity to Poison
Racial Traits ~ Peuchen	CATEGORY:Internal	SPELLS:Innate|TIMES=ATWILL|CASTERLEVEL=13|Vampiric Touch	SPELLS:Innate|TIMES=3|CASTERLEVEL=13|Hold Person,18	ABILITY:Special Ability|AUTOMATIC|Scent
Racial Traits ~ Plagued Beast (Plagued Horse)	CATEGORY:Internal	ABILITY:Special Ability|AUTOMATIC|Immunity to Cold
Racial Traits ~ Plankta	CATEGORY:Internal	ABILITY:Special Ability|AUTOMATIC|Immunity to Cold|Immunity to Electricity|Immunity to Fire|Can't Be Tripped
Racial Traits ~ Polong	CATEGORY:Internal	ABILITY:Special Ability|AUTOMATIC|Incorporeal
Racial Traits ~ Psychemental	CATEGORY:Internal
Racial Traits ~ Psychepore	CATEGORY:Internal	ABILITY:Special Ability|AUTOMATIC|All-Around Vision|Poison|Can't Be Tripped
Racial Traits ~ Pyrausta	CATEGORY:Internal	SPELLS:Innate|TIMES=ATWILL|CASTERLEVEL=1|Spark	ABILITY:Special Ability|AUTOMATIC|Immunity to Fire|Immunity to Paralysis|Immunity to Sleep
Racial Traits ~ Ramidreju	CATEGORY:Internal	SPELLS:Innate|CASTERLEVEL=3|Create Pit,12	ABILITY:Special Ability|AUTOMATIC|Scent|Grab
Racial Traits ~ Robot (Annihilator Robot)	CATEGORY:Internal	ABILITY:Special Ability|AUTOMATIC|Immunity to Cold
Racial Traits ~ Robot (Gearsman Robot)	CATEGORY:Internal
Racial Traits ~ Robot (Myrmidon Robot)	CATEGORY:Internal	ABILITY:Special Ability|AUTOMATIC|Grab
Racial Traits ~ Robot (Terraformer Robot)	CATEGORY:Internal	ABILITY:Special Ability|AUTOMATIC|Grab
Racial Traits ~ Roiling Oil	CATEGORY:Internal	ABILITY:Special Ability|AUTOMATIC|Immunity to Electricity|Immunity to Fire|Can't Be Tripped
Racial Traits ~ Rope Dragon	CATEGORY:Internal	SPELLS:Innate|TIMES=ATWILL|CASTERLEVEL=6|Animate Rope	ABILITY:Special Ability|AUTOMATIC|Immunity to Paralysis|Immunity to Sleep
Racial Traits ~ Sahkil (Kimenhul)	CATEGORY:Internal	SPELLS:Innate|TIMES=-1|CASTERLEVEL=20|Detect Thoughts,20|Mind Blank|True Seeing	SPELLS:Innate|TIMES=ATWILL|CASTERLEVEL=20|Air Walk|Enervation|Teleport (Greater)|Magic Circle Against Good|Tongues	SPELLS:Innate|TIMES=3|CASTERLEVEL=20|Blasphemy,25|Crushing Despair,24|Dispel Magic,24|Malicious Spite,24|Suggestion,21	SPELLS:Innate|CASTERLEVEL=20|Antipathy,28|Eyebite,26|Symbol Of Fear,26|Weird,29	ABILITY:Special Ability|AUTOMATIC|Immunity to Death Effects|Immunity to Disease|Immunity to Poison|Grab
Racial Traits ~ Sahkil (Pakalchi)	CATEGORY:Internal	SPELLS:Innate|TIMES=-1|CASTERLEVEL=12|True Seeing	SPELLS:Innate|TIMES=ATWILL|CASTERLEVEL=12|Charm Person,16|Detect Magic|Detect Good|Teleport (Greater)|Protection From Good	SPELLS:Innate|TIMES=3|CASTERLEVEL=12|Blink|Calm Emotions,19|Fly	SPELLS:Innate|CASTERLEVEL=12|Dominate Person,20	ABILITY:Special Ability|AUTOMATIC|Immunity to Death Effects|Immunity to Disease
Racial Traits ~ Sahkil (Qolok)	CATEGORY:Internal	SPELLS:Innate|TIMES=-1|CASTERLEVEL=18|Mind Blank|True Seeing	SPELLS:Innate|TIMES=ATWILL|CASTERLEVEL=18|Air Walk|Calm Emotions,19|Detect Magic|Detect Good|Dispel Magic (Greater)|Teleport (Greater)|Magic Circle Against Good|Suggestion,18	SPELLS:Innate|TIMES=3|CASTERLEVEL=18|Blink|Deeper Darkness|Disintegrate,21|Suggestion (Mass),21|Nondetection	SPELLS:Innate|CASTERLEVEL=18|Mind Blank|Plane Shift,22	ABILITY:Special Ability|AUTOMATIC|Immunity to Death Effects|Immunity to Disease|Immunity to Fear|Grab
Racial Traits ~ Sahkil (Wihsaak)	CATEGORY:Internal	SPELLS:Innate|TIMES=ATWILL|CASTERLEVEL=8|Blur|Detect Magic|Teleport (Greater)|Vomit Swarm	SPELLS:Innate|CASTERLEVEL=8|See Invisibility|Suggestion,15|Unholy Blight,16	ABILITY:Special Ability|AUTOMATIC|Immunity to Death Effects|Immunity to Disease
Racial Traits ~ Saxra	CATEGORY:Internal	SPELLS:Innate|TIMES=-1|CASTERLEVEL=20|Deathwatch|True Seeing	SPELLS:Innate|TIMES=ATWILL|CASTERLEVEL=20|Call Spirit|Desecrate|Enervation|Gust Of Wind,20	SPELLS:Innate|TIMES=3|CASTERLEVEL=20|Finger Of Death,25|Horrid Wilting,26|Telekinesis,23|Unholy Blight,22	SPELLS:Innate|CASTERLEVEL=20|Legend Lore	ABILITY:Special Ability|AUTOMATIC|Immunity to Cold
Racial Traits ~ Scitalis	CATEGORY:Internal	ABILITY:Special Ability|AUTOMATIC|Immunity to Paralysis|Immunity to Sleep
Racial Traits ~ Seilenos	CATEGORY:Internal	SPELLS:Innate|TIMES=-1|CASTERLEVEL=21|Haste|Speak With Animals|Stone Tell|True Seeing	SPELLS:Innate|TIMES=ATWILL|CASTERLEVEL=21|Commune With Nature|Confusion,23|Crushing Despair,23|Dancing Lights,19|Divination|Good Hope|Suggestion (Mass),25|Mirage Arcana,24|Persistent Image,24|Polymorph Any Object,27|Reckless Infatuation,22|Waves Of Ecstasy,26	SPELLS:Innate|TIMES=3|CASTERLEVEL=21|Heroism (Greater)|Vengeful Outrage,25	SPELLS:Innate|CASTERLEVEL=21|Cloak Of Dreams,25|Freedom|Insanity,26|Charm Monster (Mass),27|Plant Growth|Reincarnate	ABILITY:Special Ability|AUTOMATIC|Immunity to Sonic
Racial Traits ~ Shadow Collector	CATEGORY:Internal	SPELLS:Innate|TIMES=ATWILL|CASTERLEVEL=12|Dancing Lights|Disguise Self|Major Image,17|Shadow Evocation|Leashed Shackles|Shadow Step	SPELLS:Innate|TIMES=3|CASTERLEVEL=12|Shadow Conjuration,18	SPELLS:Innate|CASTERLEVEL=12|Shadow Evocation,19|Shadow Walk
Racial Traits ~ Su	CATEGORY:Internal	ABILITY:Special Ability|AUTOMATIC|Immunity to Disease|Scent|All-Around Vision
Racial Traits ~ Swamp Mummy	CATEGORY:Internal
Racial Traits ~ Syricta	CATEGORY:Internal	ABILITY:Special Ability|AUTOMATIC|Immunity to Mind-Affecting Effects|Immunity to Paralysis|Immunity to Poison|Scent|Poison|Can't Be Tripped
Racial Traits ~ Taxidermic Grizzly Bear	CATEGORY:Internal
Racial Traits ~ Termite Swarm	CATEGORY:Internal	ABILITY:Special Ability|AUTOMATIC|Immunity to Disease|Immunity to Mind-Affecting Effects|Scent
Racial Traits ~ Thriae (Thriae Constructor)	CATEGORY:Internal	ABILITY:Special Ability|AUTOMATIC|Immunity to Mind-Affecting Effects|Immunity to Poison|Immunity to Sonic
Racial Traits ~ Thriae (Thriae Dancer)	CATEGORY:Internal	SPELLS:Innate|TIMES=-1|CASTERLEVEL=8|Detect Secret Doors	SPELLS:Innate|TIMES=ATWILL|CASTERLEVEL=8|Lullaby,13	SPELLS:Innate|TIMES=3|CASTERLEVEL=8|Calm Emotions,15|Charm Person,14|Hypnotism,14	SPELLS:Innate|CASTERLEVEL=8|Deep Slumber,16|Suggestion,15	ABILITY:Special Ability|AUTOMATIC|Immunity to Poison|Immunity to Sonic
Racial Traits ~ Tiyanak	CATEGORY:Internal	SPELLS:Innate|TIMES=ATWILL|CASTERLEVEL=9|Suggestion,16	SPELLS:Innate|CASTERLEVEL=9|Crushing Despair,17|Dimension Door|Shout,18	ABILITY:Special Ability|AUTOMATIC|Scent
Racial Traits ~ Tsukumogami (Boroboroton)	CATEGORY:Internal	SPELLS:Innate|TIMES=ATWILL|CASTERLEVEL=3|Decrepit Disguise|Ghost Sound|Invisibility|Levitate|Mending|Quintessence|Silent Image|Ventriloquism	ABILITY:Special Ability|AUTOMATIC|Grab
Racial Traits ~ Tsukumogami (Kasa-obake)	CATEGORY:Internal
Racial Traits ~ Tsukumogami (Koto-furunishi)	CATEGORY:Internal	SPELLS:Innate|TIMES=ATWILL|CASTERLEVEL=1|Decrepit Disguise|Ghost Sound|Mending|Quintessence
Racial Traits ~ Tulpa	CATEGORY:Internal	ABILITY:Special Ability|AUTOMATIC|Immunity to Disease
Racial Traits ~ Turul	CATEGORY:Internal	SPELLS:Innate|TIMES=-1|CASTERLEVEL=20|Detect Magic|See Invisibility	SPELLS:Innate|TIMES=ATWILL|CASTERLEVEL=20|Cure Critical Wounds|Dispel Magic (Greater)|Remove Curse	SPELLS:Innate|TIMES=3|CASTERLEVEL=20|Breath Of Life|Heal|Searing Light	SPELLS:Innate|CASTERLEVEL=20|Reincarnate	ABILITY:Special Ability|AUTOMATIC|Immunity to Disease|Immunity to Energy Drain|Immunity to Fire|Immunity to Poison
Racial Traits ~ Undigested	CATEGORY:Internal
Racial Traits ~ Undigested (Undigested Swarm)	CATEGORY:Internal
Racial Traits ~ Unfettered Phantom	CATEGORY:Internal	ABILITY:Special Ability|AUTOMATIC|Immunity to Mind-Affecting Effects
Racial Traits ~ Veela (Air Veela)	CATEGORY:Internal	SPELLS:Innate|TIMES=ATWILL|CASTERLEVEL=9|Gust Of Wind|Resist Energy	SPELLS:Innate|TIMES=3|CASTERLEVEL=9|Cure Serious Wounds|Suggestion,18	SPELLS:Innate|CASTERLEVEL=9|Ball Lightning,19|Dispel Magic	ABILITY:Special Ability|AUTOMATIC|Immunity to Electricity
Racial Traits ~ Veela (Earth Veela)	CATEGORY:Internal	SPELLS:Innate|TIMES=ATWILL|CASTERLEVEL=9|Gust Of Wind|Resist Energy	SPELLS:Innate|TIMES=3|CASTERLEVEL=9|Cure Serious Wounds|Suggestion,18	SPELLS:Innate|CASTERLEVEL=9|Ball Lightning,19|Dispel Magic
Racial Traits ~ Veela (Fire Veela)	CATEGORY:Internal	SPELLS:Innate|TIMES=ATWILL|CASTERLEVEL=9|Gust Of Wind|Resist Energy	SPELLS:Innate|TIMES=3|CASTERLEVEL=9|Cure Serious Wounds|Suggestion,18	SPELLS:Innate|CASTERLEVEL=9|Ball Lightning,19|Dispel Magic	ABILITY:Special Ability|AUTOMATIC|Immunity to Fire
Racial Traits ~ Veela (Water Veela)	CATEGORY:Internal	SPELLS:Innate|TIMES=ATWILL|CASTERLEVEL=9|Gust Of Wind|Resist Energy	SPELLS:Innate|TIMES=3|CASTERLEVEL=9|Cure Serious Wounds|Suggestion,18	SPELLS:Innate|CASTERLEVEL=9|Ball Lightning,19|Dispel Magic	ABILITY:Special Ability|AUTOMATIC|Immunity to Cold
Racial Traits ~ Vilderavn	CATEGORY:Internal	SPELLS:Innate|TIMES=-1|CASTERLEVEL=18|Deathwatch|Freedom Of Movement|Haste|Tongues|True Seeing	SPELLS:Innate|TIMES=ATWILL|CASTERLEVEL=18|Bestow Curse,20|Crushing Despair,19|Detect Thoughts,18|Dispel Magic|Scrying,20|Suggestion,19	SPELLS:Innate|CASTERLEVEL=18|Circle Of Death,22|Ethereal Jaunt|Geas/Quest|Suggestion (Mass),22|Modify Memory,20	SPELLS:Innate|TIMES=1|TIMEUNIT=Month|CASTERLEVEL=18|Limited Wish	ABILITY:Special Ability|AUTOMATIC|Immunity to Death Effects|Immunity to Energy Drain|Immunity to Fear|See in Darkness
Racial Traits ~ Vishap	CATEGORY:Internal	SPELLS:Innate|TIMES=-1|CASTERLEVEL=25|Tongues	SPELLS:Innate|TIMES=ATWILL|CASTERLEVEL=25|Etherealness	SPELLS:Innate|TIMES=5|CASTERLEVEL=25|Create Mindscape (Greater)|Possession (Greater),25	SPELLS:Innate|TIMES=7|CASTERLEVEL=25|Ethereal Envelopment,24|Psychic Crush Iii,24	SPELLS:Innate|TIMES=6|CASTERLEVEL=25|Ego Whip Iv,23|Psychic Surgery	SPELLS:Innate|TIMES=5|CASTERLEVEL=25|Etheric Shards,22|Explode Head,22|Id Insinuation Iv,22|Wall Of Ectoplasm	SPELLS:Innate|TIMES=4|CASTERLEVEL=25|Condensed Ether|Mind Probe,21|Mindwipe,21|Synaptic Scramble,21|Thought Shield Iii|Thoughtsense	SPELLS:Innate|TIMES=3|CASTERLEVEL=25|Analyze Aura|Ectoplasmic Snare|Node Of Blasting,20|Purge Spirit|Mindscape Door|Synaptic Pulse,20	SPELLS:Innate|TIMES=2|CASTERLEVEL=25|Anticipate Thoughts|Aversion,19|Demand Offering,19|Detect Mindscape|Hypercognition|Instigate Psychic Duel,19|Mental Block,19	SPELLS:Innate|TIMES=1|CASTERLEVEL=25|Burst Of Adrenaline|Charge Object|Decrepit Disguise,18|Deja Vu|Mindlink|Psychic Reading|Telempathic Projection	ABILITY:Special Ability|AUTOMATIC|Immunity to Poison|Immunity to Paralysis|Immunity to Sleep|Grab|Poison
Racial Traits ~ Vukodlak	CATEGORY:Internal	ABILITY:Special Ability|AUTOMATIC|Scent|Grab
Racial Traits ~ Wakandagi	CATEGORY:Internal	SPELLS:Innate|TIMES=ATWILL|CASTERLEVEL=14|Detect Evil|Detect Magic|Fog Cloud|Quench,19	SPELLS:Innate|TIMES=3|CASTERLEVEL=14|Aqueous Orb,19|Neutralize Poison	ABILITY:Special Ability|AUTOMATIC|Immunity to Disease|Immunity to Poison|Scent
Racial Traits ~ Wyrmwraith	CATEGORY:Internal	SPELLS:Innate|TIMES=ATWILL|CASTERLEVEL=24|Animate Dead|Command Undead,18|Desecrate|Detect Undead|Protection From Good	SPELLS:Innate|TIMES=5|CASTERLEVEL=24|Create Undead|Control Undead,23|Unhallow|Unholy Blight,20	SPELLS:Innate|TIMES=3|CASTERLEVEL=24|Create Greater Undead|Finger Of Death,23|Waves Of Exhaustion	SPELLS:Innate|CASTERLEVEL=24|Energy Drain,25|Soul Bind,25	ABILITY:Special Ability|AUTOMATIC|Incorporeal
Racial Traits ~ Zygomind	CATEGORY:Internal	ABILITY:Special Ability|AUTOMATIC|Grab|Can't Be Tripped
