SOURCELONG:Pathfinder Adventure Path #26	SOURCESHORT:AP26	SOURCEWEB:http://paizo.com	SOURCEDATE:2010-01

STARTPACK:Giant Stymphalides Default	TYPE:Default Monster.Magical Beast	VISIBLE:QUALIFY	EQUIPBUY:0	PREMULT:1,[PRERACE:1,Giant Stymphalides],[!PRERACE:1,%]
ALIGN:TN
RACE:Giant Stymphalides	!PRERACE:1,%
NAME:Giant Stymphalides
STAT:STR=10|DEX=10|CON=10|INT=10|WIS=10|CHA=10
SKILL:Fly	RANK:1
SKILL:Perception	RANK:7
ABILITY:CATEGORY=FEAT|Alertness
ABILITY:CATEGORY=FEAT|Critical Focus
ABILITY:CATEGORY=FEAT|Improved Initiative
ABILITY:CATEGORY=FEAT|Lightning Reflexes
ABILITY:CATEGORY=FEAT|Flyby Attack

STARTPACK:Salikotal Default	TYPE:Default Monster.Outsider	VISIBLE:QUALIFY	EQUIPBUY:0	PREMULT:1,[PRERACE:1,Salikotal],[!PRERACE:1,%]
ALIGN:LE
RACE:Salikotal	!PRERACE:1,%
NAME:Salikotal
STAT:STR=10|DEX=10|CON=10|INT=10|WIS=10|CHA=10
SKILL:Acrobatics	RANK:6
SKILL:Disable Device	RANK:9
SKILL:Disguise	RANK:9
SKILL:Escape Artist	RANK:9
SKILL:Knowledge (Local)	RANK:6
SKILL:Sense Motive	RANK:9
SKILL:Sleight of Hand	RANK:9
SKILL:Stealth	RANK:9
ABILITY:CATEGORY=FEAT|Dodge
ABILITY:CATEGORY=FEAT|Improved Critical (dagger)
ABILITY:CATEGORY=FEAT|Improved Initiative
ABILITY:CATEGORY=FEAT|Mobility
ABILITY:CATEGORY=FEAT|Wind Stance

STARTPACK:Stymphalides Swarm Default	TYPE:Default Monster.Magical Beast	VISIBLE:QUALIFY	EQUIPBUY:0	PREMULT:1,[PRERACE:1,Stymphalides Swarm],[!PRERACE:1,%]
ALIGN:TN
RACE:Stymphalides Swarm	!PRERACE:1,%
NAME:Stymphalides Swarm
STAT:STR=10|DEX=10|CON=10|INT=10|WIS=10|CHA=10
SKILL:Fly	RANK:1
SKILL:Perception	RANK:7
ABILITY:CATEGORY=FEAT|Alertness
ABILITY:CATEGORY=FEAT|Dodge
ABILITY:CATEGORY=FEAT|Improved Initiative
ABILITY:CATEGORY=FEAT|Step Up

