SOURCELONG:Pathfinder Adventure Path #77	SOURCESHORT:AP77	SOURCEWEB:http://paizo.com	SOURCEDATE:2010-01

STARTPACK:Labyrinth Minotaur Default	TYPE:Default Monster.Outsider	VISIBLE:QUALIFY	EQUIPBUY:0	PREMULT:1,[PRERACE:1,Labyrinth Minotaur],[!PRERACE:1,%]
ALIGN:CE
RACE:Labyrinth Minotaur	!PRERACE:1,%
NAME:Labyrinth Minotaur
STAT:STR=10|DEX=10|CON=10|INT=10|WIS=10|CHA=10
SKILL:Climb	RANK:10
SKILL:Craft (armor)	RANK:15
SKILL:Craft (weapons)	RANK:15
SKILL:Heal	RANK:7
SKILL:Intimidate	RANK:15
SKILL:Knowledge (Engineering)	RANK:15
SKILL:Knowledge (Planes)	RANK:15
SKILL:Perception	RANK:15
SKILL:Sense Motive	RANK:15
SKILL:Survival	RANK:10
ABILITY:CATEGORY=FEAT|Awesome Blow
ABILITY:CATEGORY=FEAT|Cleave
ABILITY:CATEGORY=FEAT|Greater Bull Rush
ABILITY:CATEGORY=FEAT|Improved Bull Rush
ABILITY:CATEGORY=FEAT|Improved Critical (greataxe)
ABILITY:CATEGORY=FEAT|Intimidating Prowess
ABILITY:CATEGORY=FEAT|Power Attack
ABILITY:CATEGORY=FEAT|Quick Bull RushUC

STARTPACK:Stringy Demodand Default	TYPE:Default Monster.Outsider	VISIBLE:QUALIFY	EQUIPBUY:0	PREMULT:1,[PRERACE:1,Stringy Demodand],[!PRERACE:1,%]
ALIGN:CE
RACE:Stringy Demodand	!PRERACE:1,%
NAME:Stringy Demodand
STAT:STR=10|DEX=10|CON=10|INT=10|WIS=10|CHA=10
SKILL:Acrobatics	RANK:15
SKILL:Bluff	RANK:20
SKILL:Climb	RANK:10
SKILL:Fly	RANK:10
SKILL:Intimidate	RANK:20
SKILL:Knowledge (Planes)	RANK:10
SKILL:Perception	RANK:20
SKILL:Sense Motive	RANK:10
SKILL:Stealth	RANK:15
SKILL:Survival	RANK:10
ABILITY:CATEGORY=FEAT|Blind-Fight
ABILITY:CATEGORY=FEAT|Cleave
ABILITY:CATEGORY=FEAT|Combat Reflexes
ABILITY:CATEGORY=FEAT|Flyby Attack
ABILITY:CATEGORY=FEAT|Improved Critical (bite)
ABILITY:CATEGORY=FEAT|Improved Critical (claw)
ABILITY:CATEGORY=FEAT|Improved Vital Strike
ABILITY:CATEGORY=FEAT|Intimidating Prowess
ABILITY:CATEGORY=FEAT|Power Attack
ABILITY:CATEGORY=FEAT|Vital Strike

STARTPACK:Vilsteth Default	TYPE:Default Monster.Outsider	VISIBLE:QUALIFY	EQUIPBUY:0	PREMULT:1,[PRERACE:1,Vilsteth],[!PRERACE:1,%]
ALIGN:CE
RACE:Vilsteth	!PRERACE:1,%
NAME:Vilsteth
STAT:STR=10|DEX=10|CON=10|INT=10|WIS=10|CHA=10
SKILL:Bluff	RANK:18
SKILL:Craft (sculpture, stonemasonry)	RANK:9
SKILL:Diplomacy	RANK:18
SKILL:Disguise	RANK:18
SKILL:Intimidate	RANK:18
SKILL:Knowledge (Engineering)	RANK:6
SKILL:Knowledge (History)	RANK:6
SKILL:Knowledge (Local)	RANK:6
SKILL:Knowledge (Nobility)	RANK:6
SKILL:Knowledge (Religion)	RANK:6
SKILL:Perception	RANK:18
SKILL:Perform (oratory)	RANK:6
SKILL:Sense Motive	RANK:18
SKILL:Spellcraft	RANK:7
SKILL:Stealth	RANK:18
SKILL:Use Magic Device	RANK:5
ABILITY:CATEGORY=FEAT|Alertness
ABILITY:CATEGORY=FEAT|Combat Casting
ABILITY:CATEGORY=FEAT|Deceitful
ABILITY:CATEGORY=FEAT|Greater Vital Strike
ABILITY:CATEGORY=FEAT|Improved Initiative
ABILITY:CATEGORY=FEAT|Improved Vital Strike
ABILITY:CATEGORY=FEAT|Persuasive
ABILITY:CATEGORY=FEAT|Quicken Spell-Like Ability (dominate person)
ABILITY:CATEGORY=FEAT|Vital Strike

