SOURCELONG:Occult Bestiary	SOURCESHORT:OB	SOURCEWEB:http://paizo.com/products/btpy9toq	SOURCEDATE:2015-12

Aeon, Synesis	KEY:Aeon, Synesis	STARTFEATS:1	SIZE:M	MOVE:Walk,15,Fly,30	REACH:5	BONUS:COMBAT|AC|1|TYPE=Deflection	BONUS:STAT|STR|2	BONUS:STAT|DEX|5	BONUS:STAT|CON|3	BONUS:STAT|INT|6	BONUS:STAT|WIS|4	BONUS:STAT|CHA|5	BONUS:VAR|AC_Natural_Armor|4|TYPE=Base	BONUS:VAR|DarkvisionRange|60|TYPE=Base	BONUS:VAR|Maneuverability|4	ABILITY:Internal|AUTOMATIC|Racial Traits ~ Aeon, Synesis	LEGS:2	HANDS:2	NATURALATTACKS:Claw,Weapon.Natural.Weapon Group Natural.Melee.Finesseable.Slashing,*4,1d4	SR:15	MONSTERCLASS:Outsider (Fort/Will):6	RACETYPE:Outsider	RACESUBTYPE:Aeon|Extraplanar	TYPE:Outsider	CR:4	SOURCEPAGE:p.3	KIT:1|TN	FACT:BaseSize|M
Alghollthu, Omnipath	KEY:Alghollthu, Omnipath	STARTFEATS:1	SIZE:G	MOVE:Walk,15,Swim,100	REACH:20	BONUS:STAT|STR|22	BONUS:STAT|DEX|18	BONUS:STAT|CON|17	BONUS:STAT|INT|15	BONUS:STAT|WIS|11	BONUS:STAT|CHA|14	BONUS:VAR|AC_Natural_Armor|18|TYPE=Base	BONUS:VAR|DarkvisionRange|60|TYPE=Base	ABILITY:Internal|AUTOMATIC|Racial Traits ~ Alghollthu, Omnipath	LEGS:0	HANDS:0	NATURALATTACKS:Tail Slap,Weapon.Natural.Weapon Group Natural.Melee.Finesseable.Bludgeoning,*1,3d6,SPROP=plus slime	SR:29	MONSTERCLASS:Aberration:24	RACETYPE:Aberration	RACESUBTYPE:Aquatic	TYPE:Aberration	CR:18	SOURCEPAGE:p.38	KIT:1|LE	FACT:BaseSize|G
Animus Shade, Medusa Animus Shade	KEY:Animus Shade, Medusa Animus Shade	STARTFEATS:1	SIZE:M	MOVE:Fly,30	REACH:5	BONUS:COMBAT|AC|4|TYPE=Deflection	BONUS:STAT|DEX|5	BONUS:STAT|INT|2	BONUS:STAT|WIS|3	BONUS:STAT|CHA|9	BONUS:VAR|DarkvisionRange|60|TYPE=Base	BONUS:VAR|Maneuverability|5	ABILITY:Internal|AUTOMATIC|Racial Traits ~ Animus Shade, Medusa Animus Shade	LEGS:2	HANDS:2	NATURALATTACKS:Incorporeal Touch,Weapon.Natural.Weapon Group Natural.Melee.Finesseable.Incorporeal.Touch.Bludgeoning,*1,1d4	DEFINESTAT:NONSTAT|STR	DEFINESTAT:NONSTAT|CON	MONSTERCLASS:Undead:8	RACETYPE:Undead	TYPE:Undead	CR:9	SOURCEPAGE:p.6	KIT:1|CE	FACT:BaseSize|M
Asura, Vayuphak	KEY:Asura, Vayuphak	STARTFEATS:1	SIZE:M	MOVE:Walk,30,Fly,40	REACH:5	BONUS:COMBAT|AC|1|TYPE=Deflection	BONUS:STAT|STR|6	BONUS:STAT|DEX|6	BONUS:STAT|CON|3	BONUS:STAT|INT|5	BONUS:STAT|WIS|6	BONUS:STAT|CHA|9	BONUS:VAR|AC_Natural_Armor|4|TYPE=Base	BONUS:VAR|DarkvisionRange|60|TYPE=Base	BONUS:VAR|Maneuverability|4	ABILITY:Internal|AUTOMATIC|Racial Traits ~ Asura, Vayuphak	LEGS:2	HANDS:2	NATURALATTACKS:Wing,Weapon.Natural.Weapon Group Natural.Melee.Finesseable.Bludgeoning,*2,1d4	SR:16	MONSTERCLASS:Outsider (Ref/Will):8	RACETYPE:Outsider	RACESUBTYPE:Asura|Evil|Extraplanar|Lawful	TYPE:Outsider	CR:5	SOURCEPAGE:p.8	KIT:1|LE	FACT:BaseSize|M
Baku Dreamweaver	KEY:Baku Dreamweaver	STARTFEATS:1	SIZE:M	MOVE:Walk,30,Fly,60	REACH:5	BONUS:COMBAT|AC|8|TYPE=Deflection	BONUS:STAT|STR|8	BONUS:STAT|DEX|15	BONUS:STAT|CON|8	BONUS:STAT|INT|8	BONUS:STAT|WIS|13	BONUS:STAT|CHA|17	BONUS:VAR|DarkvisionRange|60|TYPE=Base	BONUS:VAR|HasLowlightVision|1|TYPE=Base	BONUS:VAR|Maneuverability|5	ABILITY:Internal|AUTOMATIC|Racial Traits ~ Baku Dreamweaver	LEGS:2	HANDS:2	NATURALATTACKS:Claw,Weapon.Natural.Weapon Group Natural.Melee.Finesseable.Slashing,*2,2d8,SPROP=plus mental siphon|Gore,Weapon.Natural.Weapon Group Natural.Melee.Finesseable.Piercing,*1,1d8	SR:22	DR:15/cold iron and magic	MONSTERCLASS:Magical Beast:12	RACETYPE:Magical Beast	TYPE:Magical Beast	CR:11	SOURCEPAGE:p.10	KIT:1|TN	FACT:BaseSize|M
Caulborn, Caulborn Thoughtkeeper	KEY:Caulborn, Caulborn Thoughtkeeper	STARTFEATS:1	SIZE:M	MOVE:Walk,30	REACH:5	BONUS:COMBAT|AC|6|TYPE=Deflection	BONUS:STAT|STR|10	BONUS:STAT|DEX|11	BONUS:STAT|CON|8	BONUS:STAT|INT|21	BONUS:STAT|WIS|12	BONUS:STAT|CHA|13	BONUS:VAR|AC_Natural_Armor|1|TYPE=Base	BONUS:VAR|DarkvisionRange|60|TYPE=Base	BONUS:VAR|BlindsenseRange|60|TYPE=Base	ABILITY:Internal|AUTOMATIC|Racial Traits ~ Caulborn, Caulborn Thoughtkeeper	LEGS:2	HANDS:2	NATURALATTACKS:Bite,Weapon.Natural.Weapon Group Natural.Melee.Finesseable.Bludgeoning.Piercing.Slashing,*1,2d6|Claw,Weapon.Natural.Weapon Group Natural.Melee.Finesseable.Slashing,*2,1d6	MONSTERCLASS:Outsider (Fort/Ref):9	RACETYPE:Outsider	TYPE:Outsider	CR:9	SOURCEPAGE:p.12	KIT:1|TN	FACT:BaseSize|M
Cerebric Cyst	KEY:Cerebric Cyst	STARTFEATS:1	SIZE:T	MOVE:Walk,30,Fly,60	REACH:0	BONUS:COMBAT|AC|3|TYPE=Deflection	BONUS:STAT|STR|-6	BONUS:STAT|DEX|9	BONUS:STAT|CON|8	BONUS:STAT|INT|5	BONUS:STAT|WIS|12	BONUS:STAT|CHA|9	BONUS:VAR|Maneuverability|4	ABILITY:Internal|AUTOMATIC|Racial Traits ~ Cerebric Cyst	LEGS:0	HANDS:0	NATURALATTACKS:Tentacle,Weapon.Natural.Weapon Group Natural.Melee.Finesseable.Bludgeoning,*2,2d6,SPROP=plus empowering strike and psychic sting	MONSTERCLASS:Ooze:10	RACETYPE:Ooze	TYPE:Ooze	CR:7	SOURCEPAGE:p.13	KIT:1|NE	FACT:BaseSize|T
Chyzaedu	KEY:Chyzaedu	STARTFEATS:1	SIZE:G	MOVE:Walk,30,Burrow,20,Climb,20	REACH:20	BONUS:STAT|STR|22	BONUS:STAT|DEX|1	BONUS:STAT|CON|11	BONUS:STAT|INT|6	BONUS:STAT|WIS|11	BONUS:STAT|CHA|4	BONUS:VAR|AC_Natural_Armor|18|TYPE=Base	BONUS:VAR|DarkvisionRange|60|TYPE=Base	BONUS:VAR|TremorsenseRange|60|TYPE=Base	ABILITY:Internal|AUTOMATIC|Racial Traits ~ Chyzaedu	LEGS:0	HANDS:0	NATURALATTACKS:Bite,Weapon.Natural.Weapon Group Natural.Melee.Finesseable.Bludgeoning.Piercing.Slashing,*1,2d8,SPROP=plus grab and grab|Claw,Weapon.Natural.Weapon Group Natural.Melee.Finesseable.Slashing,*1,2d6	SR:21	DR:10/magic	MONSTERCLASS:Aberration:14	RACETYPE:Aberration	TYPE:Aberration	CR:10	SOURCEPAGE:p.14	KIT:1|LE	FACT:BaseSize|G
Contemplative, Enlightened Contemplative	KEY:Contemplative, Enlightened Contemplative	STARTFEATS:1	SIZE:M	MOVE:Fly,40	REACH:5	BONUS:COMBAT|AC|5|TYPE=Deflection	BONUS:STAT|DEX|2	BONUS:STAT|CON|-1	BONUS:STAT|INT|16	BONUS:STAT|WIS|7	BONUS:STAT|CHA|11	BONUS:VAR|DarkvisionRange|60|TYPE=Base	BONUS:VAR|BlindsightRange|30|TYPE=Base	BONUS:VAR|Maneuverability|5	ABILITY:Internal|AUTOMATIC|Racial Traits ~ Contemplative, Enlightened Contemplative	LEGS:2	HANDS:2	NATURALATTACKS:Claw,Weapon.Natural.Weapon Group Natural.Melee.Finesseable.Slashing,*2,1d4	MONSTERCLASS:Monstrous Humanoid:9	RACETYPE:Monstrous Humanoid	TYPE:Monstrous Humanoid	CR:5	SOURCEPAGE:p.17	KIT:1|TN	FACT:BaseSize|M
Dark Folk, Dark Empath	KEY:Dark Folk, Dark Empath	STARTFEATS:1	SIZE:S	MOVE:Walk,30	REACH:5	BONUS:STAT|STR|-1	BONUS:STAT|DEX|9	BONUS:STAT|CON|4	BONUS:STAT|WIS|4	BONUS:STAT|CHA|5	ABILITY:Internal|AUTOMATIC|Racial Traits ~ Dark Folk, Dark Empath	LEGS:2	HANDS:2	MONSTERCLASS:Humanoid (Reflex):3	RACETYPE:Humanoid	RACESUBTYPE:Dark Folk	TYPE:Humanoid	CR:2	SOURCEPAGE:p.18	KIT:1|CN	FACT:BaseSize|S
Demon, Painajai	KEY:Demon, Painajai	STARTFEATS:1	SIZE:L	MOVE:Walk,40,Climb,40	REACH:10	BONUS:STAT|STR|17	BONUS:STAT|DEX|6	BONUS:STAT|CON|19	BONUS:STAT|INT|8	BONUS:STAT|WIS|8	BONUS:STAT|CHA|9	BONUS:VAR|AC_Natural_Armor|16|TYPE=Base	BONUS:VAR|DarkvisionRange|60|TYPE=Base	ABILITY:Internal|AUTOMATIC|Racial Traits ~ Demon, Painajai	LEGS:2	HANDS:2	SR:25	MONSTERCLASS:Outsider (Fort/Ref):14	RACETYPE:Outsider	TYPE:Outsider	CR:14	SOURCEPAGE:p.19	KIT:1|CE	FACT:BaseSize|L
Devil, Mnemor	KEY:Devil, Mnemor	STARTFEATS:1	SIZE:M	MOVE:Walk,30	REACH:5	BONUS:STAT|STR|8	BONUS:STAT|DEX|8	BONUS:STAT|CON|8	BONUS:STAT|INT|7	BONUS:STAT|WIS|5	BONUS:STAT|CHA|7	BONUS:VAR|AC_Natural_Armor|4|TYPE=Base	BONUS:VAR|DarkvisionRange|60|TYPE=Base	ABILITY:Internal|AUTOMATIC|Racial Traits ~ Devil, Mnemor	LEGS:2	HANDS:2	NATURALATTACKS:Claw,Weapon.Natural.Weapon Group Natural.Melee.Finesseable.Slashing,*2,1d6	SR:16	MONSTERCLASS:Outsider (Ref/Will):6	RACETYPE:Outsider	TYPE:Outsider	CR:5	SOURCEPAGE:p.21	KIT:1|LE	FACT:BaseSize|M
Dragon (Other), Prism Dragon	KEY:Dragon (Other), Prism Dragon	STARTFEATS:1	SIZE:H	MOVE:Walk,60,Climb,30,Fly,200	REACH:15	BONUS:STAT|STR|21	BONUS:STAT|DEX|2	BONUS:STAT|CON|15	BONUS:STAT|INT|10	BONUS:STAT|WIS|11	BONUS:STAT|CHA|16	BONUS:VAR|AC_Natural_Armor|26|TYPE=Base	BONUS:VAR|DarkvisionRange|60|TYPE=Base	BONUS:VAR|HasLowlightVision|1|TYPE=Base	BONUS:VAR|BlindsightRange|30|TYPE=Base	BONUS:VAR|Maneuverability|2	ABILITY:Internal|AUTOMATIC|Racial Traits ~ Dragon (Other), Prism Dragon	LEGS:4	HANDS:0	NATURALATTACKS:Bite,Weapon.Natural.Weapon Group Natural.Melee.Finesseable.Bludgeoning.Piercing.Slashing,*1,2d6|Claw,Weapon.Natural.Weapon Group Natural.Melee.Finesseable.Slashing,*2,1d8|Tail Slap,Weapon.Natural.Weapon Group Natural.Melee.Finesseable.Bludgeoning,*1,2d6|Wing,Weapon.Natural.Weapon Group Natural.Melee.Finesseable.Bludgeoning,*2,1d8	SR:28	DR:15/magic	MONSTERCLASS:Dragon:21	RACETYPE:Dragon	RACESUBTYPE:Other	TYPE:Dragon	CR:17	SOURCEPAGE:p.42	KIT:1|CN	FACT:BaseSize|H
Duergar, Duergar Tyrant	KEY:Duergar, Duergar Tyrant	STARTFEATS:1	SIZE:M	MOVE:Walk,20	REACH:5	BONUS:STAT|STR|6	BONUS:STAT|DEX|3	BONUS:STAT|CON|9	BONUS:STAT|WIS|4	BONUS:STAT|CHA|-4	BONUS:VAR|AC_Natural_Armor|5|TYPE=Base	BONUS:VAR|DarkvisionRange|120|TYPE=Base	ABILITY:Internal|AUTOMATIC|Racial Traits ~ Duergar, Duergar Tyrant	LEGS:2	HANDS:2	SR:14	DR:1/adamantine	MONSTERCLASS:Humanoid:3	RACETYPE:Humanoid	RACESUBTYPE:Pathfinder Rpg Occult Adventures
 10	TYPE:Humanoid	CR:3	SOURCEPAGE:p.23	KIT:1|LE	FACT:BaseSize|M
Echohusk, Bugbear Echohusk	KEY:Echohusk, Bugbear Echohusk	SIZE:M	MOVE:Walk,30	REACH:5	BONUS:STAT|STR|8	BONUS:STAT|DEX|3	BONUS:STAT|CHA|4	BONUS:VAR|AC_Natural_Armor|4|TYPE=Base	BONUS:VAR|DarkvisionRange|60|TYPE=Base	ABILITY:Internal|AUTOMATIC|Racial Traits ~ Echohusk, Bugbear Echohusk	LEGS:2	HANDS:2	DEFINESTAT:NONSTAT|CON	DEFINESTAT:NONSTAT|INT	MONSTERCLASS:Undead (Mindless):3	RACETYPE:Undead	TYPE:Undead	CR:1	SOURCEPAGE:p.24	KIT:1|NE	FACT:BaseSize|M
Egophage	KEY:Egophage	STARTFEATS:1	SIZE:S	MOVE:Walk,10,Fly,50	REACH:5	BONUS:COMBAT|AC|1|TYPE=Deflection	BONUS:STAT|STR|5	BONUS:STAT|DEX|15	BONUS:STAT|CON|11	BONUS:STAT|INT|6	BONUS:STAT|WIS|4	BONUS:STAT|CHA|8	BONUS:VAR|AC_Natural_Armor|6|TYPE=Base	BONUS:VAR|DarkvisionRange|60|TYPE=Base	BONUS:VAR|Maneuverability|5	ABILITY:Internal|AUTOMATIC|Racial Traits ~ Egophage	LEGS:0	HANDS:0	NATURALATTACKS:Claw,Weapon.Natural.Weapon Group Natural.Melee.Finesseable.Slashing,*8,1d4,SPROP=plus attach and attach [once per round if two	SR:25	DR:10/adamantine and magic	MONSTERCLASS:Aberration:13	RACETYPE:Aberration	TYPE:Aberration	CR:10	SOURCEPAGE:p.26	KIT:1|CE	FACT:BaseSize|S
Fear Eater	KEY:Fear Eater	STARTFEATS:1	SIZE:M	MOVE:Walk,30,Climb,30	REACH:5	BONUS:STAT|STR|4	BONUS:STAT|DEX|12	BONUS:STAT|CON|7	BONUS:STAT|INT|1	BONUS:STAT|WIS|2	BONUS:STAT|CHA|5	BONUS:VAR|AC_Natural_Armor|2|TYPE=Base	BONUS:VAR|DarkvisionRange|60|TYPE=Base	BONUS:VAR|HasLowlightVision|1|TYPE=Base	ABILITY:Internal|AUTOMATIC|Racial Traits ~ Fear Eater	LEGS:2	HANDS:2	NATURALATTACKS:Claw,Weapon.Natural.Weapon Group Natural.Melee.Finesseable.Slashing,*2,1d6,SPROP=plus anxiety spores	MONSTERCLASS:Fey:8	RACETYPE:Fey	TYPE:Fey	CR:5	SOURCEPAGE:p.27	KIT:1|NE	FACT:BaseSize|M
Feargaunt	KEY:Feargaunt	STARTFEATS:1	SIZE:L	MOVE:Fly,40	REACH:10	BONUS:COMBAT|AC|9|TYPE=Deflection	BONUS:STAT|DEX|11	BONUS:STAT|CON|7	BONUS:STAT|INT|2	BONUS:STAT|WIS|6	BONUS:STAT|CHA|9	BONUS:VAR|DarkvisionRange|60|TYPE=Base	BONUS:VAR|Maneuverability|5	ABILITY:Internal|AUTOMATIC|Racial Traits ~ Feargaunt	LEGS:2	HANDS:2	DEFINESTAT:NONSTAT|STR	MONSTERCLASS:Outsider (Ref/Will):12	RACETYPE:Outsider	RACESUBTYPE:Extraplanar|Incorporeal	TYPE:Outsider	CR:9	SOURCEPAGE:p.28	KIT:1|CE	FACT:BaseSize|L
Hag, Dreamthief Hag	KEY:Hag, Dreamthief Hag	STARTFEATS:1	SIZE:M	MOVE:Walk,30,Fly,20	REACH:5	BONUS:STAT|STR|13	BONUS:STAT|DEX|13	BONUS:STAT|CON|12	BONUS:STAT|INT|10	BONUS:STAT|WIS|8	BONUS:STAT|CHA|11	BONUS:VAR|AC_Natural_Armor|11|TYPE=Base	BONUS:VAR|DarkvisionRange|60|TYPE=Base	BONUS:VAR|Maneuverability|1	ABILITY:Internal|AUTOMATIC|Racial Traits ~ Hag, Dreamthief Hag	LEGS:2	HANDS:2	NATURALATTACKS:Bite,Weapon.Natural.Weapon Group Natural.Melee.Finesseable.Bludgeoning.Piercing.Slashing,*1,2d10,SPROP=plus mind block|Claw,Weapon.Natural.Weapon Group Natural.Melee.Finesseable.Slashing,*2,2d6	SR:26	DR:10/cold iron and magic	MONSTERCLASS:Outsider (Fort/Will):13	RACETYPE:Outsider	RACESUBTYPE:Evil|Extraplanar	TYPE:Outsider	CR:11	SOURCEPAGE:p.22	KIT:1|NE	FACT:BaseSize|M
Hive Mind Beetle Swarm	KEY:Hive Mind Beetle Swarm	STARTFEATS:1	SIZE:D	MOVE:Walk,5,Fly,30	REACH:0	BONUS:COMBAT|AC|8|TYPE=Deflection	BONUS:STAT|STR|-9	BONUS:STAT|DEX|6	BONUS:STAT|CON|4	BONUS:STAT|INT|5	BONUS:STAT|WIS|2	BONUS:STAT|CHA|-5	BONUS:VAR|DarkvisionRange|60|TYPE=Base	BONUS:VAR|HasLowlightVision|1|TYPE=Base	BONUS:VAR|Maneuverability|5	ABILITY:Internal|AUTOMATIC|Racial Traits ~ Hive Mind Beetle Swarm	LEGS:2	HANDS:2	MONSTERCLASS:Magical Beast:20	RACETYPE:Magical Beast	TYPE:Magical Beast	CR:13	SOURCEPAGE:p.29	KIT:1|LN	FACT:BaseSize|D
Kyton, Cantor	KEY:Kyton, Cantor	STARTFEATS:1	SIZE:S	MOVE:Walk,30	REACH:5	BONUS:STAT|STR|4	BONUS:STAT|DEX|11	BONUS:STAT|CON|10	BONUS:STAT|INT|3	BONUS:STAT|WIS|11	BONUS:STAT|CHA|6	BONUS:VAR|AC_Natural_Armor|8|TYPE=Base	BONUS:VAR|DarkvisionRange|60|TYPE=Base	ABILITY:Internal|AUTOMATIC|Racial Traits ~ Kyton, Cantor	LEGS:2	HANDS:2	NATURALATTACKS:Claw,Weapon.Natural.Weapon Group Natural.Melee.Finesseable.Slashing,*2,1d3,SPROP=plus grab and grab and lingering touch|Bite,Weapon.Natural.Weapon Group Natural.Melee.Finesseable.Bludgeoning.Piercing.Slashing,*1,1d4	SR:20	MONSTERCLASS:Outsider (Fort/Will):10	RACETYPE:Outsider	RACESUBTYPE:Evil|Extraplanar|Kyton|Lawful	TYPE:Outsider	CR:9	SOURCEPAGE:p.30	KIT:1|LE	AUTO:LANG|Common|Infernal|Shadowtongue	FACT:BaseSize|S
Liavaran Dreamer	KEY:Liavaran Dreamer	STARTFEATS:1	SIZE:L	MOVE:Fly,40	REACH:10	BONUS:STAT|STR|11	BONUS:STAT|DEX|1	BONUS:STAT|CON|10	BONUS:STAT|INT|-2	BONUS:STAT|WIS|8	BONUS:STAT|CHA|5	BONUS:VAR|AC_Natural_Armor|10|TYPE=Base	BONUS:VAR|DarkvisionRange|60|TYPE=Base	BONUS:VAR|BlindsenseRange|120|TYPE=Base	BONUS:VAR|Maneuverability|4	ABILITY:Internal|AUTOMATIC|Racial Traits ~ Liavaran Dreamer	LEGS:0	HANDS:0	NATURALATTACKS:Slam,Weapon.Natural.Weapon Group Natural.Melee.Finesseable.Bludgeoning,*2,1d6,SPROP=plus grab and grab	MONSTERCLASS:Aberration:11	RACETYPE:Aberration	TYPE:Aberration	CR:8	SOURCEPAGE:p.31	KIT:1|TN	FACT:BaseSize|L
Lich, Psychic Lich	KEY:Lich, Psychic Lich	STARTFEATS:1	SIZE:M	MOVE:Walk,30	REACH:5	BONUS:COMBAT|AC|4|TYPE=Deflection	BONUS:STAT|STR|-2	BONUS:STAT|DEX|2	BONUS:STAT|INT|12	BONUS:STAT|WIS|6	BONUS:STAT|CHA|6	BONUS:VAR|AC_Natural_Armor|5|TYPE=Base	BONUS:VAR|DarkvisionRange|60|TYPE=Base	ABILITY:Internal|AUTOMATIC|Racial Traits ~ Lich, Psychic Lich	LEGS:2	HANDS:2	NATURALATTACKS:Touch,Weapon.Natural.Weapon Group Natural.Melee.Finesseable.Bludgeoning,*1,1d8,SPROP=plus bewildering touch	DEFINESTAT:NONSTAT|CON	DR:15/bludgeoning and magic	MONSTERCLASS:Undead:11	RACETYPE:Undead	TYPE:Undead	CR:12	SOURCEPAGE:p.33	KIT:1|LE	FACT:BaseSize|M
Neothelid Overlord	KEY:Neothelid Overlord	STARTFEATS:1	SIZE:G	MOVE:Walk,30,Fly,60	REACH:20	BONUS:STAT|STR|24	BONUS:STAT|DEX|1	BONUS:STAT|CON|16	BONUS:STAT|INT|14	BONUS:STAT|WIS|9	BONUS:STAT|CHA|15	BONUS:VAR|AC_Natural_Armor|28|TYPE=Base	BONUS:VAR|BlindsightRange|100|TYPE=Base	BONUS:VAR|Maneuverability|4	ABILITY:Internal|AUTOMATIC|Racial Traits ~ Neothelid Overlord	LEGS:0	HANDS:0	SR:31	MONSTERCLASS:Aberration:32	RACETYPE:Aberration	TYPE:Aberration	CR:20	SOURCEPAGE:p.36	KIT:1|CE	FACT:BaseSize|G
Prana Ghost	KEY:Prana Ghost	STARTFEATS:1	SIZE:M	MOVE:Fly,30	REACH:5	BONUS:COMBAT|AC|10|TYPE=Deflection	BONUS:STAT|DEX|14	BONUS:STAT|CON|10	BONUS:STAT|INT|2	BONUS:STAT|WIS|8	BONUS:VAR|DarkvisionRange|60|TYPE=Base	BONUS:VAR|HasLowlightVision|1|TYPE=Base	BONUS:VAR|Maneuverability|5	ABILITY:Internal|AUTOMATIC|Racial Traits ~ Prana Ghost	LEGS:2	HANDS:2	DEFINESTAT:NONSTAT|STR	MONSTERCLASS:Outsider (Fort/Ref):11	RACETYPE:Outsider	RACESUBTYPE:Elemental Ascetic	TYPE:Outsider	CR:11	SOURCEPAGE:p.40	KIT:1|NG	FACT:BaseSize|M
Psyche Serpent	KEY:Psyche Serpent	STARTFEATS:1	SIZE:T	MOVE:Walk,40	REACH:0	BONUS:STAT|STR|-4	BONUS:STAT|DEX|6	BONUS:STAT|CON|3	BONUS:STAT|INT|3	BONUS:STAT|WIS|3	BONUS:STAT|CHA|4	BONUS:VAR|AC_Natural_Armor|2|TYPE=Base	BONUS:VAR|DarkvisionRange|60|TYPE=Base	BONUS:VAR|HasLowlightVision|1|TYPE=Base	ABILITY:Internal|AUTOMATIC|Racial Traits ~ Psyche Serpent	LEGS:2	HANDS:2	NATURALATTACKS:Bite,Weapon.Natural.Weapon Group Natural.Melee.Finesseable.Bludgeoning.Piercing.Slashing,*1,1d3,SPROP=plus poison and poison	MONSTERCLASS:Magical Beast:3	RACETYPE:Magical Beast	TYPE:Magical Beast	CR:2	SOURCEPAGE:p.44	KIT:1|TN	FACT:BaseSize|T
Psychoplasmic Creature, Psychoplasmic Behir	KEY:Psychoplasmic Creature, Psychoplasmic Behir	STARTFEATS:1	SIZE:H	MOVE:Walk,40,Climb,20,Fly,60	REACH:15	BONUS:STAT|STR|13	BONUS:STAT|DEX|6	BONUS:STAT|CON|11	BONUS:STAT|INT|1	BONUS:STAT|WIS|4	BONUS:STAT|CHA|2	BONUS:VAR|AC_Natural_Armor|14|TYPE=Base	BONUS:VAR|DarkvisionRange|60|TYPE=Base	BONUS:VAR|HasLowlightVision|1|TYPE=Base	BONUS:VAR|Maneuverability|5	ABILITY:Internal|AUTOMATIC|Racial Traits ~ Psychoplasmic Creature, Psychoplasmic Behir	LEGS:2	HANDS:2	NATURALATTACKS:Bite,Weapon.Natural.Weapon Group Natural.Melee.Finesseable.Bludgeoning.Piercing.Slashing,*1,2d6,SPROP=plus grab and grab and mindlock	SR:14	DR:5/magic or adamantine	MONSTERCLASS:Outsider (Fort/Ref):10	RACETYPE:Outsider	TYPE:Outsider	CR:9	SOURCEPAGE:p.46	KIT:1|TN	FACT:BaseSize|H
Rakshasa, Amanusya	KEY:Rakshasa, Amanusya	STARTFEATS:1	SIZE:M	MOVE:Walk,40	REACH:5	BONUS:STAT|STR|5	BONUS:STAT|DEX|9	BONUS:STAT|CON|8	BONUS:STAT|INT|2	BONUS:STAT|WIS|3	BONUS:STAT|CHA|8	BONUS:VAR|AC_Natural_Armor|4|TYPE=Base	BONUS:VAR|DarkvisionRange|60|TYPE=Base	ABILITY:Internal|AUTOMATIC|Racial Traits ~ Rakshasa, Amanusya	LEGS:2	HANDS:2	NATURALATTACKS:Claw,Weapon.Natural.Weapon Group Natural.Melee.Finesseable.Slashing,*2,1d4	SR:21	DR:5/good or piercing	MONSTERCLASS:Outsider (Ref/Will):7	RACETYPE:Outsider	RACESUBTYPE:Native|Rakshasa|Shapechanger	TYPE:Outsider	CR:6	SOURCEPAGE:p.48	KIT:1|LE	FACT:BaseSize|M
Rakshasa, Avatarana	KEY:Rakshasa, Avatarana	STARTFEATS:1	SIZE:M	MOVE:Walk,40	REACH:5	BONUS:COMBAT|AC|1|TYPE=Deflection	BONUS:STAT|STR|12	BONUS:STAT|DEX|9	BONUS:STAT|CON|10	BONUS:STAT|INT|3	BONUS:STAT|WIS|4	BONUS:STAT|CHA|9	BONUS:VAR|AC_Natural_Armor|11|TYPE=Base	BONUS:VAR|DarkvisionRange|60|TYPE=Base	ABILITY:Internal|AUTOMATIC|Racial Traits ~ Rakshasa, Avatarana	LEGS:2	HANDS:2	NATURALATTACKS:Claw,Weapon.Natural.Weapon Group Natural.Melee.Finesseable.Slashing,*4,1d6,SPROP=plus grab and grab	SR:27	DR:15/good and piercing	MONSTERCLASS:Outsider (Fort/Will):15	RACETYPE:Outsider	TYPE:Outsider	CR:12	SOURCEPAGE:p.49	KIT:1|LE	FACT:BaseSize|M
Samsaran, Reborn Samsaran	KEY:Samsaran, Reborn Samsaran	STARTFEATS:1	SIZE:M	MOVE:Walk,30	REACH:5	BONUS:STAT|DEX|-2	BONUS:STAT|CON|2	BONUS:STAT|INT|7	BONUS:STAT|WIS|5	BONUS:STAT|CHA|2	BONUS:VAR|AC_Natural_Armor|3|TYPE=Base	BONUS:VAR|HasLowlightVision|1|TYPE=Base	ABILITY:Internal|AUTOMATIC|Racial Traits ~ Samsaran, Reborn Samsaran	LEGS:2	HANDS:2	MONSTERCLASS:Humanoid:1	RACETYPE:Humanoid	TYPE:Humanoid	CR:1/2	SOURCEPAGE:p.50	KIT:1|TN	FACT:BaseSize|M
Serpentfolk, Serpentfolk Reclaimer	KEY:Serpentfolk, Serpentfolk Reclaimer	STARTFEATS:1	SIZE:M	MOVE:Walk,30	REACH:5	BONUS:STAT|DEX|13	BONUS:STAT|CON|7	BONUS:STAT|INT|8	BONUS:STAT|WIS|5	BONUS:STAT|CHA|10	BONUS:VAR|AC_Natural_Armor|4|TYPE=Base	BONUS:VAR|DarkvisionRange|60|TYPE=Base	ABILITY:Internal|AUTOMATIC|Racial Traits ~ Serpentfolk, Serpentfolk Reclaimer	LEGS:2	HANDS:2	NATURALATTACKS:Bite,Weapon.Natural.Weapon Group Natural.Melee.Finesseable.Bludgeoning.Piercing.Slashing,*1,1d6,SPROP=plus poison and poison	SR:17	MONSTERCLASS:Monstrous Humanoid:8	RACETYPE:Monstrous Humanoid	TYPE:Monstrous Humanoid	CR:6	SOURCEPAGE:p.51	KIT:1|NE	FACT:BaseSize|M
Seugathi, Seugathi Savant	KEY:Seugathi, Seugathi Savant	STARTFEATS:1	SIZE:H	MOVE:Walk,30	REACH:15	BONUS:COMBAT|AC|1|TYPE=Deflection	BONUS:STAT|STR|13	BONUS:STAT|DEX|12	BONUS:STAT|CON|11	BONUS:STAT|INT|5	BONUS:STAT|WIS|8	BONUS:STAT|CHA|9	BONUS:VAR|AC_Natural_Armor|8|TYPE=Base	BONUS:VAR|DarkvisionRange|120|TYPE=Base	BONUS:VAR|TremorsenseRange|30|TYPE=Base	ABILITY:Internal|AUTOMATIC|Racial Traits ~ Seugathi, Seugathi Savant	LEGS:0	HANDS:0	SR:21	DR:10/slashing and magic	MONSTERCLASS:Aberration:15	RACETYPE:Aberration	TYPE:Aberration	CR:10	SOURCEPAGE:p.52	KIT:1|CE	FACT:BaseSize|H
Shotalashu	KEY:Shotalashu	STARTFEATS:1	SIZE:L	MOVE:Walk,60	REACH:10	BONUS:STAT|STR|5	BONUS:STAT|DEX|7	BONUS:STAT|CON|7	BONUS:STAT|INT|-6	BONUS:STAT|WIS|4	BONUS:STAT|CHA|2	BONUS:VAR|AC_Natural_Armor|3|TYPE=Base	BONUS:VAR|DarkvisionRange|60|TYPE=Base	BONUS:VAR|HasLowlightVision|1|TYPE=Base	ABILITY:Internal|AUTOMATIC|Racial Traits ~ Shotalashu	LEGS:2	HANDS:2	NATURALATTACKS:Claw,Weapon.Natural.Weapon Group Natural.Melee.Finesseable.Slashing,*2,1d6	MONSTERCLASS:Magical Beast:3	RACETYPE:Magical Beast	TYPE:Magical Beast	CR:2	SOURCEPAGE:p.53	KIT:1|TN	FACT:BaseSize|L
Tattoo Guardian	KEY:Tattoo Guardian	SIZE:M	MOVE:Walk,30,Fly,10	REACH:5	BONUS:STAT|STR|4	BONUS:STAT|DEX|7	BONUS:STAT|WIS|2	BONUS:STAT|CHA|3	BONUS:VAR|AC_Natural_Armor|2|TYPE=Base	BONUS:VAR|DarkvisionRange|60|TYPE=Base	BONUS:VAR|HasLowlightVision|1|TYPE=Base	ABILITY:Internal|AUTOMATIC|Racial Traits ~ Tattoo Guardian	LEGS:2	HANDS:2	DEFINESTAT:NONSTAT|CON	DEFINESTAT:NONSTAT|INT	MONSTERCLASS:Construct:4	RACETYPE:Construct	TYPE:Construct	CR:3	SOURCEPAGE:p.54	KIT:1|TN	FACT:BaseSize|M
Tenebrous Blight	KEY:Tenebrous Blight	SIZE:H	MOVE:Walk,20	REACH:15	BONUS:STAT|STR|16	BONUS:STAT|CON|9	BONUS:STAT|WIS|5	BONUS:STAT|CHA|-9	BONUS:VAR|AC_Natural_Armor|12|TYPE=Base	BONUS:VAR|HasLowlightVision|1|TYPE=Base	BONUS:VAR|BlindsightRange|60|TYPE=Base	ABILITY:Internal|AUTOMATIC|Racial Traits ~ Tenebrous Blight	LEGS:0	HANDS:0	NATURALATTACKS:Tentacle,Weapon.Natural.Weapon Group Natural.Melee.Finesseable.Bludgeoning,*2,1d8	DEFINESTAT:NONSTAT|INT	MONSTERCLASS:Plant:9	RACETYPE:Plant	TYPE:Plant	CR:6	SOURCEPAGE:p.55	KIT:1|TN	FACT:BaseSize|H
Tychilarius	KEY:Tychilarius	STARTFEATS:1	SIZE:C	MOVE:Walk,60,Fly,60,Swim,120	REACH:30	BONUS:COMBAT|AC|11|TYPE=Deflection	BONUS:STAT|STR|38	BONUS:STAT|DEX|25	BONUS:STAT|CON|36	BONUS:STAT|INT|21	BONUS:STAT|WIS|25	BONUS:STAT|CHA|22	BONUS:VAR|AC_Natural_Armor|16|TYPE=Base	BONUS:VAR|DarkvisionRange|60|TYPE=Base	BONUS:VAR|Maneuverability|3	ABILITY:Internal|AUTOMATIC|Racial Traits ~ Tychilarius	LEGS:0	HANDS:0	NATURALATTACKS:Bite,Weapon.Natural.Weapon Group Natural.Melee.Finesseable.Bludgeoning.Piercing.Slashing,*1,6d6,SPROP=plus grab and grab|Tentacle,Weapon.Natural.Weapon Group Natural.Melee.Finesseable.Bludgeoning,*6,2d8,SPROP=plus grab and grab	SR:34	MONSTERCLASS:Aberration:22	RACETYPE:Aberration	TYPE:Aberration	CR:23	SOURCEPAGE:p.56	KIT:1|CE	FACT:BaseSize|C
Vampire, Psychic Vampire	KEY:Vampire, Psychic Vampire	STARTFEATS:1	SIZE:M	MOVE:Walk,30	REACH:5	BONUS:COMBAT|AC|1|TYPE=Deflection	BONUS:STAT|STR|12	BONUS:STAT|DEX|6	BONUS:STAT|INT|6	BONUS:STAT|WIS|4	BONUS:STAT|CHA|9	BONUS:VAR|AC_Natural_Armor|8|TYPE=Base	BONUS:VAR|DarkvisionRange|60|TYPE=Base	ABILITY:Internal|AUTOMATIC|Racial Traits ~ Vampire, Psychic Vampire	LEGS:2	HANDS:2	NATURALATTACKS:Slam,Weapon.Natural.Weapon Group Natural.Melee.Finesseable.Bludgeoning,*1,1d4,SPROP=plus drain psychic energy	DEFINESTAT:NONSTAT|CON	DR:10/cold iron and magic	MONSTERCLASS:Undead:7	RACETYPE:Undead	TYPE:Undead	CR:8	SOURCEPAGE:p.58	KIT:1|LE	FACT:BaseSize|M
Xill, Xill Matriarch	KEY:Xill, Xill Matriarch	STARTFEATS:1	SIZE:M	MOVE:Walk,40	REACH:5	BONUS:STAT|STR|11	BONUS:STAT|DEX|8	BONUS:STAT|CON|8	BONUS:STAT|INT|5	BONUS:STAT|WIS|8	BONUS:STAT|CHA|9	BONUS:VAR|AC_Natural_Armor|9|TYPE=Base	BONUS:VAR|DarkvisionRange|60|TYPE=Base	ABILITY:Internal|AUTOMATIC|Racial Traits ~ Xill, Xill Matriarch	LEGS:2	HANDS:2	NATURALATTACKS:Claw,Weapon.Natural.Weapon Group Natural.Melee.Finesseable.Slashing,*1,1d4,SPROP=plus grab and grab|Bite,Weapon.Natural.Weapon Group Natural.Melee.Finesseable.Bludgeoning.Piercing.Slashing,*1,1d3,SPROP=plus paralysis and paralysis	MONSTERCLASS:Outsider (Fort/Will):13	RACETYPE:Outsider	RACESUBTYPE:Evil|Extraplanar	TYPE:Outsider	CR:9	SOURCEPAGE:p.60	KIT:1|LE	FACT:BaseSize|M
Xulgath	KEY:Xulgath	STARTFEATS:1	SIZE:M	MOVE:Walk,30	REACH:5	BONUS:STAT|STR|8	BONUS:STAT|DEX|7	BONUS:STAT|CON|6	BONUS:STAT|INT|3	BONUS:STAT|WIS|5	BONUS:STAT|CHA|2	BONUS:VAR|AC_Natural_Armor|6|TYPE=Base	BONUS:VAR|DarkvisionRange|90|TYPE=Base	ABILITY:Internal|AUTOMATIC|Racial Traits ~ Xulgath	LEGS:2	HANDS:2	NATURALATTACKS:Bite,Weapon.Natural.Weapon Group Natural.Melee.Finesseable.Bludgeoning.Piercing.Slashing,*1,1d6	MONSTERCLASS:Humanoid:6	RACETYPE:Humanoid	RACESUBTYPE:Reptilian	TYPE:Humanoid	CR:4	SOURCEPAGE:p.61	KIT:1|CE	FACT:BaseSize|M
Yithian Elder	KEY:Yithian Elder	STARTFEATS:1	SIZE:L	MOVE:Walk,20,Climb,10	REACH:10	BONUS:STAT|STR|16	BONUS:STAT|DEX|7	BONUS:STAT|CON|11	BONUS:STAT|INT|18	BONUS:STAT|WIS|13	BONUS:STAT|CHA|12	BONUS:VAR|AC_Natural_Armor|15|TYPE=Base	BONUS:VAR|DarkvisionRange|60|TYPE=Base	BONUS:VAR|BlindsenseRange|60|TYPE=Base	ABILITY:Internal|AUTOMATIC|Racial Traits ~ Yithian Elder	LEGS:0	HANDS:0	NATURALATTACKS:Pincer,Weapon.Natural.Weapon Group Natural.Melee.Finesseable.Bludgeoning,*2,2d8	DR:10/magic	MONSTERCLASS:Aberration:19	RACETYPE:Aberration	TYPE:Aberration	CR:13	SOURCEPAGE:p.62	KIT:1|LN	FACT:BaseSize|L
