SOURCELONG:Pathfinder Adventure Path #76	SOURCESHORT:AP76	SOURCEWEB:http://paizo.com	SOURCEDATE:2010-01

STARTPACK:Cambion Default	TYPE:Default Monster.Outsider	VISIBLE:QUALIFY	EQUIPBUY:0	PREMULT:1,[PRERACE:1,Cambion],[!PRERACE:1,%]
ALIGN:CE
RACE:Cambion	!PRERACE:1,%
NAME:Cambion
STAT:STR=10|DEX=10|CON=10|INT=10|WIS=10|CHA=10
SKILL:Acrobatics	RANK:2
SKILL:Bluff	RANK:3
SKILL:Disguise	RANK:3
SKILL:Intimidate	RANK:3
SKILL:Perception	RANK:3
SKILL:Sense Motive	RANK:3
SKILL:Stealth	RANK:2
ABILITY:CATEGORY=FEAT|Deceitful
ABILITY:CATEGORY=FEAT|Power Attack

STARTPACK:Lamhigyn Default	TYPE:Default Monster.Outsider	VISIBLE:QUALIFY	EQUIPBUY:0	PREMULT:1,[PRERACE:1,Lamhigyn],[!PRERACE:1,%]
ALIGN:CE
RACE:Lamhigyn	!PRERACE:1,%
NAME:Lamhigyn
STAT:STR=10|DEX=10|CON=10|INT=10|WIS=10|CHA=10
SKILL:Fly	RANK:5
SKILL:Perception	RANK:5
SKILL:Stealth	RANK:5
ABILITY:CATEGORY=FEAT|Flyby Attack
ABILITY:CATEGORY=FEAT|Hover
ABILITY:CATEGORY=FEAT|Improved Initiative

STARTPACK:Nocticula Default	TYPE:Default Monster.Outsider	VISIBLE:QUALIFY	EQUIPBUY:0	PREMULT:1,[PRERACE:1,Nocticula],[!PRERACE:1,%]
ALIGN:CE
RACE:Nocticula	!PRERACE:1,%
NAME:Nocticula
STAT:STR=10|DEX=10|CON=10|INT=10|WIS=10|CHA=10
SKILL:Acrobatics	RANK:36
SKILL:Bluff	RANK:36
SKILL:Diplomacy	RANK:36
SKILL:Disguise	RANK:33
SKILL:Fly	RANK:36
SKILL:Intimidate	RANK:33
SKILL:Knowledge (Arcana)	RANK:33
SKILL:Knowledge (Local)	RANK:33
SKILL:Knowledge (Nobility)	RANK:33
SKILL:Knowledge (Planes)	RANK:36
SKILL:Knowledge (Religion)	RANK:36
SKILL:Perception	RANK:36
SKILL:Perform (dance)	RANK:33
SKILL:Sense Motive	RANK:36
SKILL:Sleight of Hand	RANK:33
SKILL:Spellcraft	RANK:33
SKILL:Stealth	RANK:36
SKILL:Use Magic Device	RANK:36
ABILITY:CATEGORY=FEAT|Combat Expertise
ABILITY:CATEGORY=FEAT|Combat Reflexes
ABILITY:CATEGORY=FEAT|Craft Construct
ABILITY:CATEGORY=FEAT|Craft Magic Arms and Armor
ABILITY:CATEGORY=FEAT|Craft Wondrous Item
ABILITY:CATEGORY=FEAT|Critical Focus
ABILITY:CATEGORY=FEAT|Deadly Aim
ABILITY:CATEGORY=FEAT|Flyby Attack
ABILITY:CATEGORY=FEAT|Greater Feint
ABILITY:CATEGORY=FEAT|Improved Critical (hand crossbow)
ABILITY:CATEGORY=FEAT|Improved Critical (sting)
ABILITY:CATEGORY=FEAT|Improved Feint
ABILITY:CATEGORY=FEAT|Point-Blank Shot
ABILITY:CATEGORY=FEAT|Precise Shot
ABILITY:CATEGORY=FEAT|Quicken Spell-Like Ability (mass suggestion)
ABILITY:CATEGORY=FEAT|Rapid Reload (hand crossbow)
ABILITY:CATEGORY=FEAT|Rapid Shot
ABILITY:CATEGORY=FEAT|Staggering Critical

STARTPACK:Putrid Ooze Default	TYPE:Default Monster.Ooze	VISIBLE:QUALIFY	EQUIPBUY:0	PREMULT:1,[PRERACE:1,Putrid Ooze],[!PRERACE:1,%]
ALIGN:TN
RACE:Putrid Ooze	!PRERACE:1,%
NAME:Putrid Ooze
STAT:STR=10|DEX=10|CON=10|WIS=10|CHA=10
SKILL:Climb	RANK:5
SKILL:Swim	RANK:5

STARTPACK:Shamira Default	TYPE:Default Monster.Outsider	VISIBLE:QUALIFY	EQUIPBUY:0	PREMULT:1,[PRERACE:1,Shamira],[!PRERACE:1,%]
ALIGN:CE
RACE:Shamira	!PRERACE:1,%
NAME:Shamira
STAT:STR=10|DEX=10|CON=10|INT=10|WIS=10|CHA=10
SKILL:Acrobatics	RANK:27
SKILL:Bluff	RANK:27
SKILL:Diplomacy	RANK:24
SKILL:Disguise	RANK:27
SKILL:Fly	RANK:27
SKILL:Intimidate	RANK:24
SKILL:Knowledge (Planes)	RANK:27
SKILL:Knowledge (Religion)	RANK:27
SKILL:Perception	RANK:27
SKILL:Perform (dance)	RANK:24
SKILL:Sense Motive	RANK:27
SKILL:Sleight of Hand	RANK:24
SKILL:Spellcraft	RANK:24
SKILL:Stealth	RANK:27
SKILL:Use Magic Device	RANK:27
ABILITY:CATEGORY=FEAT|Blinding Critical
ABILITY:CATEGORY=FEAT|Craft Construct
ABILITY:CATEGORY=FEAT|Craft Magic Arms and Armor
ABILITY:CATEGORY=FEAT|Craft Wondrous Item
ABILITY:CATEGORY=FEAT|Critical Focus
ABILITY:CATEGORY=FEAT|Deadly Aim
ABILITY:CATEGORY=FEAT|Empower Spell-Like Ability (delayed blast fireball)
ABILITY:CATEGORY=FEAT|Improved Critical (composite longbow)
ABILITY:CATEGORY=FEAT|Improved Precise Shot
ABILITY:CATEGORY=FEAT|Pinpoint Targeting
ABILITY:CATEGORY=FEAT|Point-Blank Shot
ABILITY:CATEGORY=FEAT|Precise Shot
ABILITY:CATEGORY=FEAT|Quicken Spell-Like Ability (dominate person)
ABILITY:CATEGORY=FEAT|Rapid Shot

