SOURCELONG:Tears At Bitter Manor	SOURCESHORT:TABM	SOURCEWEB:http://paizo.com	SOURCEDATE:2010-01

STARTPACK:Abandoned One Default	TYPE:Default Monster.Undead	VISIBLE:QUALIFY	EQUIPBUY:0	PREMULT:1,[PRERACE:1,Abandoned One],[!PRERACE:1,%]
ALIGN:CE
RACE:Abandoned One	!PRERACE:1,%
NAME:Abandoned One
STAT:STR=10|DEX=10|INT=10|WIS=10|CHA=10
SKILL:Bluff	RANK:2
SKILL:Perception	RANK:5
SKILL:Sense Motive	RANK:5
SKILL:Stealth	RANK:5
ABILITY:CATEGORY=FEAT|Improved Initiative
ABILITY:CATEGORY=FEAT|Iron Will
ABILITY:CATEGORY=FEAT|Weapon Focus (claw)

STARTPACK:Caliban Default	TYPE:Default Monster.Monstrous Humanoid	VISIBLE:QUALIFY	EQUIPBUY:0	PREMULT:1,[PRERACE:1,Caliban],[!PRERACE:1,%]
ALIGN:CE
RACE:Caliban	!PRERACE:1,%
NAME:Caliban
STAT:STR=10|DEX=10|CON=10|INT=10|WIS=10|CHA=10
SKILL:Acrobatics	RANK:1
SKILL:Climb	RANK:4
SKILL:Intimidate	RANK:2
SKILL:Perception	RANK:4
SKILL:Survival	RANK:2
SKILL:Swim	RANK:4
ABILITY:CATEGORY=FEAT|Athletic
ABILITY:CATEGORY=FEAT|Nimble Moves

STARTPACK:Deadfall Dweller Default	TYPE:Default Monster.Magical Beast	VISIBLE:QUALIFY	EQUIPBUY:0	PREMULT:1,[PRERACE:1,Deadfall Dweller],[!PRERACE:1,%]
ALIGN:TN
RACE:Deadfall Dweller	!PRERACE:1,%
NAME:Deadfall Dweller
STAT:STR=10|DEX=10|CON=10|INT=10|WIS=10|CHA=10
SKILL:Climb	RANK:6
SKILL:Perception	RANK:3
SKILL:Stealth	RANK:1
ABILITY:CATEGORY=FEAT|Improved Initiative
ABILITY:CATEGORY=FEAT|Power Attack
ABILITY:CATEGORY=FEAT|Toughness

STARTPACK:Delgeth Default	TYPE:Default Monster.Magical Beast	VISIBLE:QUALIFY	EQUIPBUY:0	PREMULT:1,[PRERACE:1,Delgeth],[!PRERACE:1,%]
ALIGN:TN
RACE:Delgeth	!PRERACE:1,%
NAME:Delgeth
STAT:STR=10|DEX=10|CON=10|INT=10|WIS=10|CHA=10
SKILL:Perception	RANK:7
SKILL:Stealth	RANK:4
ABILITY:CATEGORY=FEAT|Improved Initiative
ABILITY:CATEGORY=FEAT|Multiattack
ABILITY:CATEGORY=FEAT|Run
ABILITY:CATEGORY=FEAT|Skill Focus (Perception)

STARTPACK:Embalming Bear Default	TYPE:Default Monster.Construct	VISIBLE:QUALIFY	EQUIPBUY:0	PREMULT:1,[PRERACE:1,Embalming Bear],[!PRERACE:1,%]
ALIGN:TN
RACE:Embalming Bear	!PRERACE:1,%
NAME:Embalming Bear
STAT:STR=10|DEX=10|WIS=10|CHA=10

STARTPACK:Ephemeral Echo Default	TYPE:Default Monster.Undead	VISIBLE:QUALIFY	EQUIPBUY:0	PREMULT:1,[PRERACE:1,Ephemeral Echo],[!PRERACE:1,%]
ALIGN:NE
RACE:Ephemeral Echo	!PRERACE:1,%
NAME:Ephemeral Echo
STAT:DEX=10|INT=10|WIS=10|CHA=10
SKILL:Fly	RANK:8
SKILL:Intimidate	RANK:5
SKILL:Perception	RANK:8
SKILL:Sense Motive	RANK:6
SKILL:Stealth	RANK:8
ABILITY:CATEGORY=FEAT|Dodge
ABILITY:CATEGORY=FEAT|Improved Initiative
ABILITY:CATEGORY=FEAT|Mobility
ABILITY:CATEGORY=FEAT|Weapon Focus (slam)

STARTPACK:Leechroot Default	TYPE:Default Monster.Undead	VISIBLE:QUALIFY	EQUIPBUY:0	PREMULT:1,[PRERACE:1,Leechroot],[!PRERACE:1,%]
ALIGN:NE
RACE:Leechroot	!PRERACE:1,%
NAME:Leechroot
STAT:STR=10|DEX=10|WIS=10|CHA=10
SKILL:Stealth	RANK:5

STARTPACK:Tizheruk Default	TYPE:Default Monster.Magical Beast	VISIBLE:QUALIFY	EQUIPBUY:0	PREMULT:1,[PRERACE:1,Tizheruk],[!PRERACE:1,%]
ALIGN:TN
RACE:Tizheruk	!PRERACE:1,%
NAME:Tizheruk
STAT:STR=10|DEX=10|CON=10|INT=10|WIS=10|CHA=10
SKILL:Perception	RANK:3
SKILL:Stealth	RANK:1
SKILL:Swim	RANK:5
ABILITY:CATEGORY=FEAT|Power Attack
ABILITY:CATEGORY=FEAT|Skill Focus (Stealth)
ABILITY:CATEGORY=FEAT|Weapon Focus (bite)

