SOURCELONG:Pathfinder Adventure Path #48	SOURCESHORT:AP48	SOURCEWEB:http://paizo.com	SOURCEDATE:2010-01

STARTPACK:Forsaken Lich Default	TYPE:Default Monster.Undead	VISIBLE:QUALIFY	EQUIPBUY:0	PREMULT:1,[PRERACE:1,Forsaken Lich],[!PRERACE:1,%]
ALIGN:NE
RACE:Forsaken Lich	!PRERACE:1,%
NAME:Forsaken Lich
STAT:STR=10|DEX=10|INT=10|WIS=10|CHA=10
SKILL:Knowledge (Arcana)	RANK:11
SKILL:Knowledge (Religion)	RANK:11
SKILL:Perception	RANK:8
SKILL:Sense Motive	RANK:11
SKILL:Spellcraft	RANK:11
ABILITY:CATEGORY=FEAT|Combat Expertise
ABILITY:CATEGORY=FEAT|Craft Wondrous Item
ABILITY:CATEGORY=FEAT|Extra Channel
ABILITY:CATEGORY=FEAT|Improved Critical (scythe)
ABILITY:CATEGORY=FEAT|Improved Trip
ABILITY:CATEGORY=FEAT|Selective Channeling
ABILITY:CATEGORY=FEAT|Weapon Focus (scythe)

STARTPACK:Gargoyle Guardian Default	TYPE:Default Monster.Construct	VISIBLE:QUALIFY	EQUIPBUY:0	PREMULT:1,[PRERACE:1,Gargoyle Guardian],[!PRERACE:1,%]
ALIGN:TN
RACE:Gargoyle Guardian	!PRERACE:1,%
NAME:Gargoyle Guardian
STAT:STR=10|DEX=10|WIS=10|CHA=10
SKILL:Stealth	RANK:1

STARTPACK:Grim Reaper Default	TYPE:Default Monster.Undead	VISIBLE:QUALIFY	EQUIPBUY:0	PREMULT:1,[PRERACE:1,Grim Reaper],[!PRERACE:1,%]
ALIGN:NE
RACE:Grim Reaper	!PRERACE:1,%
NAME:Grim Reaper
STAT:STR=10|DEX=10|INT=10|WIS=10|CHA=10
SKILL:Diplomacy	RANK:25
SKILL:Disguise	RANK:28
SKILL:Fly	RANK:28
SKILL:Knowledge (Planes)	RANK:25
SKILL:Perception	RANK:28
SKILL:Sense Motive	RANK:28
SKILL:Stealth	RANK:24
ABILITY:CATEGORY=FEAT|Cleave
ABILITY:CATEGORY=FEAT|Combat Casting
ABILITY:CATEGORY=FEAT|Combat Expertise
ABILITY:CATEGORY=FEAT|Combat Reflexes
ABILITY:CATEGORY=FEAT|Critical Focus
ABILITY:CATEGORY=FEAT|Great Cleave
ABILITY:CATEGORY=FEAT|Greater Weapon Focus (scythe)
ABILITY:CATEGORY=FEAT|Improved Critical (scythe)
ABILITY:CATEGORY=FEAT|Improved Disarm
ABILITY:CATEGORY=FEAT|Improved Initiative
ABILITY:CATEGORY=FEAT|Power Attack
ABILITY:CATEGORY=FEAT|Quicken Spell-Like Ability (destruction)
ABILITY:CATEGORY=FEAT|Vital Strike
ABILITY:CATEGORY=FEAT|Weapon Focus (scythe)

STARTPACK:Minor Grim Reaper Default	TYPE:Default Monster.Undead	VISIBLE:QUALIFY	EQUIPBUY:0	PREMULT:1,[PRERACE:1,Minor Grim Reaper],[!PRERACE:1,%]
ALIGN:NE
RACE:Minor Grim Reaper	!PRERACE:1,%
NAME:Minor Grim Reaper
STAT:STR=10|DEX=10|INT=10|WIS=10|CHA=10
SKILL:Climb	RANK:5
SKILL:Intimidate	RANK:10
SKILL:Perception	RANK:15
SKILL:Stealth	RANK:15
ABILITY:CATEGORY=FEAT|Agile Maneuvers
ABILITY:CATEGORY=FEAT|Cleave
ABILITY:CATEGORY=FEAT|Combat Reflexes
ABILITY:CATEGORY=FEAT|Improved Initiative
ABILITY:CATEGORY=FEAT|Lightning Reflexes
ABILITY:CATEGORY=FEAT|Power Attack
ABILITY:CATEGORY=FEAT|Toughness
ABILITY:CATEGORY=FEAT|Weapon Focus (scythe)

